******************************************************************************
                  TI ARM Linker Unix v20.2.7                   
******************************************************************************
>> Linked Mon Feb 13 11:46:55 2023

OUTPUT FILE NAME:   <IOT_Project1.out>
ENTRY POINT SYMBOL: "_c_int00_noargs"  address: 00006d49


MEMORY CONFIGURATION

         name            origin    length      used     unused   attr    fill
----------------------  --------  ---------  --------  --------  ----  --------
  FLASH                 00000000   00040000  00007234  00038dcc  R  X
  SRAM                  20000000   00008000  00001131  00006ecf  RW X


SEGMENT ALLOCATION MAP

run origin  load origin   length   init length attrs members
----------  ----------- ---------- ----------- ----- -------
00000000    00000000    00007238   00007238    r-x
  00000000    00000000    0000026c   0000026c    r-- .intvecs
  0000026c    0000026c    00006da0   00006da0    r-x .text
  00007010    00007010    000001e8   000001e8    r-- .const
  000071f8    000071f8    00000040   00000040    r-- .cinit
20000000    20000000    00001131   00000000    rw-
  20000000    20000000    00001000   00000000    rw- .stack
  20001000    20001000    000000dc   00000000    rw- .bss
  200010dc    200010dc    00000055   00000000    rw- .data


SECTION ALLOCATION MAP

 output                                  attributes/
section   page    origin      length       input sections
--------  ----  ----------  ----------   ----------------
.intvecs   0    00000000    0000026c     
                  00000000    0000026c     tm4c123gh6pm_startup_ccs.obj (.intvecs)

.text      0    0000026c    00006da0     
                  0000026c    00000b70     tcp.obj (.text)
                  00000ddc    00000b14     rtsv7M4_T_le_v4SPD16_eabi.lib : _scanfi.c.obj (.text:__TI_scanfi)
                  000018f0    00000a4e                                   : _printfi.c.obj (.text:__TI_printfi)
                  0000233e    00000002                                   : _lock.c.obj (.text:_nop)
                  00002340    000009d4     ethernet.obj (.text)
                  00002d14    00000808     gpio.obj (.text)
                  0000351c    00000714     eth0.obj (.text)
                  00003c30    000004ac     ip.obj (.text)
                  000040dc    00000460     rtsv7M4_T_le_v4SPD16_eabi.lib : strtod.c.obj (.text:strtod)
                  0000453c    00000378     udp.obj (.text)
                  000048b4    00000338     timer.obj (.text)
                  00004bec    000002f4     arp.obj (.text)
                  00004ee0    00000270     rtsv7M4_T_le_v4SPD16_eabi.lib : _printfi.c.obj (.text:_pconv_a)
                  00005150    000001dc                                   : strtoll.c.obj (.text:strtoll)
                  0000532c    000001d0                                   : _printfi.c.obj (.text:_pconv_g)
                  000054fc    000001b6                                   : fd_add_t2.asm.obj (.text)
                  000056b2    00000002                                   : div0.asm.obj (.text)
                  000056b4    00000160     spi0.obj (.text)
                  00005814    0000015c     rtsv7M4_T_le_v4SPD16_eabi.lib : strtoull.c.obj (.text:strtoull)
                  00005970    00000154     icmp.obj (.text)
                  00005ac4    0000013c     rtsv7M4_T_le_v4SPD16_eabi.lib : _printfi.c.obj (.text:_pconv_e)
                  00005c00    00000136                                   : fd_div_t2.asm.obj (.text)
                  00005d36    00000002     --HOLE-- [fill = 0]
                  00005d38    00000130                                   : strtol.c.obj (.text:strtol)
                  00005e68    00000128     uart0.obj (.text)
                  00005f90    00000124     rtsv7M4_T_le_v4SPD16_eabi.lib : _printfi.c.obj (.text:fcvt)
                  000060b4    00000110                                   : s_scalbn.c.obj (.text:scalbn)
                  000061c4    00000110                                   : strtoul.c.obj (.text:strtoul)
                  000062d4    000000fc                                   : fd_mul_t2.asm.obj (.text)
                  000063d0    000000b1                                   : _printfi.c.obj (.text:_ltostr)
                  00006481    00000003     --HOLE-- [fill = 0]
                  00006484    0000009c     mqtt.obj (.text)
                  00006520    0000009c     rtsv7M4_T_le_v4SPD16_eabi.lib : memcpy_t2.asm.obj (.text)
                  000065bc    00000096                                   : ull_div_t2.asm.obj (.text)
                  00006652    00000086                                   : fd_cmp_t2.asm.obj (.text:__aeabi_cdcmple)
                  000066d8    00000086                                   : fd_cmp_t2.asm.obj (.text:__aeabi_cdrcmple)
                  0000675e    00000002     --HOLE-- [fill = 0]
                  00006760    00000084     eeprom.obj (.text)
                  000067e4    0000007a     rtsv7M4_T_le_v4SPD16_eabi.lib : memset_t2.asm.obj (.text)
                  0000685e    0000006e                                   : _printfi.c.obj (.text:_mcpy)
                  000068cc    0000006e                                   : fd_tos_t2.asm.obj (.text)
                  0000693a    00000002     --HOLE-- [fill = 0]
                  0000693c    00000068                                   : sscanf.c.obj (.text:_chkmbc)
                  000069a4    00000068                                   : copy_decompress_lzss.c.obj (.text:decompress:lzss:__TI_decompress_lzss)
                  00006a0c    00000064                                   : s_frexp.c.obj (.text:frexp)
                  00006a70    00000056                                   : _printfi.c.obj (.text:_pconv_f)
                  00006ac6    00000054                                   : _ltoa.c.obj (.text:__TI_ltoa)
                  00006b1a    00000052                                   : _printfi.c.obj (.text:_ecpy)
                  00006b6c    0000004c                                   : atoi.c.obj (.text:atoi)
                  00006bb8    0000004c                                   : snprintf.c.obj (.text:snprintf)
                  00006c04    00000048                                   : fd_toi_t2.asm.obj (.text)
                  00006c4c    00000044                                   : autoinit.c.obj (.text:__TI_auto_init_nobinit_nopinit:__TI_auto_init_nobinit_nopinit)
                  00006c90    00000040                                   : strtok.c.obj (.text:strtok)
                  00006cd0    0000003e                                   : _printfi.c.obj (.text:_fcpy)
                  00006d0e    00000002     --HOLE-- [fill = 0]
                  00006d10    00000038                                   : sscanf.c.obj (.text:sscanf)
                  00006d48    00000034                                   : boot_cortex_m.c.obj (.text:_c_int00_noargs:_c_int00_noargs)
                  00006d7c    00000034                                   : rand.c.obj (.text:rand)
                  00006db0    00000030                                   : snprintf.c.obj (.text:_outs)
                  00006de0    0000002e                                   : i_tofd_t2.asm.obj (.text)
                  00006e0e    0000002a                                   : strspn.c.obj (.text:strspn)
                  00006e38    00000024                                   : rand.c.obj (.text:srand)
                  00006e5c    00000024                                   : strcspn.c.obj (.text:strcspn)
                  00006e80    00000024     wait.obj (.text)
                  00006ea4    0000001c     rtsv7M4_T_le_v4SPD16_eabi.lib : copy_zero_init.c.obj (.text:decompress:ZI:__TI_zero_init_nomemset:__TI_zero_init_nomemset)
                  00006ec0    0000001c                                   : memccpy.c.obj (.text:memccpy)
                  00006edc    0000001a                                   : s_copysign.c.obj (.text:copysign)
                  00006ef6    00000018                                   : snprintf.c.obj (.text:_outc)
                  00006f0e    00000018                                   : ll_mul_t2.asm.obj (.text)
                  00006f26    00000018                                   : strcmp.c.obj (.text:strcmp)
                  00006f3e    00000018                                   : strrchr.c.obj (.text:strrchr)
                  00006f56    00000016                                   : strchr.c.obj (.text:strchr)
                  00006f6c    00000014                                   : strcpy.c.obj (.text:strcpy)
                  00006f80    00000014                                   : strlen.c.obj (.text:strlen)
                  00006f94    00000012                                   : sscanf.c.obj (.text:_inpchar)
                  00006fa6    00000012                                   : wcslen.c.obj (.text:wcslen)
                  00006fb8    00000010     clock.obj (.text)
                  00006fc8    00000010     rtsv7M4_T_le_v4SPD16_eabi.lib : tolower.c.obj (.text:tolower)
                  00006fd8    0000000e                                   : copy_decompress_none.c.obj (.text:decompress:none:__TI_decompress_none)
                  00006fe6    0000000c     tm4c123gh6pm_startup_ccs.obj (.text)
                  00006ff2    00000002     --HOLE-- [fill = 0]
                  00006ff4    00000008     rtsv7M4_T_le_v4SPD16_eabi.lib : errno.c.obj (.text:__aeabi_errno_addr)
                  00006ffc    00000008                                   : sscanf.c.obj (.text:_uninpchar)
                  00007004    00000004                                   : pre_init.c.obj (.text:_system_pre_init)
                  00007008    00000004                                   : exit.c.obj (.text:abort:abort)

.const     0    00007010    000001e8     
                  00007010    00000101     rtsv7M4_T_le_v4SPD16_eabi.lib : ctype.c.obj (.const:.string:_ctypes_)
                  00007111    00000006     tcp.obj (.const:.string:$P$T1$2)
                  00007117    00000001     --HOLE-- [fill = 0]
                  00007118    000000c8     rtsv7M4_T_le_v4SPD16_eabi.lib : strtod.c.obj (.const:$O1$$)
                  000071e0    00000010                                   : _scanfi.c.obj (.const:$O1$$)
                  000071f0    00000004     mqtt.obj (.const:.string:$P$T0$1)
                  000071f4    00000004     tcp.obj (.const:.string:$P$T0$1)

.cinit     0    000071f8    00000040     
                  000071f8    00000019     (.cinit..data.load) [load image, compression = lzss]
                  00007211    00000003     --HOLE-- [fill = 0]
                  00007214    0000000c     (__TI_handler_table)
                  00007220    00000008     (.cinit..bss.load) [load image, compression = zero_init]
                  00007228    00000010     (__TI_cinit_table)

.init_array 
*          0    00000000    00000000     UNINITIALIZED

.bss       0    20001000    000000dc     UNINITIALIZED
                  20001000    00000054     (.common:strInput)
                  20001054    00000028     (.common:fn)
                  2000107c    00000028     (.common:period)
                  200010a4    00000028     (.common:ticks)
                  200010cc    0000000c     (.common:reload)
                  200010d8    00000004     (.common:token)

.data      0    200010dc    00000055     UNINITIALIZED
                  200010dc    0000001c     tcp.obj (.data:socketConns)
                  200010f8    00000008     rtsv7M4_T_le_v4SPD16_eabi.lib : _lock.c.obj (.data:$O1$$)
                  20001100    00000006     eth0.obj (.data:hwAddress)
                  20001106    00000004     ip.obj (.data:ipAddress)
                  2000110a    00000004     ip.obj (.data:ipDnsAddress)
                  2000110e    00000004     ip.obj (.data:ipGwAddress)
                  20001112    00000004     ip.obj (.data:ipSubnetMask)
                  20001116    00000004     ip.obj (.data:ipTimeServerAddress)
                  2000111a    00000001     ethernet.obj (.data)
                  2000111b    00000001     --HOLE--
                  2000111c    00000004     rtsv7M4_T_le_v4SPD16_eabi.lib : errno.c.obj (.data)
                  20001120    00000004                                   : rand.c.obj (.data)
                  20001124    00000004                                   : strtok.c.obj (.data)
                  20001128    00000003     eth0.obj (.data)
                  2000112b    00000003     mqtt.obj (.data:mqttMcb)
                  2000112e    00000003     tcp.obj (.data)

.stack     0    20000000    00001000     UNINITIALIZED
                  20000000    00000004     rtsv7M4_T_le_v4SPD16_eabi.lib : boot_cortex_m.c.obj (.stack)
                  20000004    00000ffc     --HOLE--

__llvm_prf_cnts 
*          0    20000000    00000000     UNINITIALIZED

MODULE SUMMARY

       Module                         code    ro data   rw data
       ------                         ----    -------   -------
    ./
       tcp.obj                        2928    10        31     
       ethernet.obj                   2516    0         89     
       gpio.obj                       2056    0         0      
       eth0.obj                       1812    0         9      
       ip.obj                         1196    0         20     
       timer.obj                      824     0         132    
       udp.obj                        888     0         0      
       arp.obj                        756     0         0      
       tm4c123gh6pm_startup_ccs.obj   12      620       0      
       spi0.obj                       352     0         0      
       icmp.obj                       340     0         0      
       uart0.obj                      296     0         0      
       mqtt.obj                       156     4         3      
       eeprom.obj                     132     0         0      
       wait.obj                       36      0         0      
       clock.obj                      16      0         0      
    +--+------------------------------+-------+---------+---------+
       Total:                         14316   634       284    
                                                               
    /home/sadhan/ti/ccs1210/ccs/tools/compiler/ti-cgt-arm_20.2.7.LTS/lib/rtsv7M4_T_le_v4SPD16_eabi.lib
       _printfi.c.obj                 4851    0         0      
       _scanfi.c.obj                  2836    16        0      
       strtod.c.obj                   1120    200       0      
       strtoll.c.obj                  476     0         0      
       fd_add_t2.asm.obj              438     0         0      
       strtoull.c.obj                 348     0         0      
       fd_div_t2.asm.obj              310     0         0      
       strtol.c.obj                   304     0         0      
       s_scalbn.c.obj                 272     0         0      
       strtoul.c.obj                  272     0         0      
       fd_cmp_t2.asm.obj              268     0         0      
       ctype.c.obj                    0       257       0      
       fd_mul_t2.asm.obj              252     0         0      
       sscanf.c.obj                   186     0         0      
       memcpy_t2.asm.obj              156     0         0      
       ull_div_t2.asm.obj             150     0         0      
       snprintf.c.obj                 148     0         0      
       memset_t2.asm.obj              122     0         0      
       fd_tos_t2.asm.obj              110     0         0      
       copy_decompress_lzss.c.obj     104     0         0      
       s_frexp.c.obj                  100     0         0      
       rand.c.obj                     88      0         4      
       _ltoa.c.obj                    84      0         0      
       atoi.c.obj                     76      0         0      
       fd_toi_t2.asm.obj              72      0         0      
       autoinit.c.obj                 68      0         0      
       strtok.c.obj                   64      0         4      
       boot_cortex_m.c.obj            52      0         0      
       i_tofd_t2.asm.obj              46      0         0      
       strspn.c.obj                   42      0         0      
       strcspn.c.obj                  36      0         0      
       copy_zero_init.c.obj           28      0         0      
       memccpy.c.obj                  28      0         0      
       s_copysign.c.obj               26      0         0      
       ll_mul_t2.asm.obj              24      0         0      
       strcmp.c.obj                   24      0         0      
       strrchr.c.obj                  24      0         0      
       strchr.c.obj                   22      0         0      
       strcpy.c.obj                   20      0         0      
       strlen.c.obj                   20      0         0      
       wcslen.c.obj                   18      0         0      
       tolower.c.obj                  16      0         0      
       copy_decompress_none.c.obj     14      0         0      
       errno.c.obj                    8       0         4      
       _lock.c.obj                    2       0         8      
       exit.c.obj                     4       0         0      
       pre_init.c.obj                 4       0         0      
       div0.asm.obj                   2       0         0      
    +--+------------------------------+-------+---------+---------+
       Total:                         13735   473       20     
                                                               
       Stack:                         0       0         4096   
       Linker Generated:              0       61        0      
    +--+------------------------------+-------+---------+---------+
       Grand Total:                   28051   1168      4400   


LINKER GENERATED COPY TABLES

__TI_cinit_table @ 00007228 records: 2, size/record: 8, table size: 16
	.data: load addr=000071f8, load size=00000019 bytes, run addr=200010dc, run size=00000055 bytes, compression=lzss
	.bss: load addr=00007220, load size=00000008 bytes, run addr=20001000, run size=000000dc bytes, compression=zero_init


LINKER GENERATED HANDLER TABLE

__TI_handler_table @ 00007214 records: 3, size/record: 4, table size: 12
	index: 0, handler: __TI_decompress_lzss
	index: 1, handler: __TI_decompress_none
	index: 2, handler: __TI_zero_init


GLOBAL SYMBOLS: SORTED ALPHABETICALLY BY Name 

address   name                          
-------   ----                          
00007009  C$$EXIT                       
00006fe7  ResetISR                      
20001000  __STACK_END                   
00001000  __STACK_SIZE                  
20000200  __STACK_TOP                   
00007228  __TI_CINIT_Base               
00007238  __TI_CINIT_Limit              
00007214  __TI_Handler_Table_Base       
00007220  __TI_Handler_Table_Limit      
00006c4d  __TI_auto_init_nobinit_nopinit
000069a5  __TI_decompress_lzss          
00006fd9  __TI_decompress_none          
00006ac7  __TI_ltoa                     
ffffffff  __TI_pprof_out_hndl           
000018f1  __TI_printfi                  
ffffffff  __TI_prof_data_size           
ffffffff  __TI_prof_data_start          
00000ddd  __TI_scanfi                   
00000000  __TI_static_base__            
00006ea5  __TI_zero_init_nomemset       
00006653  __aeabi_cdcmpeq               
00006653  __aeabi_cdcmple               
000066d9  __aeabi_cdrcmple              
000068cd  __aeabi_d2f                   
00006c05  __aeabi_d2iz                  
00005507  __aeabi_dadd                  
00005c01  __aeabi_ddiv                  
000062d5  __aeabi_dmul                  
000054fd  __aeabi_dsub                  
00006ff5  __aeabi_errno_addr            
00006de1  __aeabi_i2d                   
000056b3  __aeabi_idiv0                 
000056b3  __aeabi_ldiv0                 
00006f0f  __aeabi_lmul                  
000067e5  __aeabi_memclr                
000067e5  __aeabi_memclr4               
000067e5  __aeabi_memclr8               
00006521  __aeabi_memcpy                
00006521  __aeabi_memcpy4               
00006521  __aeabi_memcpy8               
000067e7  __aeabi_memset                
000067e7  __aeabi_memset4               
000067e7  __aeabi_memset8               
000065bd  __aeabi_uldivmod              
ffffffff  __binit__                     
ffffffff  __c_args__                    
UNDEFED   __mpu_init                    
20000000  __stack                       
20000000  __start___llvm_prf_cnts       
20000000  __stop___llvm_prf_cnts        
00006d49  _c_int00_noargs               
00007010  _ctypes_                      
200010f8  _lock                         
0000233f  _nop                          
UNDEFED   _system_post_cinit            
00007005  _system_pre_init              
200010fc  _unlock                       
00007009  abort                         
000026c1  asciiToUint8                  
00006b6d  atoi                          
ffffffff  binit                         
00004097  calcIpChecksum                
000035db  clearEtherReg                 
00003369  clearPinInterrupt             
00006edd  copysign                      
00006edd  copysignl                     
2000111a  count                         
00003533  disableEtherCs                
00003345  disablePinInterrupt           
0000307d  disablePinPulldown            
00003035  disablePinPullup              
00002dd1  disablePort                   
0000237d  displayConnectionInfo         
0000351d  enableEtherCs                 
00003321  enablePinInterrupt            
00003059  enablePinPulldown             
00003007  enablePinPullup               
00002d15  enablePort                    
2000111c  errno                         
20001054  fn                            
00006a0d  frexp                         
00006a0d  frexpl                        
00000000  g_pfnVectors                  
000003e9  genRandNum                    
00003b37  getEtherId                    
00003bd1  getEtherMacAddress            
00003911  getEtherPacket                
00003d61  getIpAddress                  
00004065  getIpChecksum                 
00003ebd  getIpDnsAddress               
00003e49  getIpGatewayAddress           
00003fa9  getIpMqttBrokerAddress        
00003dd5  getIpSubnetMask               
00003f31  getIpTimeServerAddress        
000033d7  getPinValue                   
0000348d  getPortValue                  
000006bb  getTcpCurrState               
0000033f  getTcpData                    
0000036b  getTcpHeader                  
000006d5  getTcpMessageSocket           
000045e5  getUdpData                    
00004611  getUdpMessageSocket           
00005f3f  getcUart0                     
00003b0b  htonl                         
00003ae7  htons                         
20001100  hwAddress                     
00003b43  incEtherId                    
00006761  initEeprom                    
00003727  initEther                     
00002341  initHw                        
000056b5  initSpi0                      
00006fb9  initSystemClockTo40Mhz        
000048b5  initTimer                     
00005e69  initUart0                     
20001106  ipAddress                     
2000110a  ipDnsAddress                  
2000110e  ipGwAddress                   
20001112  ipSubnetMask                  
20001116  ipTimeServerAddress           
00004bed  isArpRequest                  
00004c91  isArpResponse                 
000038c7  isEtherDataAvailable          
00003d01  isEtherIpValid                
000038ad  isEtherLinkUp                 
000038e1  isEtherOverflow               
00003c31  isIp                          
00003ca1  isIpUnicast                   
00005971  isPingRequest                 
0000026d  isTcp                         
0000453d  isUdp                         
00005f53  kbhitUart0                    
000060b5  ldexp                         
000060b5  ldexpl                        
00002b25  main                          
00006ec1  memccpy                       
00006521  memcpy                        
000067ed  memset                        
000064bf  mqttHandler                   
00006499  mqttLogPublishEvent           
00006485  mqttPublish                   
20001128  nextPacketLsb                 
20001129  nextPacketMsb                 
2000107c  period                        
00002773  processShell                  
00003a01  putEtherPacket                
00005ef7  putcUart0                     
00005f13  putsUart0                     
00006d7d  rand                          
00004baf  random32                      
0000260d  readConfiguration             
000067a9  readEeprom                    
0000370f  readEtherMem                  
00003663  readEtherPhy                  
00003575  readEtherReg                  
000057ed  readSpi0Data                  
200010cc  reload                        
00004ac7  restartTimer                  
000060b5  scalbn                        
000060b5  scalbnl                       
00002f3b  selectPinAnalogInput          
00002eed  selectPinDigitalInput         
00003257  selectPinInterruptBothEdges   
00003207  selectPinInterruptFallingEdge 
000032ad  selectPinInterruptHighLevel   
000032e7  selectPinInterruptLowLevel    
000031b7  selectPinInterruptRisingEdge  
00002e9f  selectPinOpenDrainOutput      
00002e51  selectPinPushPullOutput       
00004dc3  sendArpRequest                
00004ce5  sendArpResponse               
000059b5  sendPingResponse              
000046bb  sendUdpMessage                
2000112a  sequenceId                    
0000360f  setEtherBank                  
00003b4d  setEtherMacAddress            
000035a7  setEtherReg                   
00003d27  setIpAddress                  
00003e83  setIpDnsAddress               
00003e0f  setIpGatewayAddress           
00003f6b  setIpMqttBrokerAddress        
00003d9b  setIpSubnetMask               
00003ef7  setIpTimeServerAddress        
000030a5  setPinAuxFunction             
00002f8b  setPinCommitControl           
0000338d  setPinValue                   
00003415  setPortValue                  
00005751  setSpi0BaudRate               
00005787  setSpi0Mode                   
00005eb3  setUart0BaudRate              
00006bb9  snprintf                      
200010dc  socketConns                   
00006e39  srand                         
00006d11  sscanf                        
000036fd  startEtherMemRead             
000036cf  startEtherMemWrite            
00004955  startOneshotTimer             
000049db  startPeriodicTimer            
0000371f  stopEtherMemRead              
000036f5  stopEtherMemWrite             
00004a61  stopTimer                     
20001000  strInput                      
00006f57  strchr                        
00006f27  strcmp                        
00006f6d  strcpy                        
00006e5d  strcspn                       
00006f81  strlen                        
00006f3f  strrchr                       
00006e0f  strspn                        
000040dd  strtod                        
00006c91  strtok                        
00005d39  strtol                        
000040dd  strtold                       
00005151  strtoll                       
000061c5  strtoul                       
00005815  strtoull                      
00003ff1  sumIpWords                    
0000069f  tcpConnect                    
00000d41  tcpCreateSocket               
0000050b  tcpFsmStateMachineClient      
00000427  tcpGetMatchingSocket          
00000da5  tcpHandleRwTransactions       
00000401  tcpHandlerRx                  
000004c3  tcpHandlerTx                  
000003d5  tcpHeaderSize                 
000003b5  tcpIsAck                      
00000395  tcpIsSyn                      
00000999  tcpSendAck                    
00000b79  tcpSendFin                    
00000789  tcpSendSyn                    
00004b35  tickIsr                       
200010a4  ticks                         
000033b3  togglePinValue                
200010d8  token                         
00006fc9  tolower                       
00006e81  waitMicrosecond               
00006fa7  wcslen                        
00006777  writeEeprom                   
000036e1  writeEtherMem                 
0000362b  writeEtherPhy                 
00003541  writeEtherReg                 
000057d5  writeSpi0Data                 


GLOBAL SYMBOLS: SORTED BY Symbol Address 

address   name                          
-------   ----                          
00000000  __TI_static_base__            
00000000  g_pfnVectors                  
0000026d  isTcp                         
0000033f  getTcpData                    
0000036b  getTcpHeader                  
00000395  tcpIsSyn                      
000003b5  tcpIsAck                      
000003d5  tcpHeaderSize                 
000003e9  genRandNum                    
00000401  tcpHandlerRx                  
00000427  tcpGetMatchingSocket          
000004c3  tcpHandlerTx                  
0000050b  tcpFsmStateMachineClient      
0000069f  tcpConnect                    
000006bb  getTcpCurrState               
000006d5  getTcpMessageSocket           
00000789  tcpSendSyn                    
00000999  tcpSendAck                    
00000b79  tcpSendFin                    
00000d41  tcpCreateSocket               
00000da5  tcpHandleRwTransactions       
00000ddd  __TI_scanfi                   
00001000  __STACK_SIZE                  
000018f1  __TI_printfi                  
0000233f  _nop                          
00002341  initHw                        
0000237d  displayConnectionInfo         
0000260d  readConfiguration             
000026c1  asciiToUint8                  
00002773  processShell                  
00002b25  main                          
00002d15  enablePort                    
00002dd1  disablePort                   
00002e51  selectPinPushPullOutput       
00002e9f  selectPinOpenDrainOutput      
00002eed  selectPinDigitalInput         
00002f3b  selectPinAnalogInput          
00002f8b  setPinCommitControl           
00003007  enablePinPullup               
00003035  disablePinPullup              
00003059  enablePinPulldown             
0000307d  disablePinPulldown            
000030a5  setPinAuxFunction             
000031b7  selectPinInterruptRisingEdge  
00003207  selectPinInterruptFallingEdge 
00003257  selectPinInterruptBothEdges   
000032ad  selectPinInterruptHighLevel   
000032e7  selectPinInterruptLowLevel    
00003321  enablePinInterrupt            
00003345  disablePinInterrupt           
00003369  clearPinInterrupt             
0000338d  setPinValue                   
000033b3  togglePinValue                
000033d7  getPinValue                   
00003415  setPortValue                  
0000348d  getPortValue                  
0000351d  enableEtherCs                 
00003533  disableEtherCs                
00003541  writeEtherReg                 
00003575  readEtherReg                  
000035a7  setEtherReg                   
000035db  clearEtherReg                 
0000360f  setEtherBank                  
0000362b  writeEtherPhy                 
00003663  readEtherPhy                  
000036cf  startEtherMemWrite            
000036e1  writeEtherMem                 
000036f5  stopEtherMemWrite             
000036fd  startEtherMemRead             
0000370f  readEtherMem                  
0000371f  stopEtherMemRead              
00003727  initEther                     
000038ad  isEtherLinkUp                 
000038c7  isEtherDataAvailable          
000038e1  isEtherOverflow               
00003911  getEtherPacket                
00003a01  putEtherPacket                
00003ae7  htons                         
00003b0b  htonl                         
00003b37  getEtherId                    
00003b43  incEtherId                    
00003b4d  setEtherMacAddress            
00003bd1  getEtherMacAddress            
00003c31  isIp                          
00003ca1  isIpUnicast                   
00003d01  isEtherIpValid                
00003d27  setIpAddress                  
00003d61  getIpAddress                  
00003d9b  setIpSubnetMask               
00003dd5  getIpSubnetMask               
00003e0f  setIpGatewayAddress           
00003e49  getIpGatewayAddress           
00003e83  setIpDnsAddress               
00003ebd  getIpDnsAddress               
00003ef7  setIpTimeServerAddress        
00003f31  getIpTimeServerAddress        
00003f6b  setIpMqttBrokerAddress        
00003fa9  getIpMqttBrokerAddress        
00003ff1  sumIpWords                    
00004065  getIpChecksum                 
00004097  calcIpChecksum                
000040dd  strtod                        
000040dd  strtold                       
0000453d  isUdp                         
000045e5  getUdpData                    
00004611  getUdpMessageSocket           
000046bb  sendUdpMessage                
000048b5  initTimer                     
00004955  startOneshotTimer             
000049db  startPeriodicTimer            
00004a61  stopTimer                     
00004ac7  restartTimer                  
00004b35  tickIsr                       
00004baf  random32                      
00004bed  isArpRequest                  
00004c91  isArpResponse                 
00004ce5  sendArpResponse               
00004dc3  sendArpRequest                
00005151  strtoll                       
000054fd  __aeabi_dsub                  
00005507  __aeabi_dadd                  
000056b3  __aeabi_idiv0                 
000056b3  __aeabi_ldiv0                 
000056b5  initSpi0                      
00005751  setSpi0BaudRate               
00005787  setSpi0Mode                   
000057d5  writeSpi0Data                 
000057ed  readSpi0Data                  
00005815  strtoull                      
00005971  isPingRequest                 
000059b5  sendPingResponse              
00005c01  __aeabi_ddiv                  
00005d39  strtol                        
00005e69  initUart0                     
00005eb3  setUart0BaudRate              
00005ef7  putcUart0                     
00005f13  putsUart0                     
00005f3f  getcUart0                     
00005f53  kbhitUart0                    
000060b5  ldexp                         
000060b5  ldexpl                        
000060b5  scalbn                        
000060b5  scalbnl                       
000061c5  strtoul                       
000062d5  __aeabi_dmul                  
00006485  mqttPublish                   
00006499  mqttLogPublishEvent           
000064bf  mqttHandler                   
00006521  __aeabi_memcpy                
00006521  __aeabi_memcpy4               
00006521  __aeabi_memcpy8               
00006521  memcpy                        
000065bd  __aeabi_uldivmod              
00006653  __aeabi_cdcmpeq               
00006653  __aeabi_cdcmple               
000066d9  __aeabi_cdrcmple              
00006761  initEeprom                    
00006777  writeEeprom                   
000067a9  readEeprom                    
000067e5  __aeabi_memclr                
000067e5  __aeabi_memclr4               
000067e5  __aeabi_memclr8               
000067e7  __aeabi_memset                
000067e7  __aeabi_memset4               
000067e7  __aeabi_memset8               
000067ed  memset                        
000068cd  __aeabi_d2f                   
000069a5  __TI_decompress_lzss          
00006a0d  frexp                         
00006a0d  frexpl                        
00006ac7  __TI_ltoa                     
00006b6d  atoi                          
00006bb9  snprintf                      
00006c05  __aeabi_d2iz                  
00006c4d  __TI_auto_init_nobinit_nopinit
00006c91  strtok                        
00006d11  sscanf                        
00006d49  _c_int00_noargs               
00006d7d  rand                          
00006de1  __aeabi_i2d                   
00006e0f  strspn                        
00006e39  srand                         
00006e5d  strcspn                       
00006e81  waitMicrosecond               
00006ea5  __TI_zero_init_nomemset       
00006ec1  memccpy                       
00006edd  copysign                      
00006edd  copysignl                     
00006f0f  __aeabi_lmul                  
00006f27  strcmp                        
00006f3f  strrchr                       
00006f57  strchr                        
00006f6d  strcpy                        
00006f81  strlen                        
00006fa7  wcslen                        
00006fb9  initSystemClockTo40Mhz        
00006fc9  tolower                       
00006fd9  __TI_decompress_none          
00006fe7  ResetISR                      
00006ff5  __aeabi_errno_addr            
00007005  _system_pre_init              
00007009  C$$EXIT                       
00007009  abort                         
00007010  _ctypes_                      
00007214  __TI_Handler_Table_Base       
00007220  __TI_Handler_Table_Limit      
00007228  __TI_CINIT_Base               
00007238  __TI_CINIT_Limit              
20000000  __stack                       
20000000  __start___llvm_prf_cnts       
20000000  __stop___llvm_prf_cnts        
20000200  __STACK_TOP                   
20001000  __STACK_END                   
20001000  strInput                      
20001054  fn                            
2000107c  period                        
200010a4  ticks                         
200010cc  reload                        
200010d8  token                         
200010dc  socketConns                   
200010f8  _lock                         
200010fc  _unlock                       
20001100  hwAddress                     
20001106  ipAddress                     
2000110a  ipDnsAddress                  
2000110e  ipGwAddress                   
20001112  ipSubnetMask                  
20001116  ipTimeServerAddress           
2000111a  count                         
2000111c  errno                         
20001128  nextPacketLsb                 
20001129  nextPacketMsb                 
2000112a  sequenceId                    
ffffffff  __TI_pprof_out_hndl           
ffffffff  __TI_prof_data_size           
ffffffff  __TI_prof_data_start          
ffffffff  __binit__                     
ffffffff  __c_args__                    
ffffffff  binit                         
UNDEFED   __mpu_init                    
UNDEFED   _system_post_cinit            

[241 symbols]
