******************************************************************************
                  TI ARM Linker Unix v20.2.7                   
******************************************************************************
>> Linked Tue Mar 21 01:36:51 2023

OUTPUT FILE NAME:   <IOT_Project1.out>
ENTRY POINT SYMBOL: "_c_int00_noargs"  address: 000098a9


MEMORY CONFIGURATION

         name            origin    length      used     unused   attr    fill
----------------------  --------  ---------  --------  --------  ----  --------
  FLASH                 00000000   00040000  0000a04c  00035fb4  R  X
  SRAM                  20000000   00008000  000022b6  00005d4a  RW X


SEGMENT ALLOCATION MAP

run origin  load origin   length   init length attrs members
----------  ----------- ---------- ----------- ----- -------
00000000    00000000    0000a050   0000a050    r-x
  00000000    00000000    0000026c   0000026c    r-- .intvecs
  0000026c    0000026c    00009900   00009900    r-x .text
  00009b70    00009b70    00000438   00000438    r-- .const
  00009fa8    00009fa8    000000a8   000000a8    r-- .cinit
20000000    20000000    000022b8   00000000    rw-
  20000000    20000000    00002000   00000000    rw- .stack
  20002000    20002000    000001da   00000000    rw- .data
  200021dc    200021dc    000000dc   00000000    rw- .bss


SECTION ALLOCATION MAP

 output                                  attributes/
section   page    origin      length       input sections
--------  ----  ----------  ----------   ----------------
.intvecs   0    00000000    0000026c     
                  00000000    0000026c     tm4c123gh6pm_startup_ccs.obj (.intvecs)

.text      0    0000026c    00009900     
                  0000026c    00001c50     tcp.obj (.text)
                  00001ebc    000017c4     mqtt.obj (.text)
                  00003680    00000b14     rtsv7M4_T_le_v4SPD16_eabi.lib : _scanfi.c.obj (.text:__TI_scanfi)
                  00004194    00000ad4     ethernet.obj (.text)
                  00004c68    00000a4e     rtsv7M4_T_le_v4SPD16_eabi.lib : _printfi.c.obj (.text:__TI_printfi)
                  000056b6    00000002                                   : _lock.c.obj (.text:_nop)
                  000056b8    00000808     gpio.obj (.text)
                  00005ec0    00000714     eth0.obj (.text)
                  000065d4    00000488     ip.obj (.text)
                  00006a5c    00000460     rtsv7M4_T_le_v4SPD16_eabi.lib : strtod.c.obj (.text:strtod)
                  00006ebc    00000378     udp.obj (.text)
                  00007234    00000338     timer.obj (.text)
                  0000756c    000002f4     arp.obj (.text)
                  00007860    00000270     rtsv7M4_T_le_v4SPD16_eabi.lib : _printfi.c.obj (.text:_pconv_a)
                  00007ad0    00000248     ip_custom_layer.obj (.text)
                  00007d18    000001dc     rtsv7M4_T_le_v4SPD16_eabi.lib : strtoll.c.obj (.text:strtoll)
                  00007ef4    000001d0                                   : _printfi.c.obj (.text:_pconv_g)
                  000080c4    000001b6                                   : fd_add_t2.asm.obj (.text)
                  0000827a    00000002                                   : div0.asm.obj (.text)
                  0000827c    00000160     spi0.obj (.text)
                  000083dc    0000015c     rtsv7M4_T_le_v4SPD16_eabi.lib : strtoull.c.obj (.text:strtoull)
                  00008538    00000154     icmp.obj (.text)
                  0000868c    0000013c     rtsv7M4_T_le_v4SPD16_eabi.lib : _printfi.c.obj (.text:_pconv_e)
                  000087c8    00000136                                   : fd_div_t2.asm.obj (.text)
                  000088fe    00000002     --HOLE-- [fill = 0]
                  00008900    00000130                                   : strtol.c.obj (.text:strtol)
                  00008a30    00000128     uart0.obj (.text)
                  00008b58    00000124     rtsv7M4_T_le_v4SPD16_eabi.lib : _printfi.c.obj (.text:fcvt)
                  00008c7c    00000110                                   : s_scalbn.c.obj (.text:scalbn)
                  00008d8c    00000110                                   : strtoul.c.obj (.text:strtoul)
                  00008e9c    000000fc                                   : fd_mul_t2.asm.obj (.text)
                  00008f98    000000b1                                   : _printfi.c.obj (.text:_ltostr)
                  00009049    00000001     --HOLE-- [fill = 0]
                  0000904a    0000009c                                   : memcpy_t2.asm.obj (.text)
                  000090e6    00000096                                   : ull_div_t2.asm.obj (.text)
                  0000917c    00000086                                   : fd_cmp_t2.asm.obj (.text:__aeabi_cdcmple)
                  00009202    00000086                                   : fd_cmp_t2.asm.obj (.text:__aeabi_cdrcmple)
                  00009288    00000084     eeprom.obj (.text)
                  0000930c    0000007a     rtsv7M4_T_le_v4SPD16_eabi.lib : memset_t2.asm.obj (.text)
                  00009386    0000006e                                   : _printfi.c.obj (.text:_mcpy)
                  000093f4    0000006e                                   : fd_tos_t2.asm.obj (.text)
                  00009462    00000002     --HOLE-- [fill = 0]
                  00009464    00000068                                   : sscanf.c.obj (.text:_chkmbc)
                  000094cc    00000068                                   : copy_decompress_lzss.c.obj (.text:decompress:lzss:__TI_decompress_lzss)
                  00009534    00000064                                   : s_frexp.c.obj (.text:frexp)
                  00009598    00000056                                   : _printfi.c.obj (.text:_pconv_f)
                  000095ee    00000054                                   : _ltoa.c.obj (.text:__TI_ltoa)
                  00009642    00000052                                   : _printfi.c.obj (.text:_ecpy)
                  00009694    0000004c                                   : atoi.c.obj (.text:atoi)
                  000096e0    0000004c                                   : snprintf.c.obj (.text:snprintf)
                  0000972c    00000048                                   : fd_toi_t2.asm.obj (.text)
                  00009774    00000044                                   : autoinit.c.obj (.text:__TI_auto_init_nobinit_nopinit:__TI_auto_init_nobinit_nopinit)
                  000097b8    00000040                                   : strtok.c.obj (.text:strtok)
                  000097f8    0000003e                                   : _printfi.c.obj (.text:_fcpy)
                  00009836    00000002     --HOLE-- [fill = 0]
                  00009838    00000038                                   : sscanf.c.obj (.text:sscanf)
                  00009870    00000036                                   : strncpy.c.obj (.text:strncpy)
                  000098a6    00000002     --HOLE-- [fill = 0]
                  000098a8    00000034                                   : boot_cortex_m.c.obj (.text:_c_int00_noargs:_c_int00_noargs)
                  000098dc    00000034                                   : rand.c.obj (.text:rand)
                  00009910    00000030                                   : snprintf.c.obj (.text:_outs)
                  00009940    0000002e                                   : i_tofd_t2.asm.obj (.text)
                  0000996e    0000002a                                   : strspn.c.obj (.text:strspn)
                  00009998    00000024                                   : rand.c.obj (.text:srand)
                  000099bc    00000024                                   : strcspn.c.obj (.text:strcspn)
                  000099e0    00000024     wait.obj (.text)
                  00009a04    0000001c     rtsv7M4_T_le_v4SPD16_eabi.lib : copy_zero_init.c.obj (.text:decompress:ZI:__TI_zero_init_nomemset:__TI_zero_init_nomemset)
                  00009a20    0000001c                                   : memccpy.c.obj (.text:memccpy)
                  00009a3c    0000001a                                   : s_copysign.c.obj (.text:copysign)
                  00009a56    00000018                                   : snprintf.c.obj (.text:_outc)
                  00009a6e    00000018                                   : ll_mul_t2.asm.obj (.text)
                  00009a86    00000018                                   : strcmp.c.obj (.text:strcmp)
                  00009a9e    00000018                                   : strrchr.c.obj (.text:strrchr)
                  00009ab6    00000016                                   : strchr.c.obj (.text:strchr)
                  00009acc    00000014                                   : strcpy.c.obj (.text:strcpy)
                  00009ae0    00000014                                   : strlen.c.obj (.text:strlen)
                  00009af4    00000012                                   : sscanf.c.obj (.text:_inpchar)
                  00009b06    00000012                                   : wcslen.c.obj (.text:wcslen)
                  00009b18    00000010     clock.obj (.text)
                  00009b28    00000010     rtsv7M4_T_le_v4SPD16_eabi.lib : tolower.c.obj (.text:tolower)
                  00009b38    0000000e                                   : copy_decompress_none.c.obj (.text:decompress:none:__TI_decompress_none)
                  00009b46    0000000c     tm4c123gh6pm_startup_ccs.obj (.text)
                  00009b52    00000002     --HOLE-- [fill = 0]
                  00009b54    00000008     rtsv7M4_T_le_v4SPD16_eabi.lib : errno.c.obj (.text:__aeabi_errno_addr)
                  00009b5c    00000008                                   : sscanf.c.obj (.text:_uninpchar)
                  00009b64    00000004                                   : pre_init.c.obj (.text:_system_pre_init)
                  00009b68    00000004                                   : exit.c.obj (.text:abort:abort)

.const     0    00009b70    00000438     
                  00009b70    0000019e     mqtt.obj (.const:.string)
                  00009d0e    00000101     rtsv7M4_T_le_v4SPD16_eabi.lib : ctype.c.obj (.const:.string:_ctypes_)
                  00009e0f    00000001     --HOLE-- [fill = 0]
                  00009e10    000000c8                                   : strtod.c.obj (.const:$O1$$)
                  00009ed8    000000a6     tcp.obj (.const:.string)
                  00009f7e    00000018     mqtt.obj (.const:.string:$P$T0$1)
                  00009f96    00000002     --HOLE-- [fill = 0]
                  00009f98    00000010     rtsv7M4_T_le_v4SPD16_eabi.lib : _scanfi.c.obj (.const:$O1$$)

.cinit     0    00009fa8    000000a8     
                  00009fa8    00000083     (.cinit..data.load) [load image, compression = lzss]
                  0000a02b    00000001     --HOLE-- [fill = 0]
                  0000a02c    0000000c     (__TI_handler_table)
                  0000a038    00000008     (.cinit..bss.load) [load image, compression = zero_init]
                  0000a040    00000010     (__TI_cinit_table)

.init_array 
*          0    00000000    00000000     UNINITIALIZED

.data      0    20002000    000001da     UNINITIALIZED
                  20002000    00000082     mqtt.obj (.data:mqttMcb)
                  20002082    0000003e     mqtt.obj (.data:mqttRxBuffer)
                  200020c0    00000034     mqtt.obj (.data:mqttFsmState)
                  200020f4    0000002e     mqtt.obj (.data:mqttCurSubTopics)
                  20002122    00000001     ethernet.obj (.data)
                  20002123    00000001     --HOLE--
                  20002124    0000002c     tcp.obj (.data:socketConns)
                  20002150    0000002c     tcp.obj (.data:tcpState)
                  2000217c    00000015     tcp.obj (.data)
                  20002191    00000001     --HOLE--
                  20002192    0000000c     mqtt.obj (.data)
                  2000219e    00000002     --HOLE--
                  200021a0    00000008     rtsv7M4_T_le_v4SPD16_eabi.lib : _lock.c.obj (.data:$O1$$)
                  200021a8    00000006     eth0.obj (.data:hwAddress)
                  200021ae    00000004     ip.obj (.data:ipAddress)
                  200021b2    00000004     ip.obj (.data:ipDnsAddress)
                  200021b6    00000004     ip.obj (.data:ipGwAddress)
                  200021ba    00000004     ip.obj (.data:ipMqttBrokerAddress)
                  200021be    00000004     ip.obj (.data:ipSubnetMask)
                  200021c2    00000004     ip.obj (.data:ipTimeServerAddress)
                  200021c6    00000002     --HOLE--
                  200021c8    00000004     rtsv7M4_T_le_v4SPD16_eabi.lib : errno.c.obj (.data)
                  200021cc    00000004                                   : rand.c.obj (.data)
                  200021d0    00000004                                   : strtok.c.obj (.data)
                  200021d4    00000003     eth0.obj (.data)
                  200021d7    00000003     ip_custom_layer.obj (.data)

.bss       0    200021dc    000000dc     UNINITIALIZED
                  200021dc    00000054     (.common:strInput)
                  20002230    00000028     (.common:fn)
                  20002258    00000028     (.common:period)
                  20002280    00000028     (.common:ticks)
                  200022a8    0000000c     (.common:reload)
                  200022b4    00000004     (.common:token)

.stack     0    20000000    00002000     UNINITIALIZED
                  20000000    00000004     rtsv7M4_T_le_v4SPD16_eabi.lib : boot_cortex_m.c.obj (.stack)
                  20000004    00001ffc     --HOLE--

__llvm_prf_cnts 
*          0    20000000    00000000     UNINITIALIZED

MODULE SUMMARY

       Module                         code    ro data   rw data
       ------                         ----    -------   -------
    ./
       tcp.obj                        7248    166       109    
       mqtt.obj                       6084    438       302    
       ethernet.obj                   2772    0         89     
       gpio.obj                       2056    0         0      
       eth0.obj                       1812    0         9      
       ip.obj                         1160    0         24     
       timer.obj                      824     0         132    
       udp.obj                        888     0         0      
       arp.obj                        756     0         0      
       tm4c123gh6pm_startup_ccs.obj   12      620       0      
       ip_custom_layer.obj            584     0         3      
       spi0.obj                       352     0         0      
       icmp.obj                       340     0         0      
       uart0.obj                      296     0         0      
       eeprom.obj                     132     0         0      
       wait.obj                       36      0         0      
       clock.obj                      16      0         0      
    +--+------------------------------+-------+---------+---------+
       Total:                         25368   1224      668    
                                                               
    /home/sadhan/ti/ccs1210/ccs/tools/compiler/ti-cgt-arm_20.2.7.LTS/lib/rtsv7M4_T_le_v4SPD16_eabi.lib
       _printfi.c.obj                 4851    0         0      
       _scanfi.c.obj                  2836    16        0      
       strtod.c.obj                   1120    200       0      
       strtoll.c.obj                  476     0         0      
       fd_add_t2.asm.obj              438     0         0      
       strtoull.c.obj                 348     0         0      
       fd_div_t2.asm.obj              310     0         0      
       strtol.c.obj                   304     0         0      
       s_scalbn.c.obj                 272     0         0      
       strtoul.c.obj                  272     0         0      
       fd_cmp_t2.asm.obj              268     0         0      
       ctype.c.obj                    0       257       0      
       fd_mul_t2.asm.obj              252     0         0      
       sscanf.c.obj                   186     0         0      
       memcpy_t2.asm.obj              156     0         0      
       ull_div_t2.asm.obj             150     0         0      
       snprintf.c.obj                 148     0         0      
       memset_t2.asm.obj              122     0         0      
       fd_tos_t2.asm.obj              110     0         0      
       copy_decompress_lzss.c.obj     104     0         0      
       s_frexp.c.obj                  100     0         0      
       rand.c.obj                     88      0         4      
       _ltoa.c.obj                    84      0         0      
       atoi.c.obj                     76      0         0      
       fd_toi_t2.asm.obj              72      0         0      
       autoinit.c.obj                 68      0         0      
       strtok.c.obj                   64      0         4      
       strncpy.c.obj                  54      0         0      
       boot_cortex_m.c.obj            52      0         0      
       i_tofd_t2.asm.obj              46      0         0      
       strspn.c.obj                   42      0         0      
       strcspn.c.obj                  36      0         0      
       copy_zero_init.c.obj           28      0         0      
       memccpy.c.obj                  28      0         0      
       s_copysign.c.obj               26      0         0      
       ll_mul_t2.asm.obj              24      0         0      
       strcmp.c.obj                   24      0         0      
       strrchr.c.obj                  24      0         0      
       strchr.c.obj                   22      0         0      
       strcpy.c.obj                   20      0         0      
       strlen.c.obj                   20      0         0      
       wcslen.c.obj                   18      0         0      
       tolower.c.obj                  16      0         0      
       copy_decompress_none.c.obj     14      0         0      
       errno.c.obj                    8       0         4      
       _lock.c.obj                    2       0         8      
       exit.c.obj                     4       0         0      
       pre_init.c.obj                 4       0         0      
       div0.asm.obj                   2       0         0      
    +--+------------------------------+-------+---------+---------+
       Total:                         13789   473       20     
                                                               
       Stack:                         0       0         8192   
       Linker Generated:              0       167       0      
    +--+------------------------------+-------+---------+---------+
       Grand Total:                   39157   1864      8880   


LINKER GENERATED COPY TABLES

__TI_cinit_table @ 0000a040 records: 2, size/record: 8, table size: 16
	.data: load addr=00009fa8, load size=00000083 bytes, run addr=20002000, run size=000001da bytes, compression=lzss
	.bss: load addr=0000a038, load size=00000008 bytes, run addr=200021dc, run size=000000dc bytes, compression=zero_init


LINKER GENERATED HANDLER TABLE

__TI_handler_table @ 0000a02c records: 3, size/record: 4, table size: 12
	index: 0, handler: __TI_decompress_lzss
	index: 1, handler: __TI_decompress_none
	index: 2, handler: __TI_zero_init


GLOBAL SYMBOLS: SORTED ALPHABETICALLY BY Name 

address   name                          
-------   ----                          
00009b69  C$$EXIT                       
00009b47  ResetISR                      
20002000  __STACK_END                   
00002000  __STACK_SIZE                  
20000200  __STACK_TOP                   
0000a040  __TI_CINIT_Base               
0000a050  __TI_CINIT_Limit              
0000a02c  __TI_Handler_Table_Base       
0000a038  __TI_Handler_Table_Limit      
00009775  __TI_auto_init_nobinit_nopinit
000094cd  __TI_decompress_lzss          
00009b39  __TI_decompress_none          
000095ef  __TI_ltoa                     
ffffffff  __TI_pprof_out_hndl           
00004c69  __TI_printfi                  
ffffffff  __TI_prof_data_size           
ffffffff  __TI_prof_data_start          
00003681  __TI_scanfi                   
00000000  __TI_static_base__            
00009a05  __TI_zero_init_nomemset       
0000917d  __aeabi_cdcmpeq               
0000917d  __aeabi_cdcmple               
00009203  __aeabi_cdrcmple              
000093f5  __aeabi_d2f                   
0000972d  __aeabi_d2iz                  
000080cf  __aeabi_dadd                  
000087c9  __aeabi_ddiv                  
00008e9d  __aeabi_dmul                  
000080c5  __aeabi_dsub                  
00009b55  __aeabi_errno_addr            
00009941  __aeabi_i2d                   
0000827b  __aeabi_idiv0                 
0000827b  __aeabi_ldiv0                 
00009a6f  __aeabi_lmul                  
0000930d  __aeabi_memclr                
0000930d  __aeabi_memclr4               
0000930d  __aeabi_memclr8               
0000904b  __aeabi_memcpy                
0000904b  __aeabi_memcpy4               
0000904b  __aeabi_memcpy8               
0000930f  __aeabi_memset                
0000930f  __aeabi_memset4               
0000930f  __aeabi_memset8               
000090e7  __aeabi_uldivmod              
ffffffff  __binit__                     
ffffffff  __c_args__                    
UNDEFED   __mpu_init                    
20000000  __stack                       
20000000  __start___llvm_prf_cnts       
20000000  __stop___llvm_prf_cnts        
000098a9  _c_int00_noargs               
00009d0e  _ctypes_                      
200021a0  _lock                         
000056b7  _nop                          
UNDEFED   _system_post_cinit            
00009b65  _system_pre_init              
200021a4  _unlock                       
00009b69  abort                         
00004b8d  appInit                       
00007c43  arpRespTimeoutCb              
00004515  asciiToUint8                  
00009695  atoi                          
ffffffff  binit                         
00006a13  calcIpChecksum                
00005f7f  clearEtherReg                 
00005d0d  clearPinInterrupt             
00009a3d  copysign                      
00009a3d  copysignl                     
20002122  count                         
00005ed7  disableEtherCs                
00005ce9  disablePinInterrupt           
00005a21  disablePinPulldown            
000059d9  disablePinPullup              
00005775  disablePort                   
000041d1  displayConnectionInfo         
00001c8d  displayStatus                 
00005ec1  enableEtherCs                 
00005cc5  enablePinInterrupt            
000059fd  enablePinPulldown             
000059ab  enablePinPullup               
000056b9  enablePort                    
2000217c  enableRetransFlag             
200021c8  errno                         
20002230  fn                            
00009535  frexp                         
00009535  frexpl                        
00000000  g_pfnVectors                  
000003f7  genRandNum                    
000064db  getEtherId                    
00006575  getEtherMacAddress            
000062b5  getEtherPacket                
000066dd  getIpAddress                  
000069e1  getIpChecksum                 
00007c3d  getIpCurrentEventStatus       
00006839  getIpDnsAddress               
000067c5  getIpGatewayAddress           
00006925  getIpMqttBrokerAddress        
00006751  getIpSubnetMask               
000068ad  getIpTimeServerAddress        
00005d7b  getPinValue                   
00005e31  getPortValue                  
00000f8d  getTcpCurrState               
0000033f  getTcpData                    
0000036b  getTcpHeader                  
00001001  getTcpMessageSocket           
00000fa7  getTcpSegmentLength           
00006f65  getUdpData                    
00006f91  getUdpMessageSocket           
00008b07  getcUart0                     
000064af  htonl                         
0000648b  htons                         
200021a8  hwAddress                     
000064e7  incEtherId                    
00009289  initEeprom                    
000060cb  initEther                     
00004195  initHw                        
0000827d  initSpi0                      
00009b19  initSystemClockTo40Mhz        
00007235  initTimer                     
00008a31  initUart0                     
200021d7  initiateArpRequest            
20002184  initiateFin                   
200021ae  ipAddress                     
200021b2  ipDnsAddress                  
200021d8  ipEventIcb                    
200021b6  ipGwAddress                   
00007b2d  ipHandlerRx                   
00007ad1  ipHandlerTx                   
200021ba  ipMqttBrokerAddress           
200021be  ipSubnetMask                  
200021c2  ipTimeServerAddress           
0000756d  isArpRequest                  
00007611  isArpResponse                 
0000626b  isEtherDataAvailable          
0000667d  isEtherIpValid                
00006251  isEtherLinkUp                 
00006285  isEtherOverflow               
000065d5  isIp                          
00007c4b  isIpArpResponse               
0000661d  isIpUnicast                   
00003545  isMqtt                        
00008539  isPingRequest                 
0000026d  isTcp                         
00006ebd  isUdp                         
00003227  ismqttConnected               
00008b1b  kbhitUart0                    
00008c7d  ldexp                         
00008c7d  ldexpl                        
00004a17  main                          
00009a21  memccpy                       
0000904b  memcpy                        
00009315  memset                        
0000257f  mqttCalcDynLength             
00003661  mqttConTimerCb                
0000339b  mqttConnAck                   
000023bd  mqttConnect                   
000025e5  mqttDisConnect                
200020c0  mqttFsmState                  
00003647  mqttGetConnState              
0000362d  mqttGetCurrState              
000034b1  mqttGetTxData                 
00003477  mqttGetTxStatus               
00002ed1  mqttHandleAllRxMsgs           
000031af  mqttHandleConnectServer       
00002fed  mqttHandlePubServer           
00003129  mqttHandleSubServer           
0000289d  mqttHandler                   
00003621  mqttInit                      
0000320d  mqttKeepAliveTimeCliCb        
00003205  mqttKeepAliveTimeSrvCb        
0000284d  mqttLogConnectEvent           
0000286d  mqttLogDisConnectEvent        
000026b1  mqttLogPublishEvent           
0000277b  mqttLogSubscribeEvent         
000027e5  mqttLogUnSubscribeEvent       
00002645  mqttPingRequest               
00003421  mqttPingResp                  
20002192  mqttPktId                     
0000324f  mqttPubAck                    
00001ebd  mqttPublish                   
0000364d  mqttSetConnState              
00003633  mqttSetCurrState              
000035c9  mqttSetRxData                 
0000347d  mqttSetTxStatus               
000032d9  mqttSubAck                    
0000206d  mqttSubscribe                 
00002201  mqttUnSubscribe               
200021d4  nextPacketLsb                 
200021d5  nextPacketMsb                 
20002258  period                        
000045c7  processShell                  
000063a5  putEtherPacket                
00008abf  putcUart0                     
00008adb  putsUart0                     
000098dd  rand                          
0000752f  random32                      
00004461  readConfiguration             
000092d1  readEeprom                    
000060b3  readEtherMem                  
00006007  readEtherPhy                  
00005f19  readEtherReg                  
000083b5  readSpi0Data                  
200022a8  reload                        
00007447  restartTimer                  
00008c7d  scalbn                        
00008c7d  scalbnl                       
000058df  selectPinAnalogInput          
00005891  selectPinDigitalInput         
00005bfb  selectPinInterruptBothEdges   
00005bab  selectPinInterruptFallingEdge 
00005c51  selectPinInterruptHighLevel   
00005c8b  selectPinInterruptLowLevel    
00005b5b  selectPinInterruptRisingEdge  
00005843  selectPinOpenDrainOutput      
000057f5  selectPinPushPullOutput       
00007743  sendArpRequest                
00007665  sendArpResponse               
0000857d  sendPingResponse              
0000703b  sendUdpMessage                
200021d6  sequenceId                    
00005fb3  setEtherBank                  
000064f1  setEtherMacAddress            
00005f4b  setEtherReg                   
000066a3  setIpAddress                  
000067ff  setIpDnsAddress               
0000678b  setIpGatewayAddress           
000068e7  setIpMqttBrokerAddress        
00007c03  setIpMqttMacBrokerAddress     
00006717  setIpSubnetMask               
00006873  setIpTimeServerAddress        
00005a49  setPinAuxFunction             
0000592f  setPinCommitControl           
00005d31  setPinValue                   
00005db9  setPortValue                  
00008319  setSpi0BaudRate               
0000834f  setSpi0Mode                   
00008a7b  setUart0BaudRate              
000096e1  snprintf                      
20002124  socketConns                   
00009999  srand                         
00009839  sscanf                        
000060a1  startEtherMemRead             
00006073  startEtherMemWrite            
000072d5  startOneshotTimer             
0000735b  startPeriodicTimer            
000060c3  stopEtherMemRead              
00006099  stopEtherMemWrite             
000073e1  stopTimer                     
200021dc  strInput                      
00009ab7  strchr                        
00009a87  strcmp                        
00009acd  strcpy                        
000099bd  strcspn                       
00009ae1  strlen                        
00009871  strncpy                       
00009a9f  strrchr                       
0000996f  strspn                        
00006a5d  strtod                        
000097b9  strtok                        
00008901  strtol                        
00006a5d  strtold                       
00007d19  strtoll                       
00008d8d  strtoul                       
000083dd  strtoull                      
0000696d  sumIpWords                    
00001bf9  tcpCheckOptionsField          
00000f71  tcpConnect                    
00001801  tcpCreateSocket               
0000052d  tcpFsmStateMachineClient      
00000435  tcpGetMatchingSocket          
00001829  tcpHandleRwTransactions       
0000040f  tcpHandlerRx                  
000004d5  tcpHandlerTx                  
000003dd  tcpHeaderSize                 
000003b9  tcpIsAck                      
00000395  tcpIsSyn                      
000012ef  tcpSendAck                    
000015c5  tcpSendFin                    
00001931  tcpSendSegment                
000010d1  tcpSendSyn                    
0000051d  tcpSendTimerCb                
00001bbd  tcpValidChecks                
000074b5  tickIsr                       
20002280  ticks                         
00005d57  togglePinValue                
200022b4  token                         
00009b29  tolower                       
000099e1  waitMicrosecond               
00009b07  wcslen                        
0000929f  writeEeprom                   
00006085  writeEtherMem                 
00005fcf  writeEtherPhy                 
00005ee5  writeEtherReg                 
0000839d  writeSpi0Data                 


GLOBAL SYMBOLS: SORTED BY Symbol Address 

address   name                          
-------   ----                          
00000000  __TI_static_base__            
00000000  g_pfnVectors                  
0000026d  isTcp                         
0000033f  getTcpData                    
0000036b  getTcpHeader                  
00000395  tcpIsSyn                      
000003b9  tcpIsAck                      
000003dd  tcpHeaderSize                 
000003f7  genRandNum                    
0000040f  tcpHandlerRx                  
00000435  tcpGetMatchingSocket          
000004d5  tcpHandlerTx                  
0000051d  tcpSendTimerCb                
0000052d  tcpFsmStateMachineClient      
00000f71  tcpConnect                    
00000f8d  getTcpCurrState               
00000fa7  getTcpSegmentLength           
00001001  getTcpMessageSocket           
000010d1  tcpSendSyn                    
000012ef  tcpSendAck                    
000015c5  tcpSendFin                    
00001801  tcpCreateSocket               
00001829  tcpHandleRwTransactions       
00001931  tcpSendSegment                
00001bbd  tcpValidChecks                
00001bf9  tcpCheckOptionsField          
00001c8d  displayStatus                 
00001ebd  mqttPublish                   
00002000  __STACK_SIZE                  
0000206d  mqttSubscribe                 
00002201  mqttUnSubscribe               
000023bd  mqttConnect                   
0000257f  mqttCalcDynLength             
000025e5  mqttDisConnect                
00002645  mqttPingRequest               
000026b1  mqttLogPublishEvent           
0000277b  mqttLogSubscribeEvent         
000027e5  mqttLogUnSubscribeEvent       
0000284d  mqttLogConnectEvent           
0000286d  mqttLogDisConnectEvent        
0000289d  mqttHandler                   
00002ed1  mqttHandleAllRxMsgs           
00002fed  mqttHandlePubServer           
00003129  mqttHandleSubServer           
000031af  mqttHandleConnectServer       
00003205  mqttKeepAliveTimeSrvCb        
0000320d  mqttKeepAliveTimeCliCb        
00003227  ismqttConnected               
0000324f  mqttPubAck                    
000032d9  mqttSubAck                    
0000339b  mqttConnAck                   
00003421  mqttPingResp                  
00003477  mqttGetTxStatus               
0000347d  mqttSetTxStatus               
000034b1  mqttGetTxData                 
00003545  isMqtt                        
000035c9  mqttSetRxData                 
00003621  mqttInit                      
0000362d  mqttGetCurrState              
00003633  mqttSetCurrState              
00003647  mqttGetConnState              
0000364d  mqttSetConnState              
00003661  mqttConTimerCb                
00003681  __TI_scanfi                   
00004195  initHw                        
000041d1  displayConnectionInfo         
00004461  readConfiguration             
00004515  asciiToUint8                  
000045c7  processShell                  
00004a17  main                          
00004b8d  appInit                       
00004c69  __TI_printfi                  
000056b7  _nop                          
000056b9  enablePort                    
00005775  disablePort                   
000057f5  selectPinPushPullOutput       
00005843  selectPinOpenDrainOutput      
00005891  selectPinDigitalInput         
000058df  selectPinAnalogInput          
0000592f  setPinCommitControl           
000059ab  enablePinPullup               
000059d9  disablePinPullup              
000059fd  enablePinPulldown             
00005a21  disablePinPulldown            
00005a49  setPinAuxFunction             
00005b5b  selectPinInterruptRisingEdge  
00005bab  selectPinInterruptFallingEdge 
00005bfb  selectPinInterruptBothEdges   
00005c51  selectPinInterruptHighLevel   
00005c8b  selectPinInterruptLowLevel    
00005cc5  enablePinInterrupt            
00005ce9  disablePinInterrupt           
00005d0d  clearPinInterrupt             
00005d31  setPinValue                   
00005d57  togglePinValue                
00005d7b  getPinValue                   
00005db9  setPortValue                  
00005e31  getPortValue                  
00005ec1  enableEtherCs                 
00005ed7  disableEtherCs                
00005ee5  writeEtherReg                 
00005f19  readEtherReg                  
00005f4b  setEtherReg                   
00005f7f  clearEtherReg                 
00005fb3  setEtherBank                  
00005fcf  writeEtherPhy                 
00006007  readEtherPhy                  
00006073  startEtherMemWrite            
00006085  writeEtherMem                 
00006099  stopEtherMemWrite             
000060a1  startEtherMemRead             
000060b3  readEtherMem                  
000060c3  stopEtherMemRead              
000060cb  initEther                     
00006251  isEtherLinkUp                 
0000626b  isEtherDataAvailable          
00006285  isEtherOverflow               
000062b5  getEtherPacket                
000063a5  putEtherPacket                
0000648b  htons                         
000064af  htonl                         
000064db  getEtherId                    
000064e7  incEtherId                    
000064f1  setEtherMacAddress            
00006575  getEtherMacAddress            
000065d5  isIp                          
0000661d  isIpUnicast                   
0000667d  isEtherIpValid                
000066a3  setIpAddress                  
000066dd  getIpAddress                  
00006717  setIpSubnetMask               
00006751  getIpSubnetMask               
0000678b  setIpGatewayAddress           
000067c5  getIpGatewayAddress           
000067ff  setIpDnsAddress               
00006839  getIpDnsAddress               
00006873  setIpTimeServerAddress        
000068ad  getIpTimeServerAddress        
000068e7  setIpMqttBrokerAddress        
00006925  getIpMqttBrokerAddress        
0000696d  sumIpWords                    
000069e1  getIpChecksum                 
00006a13  calcIpChecksum                
00006a5d  strtod                        
00006a5d  strtold                       
00006ebd  isUdp                         
00006f65  getUdpData                    
00006f91  getUdpMessageSocket           
0000703b  sendUdpMessage                
00007235  initTimer                     
000072d5  startOneshotTimer             
0000735b  startPeriodicTimer            
000073e1  stopTimer                     
00007447  restartTimer                  
000074b5  tickIsr                       
0000752f  random32                      
0000756d  isArpRequest                  
00007611  isArpResponse                 
00007665  sendArpResponse               
00007743  sendArpRequest                
00007ad1  ipHandlerTx                   
00007b2d  ipHandlerRx                   
00007c03  setIpMqttMacBrokerAddress     
00007c3d  getIpCurrentEventStatus       
00007c43  arpRespTimeoutCb              
00007c4b  isIpArpResponse               
00007d19  strtoll                       
000080c5  __aeabi_dsub                  
000080cf  __aeabi_dadd                  
0000827b  __aeabi_idiv0                 
0000827b  __aeabi_ldiv0                 
0000827d  initSpi0                      
00008319  setSpi0BaudRate               
0000834f  setSpi0Mode                   
0000839d  writeSpi0Data                 
000083b5  readSpi0Data                  
000083dd  strtoull                      
00008539  isPingRequest                 
0000857d  sendPingResponse              
000087c9  __aeabi_ddiv                  
00008901  strtol                        
00008a31  initUart0                     
00008a7b  setUart0BaudRate              
00008abf  putcUart0                     
00008adb  putsUart0                     
00008b07  getcUart0                     
00008b1b  kbhitUart0                    
00008c7d  ldexp                         
00008c7d  ldexpl                        
00008c7d  scalbn                        
00008c7d  scalbnl                       
00008d8d  strtoul                       
00008e9d  __aeabi_dmul                  
0000904b  __aeabi_memcpy                
0000904b  __aeabi_memcpy4               
0000904b  __aeabi_memcpy8               
0000904b  memcpy                        
000090e7  __aeabi_uldivmod              
0000917d  __aeabi_cdcmpeq               
0000917d  __aeabi_cdcmple               
00009203  __aeabi_cdrcmple              
00009289  initEeprom                    
0000929f  writeEeprom                   
000092d1  readEeprom                    
0000930d  __aeabi_memclr                
0000930d  __aeabi_memclr4               
0000930d  __aeabi_memclr8               
0000930f  __aeabi_memset                
0000930f  __aeabi_memset4               
0000930f  __aeabi_memset8               
00009315  memset                        
000093f5  __aeabi_d2f                   
000094cd  __TI_decompress_lzss          
00009535  frexp                         
00009535  frexpl                        
000095ef  __TI_ltoa                     
00009695  atoi                          
000096e1  snprintf                      
0000972d  __aeabi_d2iz                  
00009775  __TI_auto_init_nobinit_nopinit
000097b9  strtok                        
00009839  sscanf                        
00009871  strncpy                       
000098a9  _c_int00_noargs               
000098dd  rand                          
00009941  __aeabi_i2d                   
0000996f  strspn                        
00009999  srand                         
000099bd  strcspn                       
000099e1  waitMicrosecond               
00009a05  __TI_zero_init_nomemset       
00009a21  memccpy                       
00009a3d  copysign                      
00009a3d  copysignl                     
00009a6f  __aeabi_lmul                  
00009a87  strcmp                        
00009a9f  strrchr                       
00009ab7  strchr                        
00009acd  strcpy                        
00009ae1  strlen                        
00009b07  wcslen                        
00009b19  initSystemClockTo40Mhz        
00009b29  tolower                       
00009b39  __TI_decompress_none          
00009b47  ResetISR                      
00009b55  __aeabi_errno_addr            
00009b65  _system_pre_init              
00009b69  C$$EXIT                       
00009b69  abort                         
00009d0e  _ctypes_                      
0000a02c  __TI_Handler_Table_Base       
0000a038  __TI_Handler_Table_Limit      
0000a040  __TI_CINIT_Base               
0000a050  __TI_CINIT_Limit              
20000000  __stack                       
20000000  __start___llvm_prf_cnts       
20000000  __stop___llvm_prf_cnts        
20000200  __STACK_TOP                   
20002000  __STACK_END                   
200020c0  mqttFsmState                  
20002122  count                         
20002124  socketConns                   
2000217c  enableRetransFlag             
20002184  initiateFin                   
20002192  mqttPktId                     
200021a0  _lock                         
200021a4  _unlock                       
200021a8  hwAddress                     
200021ae  ipAddress                     
200021b2  ipDnsAddress                  
200021b6  ipGwAddress                   
200021ba  ipMqttBrokerAddress           
200021be  ipSubnetMask                  
200021c2  ipTimeServerAddress           
200021c8  errno                         
200021d4  nextPacketLsb                 
200021d5  nextPacketMsb                 
200021d6  sequenceId                    
200021d7  initiateArpRequest            
200021d8  ipEventIcb                    
200021dc  strInput                      
20002230  fn                            
20002258  period                        
20002280  ticks                         
200022a8  reload                        
200022b4  token                         
ffffffff  __TI_pprof_out_hndl           
ffffffff  __TI_prof_data_size           
ffffffff  __TI_prof_data_start          
ffffffff  __binit__                     
ffffffff  __c_args__                    
ffffffff  binit                         
UNDEFED   __mpu_init                    
UNDEFED   _system_post_cinit            

[294 symbols]
