******************************************************************************
                  TI ARM Linker Unix v20.2.7                   
******************************************************************************
>> Linked Thu Feb 16 23:52:12 2023

OUTPUT FILE NAME:   <IOT_Project1.out>
ENTRY POINT SYMBOL: "_c_int00_noargs"  address: 00007099


MEMORY CONFIGURATION

         name            origin    length      used     unused   attr    fill
----------------------  --------  ---------  --------  --------  ----  --------
  FLASH                 00000000   00040000  0000758c  00038a74  R  X
  SRAM                  20000000   00008000  00001138  00006ec8  RW X


SEGMENT ALLOCATION MAP

run origin  load origin   length   init length attrs members
----------  ----------- ---------- ----------- ----- -------
00000000    00000000    00007590   00007590    r-x
  00000000    00000000    0000026c   0000026c    r-- .intvecs
  0000026c    0000026c    000070f0   000070f0    r-x .text
  00007360    00007360    000001e8   000001e8    r-- .const
  00007548    00007548    00000048   00000048    r-- .cinit
20000000    20000000    00001138   00000000    rw-
  20000000    20000000    00001000   00000000    rw- .stack
  20001000    20001000    000000dc   00000000    rw- .bss
  200010dc    200010dc    0000005c   00000000    rw- .data


SECTION ALLOCATION MAP

 output                                  attributes/
section   page    origin      length       input sections
--------  ----  ----------  ----------   ----------------
.intvecs   0    00000000    0000026c     
                  00000000    0000026c     tm4c123gh6pm_startup_ccs.obj (.intvecs)

.text      0    0000026c    000070f0     
                  0000026c    00000e20     tcp.obj (.text)
                  0000108c    00000b14     rtsv7M4_T_le_v4SPD16_eabi.lib : _scanfi.c.obj (.text:__TI_scanfi)
                  00001ba0    00000a4e                                   : _printfi.c.obj (.text:__TI_printfi)
                  000025ee    00000002                                   : _lock.c.obj (.text:_nop)
                  000025f0    000009ec     ethernet.obj (.text)
                  00002fdc    00000808     gpio.obj (.text)
                  000037e4    00000714     eth0.obj (.text)
                  00003ef8    000004ac     ip.obj (.text)
                  000043a4    00000460     rtsv7M4_T_le_v4SPD16_eabi.lib : strtod.c.obj (.text:strtod)
                  00004804    00000378     udp.obj (.text)
                  00004b7c    00000338     timer.obj (.text)
                  00004eb4    000002f4     arp.obj (.text)
                  000051a8    00000270     rtsv7M4_T_le_v4SPD16_eabi.lib : _printfi.c.obj (.text:_pconv_a)
                  00005418    000001dc                                   : strtoll.c.obj (.text:strtoll)
                  000055f4    000001d0                                   : _printfi.c.obj (.text:_pconv_g)
                  000057c4    000001b6                                   : fd_add_t2.asm.obj (.text)
                  0000597a    00000002                                   : div0.asm.obj (.text)
                  0000597c    00000160     spi0.obj (.text)
                  00005adc    0000015c     rtsv7M4_T_le_v4SPD16_eabi.lib : strtoull.c.obj (.text:strtoull)
                  00005c38    00000154     icmp.obj (.text)
                  00005d8c    0000013c     rtsv7M4_T_le_v4SPD16_eabi.lib : _printfi.c.obj (.text:_pconv_e)
                  00005ec8    00000136                                   : fd_div_t2.asm.obj (.text)
                  00005ffe    00000002     --HOLE-- [fill = 0]
                  00006000    00000130                                   : strtol.c.obj (.text:strtol)
                  00006130    00000128     mqtt.obj (.text)
                  00006258    00000128     uart0.obj (.text)
                  00006380    00000124     rtsv7M4_T_le_v4SPD16_eabi.lib : _printfi.c.obj (.text:fcvt)
                  000064a4    00000110                                   : s_scalbn.c.obj (.text:scalbn)
                  000065b4    00000110                                   : strtoul.c.obj (.text:strtoul)
                  000066c4    000000fc                                   : fd_mul_t2.asm.obj (.text)
                  000067c0    000000b1                                   : _printfi.c.obj (.text:_ltostr)
                  00006871    00000001     --HOLE-- [fill = 0]
                  00006872    0000009c                                   : memcpy_t2.asm.obj (.text)
                  0000690e    00000096                                   : ull_div_t2.asm.obj (.text)
                  000069a4    00000086                                   : fd_cmp_t2.asm.obj (.text:__aeabi_cdcmple)
                  00006a2a    00000086                                   : fd_cmp_t2.asm.obj (.text:__aeabi_cdrcmple)
                  00006ab0    00000084     eeprom.obj (.text)
                  00006b34    0000007a     rtsv7M4_T_le_v4SPD16_eabi.lib : memset_t2.asm.obj (.text)
                  00006bae    0000006e                                   : _printfi.c.obj (.text:_mcpy)
                  00006c1c    0000006e                                   : fd_tos_t2.asm.obj (.text)
                  00006c8a    00000002     --HOLE-- [fill = 0]
                  00006c8c    00000068                                   : sscanf.c.obj (.text:_chkmbc)
                  00006cf4    00000068                                   : copy_decompress_lzss.c.obj (.text:decompress:lzss:__TI_decompress_lzss)
                  00006d5c    00000064                                   : s_frexp.c.obj (.text:frexp)
                  00006dc0    00000056                                   : _printfi.c.obj (.text:_pconv_f)
                  00006e16    00000054                                   : _ltoa.c.obj (.text:__TI_ltoa)
                  00006e6a    00000052                                   : _printfi.c.obj (.text:_ecpy)
                  00006ebc    0000004c                                   : atoi.c.obj (.text:atoi)
                  00006f08    0000004c                                   : snprintf.c.obj (.text:snprintf)
                  00006f54    00000048                                   : fd_toi_t2.asm.obj (.text)
                  00006f9c    00000044                                   : autoinit.c.obj (.text:__TI_auto_init_nobinit_nopinit:__TI_auto_init_nobinit_nopinit)
                  00006fe0    00000040                                   : strtok.c.obj (.text:strtok)
                  00007020    0000003e                                   : _printfi.c.obj (.text:_fcpy)
                  0000705e    00000002     --HOLE-- [fill = 0]
                  00007060    00000038                                   : sscanf.c.obj (.text:sscanf)
                  00007098    00000034                                   : boot_cortex_m.c.obj (.text:_c_int00_noargs:_c_int00_noargs)
                  000070cc    00000034                                   : rand.c.obj (.text:rand)
                  00007100    00000030                                   : snprintf.c.obj (.text:_outs)
                  00007130    0000002e                                   : i_tofd_t2.asm.obj (.text)
                  0000715e    0000002a                                   : strspn.c.obj (.text:strspn)
                  00007188    00000024                                   : rand.c.obj (.text:srand)
                  000071ac    00000024                                   : strcspn.c.obj (.text:strcspn)
                  000071d0    00000024     wait.obj (.text)
                  000071f4    0000001c     rtsv7M4_T_le_v4SPD16_eabi.lib : copy_zero_init.c.obj (.text:decompress:ZI:__TI_zero_init_nomemset:__TI_zero_init_nomemset)
                  00007210    0000001c                                   : memccpy.c.obj (.text:memccpy)
                  0000722c    0000001a                                   : s_copysign.c.obj (.text:copysign)
                  00007246    00000018                                   : snprintf.c.obj (.text:_outc)
                  0000725e    00000018                                   : ll_mul_t2.asm.obj (.text)
                  00007276    00000018                                   : strcmp.c.obj (.text:strcmp)
                  0000728e    00000018                                   : strrchr.c.obj (.text:strrchr)
                  000072a6    00000016                                   : strchr.c.obj (.text:strchr)
                  000072bc    00000014                                   : strcpy.c.obj (.text:strcpy)
                  000072d0    00000014                                   : strlen.c.obj (.text:strlen)
                  000072e4    00000012                                   : sscanf.c.obj (.text:_inpchar)
                  000072f6    00000012                                   : wcslen.c.obj (.text:wcslen)
                  00007308    00000010     clock.obj (.text)
                  00007318    00000010     rtsv7M4_T_le_v4SPD16_eabi.lib : tolower.c.obj (.text:tolower)
                  00007328    0000000e                                   : copy_decompress_none.c.obj (.text:decompress:none:__TI_decompress_none)
                  00007336    0000000c     tm4c123gh6pm_startup_ccs.obj (.text)
                  00007342    00000002     --HOLE-- [fill = 0]
                  00007344    00000008     rtsv7M4_T_le_v4SPD16_eabi.lib : errno.c.obj (.text:__aeabi_errno_addr)
                  0000734c    00000008                                   : sscanf.c.obj (.text:_uninpchar)
                  00007354    00000004                                   : pre_init.c.obj (.text:_system_pre_init)
                  00007358    00000004                                   : exit.c.obj (.text:abort:abort)

.const     0    00007360    000001e8     
                  00007360    00000101     rtsv7M4_T_le_v4SPD16_eabi.lib : ctype.c.obj (.const:.string:_ctypes_)
                  00007461    00000006     tcp.obj (.const:.string:$P$T1$2)
                  00007467    00000001     --HOLE-- [fill = 0]
                  00007468    000000c8     rtsv7M4_T_le_v4SPD16_eabi.lib : strtod.c.obj (.const:$O1$$)
                  00007530    00000010                                   : _scanfi.c.obj (.const:$O1$$)
                  00007540    00000004     mqtt.obj (.const:.string:$P$T0$1)
                  00007544    00000004     tcp.obj (.const:.string:$P$T0$1)

.cinit     0    00007548    00000048     
                  00007548    0000001f     (.cinit..data.load) [load image, compression = lzss]
                  00007567    00000001     --HOLE-- [fill = 0]
                  00007568    0000000c     (__TI_handler_table)
                  00007574    00000004     --HOLE-- [fill = 0]
                  00007578    00000008     (.cinit..bss.load) [load image, compression = zero_init]
                  00007580    00000010     (__TI_cinit_table)

.init_array 
*          0    00000000    00000000     UNINITIALIZED

.bss       0    20001000    000000dc     UNINITIALIZED
                  20001000    00000054     (.common:strInput)
                  20001054    00000028     (.common:fn)
                  2000107c    00000028     (.common:period)
                  200010a4    00000028     (.common:ticks)
                  200010cc    0000000c     (.common:reload)
                  200010d8    00000004     (.common:token)

.data      0    200010dc    0000005c     UNINITIALIZED
                  200010dc    0000001c     tcp.obj (.data:socketConns)
                  200010f8    00000008     rtsv7M4_T_le_v4SPD16_eabi.lib : _lock.c.obj (.data:$O1$$)
                  20001100    00000008     mqtt.obj (.data:mqttMcb)
                  20001108    00000006     eth0.obj (.data:hwAddress)
                  2000110e    00000001     ethernet.obj (.data)
                  2000110f    00000001     --HOLE--
                  20001110    00000005     tcp.obj (.data)
                  20001115    00000004     ip.obj (.data:ipAddress)
                  20001119    00000004     ip.obj (.data:ipDnsAddress)
                  2000111d    00000004     ip.obj (.data:ipGwAddress)
                  20001121    00000004     ip.obj (.data:ipSubnetMask)
                  20001125    00000004     ip.obj (.data:ipTimeServerAddress)
                  20001129    00000003     eth0.obj (.data)
                  2000112c    00000004     rtsv7M4_T_le_v4SPD16_eabi.lib : errno.c.obj (.data)
                  20001130    00000004                                   : rand.c.obj (.data)
                  20001134    00000004                                   : strtok.c.obj (.data)

.stack     0    20000000    00001000     UNINITIALIZED
                  20000000    00000004     rtsv7M4_T_le_v4SPD16_eabi.lib : boot_cortex_m.c.obj (.stack)
                  20000004    00000ffc     --HOLE--

__llvm_prf_cnts 
*          0    20000000    00000000     UNINITIALIZED

MODULE SUMMARY

       Module                         code    ro data   rw data
       ------                         ----    -------   -------
    ./
       tcp.obj                        3616    10        33     
       ethernet.obj                   2540    0         89     
       gpio.obj                       2056    0         0      
       eth0.obj                       1812    0         9      
       ip.obj                         1196    0         20     
       timer.obj                      824     0         132    
       udp.obj                        888     0         0      
       arp.obj                        756     0         0      
       tm4c123gh6pm_startup_ccs.obj   12      620       0      
       spi0.obj                       352     0         0      
       icmp.obj                       340     0         0      
       mqtt.obj                       296     4         8      
       uart0.obj                      296     0         0      
       eeprom.obj                     132     0         0      
       wait.obj                       36      0         0      
       clock.obj                      16      0         0      
    +--+------------------------------+-------+---------+---------+
       Total:                         15168   634       291    
                                                               
    /home/sadhan/ti/ccs1210/ccs/tools/compiler/ti-cgt-arm_20.2.7.LTS/lib/rtsv7M4_T_le_v4SPD16_eabi.lib
       _printfi.c.obj                 4851    0         0      
       _scanfi.c.obj                  2836    16        0      
       strtod.c.obj                   1120    200       0      
       strtoll.c.obj                  476     0         0      
       fd_add_t2.asm.obj              438     0         0      
       strtoull.c.obj                 348     0         0      
       fd_div_t2.asm.obj              310     0         0      
       strtol.c.obj                   304     0         0      
       s_scalbn.c.obj                 272     0         0      
       strtoul.c.obj                  272     0         0      
       fd_cmp_t2.asm.obj              268     0         0      
       ctype.c.obj                    0       257       0      
       fd_mul_t2.asm.obj              252     0         0      
       sscanf.c.obj                   186     0         0      
       memcpy_t2.asm.obj              156     0         0      
       ull_div_t2.asm.obj             150     0         0      
       snprintf.c.obj                 148     0         0      
       memset_t2.asm.obj              122     0         0      
       fd_tos_t2.asm.obj              110     0         0      
       copy_decompress_lzss.c.obj     104     0         0      
       s_frexp.c.obj                  100     0         0      
       rand.c.obj                     88      0         4      
       _ltoa.c.obj                    84      0         0      
       atoi.c.obj                     76      0         0      
       fd_toi_t2.asm.obj              72      0         0      
       autoinit.c.obj                 68      0         0      
       strtok.c.obj                   64      0         4      
       boot_cortex_m.c.obj            52      0         0      
       i_tofd_t2.asm.obj              46      0         0      
       strspn.c.obj                   42      0         0      
       strcspn.c.obj                  36      0         0      
       copy_zero_init.c.obj           28      0         0      
       memccpy.c.obj                  28      0         0      
       s_copysign.c.obj               26      0         0      
       ll_mul_t2.asm.obj              24      0         0      
       strcmp.c.obj                   24      0         0      
       strrchr.c.obj                  24      0         0      
       strchr.c.obj                   22      0         0      
       strcpy.c.obj                   20      0         0      
       strlen.c.obj                   20      0         0      
       wcslen.c.obj                   18      0         0      
       tolower.c.obj                  16      0         0      
       copy_decompress_none.c.obj     14      0         0      
       errno.c.obj                    8       0         4      
       _lock.c.obj                    2       0         8      
       exit.c.obj                     4       0         0      
       pre_init.c.obj                 4       0         0      
       div0.asm.obj                   2       0         0      
    +--+------------------------------+-------+---------+---------+
       Total:                         13735   473       20     
                                                               
       Stack:                         0       0         4096   
       Linker Generated:              0       67        0      
    +--+------------------------------+-------+---------+---------+
       Grand Total:                   28903   1174      4407   


LINKER GENERATED COPY TABLES

__TI_cinit_table @ 00007580 records: 2, size/record: 8, table size: 16
	.data: load addr=00007548, load size=0000001f bytes, run addr=200010dc, run size=0000005c bytes, compression=lzss
	.bss: load addr=00007578, load size=00000008 bytes, run addr=20001000, run size=000000dc bytes, compression=zero_init


LINKER GENERATED HANDLER TABLE

__TI_handler_table @ 00007568 records: 3, size/record: 4, table size: 12
	index: 0, handler: __TI_decompress_lzss
	index: 1, handler: __TI_decompress_none
	index: 2, handler: __TI_zero_init


GLOBAL SYMBOLS: SORTED ALPHABETICALLY BY Name 

address   name                          
-------   ----                          
00007359  C$$EXIT                       
00007337  ResetISR                      
20001000  __STACK_END                   
00001000  __STACK_SIZE                  
20000200  __STACK_TOP                   
00007580  __TI_CINIT_Base               
00007590  __TI_CINIT_Limit              
00007568  __TI_Handler_Table_Base       
00007574  __TI_Handler_Table_Limit      
00006f9d  __TI_auto_init_nobinit_nopinit
00006cf5  __TI_decompress_lzss          
00007329  __TI_decompress_none          
00006e17  __TI_ltoa                     
ffffffff  __TI_pprof_out_hndl           
00001ba1  __TI_printfi                  
ffffffff  __TI_prof_data_size           
ffffffff  __TI_prof_data_start          
0000108d  __TI_scanfi                   
00000000  __TI_static_base__            
000071f5  __TI_zero_init_nomemset       
000069a5  __aeabi_cdcmpeq               
000069a5  __aeabi_cdcmple               
00006a2b  __aeabi_cdrcmple              
00006c1d  __aeabi_d2f                   
00006f55  __aeabi_d2iz                  
000057cf  __aeabi_dadd                  
00005ec9  __aeabi_ddiv                  
000066c5  __aeabi_dmul                  
000057c5  __aeabi_dsub                  
00007345  __aeabi_errno_addr            
00007131  __aeabi_i2d                   
0000597b  __aeabi_idiv0                 
0000597b  __aeabi_ldiv0                 
0000725f  __aeabi_lmul                  
00006b35  __aeabi_memclr                
00006b35  __aeabi_memclr4               
00006b35  __aeabi_memclr8               
00006873  __aeabi_memcpy                
00006873  __aeabi_memcpy4               
00006873  __aeabi_memcpy8               
00006b37  __aeabi_memset                
00006b37  __aeabi_memset4               
00006b37  __aeabi_memset8               
0000690f  __aeabi_uldivmod              
ffffffff  __binit__                     
ffffffff  __c_args__                    
UNDEFED   __mpu_init                    
20000000  __stack                       
20000000  __start___llvm_prf_cnts       
20000000  __stop___llvm_prf_cnts        
00007099  _c_int00_noargs               
00007360  _ctypes_                      
200010f8  _lock                         
000025ef  _nop                          
UNDEFED   _system_post_cinit            
00007355  _system_pre_init              
200010fc  _unlock                       
00007359  abort                         
00002971  asciiToUint8                  
00006ebd  atoi                          
ffffffff  binit                         
0000435f  calcIpChecksum                
000038a3  clearEtherReg                 
00003631  clearPinInterrupt             
0000722d  copysign                      
0000722d  copysignl                     
2000110e  count                         
000037fb  disableEtherCs                
0000360d  disablePinInterrupt           
00003345  disablePinPulldown            
000032fd  disablePinPullup              
00003099  disablePort                   
0000262d  displayConnectionInfo         
000037e5  enableEtherCs                 
000035e9  enablePinInterrupt            
00003321  enablePinPulldown             
000032cf  enablePinPullup               
00002fdd  enablePort                    
2000112c  errno                         
20001054  fn                            
00006d5d  frexp                         
00006d5d  frexpl                        
00000000  g_pfnVectors                  
000003e9  genRandNum                    
00003dff  getEtherId                    
00003e99  getEtherMacAddress            
00003bd9  getEtherPacket                
00004029  getIpAddress                  
0000432d  getIpChecksum                 
00004185  getIpDnsAddress               
00004111  getIpGatewayAddress           
00004271  getIpMqttBrokerAddress        
0000409d  getIpSubnetMask               
000041f9  getIpTimeServerAddress        
0000369f  getPinValue                   
00003755  getPortValue                  
000006bb  getTcpCurrState               
0000033f  getTcpData                    
0000036b  getTcpHeader                  
000006d5  getTcpMessageSocket           
000048ad  getUdpData                    
000048d9  getUdpMessageSocket           
0000632f  getcUart0                     
00003dd3  htonl                         
00003daf  htons                         
20001108  hwAddress                     
00003e0b  incEtherId                    
00006ab1  initEeprom                    
000039ef  initEther                     
000025f1  initHw                        
0000597d  initSpi0                      
00007309  initSystemClockTo40Mhz        
00004b7d  initTimer                     
00006259  initUart0                     
20001115  ipAddress                     
20001119  ipDnsAddress                  
2000111d  ipGwAddress                   
20001121  ipSubnetMask                  
20001125  ipTimeServerAddress           
00004eb5  isArpRequest                  
00004f59  isArpResponse                 
00003b8f  isEtherDataAvailable          
00003fc9  isEtherIpValid                
00003b75  isEtherLinkUp                 
00003ba9  isEtherOverflow               
00003ef9  isIp                          
00003f69  isIpUnicast                   
00006237  isMqtt                        
00005c39  isPingRequest                 
0000026d  isTcp                         
00004805  isUdp                         
00006343  kbhitUart0                    
000064a5  ldexp                         
000064a5  ldexpl                        
00002ded  main                          
00007211  memccpy                       
00006873  memcpy                        
00006b3d  memset                        
000061d5  mqttGetTxStatus               
00006179  mqttHandler                   
0000614d  mqttLogPublishEvent           
000061f5  mqttPubGetData                
00006131  mqttPublish                   
000061e1  mqttSetTxStatus               
20001129  nextPacketLsb                 
2000112a  nextPacketMsb                 
2000107c  period                        
00002a23  processShell                  
00003cc9  putEtherPacket                
000062e7  putcUart0                     
00006303  putsUart0                     
000070cd  rand                          
00004e77  random32                      
000028bd  readConfiguration             
00006af9  readEeprom                    
000039d7  readEtherMem                  
0000392b  readEtherPhy                  
0000383d  readEtherReg                  
00005ab5  readSpi0Data                  
200010cc  reload                        
00004d8f  restartTimer                  
000064a5  scalbn                        
000064a5  scalbnl                       
00003203  selectPinAnalogInput          
000031b5  selectPinDigitalInput         
0000351f  selectPinInterruptBothEdges   
000034cf  selectPinInterruptFallingEdge 
00003575  selectPinInterruptHighLevel   
000035af  selectPinInterruptLowLevel    
0000347f  selectPinInterruptRisingEdge  
00003167  selectPinOpenDrainOutput      
00003119  selectPinPushPullOutput       
0000508b  sendArpRequest                
00004fad  sendArpResponse               
00005c7d  sendPingResponse              
00004983  sendUdpMessage                
2000112b  sequenceId                    
000038d7  setEtherBank                  
00003e15  setEtherMacAddress            
0000386f  setEtherReg                   
00003fef  setIpAddress                  
0000414b  setIpDnsAddress               
000040d7  setIpGatewayAddress           
00004233  setIpMqttBrokerAddress        
00004063  setIpSubnetMask               
000041bf  setIpTimeServerAddress        
0000336d  setPinAuxFunction             
00003253  setPinCommitControl           
00003655  setPinValue                   
000036dd  setPortValue                  
00005a19  setSpi0BaudRate               
00005a4f  setSpi0Mode                   
000062a3  setUart0BaudRate              
00006f09  snprintf                      
200010dc  socketConns                   
00007189  srand                         
00007061  sscanf                        
000039c5  startEtherMemRead             
00003997  startEtherMemWrite            
00004c1d  startOneshotTimer             
00004ca3  startPeriodicTimer            
000039e7  stopEtherMemRead              
000039bd  stopEtherMemWrite             
00004d29  stopTimer                     
20001000  strInput                      
000072a7  strchr                        
00007277  strcmp                        
000072bd  strcpy                        
000071ad  strcspn                       
000072d1  strlen                        
0000728f  strrchr                       
0000715f  strspn                        
000043a5  strtod                        
00006fe1  strtok                        
00006001  strtol                        
000043a5  strtold                       
00005419  strtoll                       
000065b5  strtoul                       
00005add  strtoull                      
000042b9  sumIpWords                    
0000069f  tcpConnect                    
00000da9  tcpCreateSocket               
0000050b  tcpFsmStateMachineClient      
00000427  tcpGetMatchingSocket          
00000e0d  tcpHandleRwTransactions       
00000401  tcpHandlerRx                  
000004c3  tcpHandlerTx                  
000003d5  tcpHeaderSize                 
000003b5  tcpIsAck                      
00000395  tcpIsSyn                      
00000a01  tcpSendAck                    
00000be5  tcpSendFin                    
00000e5d  tcpSendSegment                
00000789  tcpSendSyn                    
00004dfd  tickIsr                       
200010a4  ticks                         
0000367b  togglePinValue                
200010d8  token                         
00007319  tolower                       
000071d1  waitMicrosecond               
000072f7  wcslen                        
00006ac7  writeEeprom                   
000039a9  writeEtherMem                 
000038f3  writeEtherPhy                 
00003809  writeEtherReg                 
00005a9d  writeSpi0Data                 


GLOBAL SYMBOLS: SORTED BY Symbol Address 

address   name                          
-------   ----                          
00000000  __TI_static_base__            
00000000  g_pfnVectors                  
0000026d  isTcp                         
0000033f  getTcpData                    
0000036b  getTcpHeader                  
00000395  tcpIsSyn                      
000003b5  tcpIsAck                      
000003d5  tcpHeaderSize                 
000003e9  genRandNum                    
00000401  tcpHandlerRx                  
00000427  tcpGetMatchingSocket          
000004c3  tcpHandlerTx                  
0000050b  tcpFsmStateMachineClient      
0000069f  tcpConnect                    
000006bb  getTcpCurrState               
000006d5  getTcpMessageSocket           
00000789  tcpSendSyn                    
00000a01  tcpSendAck                    
00000be5  tcpSendFin                    
00000da9  tcpCreateSocket               
00000e0d  tcpHandleRwTransactions       
00000e5d  tcpSendSegment                
00001000  __STACK_SIZE                  
0000108d  __TI_scanfi                   
00001ba1  __TI_printfi                  
000025ef  _nop                          
000025f1  initHw                        
0000262d  displayConnectionInfo         
000028bd  readConfiguration             
00002971  asciiToUint8                  
00002a23  processShell                  
00002ded  main                          
00002fdd  enablePort                    
00003099  disablePort                   
00003119  selectPinPushPullOutput       
00003167  selectPinOpenDrainOutput      
000031b5  selectPinDigitalInput         
00003203  selectPinAnalogInput          
00003253  setPinCommitControl           
000032cf  enablePinPullup               
000032fd  disablePinPullup              
00003321  enablePinPulldown             
00003345  disablePinPulldown            
0000336d  setPinAuxFunction             
0000347f  selectPinInterruptRisingEdge  
000034cf  selectPinInterruptFallingEdge 
0000351f  selectPinInterruptBothEdges   
00003575  selectPinInterruptHighLevel   
000035af  selectPinInterruptLowLevel    
000035e9  enablePinInterrupt            
0000360d  disablePinInterrupt           
00003631  clearPinInterrupt             
00003655  setPinValue                   
0000367b  togglePinValue                
0000369f  getPinValue                   
000036dd  setPortValue                  
00003755  getPortValue                  
000037e5  enableEtherCs                 
000037fb  disableEtherCs                
00003809  writeEtherReg                 
0000383d  readEtherReg                  
0000386f  setEtherReg                   
000038a3  clearEtherReg                 
000038d7  setEtherBank                  
000038f3  writeEtherPhy                 
0000392b  readEtherPhy                  
00003997  startEtherMemWrite            
000039a9  writeEtherMem                 
000039bd  stopEtherMemWrite             
000039c5  startEtherMemRead             
000039d7  readEtherMem                  
000039e7  stopEtherMemRead              
000039ef  initEther                     
00003b75  isEtherLinkUp                 
00003b8f  isEtherDataAvailable          
00003ba9  isEtherOverflow               
00003bd9  getEtherPacket                
00003cc9  putEtherPacket                
00003daf  htons                         
00003dd3  htonl                         
00003dff  getEtherId                    
00003e0b  incEtherId                    
00003e15  setEtherMacAddress            
00003e99  getEtherMacAddress            
00003ef9  isIp                          
00003f69  isIpUnicast                   
00003fc9  isEtherIpValid                
00003fef  setIpAddress                  
00004029  getIpAddress                  
00004063  setIpSubnetMask               
0000409d  getIpSubnetMask               
000040d7  setIpGatewayAddress           
00004111  getIpGatewayAddress           
0000414b  setIpDnsAddress               
00004185  getIpDnsAddress               
000041bf  setIpTimeServerAddress        
000041f9  getIpTimeServerAddress        
00004233  setIpMqttBrokerAddress        
00004271  getIpMqttBrokerAddress        
000042b9  sumIpWords                    
0000432d  getIpChecksum                 
0000435f  calcIpChecksum                
000043a5  strtod                        
000043a5  strtold                       
00004805  isUdp                         
000048ad  getUdpData                    
000048d9  getUdpMessageSocket           
00004983  sendUdpMessage                
00004b7d  initTimer                     
00004c1d  startOneshotTimer             
00004ca3  startPeriodicTimer            
00004d29  stopTimer                     
00004d8f  restartTimer                  
00004dfd  tickIsr                       
00004e77  random32                      
00004eb5  isArpRequest                  
00004f59  isArpResponse                 
00004fad  sendArpResponse               
0000508b  sendArpRequest                
00005419  strtoll                       
000057c5  __aeabi_dsub                  
000057cf  __aeabi_dadd                  
0000597b  __aeabi_idiv0                 
0000597b  __aeabi_ldiv0                 
0000597d  initSpi0                      
00005a19  setSpi0BaudRate               
00005a4f  setSpi0Mode                   
00005a9d  writeSpi0Data                 
00005ab5  readSpi0Data                  
00005add  strtoull                      
00005c39  isPingRequest                 
00005c7d  sendPingResponse              
00005ec9  __aeabi_ddiv                  
00006001  strtol                        
00006131  mqttPublish                   
0000614d  mqttLogPublishEvent           
00006179  mqttHandler                   
000061d5  mqttGetTxStatus               
000061e1  mqttSetTxStatus               
000061f5  mqttPubGetData                
00006237  isMqtt                        
00006259  initUart0                     
000062a3  setUart0BaudRate              
000062e7  putcUart0                     
00006303  putsUart0                     
0000632f  getcUart0                     
00006343  kbhitUart0                    
000064a5  ldexp                         
000064a5  ldexpl                        
000064a5  scalbn                        
000064a5  scalbnl                       
000065b5  strtoul                       
000066c5  __aeabi_dmul                  
00006873  __aeabi_memcpy                
00006873  __aeabi_memcpy4               
00006873  __aeabi_memcpy8               
00006873  memcpy                        
0000690f  __aeabi_uldivmod              
000069a5  __aeabi_cdcmpeq               
000069a5  __aeabi_cdcmple               
00006a2b  __aeabi_cdrcmple              
00006ab1  initEeprom                    
00006ac7  writeEeprom                   
00006af9  readEeprom                    
00006b35  __aeabi_memclr                
00006b35  __aeabi_memclr4               
00006b35  __aeabi_memclr8               
00006b37  __aeabi_memset                
00006b37  __aeabi_memset4               
00006b37  __aeabi_memset8               
00006b3d  memset                        
00006c1d  __aeabi_d2f                   
00006cf5  __TI_decompress_lzss          
00006d5d  frexp                         
00006d5d  frexpl                        
00006e17  __TI_ltoa                     
00006ebd  atoi                          
00006f09  snprintf                      
00006f55  __aeabi_d2iz                  
00006f9d  __TI_auto_init_nobinit_nopinit
00006fe1  strtok                        
00007061  sscanf                        
00007099  _c_int00_noargs               
000070cd  rand                          
00007131  __aeabi_i2d                   
0000715f  strspn                        
00007189  srand                         
000071ad  strcspn                       
000071d1  waitMicrosecond               
000071f5  __TI_zero_init_nomemset       
00007211  memccpy                       
0000722d  copysign                      
0000722d  copysignl                     
0000725f  __aeabi_lmul                  
00007277  strcmp                        
0000728f  strrchr                       
000072a7  strchr                        
000072bd  strcpy                        
000072d1  strlen                        
000072f7  wcslen                        
00007309  initSystemClockTo40Mhz        
00007319  tolower                       
00007329  __TI_decompress_none          
00007337  ResetISR                      
00007345  __aeabi_errno_addr            
00007355  _system_pre_init              
00007359  C$$EXIT                       
00007359  abort                         
00007360  _ctypes_                      
00007568  __TI_Handler_Table_Base       
00007574  __TI_Handler_Table_Limit      
00007580  __TI_CINIT_Base               
00007590  __TI_CINIT_Limit              
20000000  __stack                       
20000000  __start___llvm_prf_cnts       
20000000  __stop___llvm_prf_cnts        
20000200  __STACK_TOP                   
20001000  __STACK_END                   
20001000  strInput                      
20001054  fn                            
2000107c  period                        
200010a4  ticks                         
200010cc  reload                        
200010d8  token                         
200010dc  socketConns                   
200010f8  _lock                         
200010fc  _unlock                       
20001108  hwAddress                     
2000110e  count                         
20001115  ipAddress                     
20001119  ipDnsAddress                  
2000111d  ipGwAddress                   
20001121  ipSubnetMask                  
20001125  ipTimeServerAddress           
20001129  nextPacketLsb                 
2000112a  nextPacketMsb                 
2000112b  sequenceId                    
2000112c  errno                         
ffffffff  __TI_pprof_out_hndl           
ffffffff  __TI_prof_data_size           
ffffffff  __TI_prof_data_start          
ffffffff  __binit__                     
ffffffff  __c_args__                    
ffffffff  binit                         
UNDEFED   __mpu_init                    
UNDEFED   _system_post_cinit            

[246 symbols]
