******************************************************************************
                  TI ARM Linker Unix v20.2.7                   
******************************************************************************
>> Linked Sat Mar  4 11:24:16 2023

OUTPUT FILE NAME:   <IOT_Project1.out>
ENTRY POINT SYMBOL: "_c_int00_noargs"  address: 00008315


MEMORY CONFIGURATION

         name            origin    length      used     unused   attr    fill
----------------------  --------  ---------  --------  --------  ----  --------
  FLASH                 00000000   00040000  00008800  00037800  R  X
  SRAM                  20000000   00008000  000021fd  00005e03  RW X


SEGMENT ALLOCATION MAP

run origin  load origin   length   init length attrs members
----------  ----------- ---------- ----------- ----- -------
00000000    00000000    00008800   00008800    r-x
  00000000    00000000    0000026c   0000026c    r-- .intvecs
  0000026c    0000026c    0000836c   0000836c    r-x .text
  000085d8    000085d8    000001e0   000001e0    r-- .const
  000087b8    000087b8    00000048   00000048    r-- .cinit
20000000    20000000    00002200   00000000    rw-
  20000000    20000000    00002000   00000000    rw- .stack
  20002000    20002000    00000121   00000000    rw- .data
  20002124    20002124    000000dc   00000000    rw- .bss


SECTION ALLOCATION MAP

 output                                  attributes/
section   page    origin      length       input sections
--------  ----  ----------  ----------   ----------------
.intvecs   0    00000000    0000026c     
                  00000000    0000026c     tm4c123gh6pm_startup_ccs.obj (.intvecs)

.text      0    0000026c    0000836c     
                  0000026c    000011e0     tcp.obj (.text)
                  0000144c    00000d00     mqtt.obj (.text)
                  0000214c    00000b14     rtsv7M4_T_le_v4SPD16_eabi.lib : _scanfi.c.obj (.text:__TI_scanfi)
                  00002c60    00000ab0     ethernet.obj (.text)
                  00003710    00000a4e     rtsv7M4_T_le_v4SPD16_eabi.lib : _printfi.c.obj (.text:__TI_printfi)
                  0000415e    00000002                                   : _lock.c.obj (.text:_nop)
                  00004160    00000808     gpio.obj (.text)
                  00004968    00000714     eth0.obj (.text)
                  0000507c    00000484     ip.obj (.text)
                  00005500    00000460     rtsv7M4_T_le_v4SPD16_eabi.lib : strtod.c.obj (.text:strtod)
                  00005960    00000378     udp.obj (.text)
                  00005cd8    00000338     timer.obj (.text)
                  00006010    000002f4     arp.obj (.text)
                  00006304    00000270     rtsv7M4_T_le_v4SPD16_eabi.lib : _printfi.c.obj (.text:_pconv_a)
                  00006574    00000248     ip_custom_layer.obj (.text)
                  000067bc    000001dc     rtsv7M4_T_le_v4SPD16_eabi.lib : strtoll.c.obj (.text:strtoll)
                  00006998    000001d0                                   : _printfi.c.obj (.text:_pconv_g)
                  00006b68    000001b6                                   : fd_add_t2.asm.obj (.text)
                  00006d1e    00000002                                   : div0.asm.obj (.text)
                  00006d20    00000160     spi0.obj (.text)
                  00006e80    0000015c     rtsv7M4_T_le_v4SPD16_eabi.lib : strtoull.c.obj (.text:strtoull)
                  00006fdc    00000154     icmp.obj (.text)
                  00007130    0000013c     rtsv7M4_T_le_v4SPD16_eabi.lib : _printfi.c.obj (.text:_pconv_e)
                  0000726c    00000136                                   : fd_div_t2.asm.obj (.text)
                  000073a2    00000002     --HOLE-- [fill = 0]
                  000073a4    00000130                                   : strtol.c.obj (.text:strtol)
                  000074d4    00000128     uart0.obj (.text)
                  000075fc    00000124     rtsv7M4_T_le_v4SPD16_eabi.lib : _printfi.c.obj (.text:fcvt)
                  00007720    00000110                                   : s_scalbn.c.obj (.text:scalbn)
                  00007830    00000110                                   : strtoul.c.obj (.text:strtoul)
                  00007940    000000fc                                   : fd_mul_t2.asm.obj (.text)
                  00007a3c    000000b1                                   : _printfi.c.obj (.text:_ltostr)
                  00007aed    00000001     --HOLE-- [fill = 0]
                  00007aee    0000009c                                   : memcpy_t2.asm.obj (.text)
                  00007b8a    00000096                                   : ull_div_t2.asm.obj (.text)
                  00007c20    00000086                                   : fd_cmp_t2.asm.obj (.text:__aeabi_cdcmple)
                  00007ca6    00000086                                   : fd_cmp_t2.asm.obj (.text:__aeabi_cdrcmple)
                  00007d2c    00000084     eeprom.obj (.text)
                  00007db0    0000007a     rtsv7M4_T_le_v4SPD16_eabi.lib : memset_t2.asm.obj (.text)
                  00007e2a    0000006e                                   : _printfi.c.obj (.text:_mcpy)
                  00007e98    0000006e                                   : fd_tos_t2.asm.obj (.text)
                  00007f06    00000002     --HOLE-- [fill = 0]
                  00007f08    00000068                                   : sscanf.c.obj (.text:_chkmbc)
                  00007f70    00000068                                   : copy_decompress_lzss.c.obj (.text:decompress:lzss:__TI_decompress_lzss)
                  00007fd8    00000064                                   : s_frexp.c.obj (.text:frexp)
                  0000803c    00000056                                   : _printfi.c.obj (.text:_pconv_f)
                  00008092    00000054                                   : _ltoa.c.obj (.text:__TI_ltoa)
                  000080e6    00000052                                   : _printfi.c.obj (.text:_ecpy)
                  00008138    0000004c                                   : atoi.c.obj (.text:atoi)
                  00008184    0000004c                                   : snprintf.c.obj (.text:snprintf)
                  000081d0    00000048                                   : fd_toi_t2.asm.obj (.text)
                  00008218    00000044                                   : autoinit.c.obj (.text:__TI_auto_init_nobinit_nopinit:__TI_auto_init_nobinit_nopinit)
                  0000825c    00000040                                   : strtok.c.obj (.text:strtok)
                  0000829c    0000003e                                   : _printfi.c.obj (.text:_fcpy)
                  000082da    00000002     --HOLE-- [fill = 0]
                  000082dc    00000038                                   : sscanf.c.obj (.text:sscanf)
                  00008314    00000034                                   : boot_cortex_m.c.obj (.text:_c_int00_noargs:_c_int00_noargs)
                  00008348    00000034                                   : rand.c.obj (.text:rand)
                  0000837c    00000030                                   : snprintf.c.obj (.text:_outs)
                  000083ac    0000002e                                   : i_tofd_t2.asm.obj (.text)
                  000083da    0000002a                                   : strspn.c.obj (.text:strspn)
                  00008404    00000024                                   : rand.c.obj (.text:srand)
                  00008428    00000024                                   : strcspn.c.obj (.text:strcspn)
                  0000844c    00000024     wait.obj (.text)
                  00008470    0000001c     rtsv7M4_T_le_v4SPD16_eabi.lib : copy_zero_init.c.obj (.text:decompress:ZI:__TI_zero_init_nomemset:__TI_zero_init_nomemset)
                  0000848c    0000001c                                   : memccpy.c.obj (.text:memccpy)
                  000084a8    0000001a                                   : s_copysign.c.obj (.text:copysign)
                  000084c2    00000018                                   : snprintf.c.obj (.text:_outc)
                  000084da    00000018                                   : ll_mul_t2.asm.obj (.text)
                  000084f2    00000018                                   : strcmp.c.obj (.text:strcmp)
                  0000850a    00000018                                   : strrchr.c.obj (.text:strrchr)
                  00008522    00000016                                   : strchr.c.obj (.text:strchr)
                  00008538    00000014                                   : strcpy.c.obj (.text:strcpy)
                  0000854c    00000014                                   : strlen.c.obj (.text:strlen)
                  00008560    00000012                                   : sscanf.c.obj (.text:_inpchar)
                  00008572    00000012                                   : wcslen.c.obj (.text:wcslen)
                  00008584    00000010     clock.obj (.text)
                  00008594    00000010     rtsv7M4_T_le_v4SPD16_eabi.lib : tolower.c.obj (.text:tolower)
                  000085a4    0000000e                                   : copy_decompress_none.c.obj (.text:decompress:none:__TI_decompress_none)
                  000085b2    0000000c     tm4c123gh6pm_startup_ccs.obj (.text)
                  000085be    00000002     --HOLE-- [fill = 0]
                  000085c0    00000008     rtsv7M4_T_le_v4SPD16_eabi.lib : errno.c.obj (.text:__aeabi_errno_addr)
                  000085c8    00000008                                   : sscanf.c.obj (.text:_uninpchar)
                  000085d0    00000004                                   : pre_init.c.obj (.text:_system_pre_init)
                  000085d4    00000004                                   : exit.c.obj (.text:abort:abort)

.const     0    000085d8    000001e0     
                  000085d8    00000101     rtsv7M4_T_le_v4SPD16_eabi.lib : ctype.c.obj (.const:.string:_ctypes_)
                  000086d9    00000007     --HOLE-- [fill = 0]
                  000086e0    000000c8                                   : strtod.c.obj (.const:$O1$$)
                  000087a8    00000010                                   : _scanfi.c.obj (.const:$O1$$)

.cinit     0    000087b8    00000048     
                  000087b8    0000001e     (.cinit..data.load) [load image, compression = lzss]
                  000087d6    00000002     --HOLE-- [fill = 0]
                  000087d8    0000000c     (__TI_handler_table)
                  000087e4    00000004     --HOLE-- [fill = 0]
                  000087e8    00000008     (.cinit..bss.load) [load image, compression = zero_init]
                  000087f0    00000010     (__TI_cinit_table)

.init_array 
*          0    00000000    00000000     UNINITIALIZED

.data      0    20002000    00000121     UNINITIALIZED
                  20002000    00000082     mqtt.obj (.data:mqttMcb)
                  20002082    0000003e     mqtt.obj (.data:mqttRxBuffer)
                  200020c0    0000001c     tcp.obj (.data:socketConns)
                  200020dc    0000000a     tcp.obj (.data)
                  200020e6    00000001     ethernet.obj (.data)
                  200020e7    00000001     --HOLE--
                  200020e8    00000008     rtsv7M4_T_le_v4SPD16_eabi.lib : _lock.c.obj (.data:$O1$$)
                  200020f0    00000006     eth0.obj (.data:hwAddress)
                  200020f6    00000004     ip.obj (.data:ipAddress)
                  200020fa    00000004     ip.obj (.data:ipDnsAddress)
                  200020fe    00000004     ip.obj (.data:ipGwAddress)
                  20002102    00000004     ip.obj (.data:ipSubnetMask)
                  20002106    00000004     ip.obj (.data:ipTimeServerAddress)
                  2000210a    00000002     --HOLE--
                  2000210c    00000004     rtsv7M4_T_le_v4SPD16_eabi.lib : errno.c.obj (.data)
                  20002110    00000004                                   : rand.c.obj (.data)
                  20002114    00000004                                   : strtok.c.obj (.data)
                  20002118    00000003     eth0.obj (.data)
                  2000211b    00000003     ip_custom_layer.obj (.data)
                  2000211e    00000003     mqtt.obj (.data)

.bss       0    20002124    000000dc     UNINITIALIZED
                  20002124    00000054     (.common:strInput)
                  20002178    00000028     (.common:fn)
                  200021a0    00000028     (.common:period)
                  200021c8    00000028     (.common:ticks)
                  200021f0    0000000c     (.common:reload)
                  200021fc    00000004     (.common:token)

.stack     0    20000000    00002000     UNINITIALIZED
                  20000000    00000004     rtsv7M4_T_le_v4SPD16_eabi.lib : boot_cortex_m.c.obj (.stack)
                  20000004    00001ffc     --HOLE--

__llvm_prf_cnts 
*          0    20000000    00000000     UNINITIALIZED

MODULE SUMMARY

       Module                         code    ro data   rw data
       ------                         ----    -------   -------
    ./
       tcp.obj                        4576    0         38     
       mqtt.obj                       3328    0         195    
       ethernet.obj                   2736    0         89     
       gpio.obj                       2056    0         0      
       eth0.obj                       1812    0         9      
       ip.obj                         1156    0         20     
       timer.obj                      824     0         132    
       udp.obj                        888     0         0      
       arp.obj                        756     0         0      
       tm4c123gh6pm_startup_ccs.obj   12      620       0      
       ip_custom_layer.obj            584     0         3      
       spi0.obj                       352     0         0      
       icmp.obj                       340     0         0      
       uart0.obj                      296     0         0      
       eeprom.obj                     132     0         0      
       wait.obj                       36      0         0      
       clock.obj                      16      0         0      
    +--+------------------------------+-------+---------+---------+
       Total:                         19900   620       486    
                                                               
    /home/sadhan/ti/ccs1210/ccs/tools/compiler/ti-cgt-arm_20.2.7.LTS/lib/rtsv7M4_T_le_v4SPD16_eabi.lib
       _printfi.c.obj                 4851    0         0      
       _scanfi.c.obj                  2836    16        0      
       strtod.c.obj                   1120    200       0      
       strtoll.c.obj                  476     0         0      
       fd_add_t2.asm.obj              438     0         0      
       strtoull.c.obj                 348     0         0      
       fd_div_t2.asm.obj              310     0         0      
       strtol.c.obj                   304     0         0      
       s_scalbn.c.obj                 272     0         0      
       strtoul.c.obj                  272     0         0      
       fd_cmp_t2.asm.obj              268     0         0      
       ctype.c.obj                    0       257       0      
       fd_mul_t2.asm.obj              252     0         0      
       sscanf.c.obj                   186     0         0      
       memcpy_t2.asm.obj              156     0         0      
       ull_div_t2.asm.obj             150     0         0      
       snprintf.c.obj                 148     0         0      
       memset_t2.asm.obj              122     0         0      
       fd_tos_t2.asm.obj              110     0         0      
       copy_decompress_lzss.c.obj     104     0         0      
       s_frexp.c.obj                  100     0         0      
       rand.c.obj                     88      0         4      
       _ltoa.c.obj                    84      0         0      
       atoi.c.obj                     76      0         0      
       fd_toi_t2.asm.obj              72      0         0      
       autoinit.c.obj                 68      0         0      
       strtok.c.obj                   64      0         4      
       boot_cortex_m.c.obj            52      0         0      
       i_tofd_t2.asm.obj              46      0         0      
       strspn.c.obj                   42      0         0      
       strcspn.c.obj                  36      0         0      
       copy_zero_init.c.obj           28      0         0      
       memccpy.c.obj                  28      0         0      
       s_copysign.c.obj               26      0         0      
       ll_mul_t2.asm.obj              24      0         0      
       strcmp.c.obj                   24      0         0      
       strrchr.c.obj                  24      0         0      
       strchr.c.obj                   22      0         0      
       strcpy.c.obj                   20      0         0      
       strlen.c.obj                   20      0         0      
       wcslen.c.obj                   18      0         0      
       tolower.c.obj                  16      0         0      
       copy_decompress_none.c.obj     14      0         0      
       errno.c.obj                    8       0         4      
       _lock.c.obj                    2       0         8      
       exit.c.obj                     4       0         0      
       pre_init.c.obj                 4       0         0      
       div0.asm.obj                   2       0         0      
    +--+------------------------------+-------+---------+---------+
       Total:                         13735   473       20     
                                                               
       Stack:                         0       0         8192   
       Linker Generated:              0       66        0      
    +--+------------------------------+-------+---------+---------+
       Grand Total:                   33635   1159      8698   


LINKER GENERATED COPY TABLES

__TI_cinit_table @ 000087f0 records: 2, size/record: 8, table size: 16
	.data: load addr=000087b8, load size=0000001e bytes, run addr=20002000, run size=00000121 bytes, compression=lzss
	.bss: load addr=000087e8, load size=00000008 bytes, run addr=20002124, run size=000000dc bytes, compression=zero_init


LINKER GENERATED HANDLER TABLE

__TI_handler_table @ 000087d8 records: 3, size/record: 4, table size: 12
	index: 0, handler: __TI_decompress_lzss
	index: 1, handler: __TI_decompress_none
	index: 2, handler: __TI_zero_init


GLOBAL SYMBOLS: SORTED ALPHABETICALLY BY Name 

address   name                          
-------   ----                          
000085d5  C$$EXIT                       
000085b3  ResetISR                      
20002000  __STACK_END                   
00002000  __STACK_SIZE                  
20000200  __STACK_TOP                   
000087f0  __TI_CINIT_Base               
00008800  __TI_CINIT_Limit              
000087d8  __TI_Handler_Table_Base       
000087e4  __TI_Handler_Table_Limit      
00008219  __TI_auto_init_nobinit_nopinit
00007f71  __TI_decompress_lzss          
000085a5  __TI_decompress_none          
00008093  __TI_ltoa                     
ffffffff  __TI_pprof_out_hndl           
00003711  __TI_printfi                  
ffffffff  __TI_prof_data_size           
ffffffff  __TI_prof_data_start          
0000214d  __TI_scanfi                   
00000000  __TI_static_base__            
00008471  __TI_zero_init_nomemset       
00007c21  __aeabi_cdcmpeq               
00007c21  __aeabi_cdcmple               
00007ca7  __aeabi_cdrcmple              
00007e99  __aeabi_d2f                   
000081d1  __aeabi_d2iz                  
00006b73  __aeabi_dadd                  
0000726d  __aeabi_ddiv                  
00007941  __aeabi_dmul                  
00006b69  __aeabi_dsub                  
000085c1  __aeabi_errno_addr            
000083ad  __aeabi_i2d                   
00006d1f  __aeabi_idiv0                 
00006d1f  __aeabi_ldiv0                 
000084db  __aeabi_lmul                  
00007db1  __aeabi_memclr                
00007db1  __aeabi_memclr4               
00007db1  __aeabi_memclr8               
00007aef  __aeabi_memcpy                
00007aef  __aeabi_memcpy4               
00007aef  __aeabi_memcpy8               
00007db3  __aeabi_memset                
00007db3  __aeabi_memset4               
00007db3  __aeabi_memset8               
00007b8b  __aeabi_uldivmod              
ffffffff  __binit__                     
ffffffff  __c_args__                    
UNDEFED   __mpu_init                    
20000000  __stack                       
20000000  __start___llvm_prf_cnts       
20000000  __stop___llvm_prf_cnts        
00008315  _c_int00_noargs               
000085d8  _ctypes_                      
200020e8  _lock                         
0000415f  _nop                          
UNDEFED   _system_post_cinit            
000085d1  _system_pre_init              
200020ec  _unlock                       
000085d5  abort                         
0000363f  appInit                       
000066e7  arpRespTimeoutCb              
00002fe1  asciiToUint8                  
00008139  atoi                          
ffffffff  binit                         
000054bb  calcIpChecksum                
00004a27  clearEtherReg                 
000047b5  clearPinInterrupt             
000084a9  copysign                      
000084a9  copysignl                     
200020e6  count                         
0000497f  disableEtherCs                
00004791  disablePinInterrupt           
000044c9  disablePinPulldown            
00004481  disablePinPullup              
0000421d  disablePort                   
00002c9d  displayConnectionInfo         
00004969  enableEtherCs                 
0000476d  enablePinInterrupt            
000044a5  enablePinPulldown             
00004453  enablePinPullup               
00004161  enablePort                    
2000210c  errno                         
20002178  fn                            
00007fd9  frexp                         
00007fd9  frexpl                        
00000000  g_pfnVectors                  
000003f7  genRandNum                    
00004f83  getEtherId                    
0000501d  getEtherMacAddress            
00004d5d  getEtherPacket                
00005185  getIpAddress                  
00005489  getIpChecksum                 
000066e1  getIpCurrentEventStatus       
000052e1  getIpDnsAddress               
0000526d  getIpGatewayAddress           
000053cd  getIpMqttBrokerAddress        
000051f9  getIpSubnetMask               
00005355  getIpTimeServerAddress        
00004823  getPinValue                   
000048d9  getPortValue                  
000007f9  getTcpCurrState               
0000033f  getTcpData                    
0000036b  getTcpHeader                  
0000088f  getTcpMessageSocket           
00000825  getTcpSegmentLength           
00005a09  getUdpData                    
00005a35  getUdpMessageSocket           
000075ab  getcUart0                     
00004f57  htonl                         
00004f33  htons                         
200020f0  hwAddress                     
00004f8f  incEtherId                    
00007d2d  initEeprom                    
00004b73  initEther                     
00002c61  initHw                        
00006d21  initSpi0                      
00008585  initSystemClockTo40Mhz        
00005cd9  initTimer                     
000074d5  initUart0                     
2000211b  initiateArpRequest            
200020f6  ipAddress                     
200020fa  ipDnsAddress                  
2000211c  ipEventIcb                    
200020fe  ipGwAddress                   
000065d1  ipHandlerRx                   
00006575  ipHandlerTx                   
20002102  ipSubnetMask                  
20002106  ipTimeServerAddress           
00006011  isArpRequest                  
000060b5  isArpResponse                 
00004d13  isEtherDataAvailable          
00005125  isEtherIpValid                
00004cf9  isEtherLinkUp                 
00004d2d  isEtherOverflow               
0000507d  isIp                          
000066ef  isIpArpResponse               
000050c5  isIpUnicast                   
00001f41  isMqtt                        
00006fdd  isPingRequest                 
0000026d  isTcp                         
00005961  isUdp                         
000075bf  kbhitUart0                    
00007721  ldexp                         
00007721  ldexpl                        
000034d3  main                          
0000848d  memccpy                       
00007aef  memcpy                        
00007db9  memset                        
000017b9  mqttConnect                   
000018d9  mqttDisConnect                
00001ed9  mqttGetTxData                 
00001ebf  mqttGetTxStatus               
00001b1d  mqttHandler                   
00002015  mqttInit                      
00001acd  mqttLogConnectEvent           
00001af1  mqttLogDisConnectEvent        
0000193b  mqttLogPublishEvent           
00001a05  mqttLogSubscribeEvent         
00001a69  mqttLogUnSubscribeEvent       
2000211e  mqttPktId                     
0000144d  mqttPublish                   
00001fbf  mqttSetRxData                 
00001ec5  mqttSetTxStatus               
00001595  mqttSubscribe                 
000016ab  mqttUnSubscribe               
20002118  nextPacketLsb                 
20002119  nextPacketMsb                 
200021a0  period                        
00003093  processShell                  
00004e4d  putEtherPacket                
00007563  putcUart0                     
0000757f  putsUart0                     
00008349  rand                          
00005fd3  random32                      
00002f2d  readConfiguration             
00007d75  readEeprom                    
00004b5b  readEtherMem                  
00004aaf  readEtherPhy                  
000049c1  readEtherReg                  
00006e59  readSpi0Data                  
200021f0  reload                        
00005eeb  restartTimer                  
00007721  scalbn                        
00007721  scalbnl                       
00004387  selectPinAnalogInput          
00004339  selectPinDigitalInput         
000046a3  selectPinInterruptBothEdges   
00004653  selectPinInterruptFallingEdge 
000046f9  selectPinInterruptHighLevel   
00004733  selectPinInterruptLowLevel    
00004603  selectPinInterruptRisingEdge  
000042eb  selectPinOpenDrainOutput      
0000429d  selectPinPushPullOutput       
000061e7  sendArpRequest                
00006109  sendArpResponse               
00007021  sendPingResponse              
00005adf  sendUdpMessage                
2000211a  sequenceId                    
00004a5b  setEtherBank                  
00004f99  setEtherMacAddress            
000049f3  setEtherReg                   
0000514b  setIpAddress                  
000052a7  setIpDnsAddress               
00005233  setIpGatewayAddress           
0000538f  setIpMqttBrokerAddress        
000066a7  setIpMqttMacBrokerAddress     
000051bf  setIpSubnetMask               
0000531b  setIpTimeServerAddress        
000044f1  setPinAuxFunction             
000043d7  setPinCommitControl           
000047d9  setPinValue                   
00004861  setPortValue                  
00006dbd  setSpi0BaudRate               
00006df3  setSpi0Mode                   
0000751f  setUart0BaudRate              
00008185  snprintf                      
200020c0  socketConns                   
00008405  srand                         
000082dd  sscanf                        
00004b49  startEtherMemRead             
00004b1b  startEtherMemWrite            
00005d79  startOneshotTimer             
00005dff  startPeriodicTimer            
00004b6b  stopEtherMemRead              
00004b41  stopEtherMemWrite             
00005e85  stopTimer                     
20002124  strInput                      
00008523  strchr                        
000084f3  strcmp                        
00008539  strcpy                        
00008429  strcspn                       
0000854d  strlen                        
0000850b  strrchr                       
000083db  strspn                        
00005501  strtod                        
0000825d  strtok                        
000073a5  strtol                        
00005501  strtold                       
000067bd  strtoll                       
00007831  strtoul                       
00006e81  strtoull                      
00005415  sumIpWords                    
000007d9  tcpConnect                    
00001051  tcpCreateSocket               
0000052d  tcpFsmStateMachineClient      
00000435  tcpGetMatchingSocket          
00001079  tcpHandleRwTransactions       
0000040f  tcpHandlerRx                  
000004d5  tcpHandlerTx                  
000003dd  tcpHeaderSize                 
000003b9  tcpIsAck                      
00000395  tcpIsSyn                      
00000bcf  tcpSendAck                    
00000e1b  tcpSendFin                    
00001171  tcpSendSegment                
000009b1  tcpSendSyn                    
0000051d  tcpSendTimerCb                
000013f5  tcpValidChecks                
00005f59  tickIsr                       
200021c8  ticks                         
000047ff  togglePinValue                
200021fc  token                         
00008595  tolower                       
0000844d  waitMicrosecond               
00008573  wcslen                        
00007d43  writeEeprom                   
00004b2d  writeEtherMem                 
00004a77  writeEtherPhy                 
0000498d  writeEtherReg                 
00006e41  writeSpi0Data                 


GLOBAL SYMBOLS: SORTED BY Symbol Address 

address   name                          
-------   ----                          
00000000  __TI_static_base__            
00000000  g_pfnVectors                  
0000026d  isTcp                         
0000033f  getTcpData                    
0000036b  getTcpHeader                  
00000395  tcpIsSyn                      
000003b9  tcpIsAck                      
000003dd  tcpHeaderSize                 
000003f7  genRandNum                    
0000040f  tcpHandlerRx                  
00000435  tcpGetMatchingSocket          
000004d5  tcpHandlerTx                  
0000051d  tcpSendTimerCb                
0000052d  tcpFsmStateMachineClient      
000007d9  tcpConnect                    
000007f9  getTcpCurrState               
00000825  getTcpSegmentLength           
0000088f  getTcpMessageSocket           
000009b1  tcpSendSyn                    
00000bcf  tcpSendAck                    
00000e1b  tcpSendFin                    
00001051  tcpCreateSocket               
00001079  tcpHandleRwTransactions       
00001171  tcpSendSegment                
000013f5  tcpValidChecks                
0000144d  mqttPublish                   
00001595  mqttSubscribe                 
000016ab  mqttUnSubscribe               
000017b9  mqttConnect                   
000018d9  mqttDisConnect                
0000193b  mqttLogPublishEvent           
00001a05  mqttLogSubscribeEvent         
00001a69  mqttLogUnSubscribeEvent       
00001acd  mqttLogConnectEvent           
00001af1  mqttLogDisConnectEvent        
00001b1d  mqttHandler                   
00001ebf  mqttGetTxStatus               
00001ec5  mqttSetTxStatus               
00001ed9  mqttGetTxData                 
00001f41  isMqtt                        
00001fbf  mqttSetRxData                 
00002000  __STACK_SIZE                  
00002015  mqttInit                      
0000214d  __TI_scanfi                   
00002c61  initHw                        
00002c9d  displayConnectionInfo         
00002f2d  readConfiguration             
00002fe1  asciiToUint8                  
00003093  processShell                  
000034d3  main                          
0000363f  appInit                       
00003711  __TI_printfi                  
0000415f  _nop                          
00004161  enablePort                    
0000421d  disablePort                   
0000429d  selectPinPushPullOutput       
000042eb  selectPinOpenDrainOutput      
00004339  selectPinDigitalInput         
00004387  selectPinAnalogInput          
000043d7  setPinCommitControl           
00004453  enablePinPullup               
00004481  disablePinPullup              
000044a5  enablePinPulldown             
000044c9  disablePinPulldown            
000044f1  setPinAuxFunction             
00004603  selectPinInterruptRisingEdge  
00004653  selectPinInterruptFallingEdge 
000046a3  selectPinInterruptBothEdges   
000046f9  selectPinInterruptHighLevel   
00004733  selectPinInterruptLowLevel    
0000476d  enablePinInterrupt            
00004791  disablePinInterrupt           
000047b5  clearPinInterrupt             
000047d9  setPinValue                   
000047ff  togglePinValue                
00004823  getPinValue                   
00004861  setPortValue                  
000048d9  getPortValue                  
00004969  enableEtherCs                 
0000497f  disableEtherCs                
0000498d  writeEtherReg                 
000049c1  readEtherReg                  
000049f3  setEtherReg                   
00004a27  clearEtherReg                 
00004a5b  setEtherBank                  
00004a77  writeEtherPhy                 
00004aaf  readEtherPhy                  
00004b1b  startEtherMemWrite            
00004b2d  writeEtherMem                 
00004b41  stopEtherMemWrite             
00004b49  startEtherMemRead             
00004b5b  readEtherMem                  
00004b6b  stopEtherMemRead              
00004b73  initEther                     
00004cf9  isEtherLinkUp                 
00004d13  isEtherDataAvailable          
00004d2d  isEtherOverflow               
00004d5d  getEtherPacket                
00004e4d  putEtherPacket                
00004f33  htons                         
00004f57  htonl                         
00004f83  getEtherId                    
00004f8f  incEtherId                    
00004f99  setEtherMacAddress            
0000501d  getEtherMacAddress            
0000507d  isIp                          
000050c5  isIpUnicast                   
00005125  isEtherIpValid                
0000514b  setIpAddress                  
00005185  getIpAddress                  
000051bf  setIpSubnetMask               
000051f9  getIpSubnetMask               
00005233  setIpGatewayAddress           
0000526d  getIpGatewayAddress           
000052a7  setIpDnsAddress               
000052e1  getIpDnsAddress               
0000531b  setIpTimeServerAddress        
00005355  getIpTimeServerAddress        
0000538f  setIpMqttBrokerAddress        
000053cd  getIpMqttBrokerAddress        
00005415  sumIpWords                    
00005489  getIpChecksum                 
000054bb  calcIpChecksum                
00005501  strtod                        
00005501  strtold                       
00005961  isUdp                         
00005a09  getUdpData                    
00005a35  getUdpMessageSocket           
00005adf  sendUdpMessage                
00005cd9  initTimer                     
00005d79  startOneshotTimer             
00005dff  startPeriodicTimer            
00005e85  stopTimer                     
00005eeb  restartTimer                  
00005f59  tickIsr                       
00005fd3  random32                      
00006011  isArpRequest                  
000060b5  isArpResponse                 
00006109  sendArpResponse               
000061e7  sendArpRequest                
00006575  ipHandlerTx                   
000065d1  ipHandlerRx                   
000066a7  setIpMqttMacBrokerAddress     
000066e1  getIpCurrentEventStatus       
000066e7  arpRespTimeoutCb              
000066ef  isIpArpResponse               
000067bd  strtoll                       
00006b69  __aeabi_dsub                  
00006b73  __aeabi_dadd                  
00006d1f  __aeabi_idiv0                 
00006d1f  __aeabi_ldiv0                 
00006d21  initSpi0                      
00006dbd  setSpi0BaudRate               
00006df3  setSpi0Mode                   
00006e41  writeSpi0Data                 
00006e59  readSpi0Data                  
00006e81  strtoull                      
00006fdd  isPingRequest                 
00007021  sendPingResponse              
0000726d  __aeabi_ddiv                  
000073a5  strtol                        
000074d5  initUart0                     
0000751f  setUart0BaudRate              
00007563  putcUart0                     
0000757f  putsUart0                     
000075ab  getcUart0                     
000075bf  kbhitUart0                    
00007721  ldexp                         
00007721  ldexpl                        
00007721  scalbn                        
00007721  scalbnl                       
00007831  strtoul                       
00007941  __aeabi_dmul                  
00007aef  __aeabi_memcpy                
00007aef  __aeabi_memcpy4               
00007aef  __aeabi_memcpy8               
00007aef  memcpy                        
00007b8b  __aeabi_uldivmod              
00007c21  __aeabi_cdcmpeq               
00007c21  __aeabi_cdcmple               
00007ca7  __aeabi_cdrcmple              
00007d2d  initEeprom                    
00007d43  writeEeprom                   
00007d75  readEeprom                    
00007db1  __aeabi_memclr                
00007db1  __aeabi_memclr4               
00007db1  __aeabi_memclr8               
00007db3  __aeabi_memset                
00007db3  __aeabi_memset4               
00007db3  __aeabi_memset8               
00007db9  memset                        
00007e99  __aeabi_d2f                   
00007f71  __TI_decompress_lzss          
00007fd9  frexp                         
00007fd9  frexpl                        
00008093  __TI_ltoa                     
00008139  atoi                          
00008185  snprintf                      
000081d1  __aeabi_d2iz                  
00008219  __TI_auto_init_nobinit_nopinit
0000825d  strtok                        
000082dd  sscanf                        
00008315  _c_int00_noargs               
00008349  rand                          
000083ad  __aeabi_i2d                   
000083db  strspn                        
00008405  srand                         
00008429  strcspn                       
0000844d  waitMicrosecond               
00008471  __TI_zero_init_nomemset       
0000848d  memccpy                       
000084a9  copysign                      
000084a9  copysignl                     
000084db  __aeabi_lmul                  
000084f3  strcmp                        
0000850b  strrchr                       
00008523  strchr                        
00008539  strcpy                        
0000854d  strlen                        
00008573  wcslen                        
00008585  initSystemClockTo40Mhz        
00008595  tolower                       
000085a5  __TI_decompress_none          
000085b3  ResetISR                      
000085c1  __aeabi_errno_addr            
000085d1  _system_pre_init              
000085d5  C$$EXIT                       
000085d5  abort                         
000085d8  _ctypes_                      
000087d8  __TI_Handler_Table_Base       
000087e4  __TI_Handler_Table_Limit      
000087f0  __TI_CINIT_Base               
00008800  __TI_CINIT_Limit              
20000000  __stack                       
20000000  __start___llvm_prf_cnts       
20000000  __stop___llvm_prf_cnts        
20000200  __STACK_TOP                   
20002000  __STACK_END                   
200020c0  socketConns                   
200020e6  count                         
200020e8  _lock                         
200020ec  _unlock                       
200020f0  hwAddress                     
200020f6  ipAddress                     
200020fa  ipDnsAddress                  
200020fe  ipGwAddress                   
20002102  ipSubnetMask                  
20002106  ipTimeServerAddress           
2000210c  errno                         
20002118  nextPacketLsb                 
20002119  nextPacketMsb                 
2000211a  sequenceId                    
2000211b  initiateArpRequest            
2000211c  ipEventIcb                    
2000211e  mqttPktId                     
20002124  strInput                      
20002178  fn                            
200021a0  period                        
200021c8  ticks                         
200021f0  reload                        
200021fc  token                         
ffffffff  __TI_pprof_out_hndl           
ffffffff  __TI_prof_data_size           
ffffffff  __TI_prof_data_start          
ffffffff  __binit__                     
ffffffff  __c_args__                    
ffffffff  binit                         
UNDEFED   __mpu_init                    
UNDEFED   _system_post_cinit            

[269 symbols]
