<?xml version="1.0" encoding="ISO-8859-1" ?>
<link_info>
   <banner>TI ARM Linker Unix v20.2.7.LTS</banner>
   <copyright>Copyright (c) 1996-2018 Texas Instruments Incorporated</copyright>
   <link_time>0x63ffd0d7</link_time>
   <link_errors>0x0</link_errors>
   <output_file>IOT_Project1.out</output_file>
   <entry_point>
      <name>_c_int00_noargs</name>
      <address>0x806d</address>
   </entry_point>
   <input_file_list>
      <input_file id="fl-1">
         <path>./</path>
         <kind>object</kind>
         <file>arp.obj</file>
         <name>arp.obj</name>
      </input_file>
      <input_file id="fl-2">
         <path>./</path>
         <kind>object</kind>
         <file>clock.obj</file>
         <name>clock.obj</name>
      </input_file>
      <input_file id="fl-3">
         <path>./</path>
         <kind>object</kind>
         <file>eeprom.obj</file>
         <name>eeprom.obj</name>
      </input_file>
      <input_file id="fl-4">
         <path>./</path>
         <kind>object</kind>
         <file>eth0.obj</file>
         <name>eth0.obj</name>
      </input_file>
      <input_file id="fl-5">
         <path>./</path>
         <kind>object</kind>
         <file>ethernet.obj</file>
         <name>ethernet.obj</name>
      </input_file>
      <input_file id="fl-6">
         <path>./</path>
         <kind>object</kind>
         <file>gpio.obj</file>
         <name>gpio.obj</name>
      </input_file>
      <input_file id="fl-7">
         <path>./</path>
         <kind>object</kind>
         <file>icmp.obj</file>
         <name>icmp.obj</name>
      </input_file>
      <input_file id="fl-8">
         <path>./</path>
         <kind>object</kind>
         <file>ip.obj</file>
         <name>ip.obj</name>
      </input_file>
      <input_file id="fl-9">
         <path>./</path>
         <kind>object</kind>
         <file>ip_custom_layer.obj</file>
         <name>ip_custom_layer.obj</name>
      </input_file>
      <input_file id="fl-a">
         <path>./</path>
         <kind>object</kind>
         <file>mqtt.obj</file>
         <name>mqtt.obj</name>
      </input_file>
      <input_file id="fl-b">
         <path>./</path>
         <kind>object</kind>
         <file>spi0.obj</file>
         <name>spi0.obj</name>
      </input_file>
      <input_file id="fl-c">
         <path>./</path>
         <kind>object</kind>
         <file>tcp.obj</file>
         <name>tcp.obj</name>
      </input_file>
      <input_file id="fl-d">
         <path>./</path>
         <kind>object</kind>
         <file>timer.obj</file>
         <name>timer.obj</name>
      </input_file>
      <input_file id="fl-e">
         <path>./</path>
         <kind>object</kind>
         <file>tm4c123gh6pm_startup_ccs.obj</file>
         <name>tm4c123gh6pm_startup_ccs.obj</name>
      </input_file>
      <input_file id="fl-f">
         <path>./</path>
         <kind>object</kind>
         <file>uart0.obj</file>
         <name>uart0.obj</name>
      </input_file>
      <input_file id="fl-10">
         <path>./</path>
         <kind>object</kind>
         <file>udp.obj</file>
         <name>udp.obj</name>
      </input_file>
      <input_file id="fl-11">
         <path>./</path>
         <kind>object</kind>
         <file>wait.obj</file>
         <name>wait.obj</name>
      </input_file>
      <input_file id="fl-15">
         <kind>object</kind>
         <file>&lt;internal&gt;</file>
         <name>&lt;internal&gt;</name>
      </input_file>
      <input_file id="fl-cb">
         <path>/home/sadhan/ti/ccs1210/ccs/tools/compiler/ti-cgt-arm_20.2.7.LTS/lib/</path>
         <kind>archive</kind>
         <file>rtsv7M4_T_le_v4SPD16_eabi.lib</file>
         <name>snprintf.c.obj</name>
      </input_file>
      <input_file id="fl-cc">
         <path>/home/sadhan/ti/ccs1210/ccs/tools/compiler/ti-cgt-arm_20.2.7.LTS/lib/</path>
         <kind>archive</kind>
         <file>rtsv7M4_T_le_v4SPD16_eabi.lib</file>
         <name>sscanf.c.obj</name>
      </input_file>
      <input_file id="fl-cd">
         <path>/home/sadhan/ti/ccs1210/ccs/tools/compiler/ti-cgt-arm_20.2.7.LTS/lib/</path>
         <kind>archive</kind>
         <file>rtsv7M4_T_le_v4SPD16_eabi.lib</file>
         <name>memcpy_t2.asm.obj</name>
      </input_file>
      <input_file id="fl-ce">
         <path>/home/sadhan/ti/ccs1210/ccs/tools/compiler/ti-cgt-arm_20.2.7.LTS/lib/</path>
         <kind>archive</kind>
         <file>rtsv7M4_T_le_v4SPD16_eabi.lib</file>
         <name>memset_t2.asm.obj</name>
      </input_file>
      <input_file id="fl-cf">
         <path>/home/sadhan/ti/ccs1210/ccs/tools/compiler/ti-cgt-arm_20.2.7.LTS/lib/</path>
         <kind>archive</kind>
         <file>rtsv7M4_T_le_v4SPD16_eabi.lib</file>
         <name>copy_zero_init.c.obj</name>
      </input_file>
      <input_file id="fl-d0">
         <path>/home/sadhan/ti/ccs1210/ccs/tools/compiler/ti-cgt-arm_20.2.7.LTS/lib/</path>
         <kind>archive</kind>
         <file>rtsv7M4_T_le_v4SPD16_eabi.lib</file>
         <name>copy_decompress_none.c.obj</name>
      </input_file>
      <input_file id="fl-d1">
         <path>/home/sadhan/ti/ccs1210/ccs/tools/compiler/ti-cgt-arm_20.2.7.LTS/lib/</path>
         <kind>archive</kind>
         <file>rtsv7M4_T_le_v4SPD16_eabi.lib</file>
         <name>copy_decompress_lzss.c.obj</name>
      </input_file>
      <input_file id="fl-d2">
         <path>/home/sadhan/ti/ccs1210/ccs/tools/compiler/ti-cgt-arm_20.2.7.LTS/lib/</path>
         <kind>archive</kind>
         <file>rtsv7M4_T_le_v4SPD16_eabi.lib</file>
         <name>ctype.c.obj</name>
      </input_file>
      <input_file id="fl-d3">
         <path>/home/sadhan/ti/ccs1210/ccs/tools/compiler/ti-cgt-arm_20.2.7.LTS/lib/</path>
         <kind>archive</kind>
         <file>rtsv7M4_T_le_v4SPD16_eabi.lib</file>
         <name>rand.c.obj</name>
      </input_file>
      <input_file id="fl-d4">
         <path>/home/sadhan/ti/ccs1210/ccs/tools/compiler/ti-cgt-arm_20.2.7.LTS/lib/</path>
         <kind>archive</kind>
         <file>rtsv7M4_T_le_v4SPD16_eabi.lib</file>
         <name>strcmp.c.obj</name>
      </input_file>
      <input_file id="fl-d5">
         <path>/home/sadhan/ti/ccs1210/ccs/tools/compiler/ti-cgt-arm_20.2.7.LTS/lib/</path>
         <kind>archive</kind>
         <file>rtsv7M4_T_le_v4SPD16_eabi.lib</file>
         <name>strlen.c.obj</name>
      </input_file>
      <input_file id="fl-d6">
         <path>/home/sadhan/ti/ccs1210/ccs/tools/compiler/ti-cgt-arm_20.2.7.LTS/lib/</path>
         <kind>archive</kind>
         <file>rtsv7M4_T_le_v4SPD16_eabi.lib</file>
         <name>strtok.c.obj</name>
      </input_file>
      <input_file id="fl-d7">
         <path>/home/sadhan/ti/ccs1210/ccs/tools/compiler/ti-cgt-arm_20.2.7.LTS/lib/</path>
         <kind>archive</kind>
         <file>rtsv7M4_T_le_v4SPD16_eabi.lib</file>
         <name>tolower.c.obj</name>
      </input_file>
      <input_file id="fl-d8">
         <path>/home/sadhan/ti/ccs1210/ccs/tools/compiler/ti-cgt-arm_20.2.7.LTS/lib/</path>
         <kind>archive</kind>
         <file>rtsv7M4_T_le_v4SPD16_eabi.lib</file>
         <name>boot_cortex_m.c.obj</name>
      </input_file>
      <input_file id="fl-d9">
         <path>/home/sadhan/ti/ccs1210/ccs/tools/compiler/ti-cgt-arm_20.2.7.LTS/lib/</path>
         <kind>archive</kind>
         <file>rtsv7M4_T_le_v4SPD16_eabi.lib</file>
         <name>_printfi.c.obj</name>
      </input_file>
      <input_file id="fl-da">
         <path>/home/sadhan/ti/ccs1210/ccs/tools/compiler/ti-cgt-arm_20.2.7.LTS/lib/</path>
         <kind>archive</kind>
         <file>rtsv7M4_T_le_v4SPD16_eabi.lib</file>
         <name>_scanfi.c.obj</name>
      </input_file>
      <input_file id="fl-db">
         <path>/home/sadhan/ti/ccs1210/ccs/tools/compiler/ti-cgt-arm_20.2.7.LTS/lib/</path>
         <kind>archive</kind>
         <file>rtsv7M4_T_le_v4SPD16_eabi.lib</file>
         <name>fd_add_t2.asm.obj</name>
      </input_file>
      <input_file id="fl-dc">
         <path>/home/sadhan/ti/ccs1210/ccs/tools/compiler/ti-cgt-arm_20.2.7.LTS/lib/</path>
         <kind>archive</kind>
         <file>rtsv7M4_T_le_v4SPD16_eabi.lib</file>
         <name>fd_cmp_t2.asm.obj</name>
      </input_file>
      <input_file id="fl-dd">
         <path>/home/sadhan/ti/ccs1210/ccs/tools/compiler/ti-cgt-arm_20.2.7.LTS/lib/</path>
         <kind>archive</kind>
         <file>rtsv7M4_T_le_v4SPD16_eabi.lib</file>
         <name>fd_div_t2.asm.obj</name>
      </input_file>
      <input_file id="fl-de">
         <path>/home/sadhan/ti/ccs1210/ccs/tools/compiler/ti-cgt-arm_20.2.7.LTS/lib/</path>
         <kind>archive</kind>
         <file>rtsv7M4_T_le_v4SPD16_eabi.lib</file>
         <name>fd_mul_t2.asm.obj</name>
      </input_file>
      <input_file id="fl-df">
         <path>/home/sadhan/ti/ccs1210/ccs/tools/compiler/ti-cgt-arm_20.2.7.LTS/lib/</path>
         <kind>archive</kind>
         <file>rtsv7M4_T_le_v4SPD16_eabi.lib</file>
         <name>fd_toi_t2.asm.obj</name>
      </input_file>
      <input_file id="fl-e0">
         <path>/home/sadhan/ti/ccs1210/ccs/tools/compiler/ti-cgt-arm_20.2.7.LTS/lib/</path>
         <kind>archive</kind>
         <file>rtsv7M4_T_le_v4SPD16_eabi.lib</file>
         <name>fd_tos_t2.asm.obj</name>
      </input_file>
      <input_file id="fl-e1">
         <path>/home/sadhan/ti/ccs1210/ccs/tools/compiler/ti-cgt-arm_20.2.7.LTS/lib/</path>
         <kind>archive</kind>
         <file>rtsv7M4_T_le_v4SPD16_eabi.lib</file>
         <name>i_tofd_t2.asm.obj</name>
      </input_file>
      <input_file id="fl-e2">
         <path>/home/sadhan/ti/ccs1210/ccs/tools/compiler/ti-cgt-arm_20.2.7.LTS/lib/</path>
         <kind>archive</kind>
         <file>rtsv7M4_T_le_v4SPD16_eabi.lib</file>
         <name>ull_div_t2.asm.obj</name>
      </input_file>
      <input_file id="fl-e3">
         <path>/home/sadhan/ti/ccs1210/ccs/tools/compiler/ti-cgt-arm_20.2.7.LTS/lib/</path>
         <kind>archive</kind>
         <file>rtsv7M4_T_le_v4SPD16_eabi.lib</file>
         <name>autoinit.c.obj</name>
      </input_file>
      <input_file id="fl-e4">
         <path>/home/sadhan/ti/ccs1210/ccs/tools/compiler/ti-cgt-arm_20.2.7.LTS/lib/</path>
         <kind>archive</kind>
         <file>rtsv7M4_T_le_v4SPD16_eabi.lib</file>
         <name>pre_init.c.obj</name>
      </input_file>
      <input_file id="fl-e5">
         <path>/home/sadhan/ti/ccs1210/ccs/tools/compiler/ti-cgt-arm_20.2.7.LTS/lib/</path>
         <kind>archive</kind>
         <file>rtsv7M4_T_le_v4SPD16_eabi.lib</file>
         <name>cpy_tbl.c.obj</name>
      </input_file>
      <input_file id="fl-e6">
         <path>/home/sadhan/ti/ccs1210/ccs/tools/compiler/ti-cgt-arm_20.2.7.LTS/lib/</path>
         <kind>archive</kind>
         <file>rtsv7M4_T_le_v4SPD16_eabi.lib</file>
         <name>exit.c.obj</name>
      </input_file>
      <input_file id="fl-e7">
         <path>/home/sadhan/ti/ccs1210/ccs/tools/compiler/ti-cgt-arm_20.2.7.LTS/lib/</path>
         <kind>archive</kind>
         <file>rtsv7M4_T_le_v4SPD16_eabi.lib</file>
         <name>_lock.c.obj</name>
      </input_file>
      <input_file id="fl-e8">
         <path>/home/sadhan/ti/ccs1210/ccs/tools/compiler/ti-cgt-arm_20.2.7.LTS/lib/</path>
         <kind>archive</kind>
         <file>rtsv7M4_T_le_v4SPD16_eabi.lib</file>
         <name>_ltoa.c.obj</name>
      </input_file>
      <input_file id="fl-e9">
         <path>/home/sadhan/ti/ccs1210/ccs/tools/compiler/ti-cgt-arm_20.2.7.LTS/lib/</path>
         <kind>archive</kind>
         <file>rtsv7M4_T_le_v4SPD16_eabi.lib</file>
         <name>args_main.c.obj</name>
      </input_file>
      <input_file id="fl-ea">
         <path>/home/sadhan/ti/ccs1210/ccs/tools/compiler/ti-cgt-arm_20.2.7.LTS/lib/</path>
         <kind>archive</kind>
         <file>rtsv7M4_T_le_v4SPD16_eabi.lib</file>
         <name>atoi.c.obj</name>
      </input_file>
      <input_file id="fl-eb">
         <path>/home/sadhan/ti/ccs1210/ccs/tools/compiler/ti-cgt-arm_20.2.7.LTS/lib/</path>
         <kind>archive</kind>
         <file>rtsv7M4_T_le_v4SPD16_eabi.lib</file>
         <name>memccpy.c.obj</name>
      </input_file>
      <input_file id="fl-ec">
         <path>/home/sadhan/ti/ccs1210/ccs/tools/compiler/ti-cgt-arm_20.2.7.LTS/lib/</path>
         <kind>archive</kind>
         <file>rtsv7M4_T_le_v4SPD16_eabi.lib</file>
         <name>strchr.c.obj</name>
      </input_file>
      <input_file id="fl-ed">
         <path>/home/sadhan/ti/ccs1210/ccs/tools/compiler/ti-cgt-arm_20.2.7.LTS/lib/</path>
         <kind>archive</kind>
         <file>rtsv7M4_T_le_v4SPD16_eabi.lib</file>
         <name>strcpy.c.obj</name>
      </input_file>
      <input_file id="fl-ee">
         <path>/home/sadhan/ti/ccs1210/ccs/tools/compiler/ti-cgt-arm_20.2.7.LTS/lib/</path>
         <kind>archive</kind>
         <file>rtsv7M4_T_le_v4SPD16_eabi.lib</file>
         <name>strcspn.c.obj</name>
      </input_file>
      <input_file id="fl-ef">
         <path>/home/sadhan/ti/ccs1210/ccs/tools/compiler/ti-cgt-arm_20.2.7.LTS/lib/</path>
         <kind>archive</kind>
         <file>rtsv7M4_T_le_v4SPD16_eabi.lib</file>
         <name>strrchr.c.obj</name>
      </input_file>
      <input_file id="fl-f0">
         <path>/home/sadhan/ti/ccs1210/ccs/tools/compiler/ti-cgt-arm_20.2.7.LTS/lib/</path>
         <kind>archive</kind>
         <file>rtsv7M4_T_le_v4SPD16_eabi.lib</file>
         <name>strspn.c.obj</name>
      </input_file>
      <input_file id="fl-f1">
         <path>/home/sadhan/ti/ccs1210/ccs/tools/compiler/ti-cgt-arm_20.2.7.LTS/lib/</path>
         <kind>archive</kind>
         <file>rtsv7M4_T_le_v4SPD16_eabi.lib</file>
         <name>strtod.c.obj</name>
      </input_file>
      <input_file id="fl-f2">
         <path>/home/sadhan/ti/ccs1210/ccs/tools/compiler/ti-cgt-arm_20.2.7.LTS/lib/</path>
         <kind>archive</kind>
         <file>rtsv7M4_T_le_v4SPD16_eabi.lib</file>
         <name>strtol.c.obj</name>
      </input_file>
      <input_file id="fl-f3">
         <path>/home/sadhan/ti/ccs1210/ccs/tools/compiler/ti-cgt-arm_20.2.7.LTS/lib/</path>
         <kind>archive</kind>
         <file>rtsv7M4_T_le_v4SPD16_eabi.lib</file>
         <name>strtoll.c.obj</name>
      </input_file>
      <input_file id="fl-f4">
         <path>/home/sadhan/ti/ccs1210/ccs/tools/compiler/ti-cgt-arm_20.2.7.LTS/lib/</path>
         <kind>archive</kind>
         <file>rtsv7M4_T_le_v4SPD16_eabi.lib</file>
         <name>strtoul.c.obj</name>
      </input_file>
      <input_file id="fl-f5">
         <path>/home/sadhan/ti/ccs1210/ccs/tools/compiler/ti-cgt-arm_20.2.7.LTS/lib/</path>
         <kind>archive</kind>
         <file>rtsv7M4_T_le_v4SPD16_eabi.lib</file>
         <name>strtoull.c.obj</name>
      </input_file>
      <input_file id="fl-f6">
         <path>/home/sadhan/ti/ccs1210/ccs/tools/compiler/ti-cgt-arm_20.2.7.LTS/lib/</path>
         <kind>archive</kind>
         <file>rtsv7M4_T_le_v4SPD16_eabi.lib</file>
         <name>errno.c.obj</name>
      </input_file>
      <input_file id="fl-f7">
         <path>/home/sadhan/ti/ccs1210/ccs/tools/compiler/ti-cgt-arm_20.2.7.LTS/lib/</path>
         <kind>archive</kind>
         <file>rtsv7M4_T_le_v4SPD16_eabi.lib</file>
         <name>wcslen.c.obj</name>
      </input_file>
      <input_file id="fl-f8">
         <path>/home/sadhan/ti/ccs1210/ccs/tools/compiler/ti-cgt-arm_20.2.7.LTS/lib/</path>
         <kind>archive</kind>
         <file>rtsv7M4_T_le_v4SPD16_eabi.lib</file>
         <name>s_frexp.c.obj</name>
      </input_file>
      <input_file id="fl-f9">
         <path>/home/sadhan/ti/ccs1210/ccs/tools/compiler/ti-cgt-arm_20.2.7.LTS/lib/</path>
         <kind>archive</kind>
         <file>rtsv7M4_T_le_v4SPD16_eabi.lib</file>
         <name>s_scalbn.c.obj</name>
      </input_file>
      <input_file id="fl-fa">
         <path>/home/sadhan/ti/ccs1210/ccs/tools/compiler/ti-cgt-arm_20.2.7.LTS/lib/</path>
         <kind>archive</kind>
         <file>rtsv7M4_T_le_v4SPD16_eabi.lib</file>
         <name>div0.asm.obj</name>
      </input_file>
      <input_file id="fl-fb">
         <path>/home/sadhan/ti/ccs1210/ccs/tools/compiler/ti-cgt-arm_20.2.7.LTS/lib/</path>
         <kind>archive</kind>
         <file>rtsv7M4_T_le_v4SPD16_eabi.lib</file>
         <name>ll_mul_t2.asm.obj</name>
      </input_file>
      <input_file id="fl-fc">
         <path>/home/sadhan/ti/ccs1210/ccs/tools/compiler/ti-cgt-arm_20.2.7.LTS/lib/</path>
         <kind>archive</kind>
         <file>rtsv7M4_T_le_v4SPD16_eabi.lib</file>
         <name>s_copysign.c.obj</name>
      </input_file>
   </input_file_list>
   <object_component_list>
      <object_component id="oc-12">
         <name>.intvecs</name>
         <load_address>0x0</load_address>
         <run_address>0x0</run_address>
         <size>0x26c</size>
         <input_file_ref idref="fl-e"/>
      </object_component>
      <object_component id="oc-14f">
         <name>.text</name>
         <load_address>0x26c</load_address>
         <run_address>0x26c</run_address>
         <size>0x1058</size>
         <input_file_ref idref="fl-c"/>
      </object_component>
      <object_component id="oc-12a">
         <name>.text</name>
         <load_address>0x12c4</load_address>
         <run_address>0x12c4</run_address>
         <size>0xbe0</size>
         <input_file_ref idref="fl-a"/>
      </object_component>
      <object_component id="oc-203">
         <name>.text:__TI_scanfi</name>
         <load_address>0x1ea4</load_address>
         <run_address>0x1ea4</run_address>
         <size>0xb14</size>
         <input_file_ref idref="fl-da"/>
      </object_component>
      <object_component id="oc-b2">
         <name>.text</name>
         <load_address>0x29b8</load_address>
         <run_address>0x29b8</run_address>
         <size>0xab0</size>
         <input_file_ref idref="fl-5"/>
      </object_component>
      <object_component id="oc-1c9">
         <name>.text:__TI_printfi</name>
         <load_address>0x3468</load_address>
         <run_address>0x3468</run_address>
         <size>0xa4e</size>
         <input_file_ref idref="fl-d9"/>
      </object_component>
      <object_component id="oc-36b">
         <name>.text:_nop</name>
         <load_address>0x3eb6</load_address>
         <run_address>0x3eb6</run_address>
         <size>0x2</size>
         <input_file_ref idref="fl-e7"/>
      </object_component>
      <object_component id="oc-e4">
         <name>.text</name>
         <load_address>0x3eb8</load_address>
         <run_address>0x3eb8</run_address>
         <size>0x808</size>
         <input_file_ref idref="fl-6"/>
      </object_component>
      <object_component id="oc-ea">
         <name>.text</name>
         <load_address>0x46c0</load_address>
         <run_address>0x46c0</run_address>
         <size>0x714</size>
         <input_file_ref idref="fl-4"/>
      </object_component>
      <object_component id="oc-fc">
         <name>.text</name>
         <load_address>0x4dd4</load_address>
         <run_address>0x4dd4</run_address>
         <size>0x484</size>
         <input_file_ref idref="fl-8"/>
      </object_component>
      <object_component id="oc-2fc">
         <name>.text:strtod</name>
         <load_address>0x5258</load_address>
         <run_address>0x5258</run_address>
         <size>0x460</size>
         <input_file_ref idref="fl-f1"/>
      </object_component>
      <object_component id="oc-149">
         <name>.text</name>
         <load_address>0x56b8</load_address>
         <run_address>0x56b8</run_address>
         <size>0x378</size>
         <input_file_ref idref="fl-10"/>
      </object_component>
      <object_component id="oc-2d">
         <name>.text</name>
         <load_address>0x5a30</load_address>
         <run_address>0x5a30</run_address>
         <size>0x338</size>
         <input_file_ref idref="fl-d"/>
      </object_component>
      <object_component id="oc-137">
         <name>.text</name>
         <load_address>0x5d68</load_address>
         <run_address>0x5d68</run_address>
         <size>0x2f4</size>
         <input_file_ref idref="fl-1"/>
      </object_component>
      <object_component id="oc-2b1">
         <name>.text:_pconv_a</name>
         <load_address>0x605c</load_address>
         <run_address>0x605c</run_address>
         <size>0x270</size>
         <input_file_ref idref="fl-d9"/>
      </object_component>
      <object_component id="oc-13d">
         <name>.text</name>
         <load_address>0x62cc</load_address>
         <run_address>0x62cc</run_address>
         <size>0x248</size>
         <input_file_ref idref="fl-9"/>
      </object_component>
      <object_component id="oc-30d">
         <name>.text:strtoll</name>
         <load_address>0x6514</load_address>
         <run_address>0x6514</run_address>
         <size>0x1dc</size>
         <input_file_ref idref="fl-f3"/>
      </object_component>
      <object_component id="oc-29f">
         <name>.text:_pconv_g</name>
         <load_address>0x66f0</load_address>
         <run_address>0x66f0</run_address>
         <size>0x1d0</size>
         <input_file_ref idref="fl-d9"/>
      </object_component>
      <object_component id="oc-3b2">
         <name>.text</name>
         <load_address>0x68c0</load_address>
         <run_address>0x68c0</run_address>
         <size>0x1b6</size>
         <input_file_ref idref="fl-db"/>
      </object_component>
      <object_component id="oc-430">
         <name>.text</name>
         <load_address>0x6a76</load_address>
         <run_address>0x6a76</run_address>
         <size>0x2</size>
         <input_file_ref idref="fl-fa"/>
      </object_component>
      <object_component id="oc-1b9">
         <name>.text</name>
         <load_address>0x6a78</load_address>
         <run_address>0x6a78</run_address>
         <size>0x160</size>
         <input_file_ref idref="fl-b"/>
      </object_component>
      <object_component id="oc-2f0">
         <name>.text:strtoull</name>
         <load_address>0x6bd8</load_address>
         <run_address>0x6bd8</run_address>
         <size>0x15c</size>
         <input_file_ref idref="fl-f5"/>
      </object_component>
      <object_component id="oc-143">
         <name>.text</name>
         <load_address>0x6d34</load_address>
         <run_address>0x6d34</run_address>
         <size>0x154</size>
         <input_file_ref idref="fl-7"/>
      </object_component>
      <object_component id="oc-2ab">
         <name>.text:_pconv_e</name>
         <load_address>0x6e88</load_address>
         <run_address>0x6e88</run_address>
         <size>0x13c</size>
         <input_file_ref idref="fl-d9"/>
      </object_component>
      <object_component id="oc-398">
         <name>.text</name>
         <load_address>0x6fc4</load_address>
         <run_address>0x6fc4</run_address>
         <size>0x136</size>
         <input_file_ref idref="fl-dd"/>
      </object_component>
      <object_component id="oc-307">
         <name>.text:strtol</name>
         <load_address>0x70fc</load_address>
         <run_address>0x70fc</run_address>
         <size>0x130</size>
         <input_file_ref idref="fl-f2"/>
      </object_component>
      <object_component id="oc-f0">
         <name>.text</name>
         <load_address>0x722c</load_address>
         <run_address>0x722c</run_address>
         <size>0x128</size>
         <input_file_ref idref="fl-f"/>
      </object_component>
      <object_component id="oc-3c4">
         <name>.text:fcvt</name>
         <load_address>0x7354</load_address>
         <run_address>0x7354</run_address>
         <size>0x124</size>
         <input_file_ref idref="fl-d9"/>
      </object_component>
      <object_component id="oc-3d8">
         <name>.text:scalbn</name>
         <load_address>0x7478</load_address>
         <run_address>0x7478</run_address>
         <size>0x110</size>
         <input_file_ref idref="fl-f9"/>
      </object_component>
      <object_component id="oc-2f6">
         <name>.text:strtoul</name>
         <load_address>0x7588</load_address>
         <run_address>0x7588</run_address>
         <size>0x110</size>
         <input_file_ref idref="fl-f4"/>
      </object_component>
      <object_component id="oc-393">
         <name>.text</name>
         <load_address>0x7698</load_address>
         <run_address>0x7698</run_address>
         <size>0xfc</size>
         <input_file_ref idref="fl-de"/>
      </object_component>
      <object_component id="oc-294">
         <name>.text:_ltostr</name>
         <load_address>0x7794</load_address>
         <run_address>0x7794</run_address>
         <size>0xb1</size>
         <input_file_ref idref="fl-d9"/>
      </object_component>
      <object_component id="oc-41">
         <name>.text</name>
         <load_address>0x7846</load_address>
         <run_address>0x7846</run_address>
         <size>0x9c</size>
         <input_file_ref idref="fl-cd"/>
      </object_component>
      <object_component id="oc-38c">
         <name>.text</name>
         <load_address>0x78e2</load_address>
         <run_address>0x78e2</run_address>
         <size>0x96</size>
         <input_file_ref idref="fl-e2"/>
      </object_component>
      <object_component id="oc-29a">
         <name>.text:__aeabi_cdcmple</name>
         <load_address>0x7978</load_address>
         <run_address>0x7978</run_address>
         <size>0x86</size>
         <input_file_ref idref="fl-dc"/>
      </object_component>
      <object_component id="oc-39d">
         <name>.text:__aeabi_cdrcmple</name>
         <load_address>0x79fe</load_address>
         <run_address>0x79fe</run_address>
         <size>0x86</size>
         <input_file_ref idref="fl-dc"/>
      </object_component>
      <object_component id="oc-102">
         <name>.text</name>
         <load_address>0x7a84</load_address>
         <run_address>0x7a84</run_address>
         <size>0x84</size>
         <input_file_ref idref="fl-3"/>
      </object_component>
      <object_component id="oc-a6">
         <name>.text</name>
         <load_address>0x7b08</load_address>
         <run_address>0x7b08</run_address>
         <size>0x7a</size>
         <input_file_ref idref="fl-ce"/>
      </object_component>
      <object_component id="oc-3bd">
         <name>.text:_mcpy</name>
         <load_address>0x7b82</load_address>
         <run_address>0x7b82</run_address>
         <size>0x6e</size>
         <input_file_ref idref="fl-d9"/>
      </object_component>
      <object_component id="oc-302">
         <name>.text</name>
         <load_address>0x7bf0</load_address>
         <run_address>0x7bf0</run_address>
         <size>0x6e</size>
         <input_file_ref idref="fl-e0"/>
      </object_component>
      <object_component id="oc-215">
         <name>.text:_chkmbc</name>
         <load_address>0x7c60</load_address>
         <run_address>0x7c60</run_address>
         <size>0x68</size>
         <input_file_ref idref="fl-cc"/>
      </object_component>
      <object_component id="oc-15">
         <name>.text:decompress:lzss:__TI_decompress_lzss</name>
         <load_address>0x7cc8</load_address>
         <run_address>0x7cc8</run_address>
         <size>0x68</size>
         <input_file_ref idref="fl-d1"/>
      </object_component>
      <object_component id="oc-3d2">
         <name>.text:frexp</name>
         <load_address>0x7d30</load_address>
         <run_address>0x7d30</run_address>
         <size>0x64</size>
         <input_file_ref idref="fl-f8"/>
      </object_component>
      <object_component id="oc-2a5">
         <name>.text:_pconv_f</name>
         <load_address>0x7d94</load_address>
         <run_address>0x7d94</run_address>
         <size>0x56</size>
         <input_file_ref idref="fl-d9"/>
      </object_component>
      <object_component id="oc-3a7">
         <name>.text:__TI_ltoa</name>
         <load_address>0x7dea</load_address>
         <run_address>0x7dea</run_address>
         <size>0x54</size>
         <input_file_ref idref="fl-e8"/>
      </object_component>
      <object_component id="oc-3b7">
         <name>.text:_ecpy</name>
         <load_address>0x7e3e</load_address>
         <run_address>0x7e3e</run_address>
         <size>0x52</size>
         <input_file_ref idref="fl-d9"/>
      </object_component>
      <object_component id="oc-28e">
         <name>.text:atoi</name>
         <load_address>0x7e90</load_address>
         <run_address>0x7e90</run_address>
         <size>0x4c</size>
         <input_file_ref idref="fl-ea"/>
      </object_component>
      <object_component id="oc-f6">
         <name>.text:snprintf</name>
         <load_address>0x7edc</load_address>
         <run_address>0x7edc</run_address>
         <size>0x4c</size>
         <input_file_ref idref="fl-cb"/>
      </object_component>
      <object_component id="oc-3a2">
         <name>.text</name>
         <load_address>0x7f28</load_address>
         <run_address>0x7f28</run_address>
         <size>0x48</size>
         <input_file_ref idref="fl-df"/>
      </object_component>
      <object_component id="oc-167">
         <name>.text:__TI_auto_init_nobinit_nopinit:__TI_auto_init_nobinit_nopinit</name>
         <load_address>0x7f70</load_address>
         <run_address>0x7f70</run_address>
         <size>0x44</size>
         <input_file_ref idref="fl-e3"/>
      </object_component>
      <object_component id="oc-114">
         <name>.text:strtok</name>
         <load_address>0x7fb4</load_address>
         <run_address>0x7fb4</run_address>
         <size>0x40</size>
         <input_file_ref idref="fl-d6"/>
      </object_component>
      <object_component id="oc-3ca">
         <name>.text:_fcpy</name>
         <load_address>0x7ff4</load_address>
         <run_address>0x7ff4</run_address>
         <size>0x3e</size>
         <input_file_ref idref="fl-d9"/>
      </object_component>
      <object_component id="oc-10e">
         <name>.text:sscanf</name>
         <load_address>0x8034</load_address>
         <run_address>0x8034</run_address>
         <size>0x38</size>
         <input_file_ref idref="fl-cc"/>
      </object_component>
      <object_component id="oc-5f">
         <name>.text:_c_int00_noargs:_c_int00_noargs</name>
         <load_address>0x806c</load_address>
         <run_address>0x806c</run_address>
         <size>0x34</size>
         <input_file_ref idref="fl-d8"/>
      </object_component>
      <object_component id="oc-252">
         <name>.text:rand</name>
         <load_address>0x80a0</load_address>
         <run_address>0x80a0</run_address>
         <size>0x34</size>
         <input_file_ref idref="fl-d3"/>
      </object_component>
      <object_component id="oc-1cf">
         <name>.text:_outs</name>
         <load_address>0x80d4</load_address>
         <run_address>0x80d4</run_address>
         <size>0x30</size>
         <input_file_ref idref="fl-cb"/>
      </object_component>
      <object_component id="oc-3ad">
         <name>.text</name>
         <load_address>0x8104</load_address>
         <run_address>0x8104</run_address>
         <size>0x2e</size>
         <input_file_ref idref="fl-e1"/>
      </object_component>
      <object_component id="oc-21d">
         <name>.text:strspn</name>
         <load_address>0x8132</load_address>
         <run_address>0x8132</run_address>
         <size>0x2a</size>
         <input_file_ref idref="fl-f0"/>
      </object_component>
      <object_component id="oc-258">
         <name>.text:srand</name>
         <load_address>0x815c</load_address>
         <run_address>0x815c</run_address>
         <size>0x24</size>
         <input_file_ref idref="fl-d3"/>
      </object_component>
      <object_component id="oc-223">
         <name>.text:strcspn</name>
         <load_address>0x8180</load_address>
         <run_address>0x8180</run_address>
         <size>0x24</size>
         <input_file_ref idref="fl-ee"/>
      </object_component>
      <object_component id="oc-131">
         <name>.text</name>
         <load_address>0x81a4</load_address>
         <run_address>0x81a4</run_address>
         <size>0x24</size>
         <input_file_ref idref="fl-11"/>
      </object_component>
      <object_component id="oc-4d">
         <name>.text:decompress:ZI:__TI_zero_init_nomemset:__TI_zero_init_nomemset</name>
         <load_address>0x81c8</load_address>
         <run_address>0x81c8</run_address>
         <size>0x1c</size>
         <input_file_ref idref="fl-cf"/>
      </object_component>
      <object_component id="oc-2b7">
         <name>.text:memccpy</name>
         <load_address>0x81e4</load_address>
         <run_address>0x81e4</run_address>
         <size>0x1c</size>
         <input_file_ref idref="fl-eb"/>
      </object_component>
      <object_component id="oc-449">
         <name>.text:copysign</name>
         <load_address>0x8200</load_address>
         <run_address>0x8200</run_address>
         <size>0x1a</size>
         <input_file_ref idref="fl-fc"/>
      </object_component>
      <object_component id="oc-1d5">
         <name>.text:_outc</name>
         <load_address>0x821a</load_address>
         <run_address>0x821a</run_address>
         <size>0x18</size>
         <input_file_ref idref="fl-cb"/>
      </object_component>
      <object_component id="oc-3fd">
         <name>.text</name>
         <load_address>0x8232</load_address>
         <run_address>0x8232</run_address>
         <size>0x18</size>
         <input_file_ref idref="fl-fb"/>
      </object_component>
      <object_component id="oc-11a">
         <name>.text:strcmp</name>
         <load_address>0x824a</load_address>
         <run_address>0x824a</run_address>
         <size>0x18</size>
         <input_file_ref idref="fl-d4"/>
      </object_component>
      <object_component id="oc-313">
         <name>.text:strrchr</name>
         <load_address>0x8262</load_address>
         <run_address>0x8262</run_address>
         <size>0x18</size>
         <input_file_ref idref="fl-ef"/>
      </object_component>
      <object_component id="oc-319">
         <name>.text:strchr</name>
         <load_address>0x827a</load_address>
         <run_address>0x827a</run_address>
         <size>0x16</size>
         <input_file_ref idref="fl-ec"/>
      </object_component>
      <object_component id="oc-2ea">
         <name>.text:strcpy</name>
         <load_address>0x8290</load_address>
         <run_address>0x8290</run_address>
         <size>0x14</size>
         <input_file_ref idref="fl-ed"/>
      </object_component>
      <object_component id="oc-124">
         <name>.text:strlen</name>
         <load_address>0x82a4</load_address>
         <run_address>0x82a4</run_address>
         <size>0x14</size>
         <input_file_ref idref="fl-d5"/>
      </object_component>
      <object_component id="oc-209">
         <name>.text:_inpchar</name>
         <load_address>0x82b8</load_address>
         <run_address>0x82b8</run_address>
         <size>0x12</size>
         <input_file_ref idref="fl-cc"/>
      </object_component>
      <object_component id="oc-2bd">
         <name>.text:wcslen</name>
         <load_address>0x82ca</load_address>
         <run_address>0x82ca</run_address>
         <size>0x12</size>
         <input_file_ref idref="fl-f7"/>
      </object_component>
      <object_component id="oc-de">
         <name>.text</name>
         <load_address>0x82dc</load_address>
         <run_address>0x82dc</run_address>
         <size>0x10</size>
         <input_file_ref idref="fl-2"/>
      </object_component>
      <object_component id="oc-108">
         <name>.text:tolower</name>
         <load_address>0x82ec</load_address>
         <run_address>0x82ec</run_address>
         <size>0x10</size>
         <input_file_ref idref="fl-d7"/>
      </object_component>
      <object_component id="oc-1b">
         <name>.text:decompress:none:__TI_decompress_none</name>
         <load_address>0x82fc</load_address>
         <run_address>0x82fc</run_address>
         <size>0xe</size>
         <input_file_ref idref="fl-d0"/>
      </object_component>
      <object_component id="oc-27">
         <name>.text</name>
         <load_address>0x830a</load_address>
         <run_address>0x830a</run_address>
         <size>0xc</size>
         <input_file_ref idref="fl-e"/>
      </object_component>
      <object_component id="oc-2c3">
         <name>.text:__aeabi_errno_addr</name>
         <load_address>0x8318</load_address>
         <run_address>0x8318</run_address>
         <size>0x8</size>
         <input_file_ref idref="fl-f6"/>
      </object_component>
      <object_component id="oc-20f">
         <name>.text:_uninpchar</name>
         <load_address>0x8320</load_address>
         <run_address>0x8320</run_address>
         <size>0x8</size>
         <input_file_ref idref="fl-cc"/>
      </object_component>
      <object_component id="oc-ac">
         <name>.text:_system_pre_init</name>
         <load_address>0x8328</load_address>
         <run_address>0x8328</run_address>
         <size>0x4</size>
         <input_file_ref idref="fl-e4"/>
      </object_component>
      <object_component id="oc-15b">
         <name>.text:abort:abort</name>
         <load_address>0x832c</load_address>
         <run_address>0x832c</run_address>
         <size>0x4</size>
         <input_file_ref idref="fl-e6"/>
      </object_component>
      <object_component id="oc-1fe">
         <name>.const:.string:_ctypes_</name>
         <load_address>0x8330</load_address>
         <run_address>0x8330</run_address>
         <size>0x101</size>
         <input_file_ref idref="fl-d2"/>
      </object_component>
      <object_component id="oc-406">
         <name>.const:$O1$$</name>
         <load_address>0x8438</load_address>
         <run_address>0x8438</run_address>
         <size>0xc8</size>
         <input_file_ref idref="fl-f1"/>
      </object_component>
      <object_component id="oc-31f">
         <name>.const:$O1$$</name>
         <load_address>0x8500</load_address>
         <run_address>0x8500</run_address>
         <size>0x10</size>
         <input_file_ref idref="fl-da"/>
      </object_component>
      <object_component id="oc-4ae">
         <name>.cinit..data.load</name>
         <load_address>0x8510</load_address>
         <run_address>0x8510</run_address>
         <size>0x1d</size>
      </object_component>
      <object_component id="oc-4ac">
         <name>__TI_handler_table</name>
         <load_address>0x8530</load_address>
         <run_address>0x8530</run_address>
         <size>0xc</size>
      </object_component>
      <object_component id="oc-4af">
         <name>.cinit..bss.load</name>
         <load_address>0x8540</load_address>
         <run_address>0x8540</run_address>
         <size>0x8</size>
      </object_component>
      <object_component id="oc-4ad">
         <name>__TI_cinit_table</name>
         <load_address>0x8548</load_address>
         <run_address>0x8548</run_address>
         <size>0x10</size>
      </object_component>
      <object_component id="oc-1bf">
         <name>.data</name>
         <load_address>0x2000219c</load_address>
         <run_address>0x2000219c</run_address>
         <size>0x3</size>
         <input_file_ref idref="fl-4"/>
      </object_component>
      <object_component id="oc-1c2">
         <name>.data:hwAddress</name>
         <load_address>0x20002174</load_address>
         <run_address>0x20002174</run_address>
         <size>0x6</size>
         <input_file_ref idref="fl-4"/>
      </object_component>
      <object_component id="oc-120">
         <name>.data</name>
         <load_address>0x20002142</load_address>
         <run_address>0x20002142</run_address>
         <size>0x1</size>
         <input_file_ref idref="fl-5"/>
      </object_component>
      <object_component id="oc-1ec">
         <name>.data:ipAddress</name>
         <load_address>0x2000217a</load_address>
         <run_address>0x2000217a</run_address>
         <size>0x4</size>
         <input_file_ref idref="fl-8"/>
      </object_component>
      <object_component id="oc-1ef">
         <name>.data:ipSubnetMask</name>
         <load_address>0x20002186</load_address>
         <run_address>0x20002186</run_address>
         <size>0x4</size>
         <input_file_ref idref="fl-8"/>
      </object_component>
      <object_component id="oc-1f2">
         <name>.data:ipGwAddress</name>
         <load_address>0x20002182</load_address>
         <run_address>0x20002182</run_address>
         <size>0x4</size>
         <input_file_ref idref="fl-8"/>
      </object_component>
      <object_component id="oc-1f5">
         <name>.data:ipDnsAddress</name>
         <load_address>0x2000217e</load_address>
         <run_address>0x2000217e</run_address>
         <size>0x4</size>
         <input_file_ref idref="fl-8"/>
      </object_component>
      <object_component id="oc-1f8">
         <name>.data:ipTimeServerAddress</name>
         <load_address>0x2000218a</load_address>
         <run_address>0x2000218a</run_address>
         <size>0x4</size>
         <input_file_ref idref="fl-8"/>
      </object_component>
      <object_component id="oc-241">
         <name>.data</name>
         <load_address>0x2000219f</load_address>
         <run_address>0x2000219f</run_address>
         <size>0x3</size>
         <input_file_ref idref="fl-9"/>
      </object_component>
      <object_component id="oc-237">
         <name>.data</name>
         <load_address>0x200021a2</load_address>
         <run_address>0x200021a2</run_address>
         <size>0x3</size>
         <input_file_ref idref="fl-a"/>
      </object_component>
      <object_component id="oc-234">
         <name>.data:mqttMcb</name>
         <load_address>0x200020dc</load_address>
         <run_address>0x200020dc</run_address>
         <size>0x46</size>
         <input_file_ref idref="fl-a"/>
      </object_component>
      <object_component id="oc-23a">
         <name>.data:mqttRxBuffer</name>
         <load_address>0x20002122</load_address>
         <run_address>0x20002122</run_address>
         <size>0x20</size>
         <input_file_ref idref="fl-a"/>
      </object_component>
      <object_component id="oc-244">
         <name>.data:socketConns</name>
         <load_address>0x20002144</load_address>
         <run_address>0x20002144</run_address>
         <size>0x1c</size>
         <input_file_ref idref="fl-c"/>
      </object_component>
      <object_component id="oc-25e">
         <name>.data</name>
         <load_address>0x20002160</load_address>
         <run_address>0x20002160</run_address>
         <size>0xa</size>
         <input_file_ref idref="fl-c"/>
      </object_component>
      <object_component id="oc-35f">
         <name>.data</name>
         <load_address>0x20002194</load_address>
         <run_address>0x20002194</run_address>
         <size>0x4</size>
         <input_file_ref idref="fl-d3"/>
      </object_component>
      <object_component id="oc-229">
         <name>.data</name>
         <load_address>0x20002198</load_address>
         <run_address>0x20002198</run_address>
         <size>0x4</size>
         <input_file_ref idref="fl-d6"/>
      </object_component>
      <object_component id="oc-267">
         <name>.data:$O1$$</name>
         <load_address>0x2000216c</load_address>
         <run_address>0x2000216c</run_address>
         <size>0x8</size>
         <input_file_ref idref="fl-e7"/>
      </object_component>
      <object_component id="oc-3e8">
         <name>.data</name>
         <load_address>0x20002190</load_address>
         <run_address>0x20002190</run_address>
         <size>0x4</size>
         <input_file_ref idref="fl-f6"/>
      </object_component>
      <object_component id="oc-123">
         <name>.common:strInput</name>
         <uninitialized>true</uninitialized>
         <run_address>0x20002000</run_address>
         <size>0x54</size>
      </object_component>
      <object_component id="oc-130">
         <name>.common:token</name>
         <uninitialized>true</uninitialized>
         <run_address>0x200020d8</run_address>
         <size>0x4</size>
      </object_component>
      <object_component id="oc-78">
         <name>.common:fn</name>
         <uninitialized>true</uninitialized>
         <run_address>0x20002054</run_address>
         <size>0x28</size>
      </object_component>
      <object_component id="oc-74">
         <name>.common:period</name>
         <uninitialized>true</uninitialized>
         <run_address>0x2000207c</run_address>
         <size>0x28</size>
      </object_component>
      <object_component id="oc-77">
         <name>.common:ticks</name>
         <uninitialized>true</uninitialized>
         <run_address>0x200020a4</run_address>
         <size>0x28</size>
      </object_component>
      <object_component id="oc-79">
         <name>.common:reload</name>
         <uninitialized>true</uninitialized>
         <run_address>0x200020cc</run_address>
         <size>0xc</size>
      </object_component>
      <object_component id="oc-24">
         <name>.stack</name>
         <uninitialized>true</uninitialized>
         <run_address>0x20000000</run_address>
         <size>0x4</size>
         <input_file_ref idref="fl-d8"/>
      </object_component>
      <object_component id="oc-4b1">
         <name>.stack</name>
         <uninitialized>true</uninitialized>
         <run_address>0x20000000</run_address>
         <size>0x0</size>
      </object_component>
      <object_component id="oc-cd">
         <name>.debug_info</name>
         <load_address>0x0</load_address>
         <run_address>0x0</run_address>
         <size>0x353</size>
         <input_file_ref idref="fl-1"/>
      </object_component>
      <object_component id="oc-138">
         <name>.debug_info</name>
         <load_address>0x353</load_address>
         <run_address>0x353</run_address>
         <size>0x4b7</size>
         <input_file_ref idref="fl-1"/>
      </object_component>
      <object_component id="oc-8c">
         <name>.debug_info</name>
         <load_address>0x80a</load_address>
         <run_address>0x80a</run_address>
         <size>0x26b</size>
         <input_file_ref idref="fl-1"/>
      </object_component>
      <object_component id="oc-80">
         <name>.debug_info</name>
         <load_address>0xa75</load_address>
         <run_address>0xa75</run_address>
         <size>0x8b</size>
         <input_file_ref idref="fl-1"/>
      </object_component>
      <object_component id="oc-c6">
         <name>.debug_info</name>
         <load_address>0xb00</load_address>
         <run_address>0xb00</run_address>
         <size>0x2a4</size>
         <input_file_ref idref="fl-1"/>
      </object_component>
      <object_component id="oc-7b">
         <name>.debug_info</name>
         <load_address>0xda4</load_address>
         <run_address>0xda4</run_address>
         <size>0xbb</size>
         <input_file_ref idref="fl-1"/>
      </object_component>
      <object_component id="oc-1aa">
         <name>.debug_info</name>
         <load_address>0xe5f</load_address>
         <run_address>0xe5f</run_address>
         <size>0xcc</size>
         <input_file_ref idref="fl-1"/>
      </object_component>
      <object_component id="oc-1e7">
         <name>.debug_info</name>
         <load_address>0xf2b</load_address>
         <run_address>0xf2b</run_address>
         <size>0x2c</size>
         <input_file_ref idref="fl-1"/>
      </object_component>
      <object_component id="oc-1b1">
         <name>.debug_info</name>
         <load_address>0xf57</load_address>
         <run_address>0xf57</run_address>
         <size>0xee</size>
         <input_file_ref idref="fl-1"/>
      </object_component>
      <object_component id="oc-19b">
         <name>.debug_info</name>
         <load_address>0x1045</load_address>
         <run_address>0x1045</run_address>
         <size>0xe1</size>
         <input_file_ref idref="fl-1"/>
      </object_component>
      <object_component id="oc-156">
         <name>.debug_info</name>
         <load_address>0x1126</load_address>
         <run_address>0x1126</run_address>
         <size>0x1c1</size>
         <input_file_ref idref="fl-1"/>
      </object_component>
      <object_component id="oc-df">
         <name>.debug_info</name>
         <load_address>0x12e7</load_address>
         <run_address>0x12e7</run_address>
         <size>0x11b</size>
         <input_file_ref idref="fl-2"/>
      </object_component>
      <object_component id="oc-3c">
         <name>.debug_info</name>
         <load_address>0x1402</load_address>
         <run_address>0x1402</run_address>
         <size>0x84</size>
         <input_file_ref idref="fl-2"/>
      </object_component>
      <object_component id="oc-103">
         <name>.debug_info</name>
         <load_address>0x1486</load_address>
         <run_address>0x1486</run_address>
         <size>0x203</size>
         <input_file_ref idref="fl-3"/>
      </object_component>
      <object_component id="oc-1c6">
         <name>.debug_info</name>
         <load_address>0x1689</load_address>
         <run_address>0x1689</run_address>
         <size>0x465</size>
         <input_file_ref idref="fl-4"/>
      </object_component>
      <object_component id="oc-1c0">
         <name>.debug_info</name>
         <load_address>0x1aee</load_address>
         <run_address>0x1aee</run_address>
         <size>0x12c</size>
         <input_file_ref idref="fl-4"/>
      </object_component>
      <object_component id="oc-1c3">
         <name>.debug_info</name>
         <load_address>0x1c1a</load_address>
         <run_address>0x1c1a</run_address>
         <size>0xd4</size>
         <input_file_ref idref="fl-4"/>
      </object_component>
      <object_component id="oc-eb">
         <name>.debug_info</name>
         <load_address>0x1cee</load_address>
         <run_address>0x1cee</run_address>
         <size>0x1885</size>
         <input_file_ref idref="fl-4"/>
      </object_component>
      <object_component id="oc-1a5">
         <name>.debug_info</name>
         <load_address>0x3573</load_address>
         <run_address>0x3573</run_address>
         <size>0x88</size>
         <input_file_ref idref="fl-4"/>
      </object_component>
      <object_component id="oc-cb">
         <name>.debug_info</name>
         <load_address>0x35fb</load_address>
         <run_address>0x35fb</run_address>
         <size>0xf46</size>
         <input_file_ref idref="fl-5"/>
      </object_component>
      <object_component id="oc-121">
         <name>.debug_info</name>
         <load_address>0x4541</load_address>
         <run_address>0x4541</run_address>
         <size>0xd0</size>
         <input_file_ref idref="fl-5"/>
      </object_component>
      <object_component id="oc-b3">
         <name>.debug_info</name>
         <load_address>0x4611</load_address>
         <run_address>0x4611</run_address>
         <size>0x10bc</size>
         <input_file_ref idref="fl-5"/>
      </object_component>
      <object_component id="oc-33b">
         <name>.debug_info</name>
         <load_address>0x56cd</load_address>
         <run_address>0x56cd</run_address>
         <size>0x22e</size>
         <input_file_ref idref="fl-5"/>
      </object_component>
      <object_component id="oc-249">
         <name>.debug_info</name>
         <load_address>0x58fb</load_address>
         <run_address>0x58fb</run_address>
         <size>0x48</size>
         <input_file_ref idref="fl-5"/>
      </object_component>
      <object_component id="oc-346">
         <name>.debug_info</name>
         <load_address>0x5943</load_address>
         <run_address>0x5943</run_address>
         <size>0x159</size>
         <input_file_ref idref="fl-5"/>
      </object_component>
      <object_component id="oc-85">
         <name>.debug_info</name>
         <load_address>0x5a9c</load_address>
         <run_address>0x5a9c</run_address>
         <size>0x2c</size>
         <input_file_ref idref="fl-5"/>
      </object_component>
      <object_component id="oc-353">
         <name>.debug_info</name>
         <load_address>0x5ac8</load_address>
         <run_address>0x5ac8</run_address>
         <size>0xb2</size>
         <input_file_ref idref="fl-5"/>
      </object_component>
      <object_component id="oc-35a">
         <name>.debug_info</name>
         <load_address>0x5b7a</load_address>
         <run_address>0x5b7a</run_address>
         <size>0x9e</size>
         <input_file_ref idref="fl-5"/>
      </object_component>
      <object_component id="oc-1a0">
         <name>.debug_info</name>
         <load_address>0x5c18</load_address>
         <run_address>0x5c18</run_address>
         <size>0x35</size>
         <input_file_ref idref="fl-5"/>
      </object_component>
      <object_component id="oc-1b8">
         <name>.debug_info</name>
         <load_address>0x5c4d</load_address>
         <run_address>0x5c4d</run_address>
         <size>0x263</size>
         <input_file_ref idref="fl-6"/>
      </object_component>
      <object_component id="oc-e5">
         <name>.debug_info</name>
         <load_address>0x5eb0</load_address>
         <run_address>0x5eb0</run_address>
         <size>0x10e9</size>
         <input_file_ref idref="fl-6"/>
      </object_component>
      <object_component id="oc-24f">
         <name>.debug_info</name>
         <load_address>0x6f99</load_address>
         <run_address>0x6f99</run_address>
         <size>0x35a</size>
         <input_file_ref idref="fl-7"/>
      </object_component>
      <object_component id="oc-144">
         <name>.debug_info</name>
         <load_address>0x72f3</load_address>
         <run_address>0x72f3</run_address>
         <size>0x2d1</size>
         <input_file_ref idref="fl-7"/>
      </object_component>
      <object_component id="oc-1fc">
         <name>.debug_info</name>
         <load_address>0x75c4</load_address>
         <run_address>0x75c4</run_address>
         <size>0x2cc</size>
         <input_file_ref idref="fl-8"/>
      </object_component>
      <object_component id="oc-1ed">
         <name>.debug_info</name>
         <load_address>0x7890</load_address>
         <run_address>0x7890</run_address>
         <size>0xd2</size>
         <input_file_ref idref="fl-8"/>
      </object_component>
      <object_component id="oc-1f0">
         <name>.debug_info</name>
         <load_address>0x7962</load_address>
         <run_address>0x7962</run_address>
         <size>0xd8</size>
         <input_file_ref idref="fl-8"/>
      </object_component>
      <object_component id="oc-1f3">
         <name>.debug_info</name>
         <load_address>0x7a3a</load_address>
         <run_address>0x7a3a</run_address>
         <size>0xd6</size>
         <input_file_ref idref="fl-8"/>
      </object_component>
      <object_component id="oc-1f6">
         <name>.debug_info</name>
         <load_address>0x7b10</load_address>
         <run_address>0x7b10</run_address>
         <size>0xd8</size>
         <input_file_ref idref="fl-8"/>
      </object_component>
      <object_component id="oc-1f9">
         <name>.debug_info</name>
         <load_address>0x7be8</load_address>
         <run_address>0x7be8</run_address>
         <size>0xe6</size>
         <input_file_ref idref="fl-8"/>
      </object_component>
      <object_component id="oc-fd">
         <name>.debug_info</name>
         <load_address>0x7cce</load_address>
         <run_address>0x7cce</run_address>
         <size>0xa6f</size>
         <input_file_ref idref="fl-8"/>
      </object_component>
      <object_component id="oc-248">
         <name>.debug_info</name>
         <load_address>0x873d</load_address>
         <run_address>0x873d</run_address>
         <size>0x48e</size>
         <input_file_ref idref="fl-9"/>
      </object_component>
      <object_component id="oc-242">
         <name>.debug_info</name>
         <load_address>0x8bcb</load_address>
         <run_address>0x8bcb</run_address>
         <size>0x14a</size>
         <input_file_ref idref="fl-9"/>
      </object_component>
      <object_component id="oc-13e">
         <name>.debug_info</name>
         <load_address>0x8d15</load_address>
         <run_address>0x8d15</run_address>
         <size>0x624</size>
         <input_file_ref idref="fl-9"/>
      </object_component>
      <object_component id="oc-23e">
         <name>.debug_info</name>
         <load_address>0x9339</load_address>
         <run_address>0x9339</run_address>
         <size>0x3fb</size>
         <input_file_ref idref="fl-a"/>
      </object_component>
      <object_component id="oc-238">
         <name>.debug_info</name>
         <load_address>0x9734</load_address>
         <run_address>0x9734</run_address>
         <size>0x108</size>
         <input_file_ref idref="fl-a"/>
      </object_component>
      <object_component id="oc-235">
         <name>.debug_info</name>
         <load_address>0x983c</load_address>
         <run_address>0x983c</run_address>
         <size>0xcf</size>
         <input_file_ref idref="fl-a"/>
      </object_component>
      <object_component id="oc-23b">
         <name>.debug_info</name>
         <load_address>0x990b</load_address>
         <run_address>0x990b</run_address>
         <size>0xd9</size>
         <input_file_ref idref="fl-a"/>
      </object_component>
      <object_component id="oc-12b">
         <name>.debug_info</name>
         <load_address>0x99e4</load_address>
         <run_address>0x99e4</run_address>
         <size>0x1026</size>
         <input_file_ref idref="fl-a"/>
      </object_component>
      <object_component id="oc-1ba">
         <name>.debug_info</name>
         <load_address>0xaa0a</load_address>
         <run_address>0xaa0a</run_address>
         <size>0x455</size>
         <input_file_ref idref="fl-b"/>
      </object_component>
      <object_component id="oc-262">
         <name>.debug_info</name>
         <load_address>0xae5f</load_address>
         <run_address>0xae5f</run_address>
         <size>0x683</size>
         <input_file_ref idref="fl-c"/>
      </object_component>
      <object_component id="oc-245">
         <name>.debug_info</name>
         <load_address>0xb4e2</load_address>
         <run_address>0xb4e2</run_address>
         <size>0xd7</size>
         <input_file_ref idref="fl-c"/>
      </object_component>
      <object_component id="oc-25f">
         <name>.debug_info</name>
         <load_address>0xb5b9</load_address>
         <run_address>0xb5b9</run_address>
         <size>0x150</size>
         <input_file_ref idref="fl-c"/>
      </object_component>
      <object_component id="oc-150">
         <name>.debug_info</name>
         <load_address>0xb709</load_address>
         <run_address>0xb709</run_address>
         <size>0x1a41</size>
         <input_file_ref idref="fl-c"/>
      </object_component>
      <object_component id="oc-75">
         <name>.debug_info</name>
         <load_address>0xd14a</load_address>
         <run_address>0xd14a</run_address>
         <size>0x328</size>
         <input_file_ref idref="fl-d"/>
      </object_component>
      <object_component id="oc-2e">
         <name>.debug_info</name>
         <load_address>0xd472</load_address>
         <run_address>0xd472</run_address>
         <size>0x4aa</size>
         <input_file_ref idref="fl-d"/>
      </object_component>
      <object_component id="oc-35">
         <name>.debug_info</name>
         <load_address>0xd91c</load_address>
         <run_address>0xd91c</run_address>
         <size>0x2c5</size>
         <input_file_ref idref="fl-e"/>
      </object_component>
      <object_component id="oc-13">
         <name>.debug_info</name>
         <load_address>0xdbe1</load_address>
         <run_address>0xdbe1</run_address>
         <size>0xee</size>
         <input_file_ref idref="fl-e"/>
      </object_component>
      <object_component id="oc-28">
         <name>.debug_info</name>
         <load_address>0xdccf</load_address>
         <run_address>0xdccf</run_address>
         <size>0x26a</size>
         <input_file_ref idref="fl-e"/>
      </object_component>
      <object_component id="oc-1c8">
         <name>.debug_info</name>
         <load_address>0xdf39</load_address>
         <run_address>0xdf39</run_address>
         <size>0x34e</size>
         <input_file_ref idref="fl-f"/>
      </object_component>
      <object_component id="oc-f1">
         <name>.debug_info</name>
         <load_address>0xe287</load_address>
         <run_address>0xe287</run_address>
         <size>0x3c7</size>
         <input_file_ref idref="fl-f"/>
      </object_component>
      <object_component id="oc-251">
         <name>.debug_info</name>
         <load_address>0xe64e</load_address>
         <run_address>0xe64e</run_address>
         <size>0x3f3</size>
         <input_file_ref idref="fl-10"/>
      </object_component>
      <object_component id="oc-14a">
         <name>.debug_info</name>
         <load_address>0xea41</load_address>
         <run_address>0xea41</run_address>
         <size>0x615</size>
         <input_file_ref idref="fl-10"/>
      </object_component>
      <object_component id="oc-132">
         <name>.debug_info</name>
         <load_address>0xf056</load_address>
         <run_address>0xf056</run_address>
         <size>0x125</size>
         <input_file_ref idref="fl-11"/>
      </object_component>
      <object_component id="oc-1dc">
         <name>.debug_info</name>
         <load_address>0xf17b</load_address>
         <run_address>0xf17b</run_address>
         <size>0x33a</size>
         <input_file_ref idref="fl-cb"/>
      </object_component>
      <object_component id="oc-f7">
         <name>.debug_info</name>
         <load_address>0xf4b5</load_address>
         <run_address>0xf4b5</run_address>
         <size>0x1ee</size>
         <input_file_ref idref="fl-cb"/>
      </object_component>
      <object_component id="oc-1d0">
         <name>.debug_info</name>
         <load_address>0xf6a3</load_address>
         <run_address>0xf6a3</run_address>
         <size>0x1c3</size>
         <input_file_ref idref="fl-cb"/>
      </object_component>
      <object_component id="oc-1d9">
         <name>.debug_info</name>
         <load_address>0xf866</load_address>
         <run_address>0xf866</run_address>
         <size>0x176</size>
         <input_file_ref idref="fl-cb"/>
      </object_component>
      <object_component id="oc-1dd">
         <name>.debug_info</name>
         <load_address>0xf9dc</load_address>
         <run_address>0xf9dc</run_address>
         <size>0x2c</size>
         <input_file_ref idref="fl-cb"/>
      </object_component>
      <object_component id="oc-1e2">
         <name>.debug_info</name>
         <load_address>0xfa08</load_address>
         <run_address>0xfa08</run_address>
         <size>0x69</size>
         <input_file_ref idref="fl-cb"/>
      </object_component>
      <object_component id="oc-21c">
         <name>.debug_info</name>
         <load_address>0xfa71</load_address>
         <run_address>0xfa71</run_address>
         <size>0x37a</size>
         <input_file_ref idref="fl-cc"/>
      </object_component>
      <object_component id="oc-10f">
         <name>.debug_info</name>
         <load_address>0xfdeb</load_address>
         <run_address>0xfdeb</run_address>
         <size>0x17e</size>
         <input_file_ref idref="fl-cc"/>
      </object_component>
      <object_component id="oc-210">
         <name>.debug_info</name>
         <load_address>0xff69</load_address>
         <run_address>0xff69</run_address>
         <size>0x171</size>
         <input_file_ref idref="fl-cc"/>
      </object_component>
      <object_component id="oc-20a">
         <name>.debug_info</name>
         <load_address>0x100da</load_address>
         <run_address>0x100da</run_address>
         <size>0x17e</size>
         <input_file_ref idref="fl-cc"/>
      </object_component>
      <object_component id="oc-216">
         <name>.debug_info</name>
         <load_address>0x10258</load_address>
         <run_address>0x10258</run_address>
         <size>0x1de</size>
         <input_file_ref idref="fl-cc"/>
      </object_component>
      <object_component id="oc-42">
         <name>.debug_info</name>
         <load_address>0x10436</load_address>
         <run_address>0x10436</run_address>
         <size>0x119</size>
         <input_file_ref idref="fl-cd"/>
      </object_component>
      <object_component id="oc-a7">
         <name>.debug_info</name>
         <load_address>0x1054f</load_address>
         <run_address>0x1054f</run_address>
         <size>0x147</size>
         <input_file_ref idref="fl-ce"/>
      </object_component>
      <object_component id="oc-a5">
         <name>.debug_info</name>
         <load_address>0x10696</load_address>
         <run_address>0x10696</run_address>
         <size>0x2d4</size>
         <input_file_ref idref="fl-cf"/>
      </object_component>
      <object_component id="oc-4e">
         <name>.debug_info</name>
         <load_address>0x1096a</load_address>
         <run_address>0x1096a</run_address>
         <size>0x1d2</size>
         <input_file_ref idref="fl-cf"/>
      </object_component>
      <object_component id="oc-a0">
         <name>.debug_info</name>
         <load_address>0x10b3c</load_address>
         <run_address>0x10b3c</run_address>
         <size>0x46</size>
         <input_file_ref idref="fl-cf"/>
      </object_component>
      <object_component id="oc-d5">
         <name>.debug_info</name>
         <load_address>0x10b82</load_address>
         <run_address>0x10b82</run_address>
         <size>0x2c</size>
         <input_file_ref idref="fl-cf"/>
      </object_component>
      <object_component id="oc-4c">
         <name>.debug_info</name>
         <load_address>0x10bae</load_address>
         <run_address>0x10bae</run_address>
         <size>0x2a8</size>
         <input_file_ref idref="fl-d0"/>
      </object_component>
      <object_component id="oc-1c">
         <name>.debug_info</name>
         <load_address>0x10e56</load_address>
         <run_address>0x10e56</run_address>
         <size>0x1ea</size>
         <input_file_ref idref="fl-d0"/>
      </object_component>
      <object_component id="oc-47">
         <name>.debug_info</name>
         <load_address>0x11040</load_address>
         <run_address>0x11040</run_address>
         <size>0x46</size>
         <input_file_ref idref="fl-d0"/>
      </object_component>
      <object_component id="oc-98">
         <name>.debug_info</name>
         <load_address>0x11086</load_address>
         <run_address>0x11086</run_address>
         <size>0x2c</size>
         <input_file_ref idref="fl-d0"/>
      </object_component>
      <object_component id="oc-96">
         <name>.debug_info</name>
         <load_address>0x110b2</load_address>
         <run_address>0x110b2</run_address>
         <size>0x29e</size>
         <input_file_ref idref="fl-d1"/>
      </object_component>
      <object_component id="oc-16">
         <name>.debug_info</name>
         <load_address>0x11350</load_address>
         <run_address>0x11350</run_address>
         <size>0x250</size>
         <input_file_ref idref="fl-d1"/>
      </object_component>
      <object_component id="oc-37">
         <name>.debug_info</name>
         <load_address>0x115a0</load_address>
         <run_address>0x115a0</run_address>
         <size>0x60</size>
         <input_file_ref idref="fl-d1"/>
      </object_component>
      <object_component id="oc-ce">
         <name>.debug_info</name>
         <load_address>0x11600</load_address>
         <run_address>0x11600</run_address>
         <size>0x46</size>
         <input_file_ref idref="fl-d1"/>
      </object_component>
      <object_component id="oc-91">
         <name>.debug_info</name>
         <load_address>0x11646</load_address>
         <run_address>0x11646</run_address>
         <size>0x39</size>
         <input_file_ref idref="fl-d1"/>
      </object_component>
      <object_component id="oc-2e7">
         <name>.debug_info</name>
         <load_address>0x1167f</load_address>
         <run_address>0x1167f</run_address>
         <size>0xf9</size>
         <input_file_ref idref="fl-d2"/>
      </object_component>
      <object_component id="oc-1ff">
         <name>.debug_info</name>
         <load_address>0x11778</load_address>
         <run_address>0x11778</run_address>
         <size>0x105</size>
         <input_file_ref idref="fl-d2"/>
      </object_component>
      <object_component id="oc-364">
         <name>.debug_info</name>
         <load_address>0x1187d</load_address>
         <run_address>0x1187d</run_address>
         <size>0x2ba</size>
         <input_file_ref idref="fl-d3"/>
      </object_component>
      <object_component id="oc-360">
         <name>.debug_info</name>
         <load_address>0x11b37</load_address>
         <run_address>0x11b37</run_address>
         <size>0xfb</size>
         <input_file_ref idref="fl-d3"/>
      </object_component>
      <object_component id="oc-259">
         <name>.debug_info</name>
         <load_address>0x11c32</load_address>
         <run_address>0x11c32</run_address>
         <size>0x15d</size>
         <input_file_ref idref="fl-d3"/>
      </object_component>
      <object_component id="oc-253">
         <name>.debug_info</name>
         <load_address>0x11d8f</load_address>
         <run_address>0x11d8f</run_address>
         <size>0x13d</size>
         <input_file_ref idref="fl-d3"/>
      </object_component>
      <object_component id="oc-22f">
         <name>.debug_info</name>
         <load_address>0x11ecc</load_address>
         <run_address>0x11ecc</run_address>
         <size>0x28a</size>
         <input_file_ref idref="fl-d4"/>
      </object_component>
      <object_component id="oc-11b">
         <name>.debug_info</name>
         <load_address>0x12156</load_address>
         <run_address>0x12156</run_address>
         <size>0x273</size>
         <input_file_ref idref="fl-d4"/>
      </object_component>
      <object_component id="oc-233">
         <name>.debug_info</name>
         <load_address>0x123c9</load_address>
         <run_address>0x123c9</run_address>
         <size>0x28f</size>
         <input_file_ref idref="fl-d5"/>
      </object_component>
      <object_component id="oc-125">
         <name>.debug_info</name>
         <load_address>0x12658</load_address>
         <run_address>0x12658</run_address>
         <size>0x245</size>
         <input_file_ref idref="fl-d5"/>
      </object_component>
      <object_component id="oc-22d">
         <name>.debug_info</name>
         <load_address>0x1289d</load_address>
         <run_address>0x1289d</run_address>
         <size>0x2fe</size>
         <input_file_ref idref="fl-d6"/>
      </object_component>
      <object_component id="oc-22a">
         <name>.debug_info</name>
         <load_address>0x12b9b</load_address>
         <run_address>0x12b9b</run_address>
         <size>0x105</size>
         <input_file_ref idref="fl-d6"/>
      </object_component>
      <object_component id="oc-115">
         <name>.debug_info</name>
         <load_address>0x12ca0</load_address>
         <run_address>0x12ca0</run_address>
         <size>0x1ab</size>
         <input_file_ref idref="fl-d6"/>
      </object_component>
      <object_component id="oc-202">
         <name>.debug_info</name>
         <load_address>0x12e4b</load_address>
         <run_address>0x12e4b</run_address>
         <size>0x2b6</size>
         <input_file_ref idref="fl-d7"/>
      </object_component>
      <object_component id="oc-109">
         <name>.debug_info</name>
         <load_address>0x13101</load_address>
         <run_address>0x13101</run_address>
         <size>0x154</size>
         <input_file_ref idref="fl-d7"/>
      </object_component>
      <object_component id="oc-25">
         <name>.debug_info</name>
         <load_address>0x13255</load_address>
         <run_address>0x13255</run_address>
         <size>0x10b</size>
         <input_file_ref idref="fl-d8"/>
      </object_component>
      <object_component id="oc-60">
         <name>.debug_info</name>
         <load_address>0x13360</load_address>
         <run_address>0x13360</run_address>
         <size>0x1a9</size>
         <input_file_ref idref="fl-d8"/>
      </object_component>
      <object_component id="oc-2ca">
         <name>.debug_info</name>
         <load_address>0x13509</load_address>
         <run_address>0x13509</run_address>
         <size>0x590</size>
         <input_file_ref idref="fl-d9"/>
      </object_component>
      <object_component id="oc-295">
         <name>.debug_info</name>
         <load_address>0x13a99</load_address>
         <run_address>0x13a99</run_address>
         <size>0x21e</size>
         <input_file_ref idref="fl-d9"/>
      </object_component>
      <object_component id="oc-3b8">
         <name>.debug_info</name>
         <load_address>0x13cb7</load_address>
         <run_address>0x13cb7</run_address>
         <size>0x1b3</size>
         <input_file_ref idref="fl-d9"/>
      </object_component>
      <object_component id="oc-3be">
         <name>.debug_info</name>
         <load_address>0x13e6a</load_address>
         <run_address>0x13e6a</run_address>
         <size>0x21b</size>
         <input_file_ref idref="fl-d9"/>
      </object_component>
      <object_component id="oc-2a0">
         <name>.debug_info</name>
         <load_address>0x14085</load_address>
         <run_address>0x14085</run_address>
         <size>0x3c0</size>
         <input_file_ref idref="fl-d9"/>
      </object_component>
      <object_component id="oc-3c5">
         <name>.debug_info</name>
         <load_address>0x14445</load_address>
         <run_address>0x14445</run_address>
         <size>0x30a</size>
         <input_file_ref idref="fl-d9"/>
      </object_component>
      <object_component id="oc-3cb">
         <name>.debug_info</name>
         <load_address>0x1474f</load_address>
         <run_address>0x1474f</run_address>
         <size>0x215</size>
         <input_file_ref idref="fl-d9"/>
      </object_component>
      <object_component id="oc-2a6">
         <name>.debug_info</name>
         <load_address>0x14964</load_address>
         <run_address>0x14964</run_address>
         <size>0x215</size>
         <input_file_ref idref="fl-d9"/>
      </object_component>
      <object_component id="oc-2ac">
         <name>.debug_info</name>
         <load_address>0x14b79</load_address>
         <run_address>0x14b79</run_address>
         <size>0x304</size>
         <input_file_ref idref="fl-d9"/>
      </object_component>
      <object_component id="oc-2b2">
         <name>.debug_info</name>
         <load_address>0x14e7d</load_address>
         <run_address>0x14e7d</run_address>
         <size>0x4b5</size>
         <input_file_ref idref="fl-d9"/>
      </object_component>
      <object_component id="oc-1ca">
         <name>.debug_info</name>
         <load_address>0x15332</load_address>
         <run_address>0x15332</run_address>
         <size>0x5f4</size>
         <input_file_ref idref="fl-d9"/>
      </object_component>
      <object_component id="oc-2cb">
         <name>.debug_info</name>
         <load_address>0x15926</load_address>
         <run_address>0x15926</run_address>
         <size>0x86</size>
         <input_file_ref idref="fl-d9"/>
      </object_component>
      <object_component id="oc-3ef">
         <name>.debug_info</name>
         <load_address>0x159ac</load_address>
         <run_address>0x159ac</run_address>
         <size>0x39</size>
         <input_file_ref idref="fl-d9"/>
      </object_component>
      <object_component id="oc-45e">
         <name>.debug_info</name>
         <load_address>0x159e5</load_address>
         <run_address>0x159e5</run_address>
         <size>0xb6</size>
         <input_file_ref idref="fl-d9"/>
      </object_component>
      <object_component id="oc-3f4">
         <name>.debug_info</name>
         <load_address>0x15a9b</load_address>
         <run_address>0x15a9b</run_address>
         <size>0x46</size>
         <input_file_ref idref="fl-d9"/>
      </object_component>
      <object_component id="oc-2d0">
         <name>.debug_info</name>
         <load_address>0x15ae1</load_address>
         <run_address>0x15ae1</run_address>
         <size>0x46</size>
         <input_file_ref idref="fl-d9"/>
      </object_component>
      <object_component id="oc-321">
         <name>.debug_info</name>
         <load_address>0x15b27</load_address>
         <run_address>0x15b27</run_address>
         <size>0x5ce</size>
         <input_file_ref idref="fl-da"/>
      </object_component>
      <object_component id="oc-204">
         <name>.debug_info</name>
         <load_address>0x160f5</load_address>
         <run_address>0x160f5</run_address>
         <size>0xa45</size>
         <input_file_ref idref="fl-da"/>
      </object_component>
      <object_component id="oc-323">
         <name>.debug_info</name>
         <load_address>0x16b3a</load_address>
         <run_address>0x16b3a</run_address>
         <size>0x9a</size>
         <input_file_ref idref="fl-da"/>
      </object_component>
      <object_component id="oc-3b5">
         <name>.debug_info</name>
         <load_address>0x16bd4</load_address>
         <run_address>0x16bd4</run_address>
         <size>0x14c</size>
         <input_file_ref idref="fl-db"/>
      </object_component>
      <object_component id="oc-29b">
         <name>.debug_info</name>
         <load_address>0x16d20</load_address>
         <run_address>0x16d20</run_address>
         <size>0x128</size>
         <input_file_ref idref="fl-dc"/>
      </object_component>
      <object_component id="oc-39e">
         <name>.debug_info</name>
         <load_address>0x16e48</load_address>
         <run_address>0x16e48</run_address>
         <size>0x12a</size>
         <input_file_ref idref="fl-dc"/>
      </object_component>
      <object_component id="oc-399">
         <name>.debug_info</name>
         <load_address>0x16f72</load_address>
         <run_address>0x16f72</run_address>
         <size>0x13a</size>
         <input_file_ref idref="fl-dd"/>
      </object_component>
      <object_component id="oc-394">
         <name>.debug_info</name>
         <load_address>0x170ac</load_address>
         <run_address>0x170ac</run_address>
         <size>0x13a</size>
         <input_file_ref idref="fl-de"/>
      </object_component>
      <object_component id="oc-3a3">
         <name>.debug_info</name>
         <load_address>0x171e6</load_address>
         <run_address>0x171e6</run_address>
         <size>0x12e</size>
         <input_file_ref idref="fl-df"/>
      </object_component>
      <object_component id="oc-303">
         <name>.debug_info</name>
         <load_address>0x17314</load_address>
         <run_address>0x17314</run_address>
         <size>0x13e</size>
         <input_file_ref idref="fl-e0"/>
      </object_component>
      <object_component id="oc-3ae">
         <name>.debug_info</name>
         <load_address>0x17452</load_address>
         <run_address>0x17452</run_address>
         <size>0x12c</size>
         <input_file_ref idref="fl-e1"/>
      </object_component>
      <object_component id="oc-38d">
         <name>.debug_info</name>
         <load_address>0x1757e</load_address>
         <run_address>0x1757e</run_address>
         <size>0x134</size>
         <input_file_ref idref="fl-e2"/>
      </object_component>
      <object_component id="oc-26e">
         <name>.debug_info</name>
         <load_address>0x176b2</load_address>
         <run_address>0x176b2</run_address>
         <size>0x4b3</size>
         <input_file_ref idref="fl-e3"/>
      </object_component>
      <object_component id="oc-168">
         <name>.debug_info</name>
         <load_address>0x17b65</load_address>
         <run_address>0x17b65</run_address>
         <size>0x1a6</size>
         <input_file_ref idref="fl-e3"/>
      </object_component>
      <object_component id="oc-379">
         <name>.debug_info</name>
         <load_address>0x17d0b</load_address>
         <run_address>0x17d0b</run_address>
         <size>0x39</size>
[...]
      </symbol>
      <symbol id="sm-406">
         <name>mqttLogConnectEvent</name>
         <value>0x18e7</value>
         <object_component_ref idref="oc-12a"/>
      </symbol>
      <symbol id="sm-407">
         <name>mqttSubscribe</name>
         <value>0x140d</value>
         <object_component_ref idref="oc-12a"/>
      </symbol>
      <symbol id="sm-423">
         <name>setSpi0Mode</name>
         <value>0x6b4b</value>
         <object_component_ref idref="oc-1b9"/>
      </symbol>
      <symbol id="sm-424">
         <name>readSpi0Data</name>
         <value>0x6bb1</value>
         <object_component_ref idref="oc-1b9"/>
      </symbol>
      <symbol id="sm-425">
         <name>writeSpi0Data</name>
         <value>0x6b99</value>
         <object_component_ref idref="oc-1b9"/>
      </symbol>
      <symbol id="sm-426">
         <name>initSpi0</name>
         <value>0x6a79</value>
         <object_component_ref idref="oc-1b9"/>
      </symbol>
      <symbol id="sm-427">
         <name>setSpi0BaudRate</name>
         <value>0x6b15</value>
         <object_component_ref idref="oc-1b9"/>
      </symbol>
      <symbol id="sm-4d1">
         <name>tcpIsAck</name>
         <value>0x3b5</value>
         <object_component_ref idref="oc-14f"/>
      </symbol>
      <symbol id="sm-4d2">
         <name>isTcp</name>
         <value>0x26d</value>
         <object_component_ref idref="oc-14f"/>
      </symbol>
      <symbol id="sm-4d3">
         <name>tcpConnect</name>
         <value>0x72d</value>
         <object_component_ref idref="oc-14f"/>
      </symbol>
      <symbol id="sm-4d4">
         <name>tcpHandlerRx</name>
         <value>0x401</value>
         <object_component_ref idref="oc-14f"/>
      </symbol>
      <symbol id="sm-4d5">
         <name>tcpHandlerTx</name>
         <value>0x4c7</value>
         <object_component_ref idref="oc-14f"/>
      </symbol>
      <symbol id="sm-4d6">
         <name>socketConns</name>
         <value>0x20002144</value>
         <object_component_ref idref="oc-244"/>
      </symbol>
      <symbol id="sm-4d7">
         <name>tcpHandleRwTransactions</name>
         <value>0xf29</value>
         <object_component_ref idref="oc-14f"/>
      </symbol>
      <symbol id="sm-4d8">
         <name>tcpSendAck</name>
         <value>0xa9b</value>
         <object_component_ref idref="oc-14f"/>
      </symbol>
      <symbol id="sm-4d9">
         <name>getTcpCurrState</name>
         <value>0x749</value>
         <object_component_ref idref="oc-14f"/>
      </symbol>
      <symbol id="sm-4da">
         <name>tcpGetMatchingSocket</name>
         <value>0x427</value>
         <object_component_ref idref="oc-14f"/>
      </symbol>
      <symbol id="sm-4db">
         <name>tcpSendTimerCb</name>
         <value>0x50f</value>
         <object_component_ref idref="oc-14f"/>
      </symbol>
      <symbol id="sm-4dc">
         <name>genRandNum</name>
         <value>0x3e9</value>
         <object_component_ref idref="oc-14f"/>
      </symbol>
      <symbol id="sm-4dd">
         <name>getTcpHeader</name>
         <value>0x36b</value>
         <object_component_ref idref="oc-14f"/>
      </symbol>
      <symbol id="sm-4de">
         <name>tcpSendSegment</name>
         <value>0xffd</value>
         <object_component_ref idref="oc-14f"/>
      </symbol>
      <symbol id="sm-4df">
         <name>tcpHeaderSize</name>
         <value>0x3d5</value>
         <object_component_ref idref="oc-14f"/>
      </symbol>
      <symbol id="sm-4e0">
         <name>tcpSendFin</name>
         <value>0xce5</value>
         <object_component_ref idref="oc-14f"/>
      </symbol>
      <symbol id="sm-4e1">
         <name>tcpValidChecks</name>
         <value>0x127d</value>
         <object_component_ref idref="oc-14f"/>
      </symbol>
      <symbol id="sm-4e2">
         <name>tcpIsSyn</name>
         <value>0x395</value>
         <object_component_ref idref="oc-14f"/>
      </symbol>
      <symbol id="sm-4e3">
         <name>tcpFsmStateMachineClient</name>
         <value>0x517</value>
         <object_component_ref idref="oc-14f"/>
      </symbol>
      <symbol id="sm-4e4">
         <name>tcpCreateSocket</name>
         <value>0xf01</value>
         <object_component_ref idref="oc-14f"/>
      </symbol>
      <symbol id="sm-4e5">
         <name>getTcpData</name>
         <value>0x33f</value>
         <object_component_ref idref="oc-14f"/>
      </symbol>
      <symbol id="sm-4e6">
         <name>getTcpMessageSocket</name>
         <value>0x76d</value>
         <object_component_ref idref="oc-14f"/>
      </symbol>
      <symbol id="sm-4e7">
         <name>tcpSendSyn</name>
         <value>0x879</value>
         <object_component_ref idref="oc-14f"/>
      </symbol>
      <symbol id="sm-528">
         <name>fn</name>
         <value>0x20002054</value>
      </symbol>
      <symbol id="sm-529">
         <name>period</name>
         <value>0x2000207c</value>
      </symbol>
      <symbol id="sm-52a">
         <name>ticks</name>
         <value>0x200020a4</value>
      </symbol>
      <symbol id="sm-52b">
         <name>reload</name>
         <value>0x200020cc</value>
      </symbol>
      <symbol id="sm-52c">
         <name>initTimer</name>
         <value>0x5a31</value>
         <object_component_ref idref="oc-2d"/>
      </symbol>
      <symbol id="sm-52d">
         <name>stopTimer</name>
         <value>0x5bdd</value>
         <object_component_ref idref="oc-2d"/>
      </symbol>
      <symbol id="sm-52e">
         <name>startOneshotTimer</name>
         <value>0x5ad1</value>
         <object_component_ref idref="oc-2d"/>
      </symbol>
      <symbol id="sm-52f">
         <name>restartTimer</name>
         <value>0x5c43</value>
         <object_component_ref idref="oc-2d"/>
      </symbol>
      <symbol id="sm-530">
         <name>random32</name>
         <value>0x5d2b</value>
         <object_component_ref idref="oc-2d"/>
      </symbol>
      <symbol id="sm-531">
         <name>tickIsr</name>
         <value>0x5cb1</value>
         <object_component_ref idref="oc-2d"/>
      </symbol>
      <symbol id="sm-532">
         <name>startPeriodicTimer</name>
         <value>0x5b57</value>
         <object_component_ref idref="oc-2d"/>
      </symbol>
      <symbol id="sm-54e">
         <name>ResetISR</name>
         <value>0x830b</value>
         <object_component_ref idref="oc-27"/>
      </symbol>
      <symbol id="sm-54f">
         <name>g_pfnVectors</name>
         <value>0x0</value>
         <object_component_ref idref="oc-12"/>
      </symbol>
      <symbol id="sm-572">
         <name>getcUart0</name>
         <value>0x7303</value>
         <object_component_ref idref="oc-f0"/>
      </symbol>
      <symbol id="sm-573">
         <name>kbhitUart0</name>
         <value>0x7317</value>
         <object_component_ref idref="oc-f0"/>
      </symbol>
      <symbol id="sm-574">
         <name>setUart0BaudRate</name>
         <value>0x7277</value>
         <object_component_ref idref="oc-f0"/>
      </symbol>
      <symbol id="sm-575">
         <name>putsUart0</name>
         <value>0x72d7</value>
         <object_component_ref idref="oc-f0"/>
      </symbol>
      <symbol id="sm-576">
         <name>initUart0</name>
         <value>0x722d</value>
         <object_component_ref idref="oc-f0"/>
      </symbol>
      <symbol id="sm-577">
         <name>putcUart0</name>
         <value>0x72bb</value>
         <object_component_ref idref="oc-f0"/>
      </symbol>
      <symbol id="sm-596">
         <name>sendUdpMessage</name>
         <value>0x5837</value>
         <object_component_ref idref="oc-149"/>
      </symbol>
      <symbol id="sm-597">
         <name>getUdpData</name>
         <value>0x5761</value>
         <object_component_ref idref="oc-149"/>
      </symbol>
      <symbol id="sm-598">
         <name>getUdpMessageSocket</name>
         <value>0x578d</value>
         <object_component_ref idref="oc-149"/>
      </symbol>
      <symbol id="sm-599">
         <name>isUdp</name>
         <value>0x56b9</value>
         <object_component_ref idref="oc-149"/>
      </symbol>
      <symbol id="sm-5a7">
         <name>waitMicrosecond</name>
         <value>0x81a5</value>
         <object_component_ref idref="oc-131"/>
      </symbol>
      <symbol id="sm-5d6">
         <name>snprintf</name>
         <value>0x7edd</value>
         <object_component_ref idref="oc-f6"/>
      </symbol>
      <symbol id="sm-60d">
         <name>sscanf</name>
         <value>0x8035</value>
         <object_component_ref idref="oc-10e"/>
      </symbol>
      <symbol id="sm-628">
         <name>memcpy</name>
         <value>0x7847</value>
         <object_component_ref idref="oc-41"/>
      </symbol>
      <symbol id="sm-629">
         <name>__aeabi_memcpy</name>
         <value>0x7847</value>
         <object_component_ref idref="oc-41"/>
      </symbol>
      <symbol id="sm-62a">
         <name>__aeabi_memcpy8</name>
         <value>0x7847</value>
         <object_component_ref idref="oc-41"/>
      </symbol>
      <symbol id="sm-62b">
         <name>__aeabi_memcpy4</name>
         <value>0x7847</value>
         <object_component_ref idref="oc-41"/>
      </symbol>
      <symbol id="sm-63a">
         <name>__aeabi_memset</name>
         <value>0x7b0b</value>
         <object_component_ref idref="oc-a6"/>
      </symbol>
      <symbol id="sm-63b">
         <name>memset</name>
         <value>0x7b11</value>
         <object_component_ref idref="oc-a6"/>
      </symbol>
      <symbol id="sm-63c">
         <name>__aeabi_memset8</name>
         <value>0x7b0b</value>
         <object_component_ref idref="oc-a6"/>
      </symbol>
      <symbol id="sm-63d">
         <name>__aeabi_memset4</name>
         <value>0x7b0b</value>
         <object_component_ref idref="oc-a6"/>
      </symbol>
      <symbol id="sm-63e">
         <name>__aeabi_memclr8</name>
         <value>0x7b09</value>
         <object_component_ref idref="oc-a6"/>
      </symbol>
      <symbol id="sm-63f">
         <name>__aeabi_memclr4</name>
         <value>0x7b09</value>
         <object_component_ref idref="oc-a6"/>
      </symbol>
      <symbol id="sm-640">
         <name>__aeabi_memclr</name>
         <value>0x7b09</value>
         <object_component_ref idref="oc-a6"/>
      </symbol>
      <symbol id="sm-659">
         <name>__TI_zero_init_nomemset</name>
         <value>0x81c9</value>
         <object_component_ref idref="oc-4d"/>
      </symbol>
      <symbol id="sm-670">
         <name>__TI_decompress_none</name>
         <value>0x82fd</value>
         <object_component_ref idref="oc-1b"/>
      </symbol>
      <symbol id="sm-693">
         <name>__TI_decompress_lzss</name>
         <value>0x7cc9</value>
         <object_component_ref idref="oc-15"/>
      </symbol>
      <symbol id="sm-69e">
         <name>_ctypes_</name>
         <value>0x8330</value>
         <object_component_ref idref="oc-1fe"/>
      </symbol>
      <symbol id="sm-6c3">
         <name>rand</name>
         <value>0x80a1</value>
         <object_component_ref idref="oc-252"/>
      </symbol>
      <symbol id="sm-6c4">
         <name>srand</name>
         <value>0x815d</value>
         <object_component_ref idref="oc-258"/>
      </symbol>
      <symbol id="sm-6d3">
         <name>strcmp</name>
         <value>0x824b</value>
         <object_component_ref idref="oc-11a"/>
      </symbol>
      <symbol id="sm-6e1">
         <name>strlen</name>
         <value>0x82a5</value>
         <object_component_ref idref="oc-124"/>
      </symbol>
      <symbol id="sm-6f9">
         <name>strtok</name>
         <value>0x7fb5</value>
         <object_component_ref idref="oc-114"/>
      </symbol>
      <symbol id="sm-708">
         <name>tolower</name>
         <value>0x82ed</value>
         <object_component_ref idref="oc-108"/>
      </symbol>
      <symbol id="sm-71b">
         <name>__stack</name>
         <value>0x20000000</value>
         <object_component_ref idref="oc-24"/>
      </symbol>
      <symbol id="sm-71c">
         <name>_c_int00_noargs</name>
         <value>0x806d</value>
         <object_component_ref idref="oc-5f"/>
      </symbol>
      <symbol id="sm-881">
         <name>__TI_printfi</name>
         <value>0x3469</value>
         <object_component_ref idref="oc-1c9"/>
      </symbol>
      <symbol id="sm-937">
         <name>__TI_scanfi</name>
         <value>0x1ea5</value>
         <object_component_ref idref="oc-203"/>
      </symbol>
      <symbol id="sm-94e">
         <name>__aeabi_dsub</name>
         <value>0x68c1</value>
         <object_component_ref idref="oc-3b2"/>
      </symbol>
      <symbol id="sm-94f">
         <name>__aeabi_dadd</name>
         <value>0x68cb</value>
         <object_component_ref idref="oc-3b2"/>
      </symbol>
      <symbol id="sm-971">
         <name>__aeabi_cdcmpeq</name>
         <value>0x7979</value>
         <object_component_ref idref="oc-29a"/>
      </symbol>
      <symbol id="sm-972">
         <name>__aeabi_cdcmple</name>
         <value>0x7979</value>
         <object_component_ref idref="oc-29a"/>
      </symbol>
      <symbol id="sm-973">
         <name>__aeabi_cdrcmple</name>
         <value>0x79ff</value>
         <object_component_ref idref="oc-39d"/>
      </symbol>
      <symbol id="sm-987">
         <name>__aeabi_ddiv</name>
         <value>0x6fc5</value>
         <object_component_ref idref="oc-398"/>
      </symbol>
      <symbol id="sm-992">
         <name>__aeabi_dmul</name>
         <value>0x7699</value>
         <object_component_ref idref="oc-393"/>
      </symbol>
      <symbol id="sm-99c">
         <name>__aeabi_d2iz</name>
         <value>0x7f29</value>
         <object_component_ref idref="oc-3a2"/>
      </symbol>
      <symbol id="sm-9a8">
         <name>__aeabi_d2f</name>
         <value>0x7bf1</value>
         <object_component_ref idref="oc-302"/>
      </symbol>
      <symbol id="sm-9b2">
         <name>__aeabi_i2d</name>
         <value>0x8105</value>
         <object_component_ref idref="oc-3ad"/>
      </symbol>
      <symbol id="sm-9bf">
         <name>__aeabi_uldivmod</name>
         <value>0x78e3</value>
         <object_component_ref idref="oc-38c"/>
      </symbol>
      <symbol id="sm-9e7">
         <name>__TI_auto_init_nobinit_nopinit</name>
         <value>0x7f71</value>
         <object_component_ref idref="oc-167"/>
      </symbol>
      <symbol id="sm-9f1">
         <name>_system_pre_init</name>
         <value>0x8329</value>
         <object_component_ref idref="oc-ac"/>
      </symbol>
      <symbol id="sm-9fd">
         <name>C$$EXIT</name>
         <value>0x832d</value>
         <object_component_ref idref="oc-15b"/>
      </symbol>
      <symbol id="sm-9fe">
         <name>abort</name>
         <value>0x832d</value>
         <object_component_ref idref="oc-15b"/>
      </symbol>
      <symbol id="sm-a13">
         <name>_nop</name>
         <value>0x3eb7</value>
         <object_component_ref idref="oc-36b"/>
      </symbol>
      <symbol id="sm-a14">
         <name>_lock</name>
         <value>0x2000216c</value>
         <object_component_ref idref="oc-267"/>
      </symbol>
      <symbol id="sm-a15">
         <name>_unlock</name>
         <value>0x20002170</value>
         <object_component_ref idref="oc-267"/>
      </symbol>
      <symbol id="sm-a24">
         <name>__TI_ltoa</name>
         <value>0x7deb</value>
         <object_component_ref idref="oc-3a7"/>
      </symbol>
      <symbol id="sm-a3b">
         <name>atoi</name>
         <value>0x7e91</value>
         <object_component_ref idref="oc-28e"/>
      </symbol>
      <symbol id="sm-a4b">
         <name>memccpy</name>
         <value>0x81e5</value>
         <object_component_ref idref="oc-2b7"/>
      </symbol>
      <symbol id="sm-a5b">
         <name>strchr</name>
         <value>0x827b</value>
         <object_component_ref idref="oc-319"/>
      </symbol>
      <symbol id="sm-a69">
         <name>strcpy</name>
         <value>0x8291</value>
         <object_component_ref idref="oc-2ea"/>
      </symbol>
      <symbol id="sm-a7a">
         <name>strcspn</name>
         <value>0x8181</value>
         <object_component_ref idref="oc-223"/>
      </symbol>
      <symbol id="sm-a89">
         <name>strrchr</name>
         <value>0x8263</value>
         <object_component_ref idref="oc-313"/>
      </symbol>
      <symbol id="sm-a9b">
         <name>strspn</name>
         <value>0x8133</value>
         <object_component_ref idref="oc-21d"/>
      </symbol>
      <symbol id="sm-afb">
         <name>strtold</name>
         <value>0x5259</value>
         <object_component_ref idref="oc-2fc"/>
      </symbol>
      <symbol id="sm-afc">
         <name>strtod</name>
         <value>0x5259</value>
         <object_component_ref idref="oc-2fc"/>
      </symbol>
      <symbol id="sm-b20">
         <name>strtol</name>
         <value>0x70fd</value>
         <object_component_ref idref="oc-307"/>
      </symbol>
      <symbol id="sm-b46">
         <name>strtoll</name>
         <value>0x6515</value>
         <object_component_ref idref="oc-30d"/>
      </symbol>
      <symbol id="sm-b66">
         <name>strtoul</name>
         <value>0x7589</value>
         <object_component_ref idref="oc-2f6"/>
      </symbol>
      <symbol id="sm-b89">
         <name>strtoull</name>
         <value>0x6bd9</value>
         <object_component_ref idref="oc-2f0"/>
      </symbol>
      <symbol id="sm-b9f">
         <name>__aeabi_errno_addr</name>
         <value>0x8319</value>
         <object_component_ref idref="oc-2c3"/>
      </symbol>
      <symbol id="sm-ba0">
         <name>errno</name>
         <value>0x20002190</value>
         <object_component_ref idref="oc-3e8"/>
      </symbol>
      <symbol id="sm-bb9">
         <name>wcslen</name>
         <value>0x82cb</value>
         <object_component_ref idref="oc-2bd"/>
      </symbol>
      <symbol id="sm-bd9">
         <name>frexpl</name>
         <value>0x7d31</value>
         <object_component_ref idref="oc-3d2"/>
      </symbol>
      <symbol id="sm-bda">
         <name>frexp</name>
         <value>0x7d31</value>
         <object_component_ref idref="oc-3d2"/>
      </symbol>
      <symbol id="sm-bf7">
         <name>scalbn</name>
         <value>0x7479</value>
         <object_component_ref idref="oc-3d8"/>
      </symbol>
      <symbol id="sm-bf8">
         <name>scalbnl</name>
         <value>0x7479</value>
         <object_component_ref idref="oc-3d8"/>
      </symbol>
      <symbol id="sm-bf9">
         <name>ldexpl</name>
         <value>0x7479</value>
         <object_component_ref idref="oc-3d8"/>
      </symbol>
      <symbol id="sm-bfa">
         <name>ldexp</name>
         <value>0x7479</value>
         <object_component_ref idref="oc-3d8"/>
      </symbol>
      <symbol id="sm-c04">
         <name>__aeabi_idiv0</name>
         <value>0x6a77</value>
         <object_component_ref idref="oc-430"/>
      </symbol>
      <symbol id="sm-c05">
         <name>__aeabi_ldiv0</name>
         <value>0x6a77</value>
         <object_component_ref idref="oc-430"/>
      </symbol>
      <symbol id="sm-c0e">
         <name>__aeabi_lmul</name>
         <value>0x8233</value>
         <object_component_ref idref="oc-3fd"/>
      </symbol>
      <symbol id="sm-c18">
         <name>copysign</name>
         <value>0x8201</value>
         <object_component_ref idref="oc-449"/>
      </symbol>
      <symbol id="sm-c19">
         <name>copysignl</name>
         <value>0x8201</value>
         <object_component_ref idref="oc-449"/>
      </symbol>
      <symbol id="sm-c1a">
         <name>__TI_static_base__</name>
         <value>0x0</value>
      </symbol>
      <symbol id="sm-c1d">
         <name>__mpu_init</name>
         <value>0x0</value>
      </symbol>
      <symbol id="sm-c1e">
         <name>_system_post_cinit</name>
         <value>0x0</value>
      </symbol>
   </symbol_table>
   <title>Link successful</title>
</link_info>
