******************************************************************************
                  TI ARM Linker Unix v20.2.7                   
******************************************************************************
>> Linked Thu Feb 16 23:49:26 2023

OUTPUT FILE NAME:   <IOT_Project1.out>
ENTRY POINT SYMBOL: "_c_int00_noargs"  address: 0000705d


MEMORY CONFIGURATION

         name            origin    length      used     unused   attr    fill
----------------------  --------  ---------  --------  --------  ----  --------
  FLASH                 00000000   00040000  00007550  00038ab0  R  X
  SRAM                  20000000   00008000  00001138  00006ec8  RW X


SEGMENT ALLOCATION MAP

run origin  load origin   length   init length attrs members
----------  ----------- ---------- ----------- ----- -------
00000000    00000000    00007550   00007550    r-x
  00000000    00000000    0000026c   0000026c    r-- .intvecs
  0000026c    0000026c    000070b4   000070b4    r-x .text
  00007320    00007320    000001e8   000001e8    r-- .const
  00007508    00007508    00000048   00000048    r-- .cinit
20000000    20000000    00001138   00000000    rw-
  20000000    20000000    00001000   00000000    rw- .stack
  20001000    20001000    000000dc   00000000    rw- .bss
  200010dc    200010dc    0000005c   00000000    rw- .data


SECTION ALLOCATION MAP

 output                                  attributes/
section   page    origin      length       input sections
--------  ----  ----------  ----------   ----------------
.intvecs   0    00000000    0000026c     
                  00000000    0000026c     tm4c123gh6pm_startup_ccs.obj (.intvecs)

.text      0    0000026c    000070b4     
                  0000026c    00000de4     tcp.obj (.text)
                  00001050    00000b14     rtsv7M4_T_le_v4SPD16_eabi.lib : _scanfi.c.obj (.text:__TI_scanfi)
                  00001b64    00000a4e                                   : _printfi.c.obj (.text:__TI_printfi)
                  000025b2    00000002                                   : _lock.c.obj (.text:_nop)
                  000025b4    000009ec     ethernet.obj (.text)
                  00002fa0    00000808     gpio.obj (.text)
                  000037a8    00000714     eth0.obj (.text)
                  00003ebc    000004ac     ip.obj (.text)
                  00004368    00000460     rtsv7M4_T_le_v4SPD16_eabi.lib : strtod.c.obj (.text:strtod)
                  000047c8    00000378     udp.obj (.text)
                  00004b40    00000338     timer.obj (.text)
                  00004e78    000002f4     arp.obj (.text)
                  0000516c    00000270     rtsv7M4_T_le_v4SPD16_eabi.lib : _printfi.c.obj (.text:_pconv_a)
                  000053dc    000001dc                                   : strtoll.c.obj (.text:strtoll)
                  000055b8    000001d0                                   : _printfi.c.obj (.text:_pconv_g)
                  00005788    000001b6                                   : fd_add_t2.asm.obj (.text)
                  0000593e    00000002                                   : div0.asm.obj (.text)
                  00005940    00000160     spi0.obj (.text)
                  00005aa0    0000015c     rtsv7M4_T_le_v4SPD16_eabi.lib : strtoull.c.obj (.text:strtoull)
                  00005bfc    00000154     icmp.obj (.text)
                  00005d50    0000013c     rtsv7M4_T_le_v4SPD16_eabi.lib : _printfi.c.obj (.text:_pconv_e)
                  00005e8c    00000136                                   : fd_div_t2.asm.obj (.text)
                  00005fc2    00000002     --HOLE-- [fill = 0]
                  00005fc4    00000130                                   : strtol.c.obj (.text:strtol)
                  000060f4    00000128     mqtt.obj (.text)
                  0000621c    00000128     uart0.obj (.text)
                  00006344    00000124     rtsv7M4_T_le_v4SPD16_eabi.lib : _printfi.c.obj (.text:fcvt)
                  00006468    00000110                                   : s_scalbn.c.obj (.text:scalbn)
                  00006578    00000110                                   : strtoul.c.obj (.text:strtoul)
                  00006688    000000fc                                   : fd_mul_t2.asm.obj (.text)
                  00006784    000000b1                                   : _printfi.c.obj (.text:_ltostr)
                  00006835    00000001     --HOLE-- [fill = 0]
                  00006836    0000009c                                   : memcpy_t2.asm.obj (.text)
                  000068d2    00000096                                   : ull_div_t2.asm.obj (.text)
                  00006968    00000086                                   : fd_cmp_t2.asm.obj (.text:__aeabi_cdcmple)
                  000069ee    00000086                                   : fd_cmp_t2.asm.obj (.text:__aeabi_cdrcmple)
                  00006a74    00000084     eeprom.obj (.text)
                  00006af8    0000007a     rtsv7M4_T_le_v4SPD16_eabi.lib : memset_t2.asm.obj (.text)
                  00006b72    0000006e                                   : _printfi.c.obj (.text:_mcpy)
                  00006be0    0000006e                                   : fd_tos_t2.asm.obj (.text)
                  00006c4e    00000002     --HOLE-- [fill = 0]
                  00006c50    00000068                                   : sscanf.c.obj (.text:_chkmbc)
                  00006cb8    00000068                                   : copy_decompress_lzss.c.obj (.text:decompress:lzss:__TI_decompress_lzss)
                  00006d20    00000064                                   : s_frexp.c.obj (.text:frexp)
                  00006d84    00000056                                   : _printfi.c.obj (.text:_pconv_f)
                  00006dda    00000054                                   : _ltoa.c.obj (.text:__TI_ltoa)
                  00006e2e    00000052                                   : _printfi.c.obj (.text:_ecpy)
                  00006e80    0000004c                                   : atoi.c.obj (.text:atoi)
                  00006ecc    0000004c                                   : snprintf.c.obj (.text:snprintf)
                  00006f18    00000048                                   : fd_toi_t2.asm.obj (.text)
                  00006f60    00000044                                   : autoinit.c.obj (.text:__TI_auto_init_nobinit_nopinit:__TI_auto_init_nobinit_nopinit)
                  00006fa4    00000040                                   : strtok.c.obj (.text:strtok)
                  00006fe4    0000003e                                   : _printfi.c.obj (.text:_fcpy)
                  00007022    00000002     --HOLE-- [fill = 0]
                  00007024    00000038                                   : sscanf.c.obj (.text:sscanf)
                  0000705c    00000034                                   : boot_cortex_m.c.obj (.text:_c_int00_noargs:_c_int00_noargs)
                  00007090    00000034                                   : rand.c.obj (.text:rand)
                  000070c4    00000030                                   : snprintf.c.obj (.text:_outs)
                  000070f4    0000002e                                   : i_tofd_t2.asm.obj (.text)
                  00007122    0000002a                                   : strspn.c.obj (.text:strspn)
                  0000714c    00000024                                   : rand.c.obj (.text:srand)
                  00007170    00000024                                   : strcspn.c.obj (.text:strcspn)
                  00007194    00000024     wait.obj (.text)
                  000071b8    0000001c     rtsv7M4_T_le_v4SPD16_eabi.lib : copy_zero_init.c.obj (.text:decompress:ZI:__TI_zero_init_nomemset:__TI_zero_init_nomemset)
                  000071d4    0000001c                                   : memccpy.c.obj (.text:memccpy)
                  000071f0    0000001a                                   : s_copysign.c.obj (.text:copysign)
                  0000720a    00000018                                   : snprintf.c.obj (.text:_outc)
                  00007222    00000018                                   : ll_mul_t2.asm.obj (.text)
                  0000723a    00000018                                   : strcmp.c.obj (.text:strcmp)
                  00007252    00000018                                   : strrchr.c.obj (.text:strrchr)
                  0000726a    00000016                                   : strchr.c.obj (.text:strchr)
                  00007280    00000014                                   : strcpy.c.obj (.text:strcpy)
                  00007294    00000014                                   : strlen.c.obj (.text:strlen)
                  000072a8    00000012                                   : sscanf.c.obj (.text:_inpchar)
                  000072ba    00000012                                   : wcslen.c.obj (.text:wcslen)
                  000072cc    00000010     clock.obj (.text)
                  000072dc    00000010     rtsv7M4_T_le_v4SPD16_eabi.lib : tolower.c.obj (.text:tolower)
                  000072ec    0000000e                                   : copy_decompress_none.c.obj (.text:decompress:none:__TI_decompress_none)
                  000072fa    0000000c     tm4c123gh6pm_startup_ccs.obj (.text)
                  00007306    00000002     --HOLE-- [fill = 0]
                  00007308    00000008     rtsv7M4_T_le_v4SPD16_eabi.lib : errno.c.obj (.text:__aeabi_errno_addr)
                  00007310    00000008                                   : sscanf.c.obj (.text:_uninpchar)
                  00007318    00000004                                   : pre_init.c.obj (.text:_system_pre_init)
                  0000731c    00000004                                   : exit.c.obj (.text:abort:abort)

.const     0    00007320    000001e8     
                  00007320    00000101     rtsv7M4_T_le_v4SPD16_eabi.lib : ctype.c.obj (.const:.string:_ctypes_)
                  00007421    00000006     tcp.obj (.const:.string:$P$T1$2)
                  00007427    00000001     --HOLE-- [fill = 0]
                  00007428    000000c8     rtsv7M4_T_le_v4SPD16_eabi.lib : strtod.c.obj (.const:$O1$$)
                  000074f0    00000010                                   : _scanfi.c.obj (.const:$O1$$)
                  00007500    00000004     mqtt.obj (.const:.string:$P$T0$1)
                  00007504    00000004     tcp.obj (.const:.string:$P$T0$1)

.cinit     0    00007508    00000048     
                  00007508    0000001f     (.cinit..data.load) [load image, compression = lzss]
                  00007527    00000001     --HOLE-- [fill = 0]
                  00007528    0000000c     (__TI_handler_table)
                  00007534    00000004     --HOLE-- [fill = 0]
                  00007538    00000008     (.cinit..bss.load) [load image, compression = zero_init]
                  00007540    00000010     (__TI_cinit_table)

.init_array 
*          0    00000000    00000000     UNINITIALIZED

.bss       0    20001000    000000dc     UNINITIALIZED
                  20001000    00000054     (.common:strInput)
                  20001054    00000028     (.common:fn)
                  2000107c    00000028     (.common:period)
                  200010a4    00000028     (.common:ticks)
                  200010cc    0000000c     (.common:reload)
                  200010d8    00000004     (.common:token)

.data      0    200010dc    0000005c     UNINITIALIZED
                  200010dc    0000001c     tcp.obj (.data:socketConns)
                  200010f8    00000008     rtsv7M4_T_le_v4SPD16_eabi.lib : _lock.c.obj (.data:$O1$$)
                  20001100    00000008     mqtt.obj (.data:mqttMcb)
                  20001108    00000006     eth0.obj (.data:hwAddress)
                  2000110e    00000001     ethernet.obj (.data)
                  2000110f    00000001     --HOLE--
                  20001110    00000005     tcp.obj (.data)
                  20001115    00000004     ip.obj (.data:ipAddress)
                  20001119    00000004     ip.obj (.data:ipDnsAddress)
                  2000111d    00000004     ip.obj (.data:ipGwAddress)
                  20001121    00000004     ip.obj (.data:ipSubnetMask)
                  20001125    00000004     ip.obj (.data:ipTimeServerAddress)
                  20001129    00000003     eth0.obj (.data)
                  2000112c    00000004     rtsv7M4_T_le_v4SPD16_eabi.lib : errno.c.obj (.data)
                  20001130    00000004                                   : rand.c.obj (.data)
                  20001134    00000004                                   : strtok.c.obj (.data)

.stack     0    20000000    00001000     UNINITIALIZED
                  20000000    00000004     rtsv7M4_T_le_v4SPD16_eabi.lib : boot_cortex_m.c.obj (.stack)
                  20000004    00000ffc     --HOLE--

__llvm_prf_cnts 
*          0    20000000    00000000     UNINITIALIZED

MODULE SUMMARY

       Module                         code    ro data   rw data
       ------                         ----    -------   -------
    ./
       tcp.obj                        3556    10        33     
       ethernet.obj                   2540    0         89     
       gpio.obj                       2056    0         0      
       eth0.obj                       1812    0         9      
       ip.obj                         1196    0         20     
       timer.obj                      824     0         132    
       udp.obj                        888     0         0      
       arp.obj                        756     0         0      
       tm4c123gh6pm_startup_ccs.obj   12      620       0      
       spi0.obj                       352     0         0      
       icmp.obj                       340     0         0      
       mqtt.obj                       296     4         8      
       uart0.obj                      296     0         0      
       eeprom.obj                     132     0         0      
       wait.obj                       36      0         0      
       clock.obj                      16      0         0      
    +--+------------------------------+-------+---------+---------+
       Total:                         15108   634       291    
                                                               
    /home/sadhan/ti/ccs1210/ccs/tools/compiler/ti-cgt-arm_20.2.7.LTS/lib/rtsv7M4_T_le_v4SPD16_eabi.lib
       _printfi.c.obj                 4851    0         0      
       _scanfi.c.obj                  2836    16        0      
       strtod.c.obj                   1120    200       0      
       strtoll.c.obj                  476     0         0      
       fd_add_t2.asm.obj              438     0         0      
       strtoull.c.obj                 348     0         0      
       fd_div_t2.asm.obj              310     0         0      
       strtol.c.obj                   304     0         0      
       s_scalbn.c.obj                 272     0         0      
       strtoul.c.obj                  272     0         0      
       fd_cmp_t2.asm.obj              268     0         0      
       ctype.c.obj                    0       257       0      
       fd_mul_t2.asm.obj              252     0         0      
       sscanf.c.obj                   186     0         0      
       memcpy_t2.asm.obj              156     0         0      
       ull_div_t2.asm.obj             150     0         0      
       snprintf.c.obj                 148     0         0      
       memset_t2.asm.obj              122     0         0      
       fd_tos_t2.asm.obj              110     0         0      
       copy_decompress_lzss.c.obj     104     0         0      
       s_frexp.c.obj                  100     0         0      
       rand.c.obj                     88      0         4      
       _ltoa.c.obj                    84      0         0      
       atoi.c.obj                     76      0         0      
       fd_toi_t2.asm.obj              72      0         0      
       autoinit.c.obj                 68      0         0      
       strtok.c.obj                   64      0         4      
       boot_cortex_m.c.obj            52      0         0      
       i_tofd_t2.asm.obj              46      0         0      
       strspn.c.obj                   42      0         0      
       strcspn.c.obj                  36      0         0      
       copy_zero_init.c.obj           28      0         0      
       memccpy.c.obj                  28      0         0      
       s_copysign.c.obj               26      0         0      
       ll_mul_t2.asm.obj              24      0         0      
       strcmp.c.obj                   24      0         0      
       strrchr.c.obj                  24      0         0      
       strchr.c.obj                   22      0         0      
       strcpy.c.obj                   20      0         0      
       strlen.c.obj                   20      0         0      
       wcslen.c.obj                   18      0         0      
       tolower.c.obj                  16      0         0      
       copy_decompress_none.c.obj     14      0         0      
       errno.c.obj                    8       0         4      
       _lock.c.obj                    2       0         8      
       exit.c.obj                     4       0         0      
       pre_init.c.obj                 4       0         0      
       div0.asm.obj                   2       0         0      
    +--+------------------------------+-------+---------+---------+
       Total:                         13735   473       20     
                                                               
       Stack:                         0       0         4096   
       Linker Generated:              0       67        0      
    +--+------------------------------+-------+---------+---------+
       Grand Total:                   28843   1174      4407   


LINKER GENERATED COPY TABLES

__TI_cinit_table @ 00007540 records: 2, size/record: 8, table size: 16
	.data: load addr=00007508, load size=0000001f bytes, run addr=200010dc, run size=0000005c bytes, compression=lzss
	.bss: load addr=00007538, load size=00000008 bytes, run addr=20001000, run size=000000dc bytes, compression=zero_init


LINKER GENERATED HANDLER TABLE

__TI_handler_table @ 00007528 records: 3, size/record: 4, table size: 12
	index: 0, handler: __TI_decompress_lzss
	index: 1, handler: __TI_decompress_none
	index: 2, handler: __TI_zero_init


GLOBAL SYMBOLS: SORTED ALPHABETICALLY BY Name 

address   name                          
-------   ----                          
0000731d  C$$EXIT                       
000072fb  ResetISR                      
20001000  __STACK_END                   
00001000  __STACK_SIZE                  
20000200  __STACK_TOP                   
00007540  __TI_CINIT_Base               
00007550  __TI_CINIT_Limit              
00007528  __TI_Handler_Table_Base       
00007534  __TI_Handler_Table_Limit      
00006f61  __TI_auto_init_nobinit_nopinit
00006cb9  __TI_decompress_lzss          
000072ed  __TI_decompress_none          
00006ddb  __TI_ltoa                     
ffffffff  __TI_pprof_out_hndl           
00001b65  __TI_printfi                  
ffffffff  __TI_prof_data_size           
ffffffff  __TI_prof_data_start          
00001051  __TI_scanfi                   
00000000  __TI_static_base__            
000071b9  __TI_zero_init_nomemset       
00006969  __aeabi_cdcmpeq               
00006969  __aeabi_cdcmple               
000069ef  __aeabi_cdrcmple              
00006be1  __aeabi_d2f                   
00006f19  __aeabi_d2iz                  
00005793  __aeabi_dadd                  
00005e8d  __aeabi_ddiv                  
00006689  __aeabi_dmul                  
00005789  __aeabi_dsub                  
00007309  __aeabi_errno_addr            
000070f5  __aeabi_i2d                   
0000593f  __aeabi_idiv0                 
0000593f  __aeabi_ldiv0                 
00007223  __aeabi_lmul                  
00006af9  __aeabi_memclr                
00006af9  __aeabi_memclr4               
00006af9  __aeabi_memclr8               
00006837  __aeabi_memcpy                
00006837  __aeabi_memcpy4               
00006837  __aeabi_memcpy8               
00006afb  __aeabi_memset                
00006afb  __aeabi_memset4               
00006afb  __aeabi_memset8               
000068d3  __aeabi_uldivmod              
ffffffff  __binit__                     
ffffffff  __c_args__                    
UNDEFED   __mpu_init                    
20000000  __stack                       
20000000  __start___llvm_prf_cnts       
20000000  __stop___llvm_prf_cnts        
0000705d  _c_int00_noargs               
00007320  _ctypes_                      
200010f8  _lock                         
000025b3  _nop                          
UNDEFED   _system_post_cinit            
00007319  _system_pre_init              
200010fc  _unlock                       
0000731d  abort                         
00002935  asciiToUint8                  
00006e81  atoi                          
ffffffff  binit                         
00004323  calcIpChecksum                
00003867  clearEtherReg                 
000035f5  clearPinInterrupt             
000071f1  copysign                      
000071f1  copysignl                     
2000110e  count                         
000037bf  disableEtherCs                
000035d1  disablePinInterrupt           
00003309  disablePinPulldown            
000032c1  disablePinPullup              
0000305d  disablePort                   
000025f1  displayConnectionInfo         
000037a9  enableEtherCs                 
000035ad  enablePinInterrupt            
000032e5  enablePinPulldown             
00003293  enablePinPullup               
00002fa1  enablePort                    
2000112c  errno                         
20001054  fn                            
00006d21  frexp                         
00006d21  frexpl                        
00000000  g_pfnVectors                  
000003e9  genRandNum                    
00003dc3  getEtherId                    
00003e5d  getEtherMacAddress            
00003b9d  getEtherPacket                
00003fed  getIpAddress                  
000042f1  getIpChecksum                 
00004149  getIpDnsAddress               
000040d5  getIpGatewayAddress           
00004235  getIpMqttBrokerAddress        
00004061  getIpSubnetMask               
000041bd  getIpTimeServerAddress        
00003663  getPinValue                   
00003719  getPortValue                  
000006bb  getTcpCurrState               
0000033f  getTcpData                    
0000036b  getTcpHeader                  
000006d5  getTcpMessageSocket           
00004871  getUdpData                    
0000489d  getUdpMessageSocket           
000062f3  getcUart0                     
00003d97  htonl                         
00003d73  htons                         
20001108  hwAddress                     
00003dcf  incEtherId                    
00006a75  initEeprom                    
000039b3  initEther                     
000025b5  initHw                        
00005941  initSpi0                      
000072cd  initSystemClockTo40Mhz        
00004b41  initTimer                     
0000621d  initUart0                     
20001115  ipAddress                     
20001119  ipDnsAddress                  
2000111d  ipGwAddress                   
20001121  ipSubnetMask                  
20001125  ipTimeServerAddress           
00004e79  isArpRequest                  
00004f1d  isArpResponse                 
00003b53  isEtherDataAvailable          
00003f8d  isEtherIpValid                
00003b39  isEtherLinkUp                 
00003b6d  isEtherOverflow               
00003ebd  isIp                          
00003f2d  isIpUnicast                   
000061fb  isMqtt                        
00005bfd  isPingRequest                 
0000026d  isTcp                         
000047c9  isUdp                         
00006307  kbhitUart0                    
00006469  ldexp                         
00006469  ldexpl                        
00002db1  main                          
000071d5  memccpy                       
00006837  memcpy                        
00006b01  memset                        
00006199  mqttGetTxStatus               
0000613d  mqttHandler                   
00006111  mqttLogPublishEvent           
000061b9  mqttPubGetData                
000060f5  mqttPublish                   
000061a5  mqttSetTxStatus               
20001129  nextPacketLsb                 
2000112a  nextPacketMsb                 
2000107c  period                        
000029e7  processShell                  
00003c8d  putEtherPacket                
000062ab  putcUart0                     
000062c7  putsUart0                     
00007091  rand                          
00004e3b  random32                      
00002881  readConfiguration             
00006abd  readEeprom                    
0000399b  readEtherMem                  
000038ef  readEtherPhy                  
00003801  readEtherReg                  
00005a79  readSpi0Data                  
200010cc  reload                        
00004d53  restartTimer                  
00006469  scalbn                        
00006469  scalbnl                       
000031c7  selectPinAnalogInput          
00003179  selectPinDigitalInput         
000034e3  selectPinInterruptBothEdges   
00003493  selectPinInterruptFallingEdge 
00003539  selectPinInterruptHighLevel   
00003573  selectPinInterruptLowLevel    
00003443  selectPinInterruptRisingEdge  
0000312b  selectPinOpenDrainOutput      
000030dd  selectPinPushPullOutput       
0000504f  sendArpRequest                
00004f71  sendArpResponse               
00005c41  sendPingResponse              
00004947  sendUdpMessage                
2000112b  sequenceId                    
0000389b  setEtherBank                  
00003dd9  setEtherMacAddress            
00003833  setEtherReg                   
00003fb3  setIpAddress                  
0000410f  setIpDnsAddress               
0000409b  setIpGatewayAddress           
000041f7  setIpMqttBrokerAddress        
00004027  setIpSubnetMask               
00004183  setIpTimeServerAddress        
00003331  setPinAuxFunction             
00003217  setPinCommitControl           
00003619  setPinValue                   
000036a1  setPortValue                  
000059dd  setSpi0BaudRate               
00005a13  setSpi0Mode                   
00006267  setUart0BaudRate              
00006ecd  snprintf                      
200010dc  socketConns                   
0000714d  srand                         
00007025  sscanf                        
00003989  startEtherMemRead             
0000395b  startEtherMemWrite            
00004be1  startOneshotTimer             
00004c67  startPeriodicTimer            
000039ab  stopEtherMemRead              
00003981  stopEtherMemWrite             
00004ced  stopTimer                     
20001000  strInput                      
0000726b  strchr                        
0000723b  strcmp                        
00007281  strcpy                        
00007171  strcspn                       
00007295  strlen                        
00007253  strrchr                       
00007123  strspn                        
00004369  strtod                        
00006fa5  strtok                        
00005fc5  strtol                        
00004369  strtold                       
000053dd  strtoll                       
00006579  strtoul                       
00005aa1  strtoull                      
0000427d  sumIpWords                    
0000069f  tcpConnect                    
00000d6d  tcpCreateSocket               
0000050b  tcpFsmStateMachineClient      
00000427  tcpGetMatchingSocket          
00000dd1  tcpHandleRwTransactions       
00000401  tcpHandlerRx                  
000004c3  tcpHandlerTx                  
000003d5  tcpHeaderSize                 
000003b5  tcpIsAck                      
00000395  tcpIsSyn                      
000009c9  tcpSendAck                    
00000ba9  tcpSendFin                    
00000e21  tcpSendSegment                
00000789  tcpSendSyn                    
00004dc1  tickIsr                       
200010a4  ticks                         
0000363f  togglePinValue                
200010d8  token                         
000072dd  tolower                       
00007195  waitMicrosecond               
000072bb  wcslen                        
00006a8b  writeEeprom                   
0000396d  writeEtherMem                 
000038b7  writeEtherPhy                 
000037cd  writeEtherReg                 
00005a61  writeSpi0Data                 


GLOBAL SYMBOLS: SORTED BY Symbol Address 

address   name                          
-------   ----                          
00000000  __TI_static_base__            
00000000  g_pfnVectors                  
0000026d  isTcp                         
0000033f  getTcpData                    
0000036b  getTcpHeader                  
00000395  tcpIsSyn                      
000003b5  tcpIsAck                      
000003d5  tcpHeaderSize                 
000003e9  genRandNum                    
00000401  tcpHandlerRx                  
00000427  tcpGetMatchingSocket          
000004c3  tcpHandlerTx                  
0000050b  tcpFsmStateMachineClient      
0000069f  tcpConnect                    
000006bb  getTcpCurrState               
000006d5  getTcpMessageSocket           
00000789  tcpSendSyn                    
000009c9  tcpSendAck                    
00000ba9  tcpSendFin                    
00000d6d  tcpCreateSocket               
00000dd1  tcpHandleRwTransactions       
00000e21  tcpSendSegment                
00001000  __STACK_SIZE                  
00001051  __TI_scanfi                   
00001b65  __TI_printfi                  
000025b3  _nop                          
000025b5  initHw                        
000025f1  displayConnectionInfo         
00002881  readConfiguration             
00002935  asciiToUint8                  
000029e7  processShell                  
00002db1  main                          
00002fa1  enablePort                    
0000305d  disablePort                   
000030dd  selectPinPushPullOutput       
0000312b  selectPinOpenDrainOutput      
00003179  selectPinDigitalInput         
000031c7  selectPinAnalogInput          
00003217  setPinCommitControl           
00003293  enablePinPullup               
000032c1  disablePinPullup              
000032e5  enablePinPulldown             
00003309  disablePinPulldown            
00003331  setPinAuxFunction             
00003443  selectPinInterruptRisingEdge  
00003493  selectPinInterruptFallingEdge 
000034e3  selectPinInterruptBothEdges   
00003539  selectPinInterruptHighLevel   
00003573  selectPinInterruptLowLevel    
000035ad  enablePinInterrupt            
000035d1  disablePinInterrupt           
000035f5  clearPinInterrupt             
00003619  setPinValue                   
0000363f  togglePinValue                
00003663  getPinValue                   
000036a1  setPortValue                  
00003719  getPortValue                  
000037a9  enableEtherCs                 
000037bf  disableEtherCs                
000037cd  writeEtherReg                 
00003801  readEtherReg                  
00003833  setEtherReg                   
00003867  clearEtherReg                 
0000389b  setEtherBank                  
000038b7  writeEtherPhy                 
000038ef  readEtherPhy                  
0000395b  startEtherMemWrite            
0000396d  writeEtherMem                 
00003981  stopEtherMemWrite             
00003989  startEtherMemRead             
0000399b  readEtherMem                  
000039ab  stopEtherMemRead              
000039b3  initEther                     
00003b39  isEtherLinkUp                 
00003b53  isEtherDataAvailable          
00003b6d  isEtherOverflow               
00003b9d  getEtherPacket                
00003c8d  putEtherPacket                
00003d73  htons                         
00003d97  htonl                         
00003dc3  getEtherId                    
00003dcf  incEtherId                    
00003dd9  setEtherMacAddress            
00003e5d  getEtherMacAddress            
00003ebd  isIp                          
00003f2d  isIpUnicast                   
00003f8d  isEtherIpValid                
00003fb3  setIpAddress                  
00003fed  getIpAddress                  
00004027  setIpSubnetMask               
00004061  getIpSubnetMask               
0000409b  setIpGatewayAddress           
000040d5  getIpGatewayAddress           
0000410f  setIpDnsAddress               
00004149  getIpDnsAddress               
00004183  setIpTimeServerAddress        
000041bd  getIpTimeServerAddress        
000041f7  setIpMqttBrokerAddress        
00004235  getIpMqttBrokerAddress        
0000427d  sumIpWords                    
000042f1  getIpChecksum                 
00004323  calcIpChecksum                
00004369  strtod                        
00004369  strtold                       
000047c9  isUdp                         
00004871  getUdpData                    
0000489d  getUdpMessageSocket           
00004947  sendUdpMessage                
00004b41  initTimer                     
00004be1  startOneshotTimer             
00004c67  startPeriodicTimer            
00004ced  stopTimer                     
00004d53  restartTimer                  
00004dc1  tickIsr                       
00004e3b  random32                      
00004e79  isArpRequest                  
00004f1d  isArpResponse                 
00004f71  sendArpResponse               
0000504f  sendArpRequest                
000053dd  strtoll                       
00005789  __aeabi_dsub                  
00005793  __aeabi_dadd                  
0000593f  __aeabi_idiv0                 
0000593f  __aeabi_ldiv0                 
00005941  initSpi0                      
000059dd  setSpi0BaudRate               
00005a13  setSpi0Mode                   
00005a61  writeSpi0Data                 
00005a79  readSpi0Data                  
00005aa1  strtoull                      
00005bfd  isPingRequest                 
00005c41  sendPingResponse              
00005e8d  __aeabi_ddiv                  
00005fc5  strtol                        
000060f5  mqttPublish                   
00006111  mqttLogPublishEvent           
0000613d  mqttHandler                   
00006199  mqttGetTxStatus               
000061a5  mqttSetTxStatus               
000061b9  mqttPubGetData                
000061fb  isMqtt                        
0000621d  initUart0                     
00006267  setUart0BaudRate              
000062ab  putcUart0                     
000062c7  putsUart0                     
000062f3  getcUart0                     
00006307  kbhitUart0                    
00006469  ldexp                         
00006469  ldexpl                        
00006469  scalbn                        
00006469  scalbnl                       
00006579  strtoul                       
00006689  __aeabi_dmul                  
00006837  __aeabi_memcpy                
00006837  __aeabi_memcpy4               
00006837  __aeabi_memcpy8               
00006837  memcpy                        
000068d3  __aeabi_uldivmod              
00006969  __aeabi_cdcmpeq               
00006969  __aeabi_cdcmple               
000069ef  __aeabi_cdrcmple              
00006a75  initEeprom                    
00006a8b  writeEeprom                   
00006abd  readEeprom                    
00006af9  __aeabi_memclr                
00006af9  __aeabi_memclr4               
00006af9  __aeabi_memclr8               
00006afb  __aeabi_memset                
00006afb  __aeabi_memset4               
00006afb  __aeabi_memset8               
00006b01  memset                        
00006be1  __aeabi_d2f                   
00006cb9  __TI_decompress_lzss          
00006d21  frexp                         
00006d21  frexpl                        
00006ddb  __TI_ltoa                     
00006e81  atoi                          
00006ecd  snprintf                      
00006f19  __aeabi_d2iz                  
00006f61  __TI_auto_init_nobinit_nopinit
00006fa5  strtok                        
00007025  sscanf                        
0000705d  _c_int00_noargs               
00007091  rand                          
000070f5  __aeabi_i2d                   
00007123  strspn                        
0000714d  srand                         
00007171  strcspn                       
00007195  waitMicrosecond               
000071b9  __TI_zero_init_nomemset       
000071d5  memccpy                       
000071f1  copysign                      
000071f1  copysignl                     
00007223  __aeabi_lmul                  
0000723b  strcmp                        
00007253  strrchr                       
0000726b  strchr                        
00007281  strcpy                        
00007295  strlen                        
000072bb  wcslen                        
000072cd  initSystemClockTo40Mhz        
000072dd  tolower                       
000072ed  __TI_decompress_none          
000072fb  ResetISR                      
00007309  __aeabi_errno_addr            
00007319  _system_pre_init              
0000731d  C$$EXIT                       
0000731d  abort                         
00007320  _ctypes_                      
00007528  __TI_Handler_Table_Base       
00007534  __TI_Handler_Table_Limit      
00007540  __TI_CINIT_Base               
00007550  __TI_CINIT_Limit              
20000000  __stack                       
20000000  __start___llvm_prf_cnts       
20000000  __stop___llvm_prf_cnts        
20000200  __STACK_TOP                   
20001000  __STACK_END                   
20001000  strInput                      
20001054  fn                            
2000107c  period                        
200010a4  ticks                         
200010cc  reload                        
200010d8  token                         
200010dc  socketConns                   
200010f8  _lock                         
200010fc  _unlock                       
20001108  hwAddress                     
2000110e  count                         
20001115  ipAddress                     
20001119  ipDnsAddress                  
2000111d  ipGwAddress                   
20001121  ipSubnetMask                  
20001125  ipTimeServerAddress           
20001129  nextPacketLsb                 
2000112a  nextPacketMsb                 
2000112b  sequenceId                    
2000112c  errno                         
ffffffff  __TI_pprof_out_hndl           
ffffffff  __TI_prof_data_size           
ffffffff  __TI_prof_data_start          
ffffffff  __binit__                     
ffffffff  __c_args__                    
ffffffff  binit                         
UNDEFED   __mpu_init                    
UNDEFED   _system_post_cinit            

[246 symbols]
