******************************************************************************
                  TI ARM Linker Unix v20.2.7                   
******************************************************************************
>> Linked Sun Mar  5 15:38:09 2023

OUTPUT FILE NAME:   <IOT_Project1.out>
ENTRY POINT SYMBOL: "_c_int00_noargs"  address: 000087f5


MEMORY CONFIGURATION

         name            origin    length      used     unused   attr    fill
----------------------  --------  ---------  --------  --------  ----  --------
  FLASH                 00000000   00040000  00008f58  000370a8  R  X
  SRAM                  20000000   00008000  0000225a  00005da6  RW X


SEGMENT ALLOCATION MAP

run origin  load origin   length   init length attrs members
----------  ----------- ---------- ----------- ----- -------
00000000    00000000    00008f58   00008f58    r-x
  00000000    00000000    0000026c   0000026c    r-- .intvecs
  0000026c    0000026c    0000884c   0000884c    r-x .text
  00008ab8    00008ab8    00000408   00000408    r-- .const
  00008ec0    00008ec0    00000098   00000098    r-- .cinit
20000000    20000000    0000225c   00000000    rw-
  20000000    20000000    00002000   00000000    rw- .stack
  20002000    20002000    0000017e   00000000    rw- .data
  20002180    20002180    000000dc   00000000    rw- .bss


SECTION ALLOCATION MAP

 output                                  attributes/
section   page    origin      length       input sections
--------  ----  ----------  ----------   ----------------
.intvecs   0    00000000    0000026c     
                  00000000    0000026c     tm4c123gh6pm_startup_ccs.obj (.intvecs)

.text      0    0000026c    0000884c     
                  0000026c    00001524     tcp.obj (.text)
                  00001790    00000e18     mqtt.obj (.text)
                  000025a8    00000b14     rtsv7M4_T_le_v4SPD16_eabi.lib : _scanfi.c.obj (.text:__TI_scanfi)
                  000030bc    00000ac8     ethernet.obj (.text)
                  00003b84    00000a4e     rtsv7M4_T_le_v4SPD16_eabi.lib : _printfi.c.obj (.text:__TI_printfi)
                  000045d2    00000002                                   : _lock.c.obj (.text:_nop)
                  000045d4    00000808     gpio.obj (.text)
                  00004ddc    00000714     eth0.obj (.text)
                  000054f0    00000484     ip.obj (.text)
                  00005974    00000460     rtsv7M4_T_le_v4SPD16_eabi.lib : strtod.c.obj (.text:strtod)
                  00005dd4    00000378     udp.obj (.text)
                  0000614c    00000338     timer.obj (.text)
                  00006484    000002f4     arp.obj (.text)
                  00006778    00000270     rtsv7M4_T_le_v4SPD16_eabi.lib : _printfi.c.obj (.text:_pconv_a)
                  000069e8    00000248     ip_custom_layer.obj (.text)
                  00006c30    000001dc     rtsv7M4_T_le_v4SPD16_eabi.lib : strtoll.c.obj (.text:strtoll)
                  00006e0c    000001d0                                   : _printfi.c.obj (.text:_pconv_g)
                  00006fdc    000001b6                                   : fd_add_t2.asm.obj (.text)
                  00007192    00000002                                   : div0.asm.obj (.text)
                  00007194    00000160     spi0.obj (.text)
                  000072f4    0000015c     rtsv7M4_T_le_v4SPD16_eabi.lib : strtoull.c.obj (.text:strtoull)
                  00007450    00000154     icmp.obj (.text)
                  000075a4    0000013c     rtsv7M4_T_le_v4SPD16_eabi.lib : _printfi.c.obj (.text:_pconv_e)
                  000076e0    00000136                                   : fd_div_t2.asm.obj (.text)
                  00007816    00000002     --HOLE-- [fill = 0]
                  00007818    00000130                                   : strtol.c.obj (.text:strtol)
                  00007948    00000128     uart0.obj (.text)
                  00007a70    00000124     rtsv7M4_T_le_v4SPD16_eabi.lib : _printfi.c.obj (.text:fcvt)
                  00007b94    00000110                                   : s_scalbn.c.obj (.text:scalbn)
                  00007ca4    00000110                                   : strtoul.c.obj (.text:strtoul)
                  00007db4    000000fc                                   : fd_mul_t2.asm.obj (.text)
                  00007eb0    000000b1                                   : _printfi.c.obj (.text:_ltostr)
                  00007f61    00000001     --HOLE-- [fill = 0]
                  00007f62    0000009c                                   : memcpy_t2.asm.obj (.text)
                  00007ffe    00000096                                   : ull_div_t2.asm.obj (.text)
                  00008094    00000086                                   : fd_cmp_t2.asm.obj (.text:__aeabi_cdcmple)
                  0000811a    00000086                                   : fd_cmp_t2.asm.obj (.text:__aeabi_cdrcmple)
                  000081a0    00000084     eeprom.obj (.text)
                  00008224    0000007a     rtsv7M4_T_le_v4SPD16_eabi.lib : memset_t2.asm.obj (.text)
                  0000829e    0000006e                                   : _printfi.c.obj (.text:_mcpy)
                  0000830c    0000006e                                   : fd_tos_t2.asm.obj (.text)
                  0000837a    0000006e                                   : ll_div_t2.asm.obj (.text)
                  000083e8    00000068                                   : sscanf.c.obj (.text:_chkmbc)
                  00008450    00000068                                   : copy_decompress_lzss.c.obj (.text:decompress:lzss:__TI_decompress_lzss)
                  000084b8    00000064                                   : s_frexp.c.obj (.text:frexp)
                  0000851c    00000056                                   : _printfi.c.obj (.text:_pconv_f)
                  00008572    00000054                                   : _ltoa.c.obj (.text:__TI_ltoa)
                  000085c6    00000052                                   : _printfi.c.obj (.text:_ecpy)
                  00008618    0000004c                                   : atoi.c.obj (.text:atoi)
                  00008664    0000004c                                   : snprintf.c.obj (.text:snprintf)
                  000086b0    00000048                                   : fd_toi_t2.asm.obj (.text)
                  000086f8    00000044                                   : autoinit.c.obj (.text:__TI_auto_init_nobinit_nopinit:__TI_auto_init_nobinit_nopinit)
                  0000873c    00000040                                   : strtok.c.obj (.text:strtok)
                  0000877c    0000003e                                   : _printfi.c.obj (.text:_fcpy)
                  000087ba    00000002     --HOLE-- [fill = 0]
                  000087bc    00000038                                   : sscanf.c.obj (.text:sscanf)
                  000087f4    00000034                                   : boot_cortex_m.c.obj (.text:_c_int00_noargs:_c_int00_noargs)
                  00008828    00000034                                   : rand.c.obj (.text:rand)
                  0000885c    00000030                                   : snprintf.c.obj (.text:_outs)
                  0000888c    0000002e                                   : i_tofd_t2.asm.obj (.text)
                  000088ba    0000002a                                   : strspn.c.obj (.text:strspn)
                  000088e4    00000024                                   : rand.c.obj (.text:srand)
                  00008908    00000024                                   : strcspn.c.obj (.text:strcspn)
                  0000892c    00000024     wait.obj (.text)
                  00008950    0000001c     rtsv7M4_T_le_v4SPD16_eabi.lib : copy_zero_init.c.obj (.text:decompress:ZI:__TI_zero_init_nomemset:__TI_zero_init_nomemset)
                  0000896c    0000001c                                   : memccpy.c.obj (.text:memccpy)
                  00008988    0000001a                                   : s_copysign.c.obj (.text:copysign)
                  000089a2    00000018                                   : snprintf.c.obj (.text:_outc)
                  000089ba    00000018                                   : ll_mul_t2.asm.obj (.text)
                  000089d2    00000018                                   : strcmp.c.obj (.text:strcmp)
                  000089ea    00000018                                   : strrchr.c.obj (.text:strrchr)
                  00008a02    00000016                                   : strchr.c.obj (.text:strchr)
                  00008a18    00000014                                   : strcpy.c.obj (.text:strcpy)
                  00008a2c    00000014                                   : strlen.c.obj (.text:strlen)
                  00008a40    00000012                                   : sscanf.c.obj (.text:_inpchar)
                  00008a52    00000012                                   : wcslen.c.obj (.text:wcslen)
                  00008a64    00000010     clock.obj (.text)
                  00008a74    00000010     rtsv7M4_T_le_v4SPD16_eabi.lib : tolower.c.obj (.text:tolower)
                  00008a84    0000000e                                   : copy_decompress_none.c.obj (.text:decompress:none:__TI_decompress_none)
                  00008a92    0000000c     tm4c123gh6pm_startup_ccs.obj (.text)
                  00008a9e    00000002     --HOLE-- [fill = 0]
                  00008aa0    00000008     rtsv7M4_T_le_v4SPD16_eabi.lib : errno.c.obj (.text:__aeabi_errno_addr)
                  00008aa8    00000008                                   : sscanf.c.obj (.text:_uninpchar)
                  00008ab0    00000004                                   : pre_init.c.obj (.text:_system_pre_init)
                  00008ab4    00000004                                   : exit.c.obj (.text:abort:abort)

.const     0    00008ab8    00000408     
                  00008ab8    00000180     mqtt.obj (.const:.string)
                  00008c38    00000101     rtsv7M4_T_le_v4SPD16_eabi.lib : ctype.c.obj (.const:.string:_ctypes_)
                  00008d39    00000007     --HOLE-- [fill = 0]
                  00008d40    000000c8                                   : strtod.c.obj (.const:$O1$$)
                  00008e08    000000a6     tcp.obj (.const:.string)
                  00008eae    00000002     --HOLE-- [fill = 0]
                  00008eb0    00000010     rtsv7M4_T_le_v4SPD16_eabi.lib : _scanfi.c.obj (.const:$O1$$)

.cinit     0    00008ec0    00000098     
                  00008ec0    0000006f     (.cinit..data.load) [load image, compression = lzss]
                  00008f2f    00000001     --HOLE-- [fill = 0]
                  00008f30    0000000c     (__TI_handler_table)
                  00008f3c    00000004     --HOLE-- [fill = 0]
                  00008f40    00000008     (.cinit..bss.load) [load image, compression = zero_init]
                  00008f48    00000010     (__TI_cinit_table)

.init_array 
*          0    00000000    00000000     UNINITIALIZED

.data      0    20002000    0000017e     UNINITIALIZED
                  20002000    00000082     mqtt.obj (.data:mqttMcb)
                  20002082    0000003e     mqtt.obj (.data:mqttRxBuffer)
                  200020c0    0000002c     mqtt.obj (.data:mqttFsmState)
                  200020ec    0000002c     tcp.obj (.data:tcpState)
                  20002118    0000001c     tcp.obj (.data:socketConns)
                  20002134    0000000e     tcp.obj (.data)
                  20002142    00000001     ethernet.obj (.data)
                  20002143    00000001     --HOLE--
                  20002144    00000008     rtsv7M4_T_le_v4SPD16_eabi.lib : _lock.c.obj (.data:$O1$$)
                  2000214c    00000006     eth0.obj (.data:hwAddress)
                  20002152    00000004     ip.obj (.data:ipAddress)
                  20002156    00000004     ip.obj (.data:ipDnsAddress)
                  2000215a    00000004     ip.obj (.data:ipGwAddress)
                  2000215e    00000004     ip.obj (.data:ipSubnetMask)
                  20002162    00000004     ip.obj (.data:ipTimeServerAddress)
                  20002166    00000004     mqtt.obj (.data)
                  2000216a    00000002     --HOLE--
                  2000216c    00000004     rtsv7M4_T_le_v4SPD16_eabi.lib : errno.c.obj (.data)
                  20002170    00000004                                   : rand.c.obj (.data)
                  20002174    00000004                                   : strtok.c.obj (.data)
                  20002178    00000003     eth0.obj (.data)
                  2000217b    00000003     ip_custom_layer.obj (.data)

.bss       0    20002180    000000dc     UNINITIALIZED
                  20002180    00000054     (.common:strInput)
                  200021d4    00000028     (.common:fn)
                  200021fc    00000028     (.common:period)
                  20002224    00000028     (.common:ticks)
                  2000224c    0000000c     (.common:reload)
                  20002258    00000004     (.common:token)

.stack     0    20000000    00002000     UNINITIALIZED
                  20000000    00000004     rtsv7M4_T_le_v4SPD16_eabi.lib : boot_cortex_m.c.obj (.stack)
                  20000004    00001ffc     --HOLE--

__llvm_prf_cnts 
*          0    20000000    00000000     UNINITIALIZED

MODULE SUMMARY

       Module                         code    ro data   rw data
       ------                         ----    -------   -------
    ./
       tcp.obj                        5412    166       86     
       mqtt.obj                       3608    384       240    
       ethernet.obj                   2760    0         89     
       gpio.obj                       2056    0         0      
       eth0.obj                       1812    0         9      
       ip.obj                         1156    0         20     
       timer.obj                      824     0         132    
       udp.obj                        888     0         0      
       arp.obj                        756     0         0      
       tm4c123gh6pm_startup_ccs.obj   12      620       0      
       ip_custom_layer.obj            584     0         3      
       spi0.obj                       352     0         0      
       icmp.obj                       340     0         0      
       uart0.obj                      296     0         0      
       eeprom.obj                     132     0         0      
       wait.obj                       36      0         0      
       clock.obj                      16      0         0      
    +--+------------------------------+-------+---------+---------+
       Total:                         21040   1170      579    
                                                               
    /home/sadhan/ti/ccs1210/ccs/tools/compiler/ti-cgt-arm_20.2.7.LTS/lib/rtsv7M4_T_le_v4SPD16_eabi.lib
       _printfi.c.obj                 4851    0         0      
       _scanfi.c.obj                  2836    16        0      
       strtod.c.obj                   1120    200       0      
       strtoll.c.obj                  476     0         0      
       fd_add_t2.asm.obj              438     0         0      
       strtoull.c.obj                 348     0         0      
       fd_div_t2.asm.obj              310     0         0      
       strtol.c.obj                   304     0         0      
       s_scalbn.c.obj                 272     0         0      
       strtoul.c.obj                  272     0         0      
       fd_cmp_t2.asm.obj              268     0         0      
       ctype.c.obj                    0       257       0      
       fd_mul_t2.asm.obj              252     0         0      
       sscanf.c.obj                   186     0         0      
       memcpy_t2.asm.obj              156     0         0      
       ull_div_t2.asm.obj             150     0         0      
       snprintf.c.obj                 148     0         0      
       memset_t2.asm.obj              122     0         0      
       fd_tos_t2.asm.obj              110     0         0      
       ll_div_t2.asm.obj              110     0         0      
       copy_decompress_lzss.c.obj     104     0         0      
       s_frexp.c.obj                  100     0         0      
       rand.c.obj                     88      0         4      
       _ltoa.c.obj                    84      0         0      
       atoi.c.obj                     76      0         0      
       fd_toi_t2.asm.obj              72      0         0      
       autoinit.c.obj                 68      0         0      
       strtok.c.obj                   64      0         4      
       boot_cortex_m.c.obj            52      0         0      
       i_tofd_t2.asm.obj              46      0         0      
       strspn.c.obj                   42      0         0      
       strcspn.c.obj                  36      0         0      
       copy_zero_init.c.obj           28      0         0      
       memccpy.c.obj                  28      0         0      
       s_copysign.c.obj               26      0         0      
       ll_mul_t2.asm.obj              24      0         0      
       strcmp.c.obj                   24      0         0      
       strrchr.c.obj                  24      0         0      
       strchr.c.obj                   22      0         0      
       strcpy.c.obj                   20      0         0      
       strlen.c.obj                   20      0         0      
       wcslen.c.obj                   18      0         0      
       tolower.c.obj                  16      0         0      
       copy_decompress_none.c.obj     14      0         0      
       errno.c.obj                    8       0         4      
       _lock.c.obj                    2       0         8      
       exit.c.obj                     4       0         0      
       pre_init.c.obj                 4       0         0      
       div0.asm.obj                   2       0         0      
    +--+------------------------------+-------+---------+---------+
       Total:                         13845   473       20     
                                                               
       Stack:                         0       0         8192   
       Linker Generated:              0       147       0      
    +--+------------------------------+-------+---------+---------+
       Grand Total:                   34885   1790      8791   


LINKER GENERATED COPY TABLES

__TI_cinit_table @ 00008f48 records: 2, size/record: 8, table size: 16
	.data: load addr=00008ec0, load size=0000006f bytes, run addr=20002000, run size=0000017e bytes, compression=lzss
	.bss: load addr=00008f40, load size=00000008 bytes, run addr=20002180, run size=000000dc bytes, compression=zero_init


LINKER GENERATED HANDLER TABLE

__TI_handler_table @ 00008f30 records: 3, size/record: 4, table size: 12
	index: 0, handler: __TI_decompress_lzss
	index: 1, handler: __TI_decompress_none
	index: 2, handler: __TI_zero_init


GLOBAL SYMBOLS: SORTED ALPHABETICALLY BY Name 

address   name                          
-------   ----                          
00008ab5  C$$EXIT                       
00008a93  ResetISR                      
20002000  __STACK_END                   
00002000  __STACK_SIZE                  
20000200  __STACK_TOP                   
00008f48  __TI_CINIT_Base               
00008f58  __TI_CINIT_Limit              
00008f30  __TI_Handler_Table_Base       
00008f3c  __TI_Handler_Table_Limit      
000086f9  __TI_auto_init_nobinit_nopinit
00008451  __TI_decompress_lzss          
00008a85  __TI_decompress_none          
00008573  __TI_ltoa                     
ffffffff  __TI_pprof_out_hndl           
00003b85  __TI_printfi                  
ffffffff  __TI_prof_data_size           
ffffffff  __TI_prof_data_start          
000025a9  __TI_scanfi                   
00000000  __TI_static_base__            
00008951  __TI_zero_init_nomemset       
00008095  __aeabi_cdcmpeq               
00008095  __aeabi_cdcmple               
0000811b  __aeabi_cdrcmple              
0000830d  __aeabi_d2f                   
000086b1  __aeabi_d2iz                  
00006fe7  __aeabi_dadd                  
000076e1  __aeabi_ddiv                  
00007db5  __aeabi_dmul                  
00006fdd  __aeabi_dsub                  
00008aa1  __aeabi_errno_addr            
0000888d  __aeabi_i2d                   
00007193  __aeabi_idiv0                 
00007193  __aeabi_ldiv0                 
0000837b  __aeabi_ldivmod               
000089bb  __aeabi_lmul                  
00008225  __aeabi_memclr                
00008225  __aeabi_memclr4               
00008225  __aeabi_memclr8               
00007f63  __aeabi_memcpy                
00007f63  __aeabi_memcpy4               
00007f63  __aeabi_memcpy8               
00008227  __aeabi_memset                
00008227  __aeabi_memset4               
00008227  __aeabi_memset8               
00007fff  __aeabi_uldivmod              
ffffffff  __binit__                     
ffffffff  __c_args__                    
UNDEFED   __mpu_init                    
20000000  __stack                       
20000000  __start___llvm_prf_cnts       
20000000  __stop___llvm_prf_cnts        
000087f5  _c_int00_noargs               
00008c38  _ctypes_                      
20002144  _lock                         
000045d3  _nop                          
UNDEFED   _system_post_cinit            
00008ab1  _system_pre_init              
20002148  _unlock                       
00008ab5  abort                         
00003aab  appInit                       
00006b5b  arpRespTimeoutCb              
0000343d  asciiToUint8                  
00008619  atoi                          
ffffffff  binit                         
0000592f  calcIpChecksum                
00004e9b  clearEtherReg                 
00004c29  clearPinInterrupt             
00008989  copysign                      
00008989  copysignl                     
20002142  count                         
00004df3  disableEtherCs                
00004c05  disablePinInterrupt           
0000493d  disablePinPulldown            
000048f5  disablePinPullup              
00004691  disablePort                   
000030f9  displayConnectionInfo         
000015ad  displayStatus                 
00004ddd  enableEtherCs                 
00004be1  enablePinInterrupt            
00004919  enablePinPulldown             
000048c7  enablePinPullup               
000045d5  enablePort                    
2000216c  errno                         
200021d4  fn                            
000084b9  frexp                         
000084b9  frexpl                        
00000000  g_pfnVectors                  
000003f7  genRandNum                    
000053f7  getEtherId                    
00005491  getEtherMacAddress            
000051d1  getEtherPacket                
000055f9  getIpAddress                  
000058fd  getIpChecksum                 
00006b55  getIpCurrentEventStatus       
00005755  getIpDnsAddress               
000056e1  getIpGatewayAddress           
00005841  getIpMqttBrokerAddress        
0000566d  getIpSubnetMask               
000057c9  getIpTimeServerAddress        
00004c97  getPinValue                   
00004d4d  getPortValue                  
000008e1  getTcpCurrState               
0000033f  getTcpData                    
0000036b  getTcpHeader                  
000009b7  getTcpMessageSocket           
00000921  getTcpSegmentLength           
00005e7d  getUdpData                    
00005ea9  getUdpMessageSocket           
00007a1f  getcUart0                     
000053cb  htonl                         
000053a7  htons                         
2000214c  hwAddress                     
00005403  incEtherId                    
000081a1  initEeprom                    
00004fe7  initEther                     
000030bd  initHw                        
00007195  initSpi0                      
00008a65  initSystemClockTo40Mhz        
0000614d  initTimer                     
00007949  initUart0                     
2000217b  initiateArpRequest            
20002138  initiateFin                   
20002152  ipAddress                     
20002156  ipDnsAddress                  
2000217c  ipEventIcb                    
2000215a  ipGwAddress                   
00006a45  ipHandlerRx                   
000069e9  ipHandlerTx                   
2000215e  ipSubnetMask                  
20002162  ipTimeServerAddress           
00006485  isArpRequest                  
00006529  isArpResponse                 
00005187  isEtherDataAvailable          
00005599  isEtherIpValid                
0000516d  isEtherLinkUp                 
000051a1  isEtherOverflow               
000054f1  isIp                          
00006b63  isIpArpResponse               
00005539  isIpUnicast                   
0000235d  isMqtt                        
00007451  isPingRequest                 
0000026d  isTcp                         
00005dd5  isUdp                         
00007a33  kbhitUart0                    
00007b95  ldexp                         
00007b95  ldexpl                        
0000393f  main                          
0000896d  memccpy                       
00007f63  memcpy                        
0000822d  memset                        
00001b31  mqttConnect                   
00001c51  mqttDisConnect                
200020c0  mqttFsmState                  
0000253d  mqttGetConnState              
00002469  mqttGetCurrState              
000022ed  mqttGetTxData                 
000022ad  mqttGetTxStatus               
00001e99  mqttHandler                   
0000245d  mqttInit                      
00001e43  mqttLogConnectEvent           
00001e63  mqttLogDisConnectEvent        
00001cb1  mqttLogPublishEvent           
00001d7b  mqttLogSubscribeEvent         
00001ddf  mqttLogUnSubscribeEvent       
20002166  mqttPktId                     
00001791  mqttPublish                   
00002543  mqttSetConnState              
00002529  mqttSetCurrState              
00002403  mqttSetRxData                 
000022b3  mqttSetTxStatus               
000018f5  mqttSubscribe                 
00001a15  mqttUnSubscribe               
20002178  nextPacketLsb                 
20002179  nextPacketMsb                 
200021fc  period                        
000034ef  processShell                  
000052c1  putEtherPacket                
000079d7  putcUart0                     
000079f3  putsUart0                     
00008829  rand                          
00006447  random32                      
00003389  readConfiguration             
000081e9  readEeprom                    
00004fcf  readEtherMem                  
00004f23  readEtherPhy                  
00004e35  readEtherReg                  
000072cd  readSpi0Data                  
2000224c  reload                        
0000635f  restartTimer                  
00007b95  scalbn                        
00007b95  scalbnl                       
000047fb  selectPinAnalogInput          
000047ad  selectPinDigitalInput         
00004b17  selectPinInterruptBothEdges   
00004ac7  selectPinInterruptFallingEdge 
00004b6d  selectPinInterruptHighLevel   
00004ba7  selectPinInterruptLowLevel    
00004a77  selectPinInterruptRisingEdge  
0000475f  selectPinOpenDrainOutput      
00004711  selectPinPushPullOutput       
0000665b  sendArpRequest                
0000657d  sendArpResponse               
00007495  sendPingResponse              
00005f53  sendUdpMessage                
2000217a  sequenceId                    
00004ecf  setEtherBank                  
0000540d  setEtherMacAddress            
00004e67  setEtherReg                   
000055bf  setIpAddress                  
0000571b  setIpDnsAddress               
000056a7  setIpGatewayAddress           
00005803  setIpMqttBrokerAddress        
00006b1b  setIpMqttMacBrokerAddress     
00005633  setIpSubnetMask               
0000578f  setIpTimeServerAddress        
00004965  setPinAuxFunction             
0000484b  setPinCommitControl           
00004c4d  setPinValue                   
00004cd5  setPortValue                  
00007231  setSpi0BaudRate               
00007267  setSpi0Mode                   
00007993  setUart0BaudRate              
00008665  snprintf                      
20002118  socketConns                   
000088e5  srand                         
000087bd  sscanf                        
00004fbd  startEtherMemRead             
00004f8f  startEtherMemWrite            
000061ed  startOneshotTimer             
00006273  startPeriodicTimer            
00004fdf  stopEtherMemRead              
00004fb5  stopEtherMemWrite             
000062f9  stopTimer                     
20002180  strInput                      
00008a03  strchr                        
000089d3  strcmp                        
00008a19  strcpy                        
00008909  strcspn                       
00008a2d  strlen                        
000089eb  strrchr                       
000088bb  strspn                        
00005975  strtod                        
0000873d  strtok                        
00007819  strtol                        
00005975  strtold                       
00006c31  strtoll                       
00007ca5  strtoul                       
000072f5  strtoull                      
00005889  sumIpWords                    
000008c5  tcpConnect                    
000011ad  tcpCreateSocket               
0000052d  tcpFsmStateMachineClient      
00000435  tcpGetMatchingSocket          
000011d5  tcpHandleRwTransactions       
0000040f  tcpHandlerRx                  
000004d5  tcpHandlerTx                  
000003dd  tcpHeaderSize                 
000003b9  tcpIsAck                      
00000395  tcpIsSyn                      
00000d1f  tcpSendAck                    
00000f6b  tcpSendFin                    
000012d1  tcpSendSegment                
00000b01  tcpSendSyn                    
0000051d  tcpSendTimerCb                
0000155d  tcpValidChecks                
000063cd  tickIsr                       
20002224  ticks                         
00004c73  togglePinValue                
20002258  token                         
00008a75  tolower                       
0000892d  waitMicrosecond               
00008a53  wcslen                        
000081b7  writeEeprom                   
00004fa1  writeEtherMem                 
00004eeb  writeEtherPhy                 
00004e01  writeEtherReg                 
000072b5  writeSpi0Data                 


GLOBAL SYMBOLS: SORTED BY Symbol Address 

address   name                          
-------   ----                          
00000000  __TI_static_base__            
00000000  g_pfnVectors                  
0000026d  isTcp                         
0000033f  getTcpData                    
0000036b  getTcpHeader                  
00000395  tcpIsSyn                      
000003b9  tcpIsAck                      
000003dd  tcpHeaderSize                 
000003f7  genRandNum                    
0000040f  tcpHandlerRx                  
00000435  tcpGetMatchingSocket          
000004d5  tcpHandlerTx                  
0000051d  tcpSendTimerCb                
0000052d  tcpFsmStateMachineClient      
000008c5  tcpConnect                    
000008e1  getTcpCurrState               
00000921  getTcpSegmentLength           
000009b7  getTcpMessageSocket           
00000b01  tcpSendSyn                    
00000d1f  tcpSendAck                    
00000f6b  tcpSendFin                    
000011ad  tcpCreateSocket               
000011d5  tcpHandleRwTransactions       
000012d1  tcpSendSegment                
0000155d  tcpValidChecks                
000015ad  displayStatus                 
00001791  mqttPublish                   
000018f5  mqttSubscribe                 
00001a15  mqttUnSubscribe               
00001b31  mqttConnect                   
00001c51  mqttDisConnect                
00001cb1  mqttLogPublishEvent           
00001d7b  mqttLogSubscribeEvent         
00001ddf  mqttLogUnSubscribeEvent       
00001e43  mqttLogConnectEvent           
00001e63  mqttLogDisConnectEvent        
00001e99  mqttHandler                   
00002000  __STACK_SIZE                  
000022ad  mqttGetTxStatus               
000022b3  mqttSetTxStatus               
000022ed  mqttGetTxData                 
0000235d  isMqtt                        
00002403  mqttSetRxData                 
0000245d  mqttInit                      
00002469  mqttGetCurrState              
00002529  mqttSetCurrState              
0000253d  mqttGetConnState              
00002543  mqttSetConnState              
000025a9  __TI_scanfi                   
000030bd  initHw                        
000030f9  displayConnectionInfo         
00003389  readConfiguration             
0000343d  asciiToUint8                  
000034ef  processShell                  
0000393f  main                          
00003aab  appInit                       
00003b85  __TI_printfi                  
000045d3  _nop                          
000045d5  enablePort                    
00004691  disablePort                   
00004711  selectPinPushPullOutput       
0000475f  selectPinOpenDrainOutput      
000047ad  selectPinDigitalInput         
000047fb  selectPinAnalogInput          
0000484b  setPinCommitControl           
000048c7  enablePinPullup               
000048f5  disablePinPullup              
00004919  enablePinPulldown             
0000493d  disablePinPulldown            
00004965  setPinAuxFunction             
00004a77  selectPinInterruptRisingEdge  
00004ac7  selectPinInterruptFallingEdge 
00004b17  selectPinInterruptBothEdges   
00004b6d  selectPinInterruptHighLevel   
00004ba7  selectPinInterruptLowLevel    
00004be1  enablePinInterrupt            
00004c05  disablePinInterrupt           
00004c29  clearPinInterrupt             
00004c4d  setPinValue                   
00004c73  togglePinValue                
00004c97  getPinValue                   
00004cd5  setPortValue                  
00004d4d  getPortValue                  
00004ddd  enableEtherCs                 
00004df3  disableEtherCs                
00004e01  writeEtherReg                 
00004e35  readEtherReg                  
00004e67  setEtherReg                   
00004e9b  clearEtherReg                 
00004ecf  setEtherBank                  
00004eeb  writeEtherPhy                 
00004f23  readEtherPhy                  
00004f8f  startEtherMemWrite            
00004fa1  writeEtherMem                 
00004fb5  stopEtherMemWrite             
00004fbd  startEtherMemRead             
00004fcf  readEtherMem                  
00004fdf  stopEtherMemRead              
00004fe7  initEther                     
0000516d  isEtherLinkUp                 
00005187  isEtherDataAvailable          
000051a1  isEtherOverflow               
000051d1  getEtherPacket                
000052c1  putEtherPacket                
000053a7  htons                         
000053cb  htonl                         
000053f7  getEtherId                    
00005403  incEtherId                    
0000540d  setEtherMacAddress            
00005491  getEtherMacAddress            
000054f1  isIp                          
00005539  isIpUnicast                   
00005599  isEtherIpValid                
000055bf  setIpAddress                  
000055f9  getIpAddress                  
00005633  setIpSubnetMask               
0000566d  getIpSubnetMask               
000056a7  setIpGatewayAddress           
000056e1  getIpGatewayAddress           
0000571b  setIpDnsAddress               
00005755  getIpDnsAddress               
0000578f  setIpTimeServerAddress        
000057c9  getIpTimeServerAddress        
00005803  setIpMqttBrokerAddress        
00005841  getIpMqttBrokerAddress        
00005889  sumIpWords                    
000058fd  getIpChecksum                 
0000592f  calcIpChecksum                
00005975  strtod                        
00005975  strtold                       
00005dd5  isUdp                         
00005e7d  getUdpData                    
00005ea9  getUdpMessageSocket           
00005f53  sendUdpMessage                
0000614d  initTimer                     
000061ed  startOneshotTimer             
00006273  startPeriodicTimer            
000062f9  stopTimer                     
0000635f  restartTimer                  
000063cd  tickIsr                       
00006447  random32                      
00006485  isArpRequest                  
00006529  isArpResponse                 
0000657d  sendArpResponse               
0000665b  sendArpRequest                
000069e9  ipHandlerTx                   
00006a45  ipHandlerRx                   
00006b1b  setIpMqttMacBrokerAddress     
00006b55  getIpCurrentEventStatus       
00006b5b  arpRespTimeoutCb              
00006b63  isIpArpResponse               
00006c31  strtoll                       
00006fdd  __aeabi_dsub                  
00006fe7  __aeabi_dadd                  
00007193  __aeabi_idiv0                 
00007193  __aeabi_ldiv0                 
00007195  initSpi0                      
00007231  setSpi0BaudRate               
00007267  setSpi0Mode                   
000072b5  writeSpi0Data                 
000072cd  readSpi0Data                  
000072f5  strtoull                      
00007451  isPingRequest                 
00007495  sendPingResponse              
000076e1  __aeabi_ddiv                  
00007819  strtol                        
00007949  initUart0                     
00007993  setUart0BaudRate              
000079d7  putcUart0                     
000079f3  putsUart0                     
00007a1f  getcUart0                     
00007a33  kbhitUart0                    
00007b95  ldexp                         
00007b95  ldexpl                        
00007b95  scalbn                        
00007b95  scalbnl                       
00007ca5  strtoul                       
00007db5  __aeabi_dmul                  
00007f63  __aeabi_memcpy                
00007f63  __aeabi_memcpy4               
00007f63  __aeabi_memcpy8               
00007f63  memcpy                        
00007fff  __aeabi_uldivmod              
00008095  __aeabi_cdcmpeq               
00008095  __aeabi_cdcmple               
0000811b  __aeabi_cdrcmple              
000081a1  initEeprom                    
000081b7  writeEeprom                   
000081e9  readEeprom                    
00008225  __aeabi_memclr                
00008225  __aeabi_memclr4               
00008225  __aeabi_memclr8               
00008227  __aeabi_memset                
00008227  __aeabi_memset4               
00008227  __aeabi_memset8               
0000822d  memset                        
0000830d  __aeabi_d2f                   
0000837b  __aeabi_ldivmod               
00008451  __TI_decompress_lzss          
000084b9  frexp                         
000084b9  frexpl                        
00008573  __TI_ltoa                     
00008619  atoi                          
00008665  snprintf                      
000086b1  __aeabi_d2iz                  
000086f9  __TI_auto_init_nobinit_nopinit
0000873d  strtok                        
000087bd  sscanf                        
000087f5  _c_int00_noargs               
00008829  rand                          
0000888d  __aeabi_i2d                   
000088bb  strspn                        
000088e5  srand                         
00008909  strcspn                       
0000892d  waitMicrosecond               
00008951  __TI_zero_init_nomemset       
0000896d  memccpy                       
00008989  copysign                      
00008989  copysignl                     
000089bb  __aeabi_lmul                  
000089d3  strcmp                        
000089eb  strrchr                       
00008a03  strchr                        
00008a19  strcpy                        
00008a2d  strlen                        
00008a53  wcslen                        
00008a65  initSystemClockTo40Mhz        
00008a75  tolower                       
00008a85  __TI_decompress_none          
00008a93  ResetISR                      
00008aa1  __aeabi_errno_addr            
00008ab1  _system_pre_init              
00008ab5  C$$EXIT                       
00008ab5  abort                         
00008c38  _ctypes_                      
00008f30  __TI_Handler_Table_Base       
00008f3c  __TI_Handler_Table_Limit      
00008f48  __TI_CINIT_Base               
00008f58  __TI_CINIT_Limit              
20000000  __stack                       
20000000  __start___llvm_prf_cnts       
20000000  __stop___llvm_prf_cnts        
20000200  __STACK_TOP                   
20002000  __STACK_END                   
200020c0  mqttFsmState                  
20002118  socketConns                   
20002138  initiateFin                   
20002142  count                         
20002144  _lock                         
20002148  _unlock                       
2000214c  hwAddress                     
20002152  ipAddress                     
20002156  ipDnsAddress                  
2000215a  ipGwAddress                   
2000215e  ipSubnetMask                  
20002162  ipTimeServerAddress           
20002166  mqttPktId                     
2000216c  errno                         
20002178  nextPacketLsb                 
20002179  nextPacketMsb                 
2000217a  sequenceId                    
2000217b  initiateArpRequest            
2000217c  ipEventIcb                    
20002180  strInput                      
200021d4  fn                            
200021fc  period                        
20002224  ticks                         
2000224c  reload                        
20002258  token                         
ffffffff  __TI_pprof_out_hndl           
ffffffff  __TI_prof_data_size           
ffffffff  __TI_prof_data_start          
ffffffff  __binit__                     
ffffffff  __c_args__                    
ffffffff  binit                         
UNDEFED   __mpu_init                    
UNDEFED   _system_post_cinit            

[277 symbols]
