<?xml version="1.0" encoding="ISO-8859-1" ?>
<link_info>
   <banner>TI ARM Linker Unix v20.2.7.LTS</banner>
   <copyright>Copyright (c) 1996-2018 Texas Instruments Incorporated</copyright>
   <link_time>0x640ff6a9</link_time>
   <link_errors>0x0</link_errors>
   <output_file>IOT_Project1.out</output_file>
   <entry_point>
      <name>_c_int00_noargs</name>
      <address>0x8ed5</address>
   </entry_point>
   <input_file_list>
      <input_file id="fl-1">
         <path>./</path>
         <kind>object</kind>
         <file>arp.obj</file>
         <name>arp.obj</name>
      </input_file>
      <input_file id="fl-2">
         <path>./</path>
         <kind>object</kind>
         <file>clock.obj</file>
         <name>clock.obj</name>
      </input_file>
      <input_file id="fl-3">
         <path>./</path>
         <kind>object</kind>
         <file>eeprom.obj</file>
         <name>eeprom.obj</name>
      </input_file>
      <input_file id="fl-4">
         <path>./</path>
         <kind>object</kind>
         <file>eth0.obj</file>
         <name>eth0.obj</name>
      </input_file>
      <input_file id="fl-5">
         <path>./</path>
         <kind>object</kind>
         <file>ethernet.obj</file>
         <name>ethernet.obj</name>
      </input_file>
      <input_file id="fl-6">
         <path>./</path>
         <kind>object</kind>
         <file>gpio.obj</file>
         <name>gpio.obj</name>
      </input_file>
      <input_file id="fl-7">
         <path>./</path>
         <kind>object</kind>
         <file>icmp.obj</file>
         <name>icmp.obj</name>
      </input_file>
      <input_file id="fl-8">
         <path>./</path>
         <kind>object</kind>
         <file>ip.obj</file>
         <name>ip.obj</name>
      </input_file>
      <input_file id="fl-9">
         <path>./</path>
         <kind>object</kind>
         <file>ip_custom_layer.obj</file>
         <name>ip_custom_layer.obj</name>
      </input_file>
      <input_file id="fl-a">
         <path>./</path>
         <kind>object</kind>
         <file>mqtt.obj</file>
         <name>mqtt.obj</name>
      </input_file>
      <input_file id="fl-b">
         <path>./</path>
         <kind>object</kind>
         <file>spi0.obj</file>
         <name>spi0.obj</name>
      </input_file>
      <input_file id="fl-c">
         <path>./</path>
         <kind>object</kind>
         <file>tcp.obj</file>
         <name>tcp.obj</name>
      </input_file>
      <input_file id="fl-d">
         <path>./</path>
         <kind>object</kind>
         <file>timer.obj</file>
         <name>timer.obj</name>
      </input_file>
      <input_file id="fl-e">
         <path>./</path>
         <kind>object</kind>
         <file>tm4c123gh6pm_startup_ccs.obj</file>
         <name>tm4c123gh6pm_startup_ccs.obj</name>
      </input_file>
      <input_file id="fl-f">
         <path>./</path>
         <kind>object</kind>
         <file>uart0.obj</file>
         <name>uart0.obj</name>
      </input_file>
      <input_file id="fl-10">
         <path>./</path>
         <kind>object</kind>
         <file>udp.obj</file>
         <name>udp.obj</name>
      </input_file>
      <input_file id="fl-11">
         <path>./</path>
         <kind>object</kind>
         <file>wait.obj</file>
         <name>wait.obj</name>
      </input_file>
      <input_file id="fl-15">
         <kind>object</kind>
         <file>&lt;internal&gt;</file>
         <name>&lt;internal&gt;</name>
      </input_file>
      <input_file id="fl-cb">
         <path>/home/sadhan/ti/ccs1210/ccs/tools/compiler/ti-cgt-arm_20.2.7.LTS/lib/</path>
         <kind>archive</kind>
         <file>rtsv7M4_T_le_v4SPD16_eabi.lib</file>
         <name>snprintf.c.obj</name>
      </input_file>
      <input_file id="fl-cc">
         <path>/home/sadhan/ti/ccs1210/ccs/tools/compiler/ti-cgt-arm_20.2.7.LTS/lib/</path>
         <kind>archive</kind>
         <file>rtsv7M4_T_le_v4SPD16_eabi.lib</file>
         <name>sscanf.c.obj</name>
      </input_file>
      <input_file id="fl-cd">
         <path>/home/sadhan/ti/ccs1210/ccs/tools/compiler/ti-cgt-arm_20.2.7.LTS/lib/</path>
         <kind>archive</kind>
         <file>rtsv7M4_T_le_v4SPD16_eabi.lib</file>
         <name>memcpy_t2.asm.obj</name>
      </input_file>
      <input_file id="fl-ce">
         <path>/home/sadhan/ti/ccs1210/ccs/tools/compiler/ti-cgt-arm_20.2.7.LTS/lib/</path>
         <kind>archive</kind>
         <file>rtsv7M4_T_le_v4SPD16_eabi.lib</file>
         <name>memset_t2.asm.obj</name>
      </input_file>
      <input_file id="fl-cf">
         <path>/home/sadhan/ti/ccs1210/ccs/tools/compiler/ti-cgt-arm_20.2.7.LTS/lib/</path>
         <kind>archive</kind>
         <file>rtsv7M4_T_le_v4SPD16_eabi.lib</file>
         <name>copy_zero_init.c.obj</name>
      </input_file>
      <input_file id="fl-d0">
         <path>/home/sadhan/ti/ccs1210/ccs/tools/compiler/ti-cgt-arm_20.2.7.LTS/lib/</path>
         <kind>archive</kind>
         <file>rtsv7M4_T_le_v4SPD16_eabi.lib</file>
         <name>copy_decompress_none.c.obj</name>
      </input_file>
      <input_file id="fl-d1">
         <path>/home/sadhan/ti/ccs1210/ccs/tools/compiler/ti-cgt-arm_20.2.7.LTS/lib/</path>
         <kind>archive</kind>
         <file>rtsv7M4_T_le_v4SPD16_eabi.lib</file>
         <name>copy_decompress_lzss.c.obj</name>
      </input_file>
      <input_file id="fl-d2">
         <path>/home/sadhan/ti/ccs1210/ccs/tools/compiler/ti-cgt-arm_20.2.7.LTS/lib/</path>
         <kind>archive</kind>
         <file>rtsv7M4_T_le_v4SPD16_eabi.lib</file>
         <name>ctype.c.obj</name>
      </input_file>
      <input_file id="fl-d3">
         <path>/home/sadhan/ti/ccs1210/ccs/tools/compiler/ti-cgt-arm_20.2.7.LTS/lib/</path>
         <kind>archive</kind>
         <file>rtsv7M4_T_le_v4SPD16_eabi.lib</file>
         <name>rand.c.obj</name>
      </input_file>
      <input_file id="fl-d4">
         <path>/home/sadhan/ti/ccs1210/ccs/tools/compiler/ti-cgt-arm_20.2.7.LTS/lib/</path>
         <kind>archive</kind>
         <file>rtsv7M4_T_le_v4SPD16_eabi.lib</file>
         <name>strcmp.c.obj</name>
      </input_file>
      <input_file id="fl-d5">
         <path>/home/sadhan/ti/ccs1210/ccs/tools/compiler/ti-cgt-arm_20.2.7.LTS/lib/</path>
         <kind>archive</kind>
         <file>rtsv7M4_T_le_v4SPD16_eabi.lib</file>
         <name>strlen.c.obj</name>
      </input_file>
      <input_file id="fl-d6">
         <path>/home/sadhan/ti/ccs1210/ccs/tools/compiler/ti-cgt-arm_20.2.7.LTS/lib/</path>
         <kind>archive</kind>
         <file>rtsv7M4_T_le_v4SPD16_eabi.lib</file>
         <name>strncpy.c.obj</name>
      </input_file>
      <input_file id="fl-d7">
         <path>/home/sadhan/ti/ccs1210/ccs/tools/compiler/ti-cgt-arm_20.2.7.LTS/lib/</path>
         <kind>archive</kind>
         <file>rtsv7M4_T_le_v4SPD16_eabi.lib</file>
         <name>strtok.c.obj</name>
      </input_file>
      <input_file id="fl-d8">
         <path>/home/sadhan/ti/ccs1210/ccs/tools/compiler/ti-cgt-arm_20.2.7.LTS/lib/</path>
         <kind>archive</kind>
         <file>rtsv7M4_T_le_v4SPD16_eabi.lib</file>
         <name>tolower.c.obj</name>
      </input_file>
      <input_file id="fl-d9">
         <path>/home/sadhan/ti/ccs1210/ccs/tools/compiler/ti-cgt-arm_20.2.7.LTS/lib/</path>
         <kind>archive</kind>
         <file>rtsv7M4_T_le_v4SPD16_eabi.lib</file>
         <name>boot_cortex_m.c.obj</name>
      </input_file>
      <input_file id="fl-da">
         <path>/home/sadhan/ti/ccs1210/ccs/tools/compiler/ti-cgt-arm_20.2.7.LTS/lib/</path>
         <kind>archive</kind>
         <file>rtsv7M4_T_le_v4SPD16_eabi.lib</file>
         <name>_printfi.c.obj</name>
      </input_file>
      <input_file id="fl-db">
         <path>/home/sadhan/ti/ccs1210/ccs/tools/compiler/ti-cgt-arm_20.2.7.LTS/lib/</path>
         <kind>archive</kind>
         <file>rtsv7M4_T_le_v4SPD16_eabi.lib</file>
         <name>_scanfi.c.obj</name>
      </input_file>
      <input_file id="fl-dc">
         <path>/home/sadhan/ti/ccs1210/ccs/tools/compiler/ti-cgt-arm_20.2.7.LTS/lib/</path>
         <kind>archive</kind>
         <file>rtsv7M4_T_le_v4SPD16_eabi.lib</file>
         <name>fd_add_t2.asm.obj</name>
      </input_file>
      <input_file id="fl-dd">
         <path>/home/sadhan/ti/ccs1210/ccs/tools/compiler/ti-cgt-arm_20.2.7.LTS/lib/</path>
         <kind>archive</kind>
         <file>rtsv7M4_T_le_v4SPD16_eabi.lib</file>
         <name>fd_cmp_t2.asm.obj</name>
      </input_file>
      <input_file id="fl-de">
         <path>/home/sadhan/ti/ccs1210/ccs/tools/compiler/ti-cgt-arm_20.2.7.LTS/lib/</path>
         <kind>archive</kind>
         <file>rtsv7M4_T_le_v4SPD16_eabi.lib</file>
         <name>fd_div_t2.asm.obj</name>
      </input_file>
      <input_file id="fl-df">
         <path>/home/sadhan/ti/ccs1210/ccs/tools/compiler/ti-cgt-arm_20.2.7.LTS/lib/</path>
         <kind>archive</kind>
         <file>rtsv7M4_T_le_v4SPD16_eabi.lib</file>
         <name>fd_mul_t2.asm.obj</name>
      </input_file>
      <input_file id="fl-e0">
         <path>/home/sadhan/ti/ccs1210/ccs/tools/compiler/ti-cgt-arm_20.2.7.LTS/lib/</path>
         <kind>archive</kind>
         <file>rtsv7M4_T_le_v4SPD16_eabi.lib</file>
         <name>fd_toi_t2.asm.obj</name>
      </input_file>
      <input_file id="fl-e1">
         <path>/home/sadhan/ti/ccs1210/ccs/tools/compiler/ti-cgt-arm_20.2.7.LTS/lib/</path>
         <kind>archive</kind>
         <file>rtsv7M4_T_le_v4SPD16_eabi.lib</file>
         <name>fd_tos_t2.asm.obj</name>
      </input_file>
      <input_file id="fl-e2">
         <path>/home/sadhan/ti/ccs1210/ccs/tools/compiler/ti-cgt-arm_20.2.7.LTS/lib/</path>
         <kind>archive</kind>
         <file>rtsv7M4_T_le_v4SPD16_eabi.lib</file>
         <name>i_tofd_t2.asm.obj</name>
      </input_file>
      <input_file id="fl-e3">
         <path>/home/sadhan/ti/ccs1210/ccs/tools/compiler/ti-cgt-arm_20.2.7.LTS/lib/</path>
         <kind>archive</kind>
         <file>rtsv7M4_T_le_v4SPD16_eabi.lib</file>
         <name>ull_div_t2.asm.obj</name>
      </input_file>
      <input_file id="fl-e4">
         <path>/home/sadhan/ti/ccs1210/ccs/tools/compiler/ti-cgt-arm_20.2.7.LTS/lib/</path>
         <kind>archive</kind>
         <file>rtsv7M4_T_le_v4SPD16_eabi.lib</file>
         <name>autoinit.c.obj</name>
      </input_file>
      <input_file id="fl-e5">
         <path>/home/sadhan/ti/ccs1210/ccs/tools/compiler/ti-cgt-arm_20.2.7.LTS/lib/</path>
         <kind>archive</kind>
         <file>rtsv7M4_T_le_v4SPD16_eabi.lib</file>
         <name>pre_init.c.obj</name>
      </input_file>
      <input_file id="fl-e6">
         <path>/home/sadhan/ti/ccs1210/ccs/tools/compiler/ti-cgt-arm_20.2.7.LTS/lib/</path>
         <kind>archive</kind>
         <file>rtsv7M4_T_le_v4SPD16_eabi.lib</file>
         <name>cpy_tbl.c.obj</name>
      </input_file>
      <input_file id="fl-e7">
         <path>/home/sadhan/ti/ccs1210/ccs/tools/compiler/ti-cgt-arm_20.2.7.LTS/lib/</path>
         <kind>archive</kind>
         <file>rtsv7M4_T_le_v4SPD16_eabi.lib</file>
         <name>exit.c.obj</name>
      </input_file>
      <input_file id="fl-e8">
         <path>/home/sadhan/ti/ccs1210/ccs/tools/compiler/ti-cgt-arm_20.2.7.LTS/lib/</path>
         <kind>archive</kind>
         <file>rtsv7M4_T_le_v4SPD16_eabi.lib</file>
         <name>_lock.c.obj</name>
      </input_file>
      <input_file id="fl-e9">
         <path>/home/sadhan/ti/ccs1210/ccs/tools/compiler/ti-cgt-arm_20.2.7.LTS/lib/</path>
         <kind>archive</kind>
         <file>rtsv7M4_T_le_v4SPD16_eabi.lib</file>
         <name>_ltoa.c.obj</name>
      </input_file>
      <input_file id="fl-ea">
         <path>/home/sadhan/ti/ccs1210/ccs/tools/compiler/ti-cgt-arm_20.2.7.LTS/lib/</path>
         <kind>archive</kind>
         <file>rtsv7M4_T_le_v4SPD16_eabi.lib</file>
         <name>args_main.c.obj</name>
      </input_file>
      <input_file id="fl-eb">
         <path>/home/sadhan/ti/ccs1210/ccs/tools/compiler/ti-cgt-arm_20.2.7.LTS/lib/</path>
         <kind>archive</kind>
         <file>rtsv7M4_T_le_v4SPD16_eabi.lib</file>
         <name>atoi.c.obj</name>
      </input_file>
      <input_file id="fl-ec">
         <path>/home/sadhan/ti/ccs1210/ccs/tools/compiler/ti-cgt-arm_20.2.7.LTS/lib/</path>
         <kind>archive</kind>
         <file>rtsv7M4_T_le_v4SPD16_eabi.lib</file>
         <name>memccpy.c.obj</name>
      </input_file>
      <input_file id="fl-ed">
         <path>/home/sadhan/ti/ccs1210/ccs/tools/compiler/ti-cgt-arm_20.2.7.LTS/lib/</path>
         <kind>archive</kind>
         <file>rtsv7M4_T_le_v4SPD16_eabi.lib</file>
         <name>strchr.c.obj</name>
      </input_file>
      <input_file id="fl-ee">
         <path>/home/sadhan/ti/ccs1210/ccs/tools/compiler/ti-cgt-arm_20.2.7.LTS/lib/</path>
         <kind>archive</kind>
         <file>rtsv7M4_T_le_v4SPD16_eabi.lib</file>
         <name>strcpy.c.obj</name>
      </input_file>
      <input_file id="fl-ef">
         <path>/home/sadhan/ti/ccs1210/ccs/tools/compiler/ti-cgt-arm_20.2.7.LTS/lib/</path>
         <kind>archive</kind>
         <file>rtsv7M4_T_le_v4SPD16_eabi.lib</file>
         <name>strcspn.c.obj</name>
      </input_file>
      <input_file id="fl-f0">
         <path>/home/sadhan/ti/ccs1210/ccs/tools/compiler/ti-cgt-arm_20.2.7.LTS/lib/</path>
         <kind>archive</kind>
         <file>rtsv7M4_T_le_v4SPD16_eabi.lib</file>
         <name>strrchr.c.obj</name>
      </input_file>
      <input_file id="fl-f1">
         <path>/home/sadhan/ti/ccs1210/ccs/tools/compiler/ti-cgt-arm_20.2.7.LTS/lib/</path>
         <kind>archive</kind>
         <file>rtsv7M4_T_le_v4SPD16_eabi.lib</file>
         <name>strspn.c.obj</name>
      </input_file>
      <input_file id="fl-f2">
         <path>/home/sadhan/ti/ccs1210/ccs/tools/compiler/ti-cgt-arm_20.2.7.LTS/lib/</path>
         <kind>archive</kind>
         <file>rtsv7M4_T_le_v4SPD16_eabi.lib</file>
         <name>strtod.c.obj</name>
      </input_file>
      <input_file id="fl-f3">
         <path>/home/sadhan/ti/ccs1210/ccs/tools/compiler/ti-cgt-arm_20.2.7.LTS/lib/</path>
         <kind>archive</kind>
         <file>rtsv7M4_T_le_v4SPD16_eabi.lib</file>
         <name>strtol.c.obj</name>
      </input_file>
      <input_file id="fl-f4">
         <path>/home/sadhan/ti/ccs1210/ccs/tools/compiler/ti-cgt-arm_20.2.7.LTS/lib/</path>
         <kind>archive</kind>
         <file>rtsv7M4_T_le_v4SPD16_eabi.lib</file>
         <name>strtoll.c.obj</name>
      </input_file>
      <input_file id="fl-f5">
         <path>/home/sadhan/ti/ccs1210/ccs/tools/compiler/ti-cgt-arm_20.2.7.LTS/lib/</path>
         <kind>archive</kind>
         <file>rtsv7M4_T_le_v4SPD16_eabi.lib</file>
         <name>strtoul.c.obj</name>
      </input_file>
      <input_file id="fl-f6">
         <path>/home/sadhan/ti/ccs1210/ccs/tools/compiler/ti-cgt-arm_20.2.7.LTS/lib/</path>
         <kind>archive</kind>
         <file>rtsv7M4_T_le_v4SPD16_eabi.lib</file>
         <name>strtoull.c.obj</name>
      </input_file>
      <input_file id="fl-f7">
         <path>/home/sadhan/ti/ccs1210/ccs/tools/compiler/ti-cgt-arm_20.2.7.LTS/lib/</path>
         <kind>archive</kind>
         <file>rtsv7M4_T_le_v4SPD16_eabi.lib</file>
         <name>errno.c.obj</name>
      </input_file>
      <input_file id="fl-f8">
         <path>/home/sadhan/ti/ccs1210/ccs/tools/compiler/ti-cgt-arm_20.2.7.LTS/lib/</path>
         <kind>archive</kind>
         <file>rtsv7M4_T_le_v4SPD16_eabi.lib</file>
         <name>wcslen.c.obj</name>
      </input_file>
      <input_file id="fl-f9">
         <path>/home/sadhan/ti/ccs1210/ccs/tools/compiler/ti-cgt-arm_20.2.7.LTS/lib/</path>
         <kind>archive</kind>
         <file>rtsv7M4_T_le_v4SPD16_eabi.lib</file>
         <name>s_frexp.c.obj</name>
      </input_file>
      <input_file id="fl-fa">
         <path>/home/sadhan/ti/ccs1210/ccs/tools/compiler/ti-cgt-arm_20.2.7.LTS/lib/</path>
         <kind>archive</kind>
         <file>rtsv7M4_T_le_v4SPD16_eabi.lib</file>
         <name>s_scalbn.c.obj</name>
      </input_file>
      <input_file id="fl-fb">
         <path>/home/sadhan/ti/ccs1210/ccs/tools/compiler/ti-cgt-arm_20.2.7.LTS/lib/</path>
         <kind>archive</kind>
         <file>rtsv7M4_T_le_v4SPD16_eabi.lib</file>
         <name>div0.asm.obj</name>
      </input_file>
      <input_file id="fl-fc">
         <path>/home/sadhan/ti/ccs1210/ccs/tools/compiler/ti-cgt-arm_20.2.7.LTS/lib/</path>
         <kind>archive</kind>
         <file>rtsv7M4_T_le_v4SPD16_eabi.lib</file>
         <name>ll_mul_t2.asm.obj</name>
      </input_file>
      <input_file id="fl-fd">
         <path>/home/sadhan/ti/ccs1210/ccs/tools/compiler/ti-cgt-arm_20.2.7.LTS/lib/</path>
         <kind>archive</kind>
         <file>rtsv7M4_T_le_v4SPD16_eabi.lib</file>
         <name>s_copysign.c.obj</name>
      </input_file>
   </input_file_list>
   <object_component_list>
      <object_component id="oc-12">
         <name>.intvecs</name>
         <load_address>0x0</load_address>
         <run_address>0x0</run_address>
         <size>0x26c</size>
         <input_file_ref idref="fl-e"/>
      </object_component>
      <object_component id="oc-131">
         <name>.text</name>
         <load_address>0x26c</load_address>
         <run_address>0x26c</run_address>
         <size>0x16d4</size>
         <input_file_ref idref="fl-c"/>
      </object_component>
      <object_component id="oc-12a">
         <name>.text</name>
         <load_address>0x1940</load_address>
         <run_address>0x1940</run_address>
         <size>0x1378</size>
         <input_file_ref idref="fl-a"/>
      </object_component>
      <object_component id="oc-206">
         <name>.text:__TI_scanfi</name>
         <load_address>0x2cb8</load_address>
         <run_address>0x2cb8</run_address>
         <size>0xb14</size>
         <input_file_ref idref="fl-db"/>
      </object_component>
      <object_component id="oc-b2">
         <name>.text</name>
         <load_address>0x37cc</load_address>
         <run_address>0x37cc</run_address>
         <size>0xac8</size>
         <input_file_ref idref="fl-5"/>
      </object_component>
      <object_component id="oc-1c9">
         <name>.text:__TI_printfi</name>
         <load_address>0x4294</load_address>
         <run_address>0x4294</run_address>
         <size>0xa4e</size>
         <input_file_ref idref="fl-da"/>
      </object_component>
      <object_component id="oc-389">
         <name>.text:_nop</name>
         <load_address>0x4ce2</load_address>
         <run_address>0x4ce2</run_address>
         <size>0x2</size>
         <input_file_ref idref="fl-e8"/>
      </object_component>
      <object_component id="oc-e4">
         <name>.text</name>
         <load_address>0x4ce4</load_address>
         <run_address>0x4ce4</run_address>
         <size>0x808</size>
         <input_file_ref idref="fl-6"/>
      </object_component>
      <object_component id="oc-ea">
         <name>.text</name>
         <load_address>0x54ec</load_address>
         <run_address>0x54ec</run_address>
         <size>0x714</size>
         <input_file_ref idref="fl-4"/>
      </object_component>
      <object_component id="oc-fc">
         <name>.text</name>
         <load_address>0x5c00</load_address>
         <run_address>0x5c00</run_address>
         <size>0x488</size>
         <input_file_ref idref="fl-8"/>
      </object_component>
      <object_component id="oc-315">
         <name>.text:strtod</name>
         <load_address>0x6088</load_address>
         <run_address>0x6088</run_address>
         <size>0x460</size>
         <input_file_ref idref="fl-f2"/>
      </object_component>
      <object_component id="oc-14f">
         <name>.text</name>
         <load_address>0x64e8</load_address>
         <run_address>0x64e8</run_address>
         <size>0x378</size>
         <input_file_ref idref="fl-10"/>
      </object_component>
      <object_component id="oc-2d">
         <name>.text</name>
         <load_address>0x6860</load_address>
         <run_address>0x6860</run_address>
         <size>0x338</size>
         <input_file_ref idref="fl-d"/>
      </object_component>
      <object_component id="oc-13d">
         <name>.text</name>
         <load_address>0x6b98</load_address>
         <run_address>0x6b98</run_address>
         <size>0x2f4</size>
         <input_file_ref idref="fl-1"/>
      </object_component>
      <object_component id="oc-2c8">
         <name>.text:_pconv_a</name>
         <load_address>0x6e8c</load_address>
         <run_address>0x6e8c</run_address>
         <size>0x270</size>
         <input_file_ref idref="fl-da"/>
      </object_component>
      <object_component id="oc-143">
         <name>.text</name>
         <load_address>0x70fc</load_address>
         <run_address>0x70fc</run_address>
         <size>0x248</size>
         <input_file_ref idref="fl-9"/>
      </object_component>
      <object_component id="oc-326">
         <name>.text:strtoll</name>
         <load_address>0x7344</load_address>
         <run_address>0x7344</run_address>
         <size>0x1dc</size>
         <input_file_ref idref="fl-f4"/>
      </object_component>
      <object_component id="oc-2b6">
         <name>.text:_pconv_g</name>
         <load_address>0x7520</load_address>
         <run_address>0x7520</run_address>
         <size>0x1d0</size>
         <input_file_ref idref="fl-da"/>
      </object_component>
      <object_component id="oc-3d0">
         <name>.text</name>
         <load_address>0x76f0</load_address>
         <run_address>0x76f0</run_address>
         <size>0x1b6</size>
         <input_file_ref idref="fl-dc"/>
      </object_component>
      <object_component id="oc-450">
         <name>.text</name>
         <load_address>0x78a6</load_address>
         <run_address>0x78a6</run_address>
         <size>0x2</size>
         <input_file_ref idref="fl-fb"/>
      </object_component>
      <object_component id="oc-1b9">
         <name>.text</name>
         <load_address>0x78a8</load_address>
         <run_address>0x78a8</run_address>
         <size>0x160</size>
         <input_file_ref idref="fl-b"/>
      </object_component>
      <object_component id="oc-309">
         <name>.text:strtoull</name>
         <load_address>0x7a08</load_address>
         <run_address>0x7a08</run_address>
         <size>0x15c</size>
         <input_file_ref idref="fl-f6"/>
      </object_component>
      <object_component id="oc-149">
         <name>.text</name>
         <load_address>0x7b64</load_address>
         <run_address>0x7b64</run_address>
         <size>0x154</size>
         <input_file_ref idref="fl-7"/>
      </object_component>
      <object_component id="oc-2c2">
         <name>.text:_pconv_e</name>
         <load_address>0x7cb8</load_address>
         <run_address>0x7cb8</run_address>
         <size>0x13c</size>
         <input_file_ref idref="fl-da"/>
      </object_component>
      <object_component id="oc-3b6">
         <name>.text</name>
         <load_address>0x7df4</load_address>
         <run_address>0x7df4</run_address>
         <size>0x136</size>
         <input_file_ref idref="fl-de"/>
      </object_component>
      <object_component id="oc-320">
         <name>.text:strtol</name>
         <load_address>0x7f2c</load_address>
         <run_address>0x7f2c</run_address>
         <size>0x130</size>
         <input_file_ref idref="fl-f3"/>
      </object_component>
      <object_component id="oc-f0">
         <name>.text</name>
         <load_address>0x805c</load_address>
         <run_address>0x805c</run_address>
         <size>0x128</size>
         <input_file_ref idref="fl-f"/>
      </object_component>
      <object_component id="oc-3e2">
         <name>.text:fcvt</name>
         <load_address>0x8184</load_address>
         <run_address>0x8184</run_address>
         <size>0x124</size>
         <input_file_ref idref="fl-da"/>
      </object_component>
      <object_component id="oc-3f6">
         <name>.text:scalbn</name>
         <load_address>0x82a8</load_address>
         <run_address>0x82a8</run_address>
         <size>0x110</size>
         <input_file_ref idref="fl-fa"/>
      </object_component>
      <object_component id="oc-30f">
         <name>.text:strtoul</name>
         <load_address>0x83b8</load_address>
         <run_address>0x83b8</run_address>
         <size>0x110</size>
         <input_file_ref idref="fl-f5"/>
      </object_component>
      <object_component id="oc-3b1">
         <name>.text</name>
         <load_address>0x84c8</load_address>
         <run_address>0x84c8</run_address>
         <size>0xfc</size>
         <input_file_ref idref="fl-df"/>
      </object_component>
      <object_component id="oc-2ab">
         <name>.text:_ltostr</name>
         <load_address>0x85c4</load_address>
         <run_address>0x85c4</run_address>
         <size>0xb1</size>
         <input_file_ref idref="fl-da"/>
      </object_component>
      <object_component id="oc-41">
         <name>.text</name>
         <load_address>0x8676</load_address>
         <run_address>0x8676</run_address>
         <size>0x9c</size>
         <input_file_ref idref="fl-cd"/>
      </object_component>
      <object_component id="oc-3aa">
         <name>.text</name>
         <load_address>0x8712</load_address>
         <run_address>0x8712</run_address>
         <size>0x96</size>
         <input_file_ref idref="fl-e3"/>
      </object_component>
      <object_component id="oc-2b1">
         <name>.text:__aeabi_cdcmple</name>
         <load_address>0x87a8</load_address>
         <run_address>0x87a8</run_address>
         <size>0x86</size>
         <input_file_ref idref="fl-dd"/>
      </object_component>
      <object_component id="oc-3bb">
         <name>.text:__aeabi_cdrcmple</name>
         <load_address>0x882e</load_address>
         <run_address>0x882e</run_address>
         <size>0x86</size>
         <input_file_ref idref="fl-dd"/>
      </object_component>
      <object_component id="oc-102">
         <name>.text</name>
         <load_address>0x88b4</load_address>
         <run_address>0x88b4</run_address>
         <size>0x84</size>
         <input_file_ref idref="fl-3"/>
      </object_component>
      <object_component id="oc-a6">
         <name>.text</name>
         <load_address>0x8938</load_address>
         <run_address>0x8938</run_address>
         <size>0x7a</size>
         <input_file_ref idref="fl-ce"/>
      </object_component>
      <object_component id="oc-3db">
         <name>.text:_mcpy</name>
         <load_address>0x89b2</load_address>
         <run_address>0x89b2</run_address>
         <size>0x6e</size>
         <input_file_ref idref="fl-da"/>
      </object_component>
      <object_component id="oc-31b">
         <name>.text</name>
         <load_address>0x8a20</load_address>
         <run_address>0x8a20</run_address>
         <size>0x6e</size>
         <input_file_ref idref="fl-e1"/>
      </object_component>
      <object_component id="oc-218">
         <name>.text:_chkmbc</name>
         <load_address>0x8a90</load_address>
         <run_address>0x8a90</run_address>
         <size>0x68</size>
         <input_file_ref idref="fl-cc"/>
      </object_component>
      <object_component id="oc-15">
         <name>.text:decompress:lzss:__TI_decompress_lzss</name>
         <load_address>0x8af8</load_address>
         <run_address>0x8af8</run_address>
         <size>0x68</size>
         <input_file_ref idref="fl-d1"/>
      </object_component>
      <object_component id="oc-3f0">
         <name>.text:frexp</name>
         <load_address>0x8b60</load_address>
         <run_address>0x8b60</run_address>
         <size>0x64</size>
         <input_file_ref idref="fl-f9"/>
      </object_component>
      <object_component id="oc-2bc">
         <name>.text:_pconv_f</name>
         <load_address>0x8bc4</load_address>
         <run_address>0x8bc4</run_address>
         <size>0x56</size>
         <input_file_ref idref="fl-da"/>
      </object_component>
      <object_component id="oc-3c5">
         <name>.text:__TI_ltoa</name>
         <load_address>0x8c1a</load_address>
         <run_address>0x8c1a</run_address>
         <size>0x54</size>
         <input_file_ref idref="fl-e9"/>
      </object_component>
      <object_component id="oc-3d5">
         <name>.text:_ecpy</name>
         <load_address>0x8c6e</load_address>
         <run_address>0x8c6e</run_address>
         <size>0x52</size>
         <input_file_ref idref="fl-da"/>
      </object_component>
      <object_component id="oc-2a5">
         <name>.text:atoi</name>
         <load_address>0x8cc0</load_address>
         <run_address>0x8cc0</run_address>
         <size>0x4c</size>
         <input_file_ref idref="fl-eb"/>
      </object_component>
      <object_component id="oc-f6">
         <name>.text:snprintf</name>
         <load_address>0x8d0c</load_address>
         <run_address>0x8d0c</run_address>
         <size>0x4c</size>
         <input_file_ref idref="fl-cb"/>
      </object_component>
      <object_component id="oc-3c0">
         <name>.text</name>
         <load_address>0x8d58</load_address>
         <run_address>0x8d58</run_address>
         <size>0x48</size>
         <input_file_ref idref="fl-e0"/>
      </object_component>
      <object_component id="oc-167">
         <name>.text:__TI_auto_init_nobinit_nopinit:__TI_auto_init_nobinit_nopinit</name>
         <load_address>0x8da0</load_address>
         <run_address>0x8da0</run_address>
         <size>0x44</size>
         <input_file_ref idref="fl-e4"/>
      </object_component>
      <object_component id="oc-114">
         <name>.text:strtok</name>
         <load_address>0x8de4</load_address>
         <run_address>0x8de4</run_address>
         <size>0x40</size>
         <input_file_ref idref="fl-d7"/>
      </object_component>
      <object_component id="oc-3e8">
         <name>.text:_fcpy</name>
         <load_address>0x8e24</load_address>
         <run_address>0x8e24</run_address>
         <size>0x3e</size>
         <input_file_ref idref="fl-da"/>
      </object_component>
      <object_component id="oc-10e">
         <name>.text:sscanf</name>
         <load_address>0x8e64</load_address>
         <run_address>0x8e64</run_address>
         <size>0x38</size>
         <input_file_ref idref="fl-cc"/>
      </object_component>
      <object_component id="oc-23d">
         <name>.text:strncpy</name>
         <load_address>0x8e9c</load_address>
         <run_address>0x8e9c</run_address>
         <size>0x36</size>
         <input_file_ref idref="fl-d6"/>
      </object_component>
      <object_component id="oc-5f">
         <name>.text:_c_int00_noargs:_c_int00_noargs</name>
         <load_address>0x8ed4</load_address>
         <run_address>0x8ed4</run_address>
         <size>0x34</size>
         <input_file_ref idref="fl-d9"/>
      </object_component>
      <object_component id="oc-253">
         <name>.text:rand</name>
         <load_address>0x8f08</load_address>
         <run_address>0x8f08</run_address>
         <size>0x34</size>
         <input_file_ref idref="fl-d3"/>
      </object_component>
      <object_component id="oc-1cf">
         <name>.text:_outs</name>
         <load_address>0x8f3c</load_address>
         <run_address>0x8f3c</run_address>
         <size>0x30</size>
         <input_file_ref idref="fl-cb"/>
      </object_component>
      <object_component id="oc-3cb">
         <name>.text</name>
         <load_address>0x8f6c</load_address>
         <run_address>0x8f6c</run_address>
         <size>0x2e</size>
         <input_file_ref idref="fl-e2"/>
      </object_component>
      <object_component id="oc-220">
         <name>.text:strspn</name>
         <load_address>0x8f9a</load_address>
         <run_address>0x8f9a</run_address>
         <size>0x2a</size>
         <input_file_ref idref="fl-f1"/>
      </object_component>
      <object_component id="oc-259">
         <name>.text:srand</name>
         <load_address>0x8fc4</load_address>
         <run_address>0x8fc4</run_address>
         <size>0x24</size>
         <input_file_ref idref="fl-d3"/>
      </object_component>
      <object_component id="oc-226">
         <name>.text:strcspn</name>
         <load_address>0x8fe8</load_address>
         <run_address>0x8fe8</run_address>
         <size>0x24</size>
         <input_file_ref idref="fl-ef"/>
      </object_component>
      <object_component id="oc-137">
         <name>.text</name>
         <load_address>0x900c</load_address>
         <run_address>0x900c</run_address>
         <size>0x24</size>
         <input_file_ref idref="fl-11"/>
      </object_component>
      <object_component id="oc-4d">
         <name>.text:decompress:ZI:__TI_zero_init_nomemset:__TI_zero_init_nomemset</name>
         <load_address>0x9030</load_address>
         <run_address>0x9030</run_address>
         <size>0x1c</size>
         <input_file_ref idref="fl-cf"/>
      </object_component>
      <object_component id="oc-2ce">
         <name>.text:memccpy</name>
         <load_address>0x904c</load_address>
         <run_address>0x904c</run_address>
         <size>0x1c</size>
         <input_file_ref idref="fl-ec"/>
      </object_component>
      <object_component id="oc-469">
         <name>.text:copysign</name>
         <load_address>0x9068</load_address>
         <run_address>0x9068</run_address>
         <size>0x1a</size>
         <input_file_ref idref="fl-fd"/>
      </object_component>
      <object_component id="oc-1d5">
         <name>.text:_outc</name>
         <load_address>0x9082</load_address>
         <run_address>0x9082</run_address>
         <size>0x18</size>
         <input_file_ref idref="fl-cb"/>
      </object_component>
      <object_component id="oc-41b">
         <name>.text</name>
         <load_address>0x909a</load_address>
         <run_address>0x909a</run_address>
         <size>0x18</size>
         <input_file_ref idref="fl-fc"/>
      </object_component>
      <object_component id="oc-11a">
         <name>.text:strcmp</name>
         <load_address>0x90b2</load_address>
         <run_address>0x90b2</run_address>
         <size>0x18</size>
         <input_file_ref idref="fl-d4"/>
      </object_component>
      <object_component id="oc-32c">
         <name>.text:strrchr</name>
         <load_address>0x90ca</load_address>
         <run_address>0x90ca</run_address>
         <size>0x18</size>
         <input_file_ref idref="fl-f0"/>
      </object_component>
      <object_component id="oc-332">
         <name>.text:strchr</name>
         <load_address>0x90e2</load_address>
         <run_address>0x90e2</run_address>
         <size>0x16</size>
         <input_file_ref idref="fl-ed"/>
      </object_component>
      <object_component id="oc-303">
         <name>.text:strcpy</name>
         <load_address>0x90f8</load_address>
         <run_address>0x90f8</run_address>
         <size>0x14</size>
         <input_file_ref idref="fl-ee"/>
      </object_component>
      <object_component id="oc-124">
         <name>.text:strlen</name>
         <load_address>0x910c</load_address>
         <run_address>0x910c</run_address>
         <size>0x14</size>
         <input_file_ref idref="fl-d5"/>
      </object_component>
      <object_component id="oc-20c">
         <name>.text:_inpchar</name>
         <load_address>0x9120</load_address>
         <run_address>0x9120</run_address>
         <size>0x12</size>
         <input_file_ref idref="fl-cc"/>
      </object_component>
      <object_component id="oc-2d4">
         <name>.text:wcslen</name>
         <load_address>0x9132</load_address>
         <run_address>0x9132</run_address>
         <size>0x12</size>
         <input_file_ref idref="fl-f8"/>
      </object_component>
      <object_component id="oc-de">
         <name>.text</name>
         <load_address>0x9144</load_address>
         <run_address>0x9144</run_address>
         <size>0x10</size>
         <input_file_ref idref="fl-2"/>
      </object_component>
      <object_component id="oc-108">
         <name>.text:tolower</name>
         <load_address>0x9154</load_address>
         <run_address>0x9154</run_address>
         <size>0x10</size>
         <input_file_ref idref="fl-d8"/>
      </object_component>
      <object_component id="oc-1b">
         <name>.text:decompress:none:__TI_decompress_none</name>
         <load_address>0x9164</load_address>
         <run_address>0x9164</run_address>
         <size>0xe</size>
         <input_file_ref idref="fl-d0"/>
      </object_component>
      <object_component id="oc-27">
         <name>.text</name>
         <load_address>0x9172</load_address>
         <run_address>0x9172</run_address>
         <size>0xc</size>
         <input_file_ref idref="fl-e"/>
      </object_component>
      <object_component id="oc-2da">
         <name>.text:__aeabi_errno_addr</name>
         <load_address>0x9180</load_address>
         <run_address>0x9180</run_address>
         <size>0x8</size>
         <input_file_ref idref="fl-f7"/>
      </object_component>
      <object_component id="oc-212">
         <name>.text:_uninpchar</name>
         <load_address>0x9188</load_address>
         <run_address>0x9188</run_address>
         <size>0x8</size>
         <input_file_ref idref="fl-cc"/>
      </object_component>
      <object_component id="oc-ac">
         <name>.text:_system_pre_init</name>
         <load_address>0x9190</load_address>
         <run_address>0x9190</run_address>
         <size>0x4</size>
         <input_file_ref idref="fl-e5"/>
      </object_component>
      <object_component id="oc-15b">
         <name>.text:abort:abort</name>
         <load_address>0x9194</load_address>
         <run_address>0x9194</run_address>
         <size>0x4</size>
         <input_file_ref idref="fl-e7"/>
      </object_component>
      <object_component id="oc-36f">
         <name>.const:.string</name>
         <load_address>0x9198</load_address>
         <run_address>0x9198</run_address>
         <size>0x180</size>
         <input_file_ref idref="fl-a"/>
      </object_component>
      <object_component id="oc-201">
         <name>.const:.string:_ctypes_</name>
         <load_address>0x9318</load_address>
         <run_address>0x9318</run_address>
         <size>0x101</size>
         <input_file_ref idref="fl-d2"/>
      </object_component>
      <object_component id="oc-424">
         <name>.const:$O1$$</name>
         <load_address>0x9420</load_address>
         <run_address>0x9420</run_address>
         <size>0xc8</size>
         <input_file_ref idref="fl-f2"/>
      </object_component>
      <object_component id="oc-372">
         <name>.const:.string</name>
         <load_address>0x94e8</load_address>
         <run_address>0x94e8</run_address>
         <size>0xa6</size>
         <input_file_ref idref="fl-c"/>
      </object_component>
      <object_component id="oc-243">
         <name>.const:.string:$P$T0$1</name>
         <load_address>0x958e</load_address>
         <run_address>0x958e</run_address>
         <size>0x18</size>
         <input_file_ref idref="fl-a"/>
      </object_component>
      <object_component id="oc-338">
         <name>.const:$O1$$</name>
         <load_address>0x95a8</load_address>
         <run_address>0x95a8</run_address>
         <size>0x10</size>
         <input_file_ref idref="fl-db"/>
      </object_component>
      <object_component id="oc-4ce">
         <name>.cinit..data.load</name>
         <load_address>0x95b8</load_address>
         <run_address>0x95b8</run_address>
         <size>0x76</size>
      </object_component>
      <object_component id="oc-4cc">
         <name>__TI_handler_table</name>
         <load_address>0x9630</load_address>
         <run_address>0x9630</run_address>
         <size>0xc</size>
      </object_component>
      <object_component id="oc-4cf">
         <name>.cinit..bss.load</name>
         <load_address>0x9640</load_address>
         <run_address>0x9640</run_address>
         <size>0x8</size>
      </object_component>
      <object_component id="oc-4cd">
         <name>__TI_cinit_table</name>
         <load_address>0x9648</load_address>
         <run_address>0x9648</run_address>
         <size>0x10</size>
      </object_component>
      <object_component id="oc-1bf">
         <name>.data</name>
         <load_address>0x20002194</load_address>
         <run_address>0x20002194</run_address>
         <size>0x3</size>
         <input_file_ref idref="fl-4"/>
      </object_component>
      <object_component id="oc-1c2">
         <name>.data:hwAddress</name>
         <load_address>0x20002168</load_address>
         <run_address>0x20002168</run_address>
         <size>0x6</size>
         <input_file_ref idref="fl-4"/>
      </object_component>
      <object_component id="oc-120">
         <name>.data</name>
         <load_address>0x20002155</load_address>
         <run_address>0x20002155</run_address>
         <size>0x1</size>
         <input_file_ref idref="fl-5"/>
      </object_component>
      <object_component id="oc-1ec">
         <name>.data:ipAddress</name>
         <load_address>0x2000216e</load_address>
         <run_address>0x2000216e</run_address>
         <size>0x4</size>
         <input_file_ref idref="fl-8"/>
      </object_component>
      <object_component id="oc-1ef">
         <name>.data:ipSubnetMask</name>
         <load_address>0x2000217e</load_address>
         <run_address>0x2000217e</run_address>
         <size>0x4</size>
         <input_file_ref idref="fl-8"/>
      </object_component>
      <object_component id="oc-1f2">
         <name>.data:ipGwAddress</name>
         <load_address>0x20002176</load_address>
         <run_address>0x20002176</run_address>
         <size>0x4</size>
         <input_file_ref idref="fl-8"/>
      </object_component>
      <object_component id="oc-1f5">
         <name>.data:ipDnsAddress</name>
         <load_address>0x20002172</load_address>
         <run_address>0x20002172</run_address>
         <size>0x4</size>
         <input_file_ref idref="fl-8"/>
      </object_component>
      <object_component id="oc-1f8">
         <name>.data:ipTimeServerAddress</name>
         <load_address>0x20002182</load_address>
         <run_address>0x20002182</run_address>
         <size>0x4</size>
         <input_file_ref idref="fl-8"/>
      </object_component>
      <object_component id="oc-1fb">
         <name>.data:ipMqttBrokerAddress</name>
         <load_address>0x2000217a</load_address>
         <run_address>0x2000217a</run_address>
         <size>0x4</size>
         <input_file_ref idref="fl-8"/>
      </object_component>
      <object_component id="oc-262">
         <name>.data</name>
         <load_address>0x20002197</load_address>
         <run_address>0x20002197</run_address>
         <size>0x3</size>
         <input_file_ref idref="fl-9"/>
      </object_component>
      <object_component id="oc-23a">
         <name>.data</name>
         <load_address>0x20002156</load_address>
         <run_address>0x20002156</run_address>
         <size>0x9</size>
         <input_file_ref idref="fl-a"/>
      </object_component>
      <object_component id="oc-237">
         <name>.data:mqttMcb</name>
         <load_address>0x20002000</load_address>
         <run_address>0x20002000</run_address>
         <size>0x82</size>
         <input_file_ref idref="fl-a"/>
      </object_component>
      <object_component id="oc-249">
         <name>.data:mqttRxBuffer</name>
         <load_address>0x20002082</load_address>
         <run_address>0x20002082</run_address>
         <size>0x3e</size>
         <input_file_ref idref="fl-a"/>
      </object_component>
      <object_component id="oc-265">
         <name>.data:mqttFsmState</name>
         <load_address>0x200020c0</load_address>
         <run_address>0x200020c0</run_address>
         <size>0x2c</size>
         <input_file_ref idref="fl-a"/>
      </object_component>
      <object_component id="oc-25f">
         <name>.data:socketConns</name>
         <load_address>0x200020ec</load_address>
         <run_address>0x200020ec</run_address>
         <size>0x2c</size>
         <input_file_ref idref="fl-c"/>
      </object_component>
      <object_component id="oc-246">
         <name>.data</name>
         <load_address>0x20002144</load_address>
         <run_address>0x20002144</run_address>
         <size>0x11</size>
         <input_file_ref idref="fl-c"/>
      </object_component>
      <object_component id="oc-268">
         <name>.data:tcpState</name>
         <load_address>0x20002118</load_address>
         <run_address>0x20002118</run_address>
         <size>0x2c</size>
         <input_file_ref idref="fl-c"/>
      </object_component>
      <object_component id="oc-365">
         <name>.data</name>
         <load_address>0x2000218c</load_address>
         <run_address>0x2000218c</run_address>
         <size>0x4</size>
         <input_file_ref idref="fl-d3"/>
      </object_component>
      <object_component id="oc-22c">
         <name>.data</name>
         <load_address>0x20002190</load_address>
         <run_address>0x20002190</run_address>
         <size>0x4</size>
         <input_file_ref idref="fl-d7"/>
      </object_component>
      <object_component id="oc-27e">
         <name>.data:$O1$$</name>
         <load_address>0x20002160</load_address>
         <run_address>0x20002160</run_address>
         <size>0x8</size>
         <input_file_ref idref="fl-e8"/>
      </object_component>
      <object_component id="oc-406">
         <name>.data</name>
         <load_address>0x20002188</load_address>
         <run_address>0x20002188</run_address>
         <size>0x4</size>
         <input_file_ref idref="fl-f7"/>
      </object_component>
      <object_component id="oc-123">
         <name>.common:strInput</name>
         <uninitialized>true</uninitialized>
         <run_address>0x2000219c</run_address>
         <size>0x54</size>
      </object_component>
      <object_component id="oc-130">
         <name>.common:token</name>
         <uninitialized>true</uninitialized>
         <run_address>0x20002274</run_address>
         <size>0x4</size>
      </object_component>
      <object_component id="oc-78">
         <name>.common:fn</name>
         <uninitialized>true</uninitialized>
         <run_address>0x200021f0</run_address>
         <size>0x28</size>
      </object_component>
      <object_component id="oc-74">
         <name>.common:period</name>
         <uninitialized>true</uninitialized>
         <run_address>0x20002218</run_address>
         <size>0x28</size>
      </object_component>
      <object_component id="oc-77">
         <name>.common:ticks</name>
         <uninitialized>true</uninitialized>
         <run_address>0x20002240</run_address>
         <size>0x28</size>
      </object_component>
      <object_component id="oc-79">
         <name>.common:reload</name>
         <uninitialized>true</uninitialized>
         <run_address>0x20002268</run_address>
         <size>0xc</size>
      </object_component>
      <object_component id="oc-24">
         <name>.stack</name>
         <uninitialized>true</uninitialized>
         <run_address>0x20000000</run_address>
         <size>0x4</size>
         <input_file_ref idref="fl-d9"/>
      </object_component>
      <object_component id="oc-4d1">
         <name>.stack</name>
         <uninitialized>true</uninitialized>
         <run_address>0x20000000</run_address>
         <size>0x0</size>
      </object_component>
      <object_component id="oc-cd">
         <name>.debug_info</name>
         <load_address>0x0</load_address>
         <run_address>0x0</run_address>
         <size>0x353</size>
         <input_file_ref idref="fl-1"/>
      </object_component>
      <object_component id="oc-13e">
         <name>.debug_info</name>
         <load_address>0x353</load_address>
         <run_address>0x353</run_address>
         <size>0x4b7</size>
         <input_file_ref idref="fl-1"/>
      </object_component>
      <object_component id="oc-8c">
         <name>.debug_info</name>
         <load_address>0x80a</load_address>
         <run_address>0x80a</run_address>
         <size>0x26b</size>
         <input_file_ref idref="fl-1"/>
      </object_component>
      <object_component id="oc-80">
         <name>.debug_info</name>
         <load_address>0xa75</load_address>
         <run_address>0xa75</run_address>
         <size>0x8b</size>
         <input_file_ref idref="fl-1"/>
      </object_component>
      <object_component id="oc-c6">
         <name>.debug_info</name>
         <load_address>0xb00</load_address>
         <run_address>0xb00</run_address>
         <size>0x2a4</size>
         <input_file_ref idref="fl-1"/>
      </object_component>
      <object_component id="oc-7b">
         <name>.debug_info</name>
         <load_address>0xda4</load_address>
         <run_address>0xda4</run_address>
         <size>0xbb</size>
         <input_file_ref idref="fl-1"/>
      </object_component>
      <object_component id="oc-1aa">
         <name>.debug_info</name>
         <load_address>0xe5f</load_address>
         <run_address>0xe5f</run_address>
         <size>0xcc</size>
         <input_file_ref idref="fl-1"/>
      </object_component>
      <object_component id="oc-1e7">
         <name>.debug_info</name>
         <load_address>0xf2b</load_address>
         <run_address>0xf2b</run_address>
         <size>0x2c</size>
         <input_file_ref idref="fl-1"/>
      </object_component>
      <object_component id="oc-1b1">
         <name>.debug_info</name>
         <load_address>0xf57</load_address>
         <run_address>0xf57</run_address>
         <size>0xee</size>
         <input_file_ref idref="fl-1"/>
      </object_component>
      <object_component id="oc-19b">
         <name>.debug_info</name>
         <load_address>0x1045</load_address>
         <run_address>0x1045</run_address>
         <size>0xe1</size>
         <input_file_ref idref="fl-1"/>
      </object_component>
      <object_component id="oc-156">
         <name>.debug_info</name>
         <load_address>0x1126</load_address>
         <run_address>0x1126</run_address>
         <size>0x1c1</size>
         <input_file_ref idref="fl-1"/>
      </object_component>
      <object_component id="oc-df">
         <name>.debug_info</name>
         <load_address>0x12e7</load_address>
         <run_address>0x12e7</run_address>
         <size>0x11b</size>
         <input_file_ref idref="fl-2"/>
      </object_component>
      <object_component id="oc-3c">
         <name>.debug_info</name>
         <load_address>0x1402</load_address>
         <run_address>0x1402</run_address>
         <size>0x84</size>
         <input_file_ref idref="fl-2"/>
      </object_component>
      <object_component id="oc-103">
         <name>.debug_info</name>
         <load_address>0x1486</load_address>
         <run_address>0x1486</run_address>
         <size>0x203</size>
         <input_file_ref idref="fl-3"/>
      </object_component>
      <object_component id="oc-1c6">
         <name>.debug_info</name>
         <load_address>0x1689</load_address>
         <run_address>0x1689</run_address>
         <size>0x465</size>
         <input_file_ref idref="fl-4"/>
      </object_component>
      <object_component id="oc-1c0">
         <name>.debug_info</name>
         <load_address>0x1aee</load_address>
         <run_address>0x1aee</run_address>
         <size>0x12c</size>
         <input_file_ref idref="fl-4"/>
      </object_component>
      <object_component id="oc-1c3">
         <name>.debug_info</name>
         <load_address>0x1c1a</load_address>
         <run_address>0x1c1a</run_address>
         <size>0xd4</size>
         <input_file_ref idref="fl-4"/>
      </object_component>
      <object_component id="oc-eb">
         <name>.debug_info</name>
         <load_address>0x1cee</load_address>
         <run_address>0x1cee</run_address>
         <size>0x1885</size>
         <input_file_ref idref="fl-4"/>
      </object_component>
      <object_component id="oc-1a5">
         <name>.debug_info</name>
         <load_address>0x3573</load_address>
         <run_address>0x3573</run_address>
         <size>0x88</size>
         <input_file_ref idref="fl-4"/>
      </object_component>
      <object_component id="oc-cb">
         <name>.debug_info</name>
         <load_address>0x35fb</load_address>
         <run_address>0x35fb</run_address>
         <size>0xf76</size>
         <input_file_ref idref="fl-5"/>
      </object_component>
      <object_component id="oc-121">
         <name>.debug_info</name>
         <load_address>0x4571</load_address>
         <run_address>0x4571</run_address>
         <size>0xd0</size>
         <input_file_ref idref="fl-5"/>
      </object_component>
      <object_component id="oc-b3">
         <name>.debug_info</name>
         <load_address>0x4641</load_address>
         <run_address>0x4641</run_address>
         <size>0x10dd</size>
         <input_file_ref idref="fl-5"/>
      </object_component>
      <object_component id="oc-24e">
         <name>.debug_info</name>
         <load_address>0x571e</load_address>
         <run_address>0x571e</run_address>
         <size>0x22f</size>
         <input_file_ref idref="fl-5"/>
      </object_component>
      <object_component id="oc-271">
         <name>.debug_info</name>
         <load_address>0x594d</load_address>
         <run_address>0x594d</run_address>
         <size>0x48</size>
         <input_file_ref idref="fl-5"/>
      </object_component>
      <object_component id="oc-360">
         <name>.debug_info</name>
         <load_address>0x5995</load_address>
         <run_address>0x5995</run_address>
         <size>0x1d4</size>
         <input_file_ref idref="fl-5"/>
      </object_component>
      <object_component id="oc-85">
         <name>.debug_info</name>
         <load_address>0x5b69</load_address>
         <run_address>0x5b69</run_address>
         <size>0x2c</size>
         <input_file_ref idref="fl-5"/>
      </object_component>
      <object_component id="oc-37b">
         <name>.debug_info</name>
         <load_address>0x5b95</load_address>
         <run_address>0x5b95</run_address>
         <size>0xb2</size>
         <input_file_ref idref="fl-5"/>
      </object_component>
      <object_component id="oc-382">
         <name>.debug_info</name>
         <load_address>0x5c47</load_address>
         <run_address>0x5c47</run_address>
         <size>0x9e</size>
         <input_file_ref idref="fl-5"/>
      </object_component>
      <object_component id="oc-1a0">
         <name>.debug_info</name>
         <load_address>0x5ce5</load_address>
         <run_address>0x5ce5</run_address>
         <size>0x35</size>
         <input_file_ref idref="fl-5"/>
      </object_component>
      <object_component id="oc-1b8">
         <name>.debug_info</name>
         <load_address>0x5d1a</load_address>
         <run_address>0x5d1a</run_address>
         <size>0x263</size>
         <input_file_ref idref="fl-6"/>
      </object_component>
      <object_component id="oc-e5">
         <name>.debug_info</name>
         <load_address>0x5f7d</load_address>
         <run_address>0x5f7d</run_address>
         <size>0x10e9</size>
         <input_file_ref idref="fl-6"/>
      </object_component>
      <object_component id="oc-277">
         <name>.debug_info</name>
         <load_address>0x7066</load_address>
         <run_address>0x7066</run_address>
         <size>0x35a</size>
         <input_file_ref idref="fl-7"/>
      </object_component>
      <object_component id="oc-14a">
         <name>.debug_info</name>
         <load_address>0x73c0</load_address>
         <run_address>0x73c0</run_address>
         <size>0x2d1</size>
         <input_file_ref idref="fl-7"/>
      </object_component>
      <object_component id="oc-1ff">
         <name>.debug_info</name>
         <load_address>0x7691</load_address>
         <run_address>0x7691</run_address>
         <size>0x2cc</size>
         <input_file_ref idref="fl-8"/>
      </object_component>
      <object_component id="oc-1ed">
         <name>.debug_info</name>
         <load_address>0x795d</load_address>
         <run_address>0x795d</run_address>
         <size>0xd2</size>
         <input_file_ref idref="fl-8"/>
      </object_component>
      <object_component id="oc-1f0">
         <name>.debug_info</name>
         <load_address>0x7a2f</load_address>
         <run_address>0x7a2f</run_address>
         <size>0xd8</size>
         <input_file_ref idref="fl-8"/>
      </object_component>
      <object_component id="oc-1f3">
         <name>.debug_info</name>
         <load_address>0x7b07</load_address>
         <run_address>0x7b07</run_address>
         <size>0xd6</size>
         <input_file_ref idref="fl-8"/>
      </object_component>
      <object_component id="oc-1f6">
         <name>.debug_info</name>
         <load_address>0x7bdd</load_address>
         <run_address>0x7bdd</run_address>
         <size>0xd8</size>
         <input_file_ref idref="fl-8"/>
      </object_component>
      <object_component id="oc-1f9">
         <name>.debug_info</name>
         <load_address>0x7cb5</load_address>
         <run_address>0x7cb5</run_address>
         <size>0xe6</size>
         <input_file_ref idref="fl-8"/>
      </object_component>
      <object_component id="oc-1fc">
         <name>.debug_info</name>
         <load_address>0x7d9b</load_address>
         <run_address>0x7d9b</run_address>
         <size>0xe6</size>
         <input_file_ref idref="fl-8"/>
      </object_component>
      <object_component id="oc-fd">
         <name>.debug_info</name>
         <load_address>0x7e81</load_address>
         <run_address>0x7e81</run_address>
         <size>0xa6f</size>
         <input_file_ref idref="fl-8"/>
      </object_component>
      <object_component id="oc-270">
         <name>.debug_info</name>
         <load_address>0x88f0</load_address>
         <run_address>0x88f0</run_address>
         <size>0x4cc</size>
         <input_file_ref idref="fl-9"/>
      </object_component>
      <object_component id="oc-263">
         <name>.debug_info</name>
         <load_address>0x8dbc</load_address>
         <run_address>0x8dbc</run_address>
         <size>0x14a</size>
         <input_file_ref idref="fl-9"/>
      </object_component>
      <object_component id="oc-144">
         <name>.debug_info</name>
         <load_address>0x8f06</load_address>
         <run_address>0x8f06</run_address>
         <size>0x624</size>
         <input_file_ref idref="fl-9"/>
      </object_component>
      <object_component id="oc-24d">
         <name>.debug_info</name>
         <load_address>0x952a</load_address>
         <run_address>0x952a</run_address>
         <size>0x591</size>
         <input_file_ref idref="fl-a"/>
      </object_component>
      <object_component id="oc-23b">
         <name>.debug_info</name>
         <load_address>0x9abb</load_address>
         <run_address>0x9abb</run_address>
         <size>0x1d4</size>
         <input_file_ref idref="fl-a"/>
      </object_component>
      <object_component id="oc-238">
         <name>.debug_info</name>
         <load_address>0x9c8f</load_address>
         <run_address>0x9c8f</run_address>
         <size>0xcf</size>
         <input_file_ref idref="fl-a"/>
      </object_component>
      <object_component id="oc-24a">
         <name>.debug_info</name>
         <load_address>0x9d5e</load_address>
         <run_address>0x9d5e</run_address>
         <size>0xd9</size>
         <input_file_ref idref="fl-a"/>
      </object_component>
      <object_component id="oc-266">
         <name>.debug_info</name>
         <load_address>0x9e37</load_address>
         <run_address>0x9e37</run_address>
         <size>0xda</size>
         <input_file_ref idref="fl-a"/>
      </object_component>
      <object_component id="oc-244">
         <name>.debug_info</name>
         <load_address>0x9f11</load_address>
         <run_address>0x9f11</run_address>
         <size>0xcf</size>
         <input_file_ref idref="fl-a"/>
      </object_component>
      <object_component id="oc-12b">
         <name>.debug_info</name>
         <load_address>0x9fe0</load_address>
         <run_address>0x9fe0</run_address>
         <size>0x1d3a</size>
         <input_file_ref idref="fl-a"/>
      </object_component>
      <object_component id="oc-1ba">
         <name>.debug_info</name>
         <load_address>0xbd1a</load_address>
         <run_address>0xbd1a</run_address>
         <size>0x455</size>
         <input_file_ref idref="fl-b"/>
      </object_component>
      <object_component id="oc-26c">
         <name>.debug_info</name>
         <load_address>0xc16f</load_address>
         <run_address>0xc16f</run_address>
         <size>0x809</size>
         <input_file_ref idref="fl-c"/>
      </object_component>
      <object_component id="oc-260">
         <name>.debug_info</name>
         <load_address>0xc978</load_address>
         <run_address>0xc978</run_address>
         <size>0xd7</size>
         <input_file_ref idref="fl-c"/>
      </object_component>
      <object_component id="oc-247">
         <name>.debug_info</name>
         <load_address>0xca4f</load_address>
         <run_address>0xca4f</run_address>
         <size>0x177</size>
         <input_file_ref idref="fl-c"/>
      </object_component>
      <object_component id="oc-269">
         <name>.debug_info</name>
         <load_address>0xcbc6</load_address>
         <run_address>0xcbc6</run_address>
         <size>0xd0</size>
         <input_file_ref idref="fl-c"/>
      </object_component>
      <object_component id="oc-132">
         <name>.debug_info</name>
         <load_address>0xcc96</load_address>
         <run_address>0xcc96</run_address>
         <size>0x22eb</size>
         <input_file_ref idref="fl-c"/>
      </object_component>
      <object_component id="oc-75">
         <name>.debug_info</name>
         <load_address>0xef81</load_address>
         <run_address>0xef81</run_address>
         <size>0x328</size>
         <input_file_ref idref="fl-d"/>
      </object_component>
      <object_component id="oc-2e">
         <name>.debug_info</name>
         <load_address>0xf2a9</load_address>
         <run_address>0xf2a9</run_address>
         <size>0x4aa</size>
         <input_file_ref idref="fl-d"/>
      </object_component>
      <object_component id="oc-35">
         <name>.debug_info</name>
         <load_address>0xf753</load_address>
         <run_address>0xf753</run_address>
         <size>0x2c5</size>
         <input_file_ref idref="fl-e"/>
      </object_component>
      <object_component id="oc-13">
         <name>.debug_info</name>
         <load_address>0xfa18</load_address>
         <run_address>0xfa18</run_address>
         <size>0xee</size>
         <input_file_ref idref="fl-e"/>
      </object_component>
      <object_component id="oc-28">
         <name>.debug_info</name>
         <load_address>0xfb06</load_address>
         <run_address>0xfb06</run_address>
         <size>0x26a</size>
         <input_file_ref idref="fl-e"/>
      </object_component>
      <object_component id="oc-1c8">
         <name>.debug_info</name>
         <load_address>0xfd70</load_address>
         <run_address>0xfd70</run_address>
         <size>0x34e</size>
         <input_file_ref idref="fl-f"/>
      </object_component>
      <object_component id="oc-f1">
         <name>.debug_info</name>
         <load_address>0x100be</load_address>
         <run_address>0x100be</run_address>
         <size>0x3c7</size>
         <input_file_ref idref="fl-f"/>
      </object_component>
      <object_component id="oc-279">
         <name>.debug_info</name>
         <load_address>0x10485</load_address>
         <run_address>0x10485</run_address>
         <size>0x3f3</size>
         <input_file_ref idref="fl-10"/>
      </object_component>
      <object_component id="oc-150">
         <name>.debug_info</name>
         <load_address>0x10878</load_address>
         <run_address>0x10878</run_address>
         <size>0x615</size>
         <input_file_ref idref="fl-10"/>
      </object_component>
      <object_component id="oc-138">
         <name>.debug_info</name>
         <load_address>0x10e8d</load_address>
         <run_address>0x10e8d</run_address>
         <size>0x125</size>
         <input_file_ref idref="fl-11"/>
      </object_component>
      <object_component id="oc-1dc">
         <name>.debug_info</name>
         <load_address>0x10fb2</load_address>
         <run_address>0x10fb2</run_address>
         <size>0x33a</size>
         <input_file_ref idref="fl-cb"/>
      </object_component>
      <object_component id="oc-f9">
         <name>.debug_info</name>
         <load_address>0x112ec</load_address>
         <run_address>0x112ec</run_address>
         <size>0x1ee</size>
         <input_file_ref idref="fl-cb"/>
      </object_component>
      <object_component id="oc-1d2">
         <name>.debug_info</name>
         <load_address>0x114da</load_address>
         <run_address>0x114da</run_address>
         <size>0x1c3</size>
         <input_file_ref idref="fl-cb"/>
      </object_component>
      <object_component id="oc-1d7">
         <name>.debug_info</name>
         <load_address>0x1169d</load_address>
         <run_address>0x1169d</run_address>
         <size>0x176</size>
         <input_file_ref idref="fl-cb"/>
      </object_component>
      <object_component id="oc-1dd">
         <name>.debug_info</name>
         <load_address>0x11813</load_address>
         <run_address>0x11813</run_address>
         <size>0x2c</size>
         <input_file_ref idref="fl-cb"/>
      </object_component>
      <object_component id="oc-1e2">
         <name>.debug_info</name>
         <load_address>0x1183f</load_address>
         <run_address>0x1183f</run_address>
         <size>0x69</size>
         <input_file_ref idref="fl-cb"/>
      </object_component>
      <object_component id="oc-21f">
         <name>.debug_info</name>
         <load_address>0x118a8</load_address>
         <run_address>0x118a8</run_address>
         <size>0x37a</size>
         <input_file_ref idref="fl-cc"/>
      </object_component>
      <object_component id="oc-10f">
         <name>.debug_info</name>
         <load_address>0x11c22</load_address>
         <run_address>0x11c22</run_address>
         <size>0x17e</size>
         <input_file_ref idref="fl-cc"/>
      </object_component>
      <object_component id="oc-213">
         <name>.debug_info</name>
         <load_address>0x11da0</load_address>
         <run_address>0x11da0</run_address>
         <size>0x171</size>
         <input_file_ref idref="fl-cc"/>
      </object_component>
      <object_component id="oc-20d">
         <name>.debug_info</name>
         <load_address>0x11f11</load_address>
         <run_address>0x11f11</run_address>
         <size>0x17e</size>
         <input_file_ref idref="fl-cc"/>
      </object_component>
      <object_component id="oc-219">
         <name>.debug_info</name>
         <load_address>0x1208f</load_address>
         <run_address>0x1208f</run_address>
         <size>0x1de</size>
         <input_file_ref idref="fl-cc"/>
      </object_component>
      <object_component id="oc-42">
         <name>.debug_info</name>
         <load_address>0x1226d</load_address>
         <run_address>0x1226d</run_address>
         <size>0x119</size>
         <input_file_ref idref="fl-cd"/>
      </object_component>
      <object_component id="oc-a7">
         <name>.debug_info</name>
         <load_address>0x12386</load_address>
         <run_address>0x12386</run_address>
         <size>0x147</size>
         <input_file_ref idref="fl-ce"/>
      </object_component>
      <object_component id="oc-a5">
         <name>.debug_info</name>
         <load_address>0x124cd</load_address>
         <run_address>0x124cd</run_address>
         <size>0x2d4</size>
         <input_file_ref idref="fl-cf"/>
      </object_component>
      <object_component id="oc-4e">
         <name>.debug_info</name>
         <load_address>0x127a1</load_address>
         <run_address>0x127a1</run_address>
         <size>0x1d2</size>
         <input_file_ref idref="fl-cf"/>
      </object_component>
      <object_component id="oc-a0">
         <name>.debug_info</name>
         <load_address>0x12973</load_address>
         <run_address>0x12973</run_address>
         <size>0x46</size>
         <input_file_ref idref="fl-cf"/>
      </object_component>
      <object_component id="oc-d5">
         <name>.debug_info</name>
         <load_address>0x129b9</load_address>
         <run_address>0x129b9</run_address>
         <size>0x2c</size>
         <input_file_ref idref="fl-cf"/>
      </object_component>
      <object_component id="oc-4c">
         <name>.debug_info</name>
         <load_address>0x129e5</load_address>
         <run_address>0x129e5</run_address>
         <size>0x2a8</size>
         <input_file_ref idref="fl-d0"/>
      </object_component>
      <object_component id="oc-1c">
         <name>.debug_info</name>
         <load_address>0x12c8d</load_address>
         <run_address>0x12c8d</run_address>
         <size>0x1ea</size>
         <input_file_ref idref="fl-d0"/>
      </object_component>
      <object_component id="oc-47">
         <name>.debug_info</name>
         <load_address>0x12e77</load_address>
         <run_address>0x12e77</run_address>
         <size>0x46</size>
         <input_file_ref idref="fl-d0"/>
      </object_component>
      <object_component id="oc-98">
         <name>.debug_info</name>
         <load_address>0x12ebd</load_address>
         <run_address>0x12ebd</run_address>
         <size>0x2c</size>
         <input_file_ref idref="fl-d0"/>
      </object_component>
      <object_component id="oc-96">
         <name>.debug_info</name>
         <load_address>0x12ee9</load_address>
         <run_address>0x12ee9</run_address>
         <size>0x29e</size>
         <input_file_ref idref="fl-d1"/>
      </object_component>
      <object_component id="oc-16">
         <name>.debug_info</name>
         <load_address>0x13187</load_address>
         <run_address>0x13187</run_address>
         <size>0x250</size>
         <input_file_ref idref="fl-d1"/>
      </object_component>
      <object_component id="oc-37">
         <name>.debug_info</name>
         <load_address>0x133d7</load_address>
         <run_address>0x133d7</run_address>
         <size>0x60</size>
         <input_file_ref idref="fl-d1"/>
      </object_component>
      <object_component id="oc-ce">
         <name>.debug_info</name>
         <load_address>0x13437</load_address>
         <run_address>0x13437</run_address>
         <size>0x46</size>
         <input_file_ref idref="fl-d1"/>
      </object_component>
      <object_component id="oc-91">
         <name>.debug_info</name>
         <load_address>0x1347d</load_address>
         <run_address>0x1347d</run_address>
         <size>0x39</size>
         <input_file_ref idref="fl-d1"/>
      </object_component>
      <object_component id="oc-300">
         <name>.debug_info</name>
         <load_address>0x134b6</load_address>
         <run_address>0x134b6</run_address>
         <size>0xf9</size>
         <input_file_ref idref="fl-d2"/>
      </object_component>
      <object_component id="oc-202">
         <name>.debug_info</name>
         <load_address>0x135af</load_address>
         <run_address>0x135af</run_address>
         <size>0x105</size>
         <input_file_ref idref="fl-d2"/>
      </object_component>
      <object_component id="oc-36a">
         <name>.debug_info</name>
         <load_address>0x136b4</load_address>
         <run_address>0x136b4</run_address>
         <size>0x2ba</size>
         <input_file_ref idref="fl-d3"/>
      </object_component>
      <object_component id="oc-366">
         <name>.debug_info</name>
         <load_address>0x1396e</load_address>
         <run_address>0x1396e</run_address>
         <size>0xfb</size>
         <input_file_ref idref="fl-d3"/>
      </object_component>
      <object_component id="oc-25a">
         <name>.debug_info</name>
         <load_address>0x13a69</load_address>
         <run_address>0x13a69</run_address>
         <size>0x15d</size>
         <input_file_ref idref="fl-d3"/>
      </object_component>
      <object_component id="oc-254">
         <name>.debug_info</name>
         <load_address>0x13bc6</load_address>
         <run_address>0x13bc6</run_address>
         <size>0x13d</size>
         <input_file_ref idref="fl-d3"/>
      </object_component>
      <object_component id="oc-232">
         <name>.debug_info</name>
         <load_address>0x13d03</load_address>
         <run_address>0x13d03</run_address>
         <size>0x28a</size>
         <input_file_ref idref="fl-d4"/>
      </object_component>
      <object_component id="oc-11b">
         <name>.debug_info</name>
         <load_address>0x13f8d</load_address>
         <run_address>0x13f8d</run_address>
         <size>0x273</size>
         <input_file_ref idref="fl-d4"/>
      </object_component>
      <object_component id="oc-236">
         <name>.debug_info</name>
         <load_address>0x14200</load_address>
         <run_address>0x14200</run_address>
         <size>0x28f</size>
         <input_file_ref idref="fl-d5"/>
      </object_component>
      <object_component id="oc-125">
         <name>.debug_info</name>
         <load_address>0x1448f</load_address>
         <run_address>0x1448f</run_address>
         <size>0x245</size>
         <input_file_ref idref="fl-d5"/>
      </object_component>
      <object_component id="oc-357">
         <name>.debug_info</name>
         <load_address>0x146d4</load_address>
         <run_address>0x146d4</run_address>
         <size>0x2af</size>
         <input_file_ref idref="fl-d6"/>
      </object_component>
      <object_component id="oc-23e">
         <name>.debug_info</name>
         <load_address>0x14983</load_address>
         <run_address>0x14983</run_address>
         <size>0x277</size>
         <input_file_ref idref="fl-d6"/>
      </object_component>
      <object_component id="oc-230">
         <name>.debug_info</name>
         <load_address>0x14bfa</load_address>
         <run_address>0x14bfa</run_address>
         <size>0x2fe</size>
         <input_file_ref idref="fl-d7"/>
      </object_component>
      <object_component id="oc-22d">
         <name>.debug_info</name>
         <load_address>0x14ef8</load_address>
         <run_address>0x14ef8</run_address>
         <size>0x105</size>
         <input_file_ref idref="fl-d7"/>
      </object_component>
      <object_component id="oc-115">
         <name>.debug_info</name>
         <load_address>0x14ffd</load_address>
         <run_address>0x14ffd</run_address>
         <size>0x1ab</size>
         <input_file_ref idref="fl-d7"/>
      </object_component>
      <object_component id="oc-205">
         <name>.debug_info</name>
         <load_address>0x151a8</load_address>
         <run_address>0x151a8</run_address>
         <size>0x2b6</size>
         <input_file_ref idref="fl-d8"/>
      </object_component>
      <object_component id="oc-109">
         <name>.debug_info</name>
         <load_address>0x1545e</load_address>
         <run_address>0x1545e</run_address>
         <size>0x154</size>
         <input_file_ref idref="fl-d8"/>
      </object_component>
      <object_component id="oc-25">
         <name>.debug_info</name>
         <load_address>0x155b2</load_address>
         <run_address>0x155b2</run_address>
         <size>0x10b</size>
         <input_file_ref idref="fl-d9"/>
      </object_component>
      <object_component id="oc-60">
         <name>.debug_info</name>
         <load_address>0x156bd</load_address>
         <run_address>0x156bd</run_address>
         <size>0x1a9</size>
         <input_file_ref idref="fl-d9"/>
      </object_component>
      <object_component id="oc-2e1">
         <name>.debug_info</name>
         <load_address>0x15866</load_address>
         <run_address>0x15866</run_address>
         <size>0x590</size>
         <input_file_ref idref="fl-da"/>
      </object_component>
      <object_component id="oc-2ac">
         <name>.debug_info</name>
         <load_address>0x15df6</load_address>
         <run_address>0x15df6</run_address>
         <size>0x21e</size>
         <input_file_ref idref="fl-da"/>
      </object_component>
      <object_component id="oc-3d6">
         <name>.debug_info</name>
         <load_address>0x16014</load_address>
         <run_address>0x16014</run_address>
         <size>0x1b3</size>
         <input_file_ref idref="fl-da"/>
      </object_component>
      <object_component id="oc-3dc">
         <name>.debug_info</name>
         <load_address>0x161c7</load_address>
         <run_address>0x161c7</run_address>
         <size>0x21b</size>
         <input_file_ref idref="fl-da"/>
      </object_component>
      <object_component id="oc-2b7">
         <name>.debug_info</name>
         <load_address>0x163e2</load_address>
         <run_address>0x163e2</run_address>
         <size>0x3c0</size>
         <input_file_ref idref="fl-da"/>
      </object_component>
      <object_component id="oc-3e3">
         <name>.debug_info</name>
         <load_address>0x167a2</load_address>
         <run_address>0x167a2</run_address>
         <size>0x30a</size>
         <input_file_ref idref="fl-da"/>
      </object_component>
      <object_component id="oc-3e9">
         <name>.debug_info</name>
         <load_address>0x16aac</load_address>
         <run_address>0x16aac</run_address>
         <size>0x215</size>
         <input_file_ref idref="fl-da"/>
      </object_component>
      <object_component id="oc-2bd">
         <name>.debug_info</name>
         <load_address>0x16cc1</load_address>
         <run_address>0x16cc1</run_address>
         <size>0x215</size>
         <input_file_ref idref="fl-da"/>
      </object_component>
      <object_component id="oc-2c3">
         <name>.debug_info</name>
         <load_address>0x16ed6</load_address>
         <run_address>0x16ed6</run_address>
         <size>0x304</size>
         <input_file_ref idref="fl-da"/>
      </object_component>
      <object_component id="oc-2c9">
         <name>.debug_info</name>
         <load_address>0x171da</load_address>
         <run_address>0x171da</run_address>
         <size>0x4b5</size>
         <input_file_ref idref="fl-da"/>
      </object_component>
      <object_component id="oc-1ca">
         <name>.debug_info</name>
         <load_address>0x1768f</load_address>
         <run_address>0x1768f</run_address>
         <size>0x5f4</size>
         <input_file_ref idref="fl-da"/>
      </object_component>
      <object_component id="oc-2e2">
         <name>.debug_info</name>
         <load_address>0x17c83</load_address>
         <run_address>0x17c83</run_address>
         <size>0x86</size>
         <input_file_ref idref="fl-da"/>
      </object_component>
      <object_component id="oc-40d">
         <name>.debug_info</name>
         <load_address>0x17d09</load_address>
         <run_address>0x17d09</run_address>
         <size>0x39</size>
         <input_file_ref idref="fl-da"/>
      </object_component>
      <object_component id="oc-47e">
         <name>.debug_info</name>
         <load_address>0x17d42</load_address>
         <run_address>0x17d42</run_address>
         <size>0xb6</size>
         <input_file_ref idref="fl-da"/>
      </object_component>
      <object_component id="oc-412">
         <name>.debug_info</name>
         <load_address>0x17df8</load_address>
         <run_address>0x17df8</run_address>
         <size>0x46</size>
         <input_file_ref idref="fl-da"/>
      </object_component>
      <object_component id="oc-2e7">
         <name>.debug_info</name>
         <load_address>0x17e3e</load_address>
         <run_address>0x17e3e</run_address>
         <size>0x46</size>
         <input_file_ref idref="fl-da"/>
      </object_component>
      <object_component id="oc-33a">
         <name>.debug_info</name>
         <load_address>0x17e84</load_address>
[...]
      </symbol>
      <symbol id="sm-4c0">
         <name>initSpi0</name>
         <value>0x78a9</value>
         <object_component_ref idref="oc-1b9"/>
      </symbol>
      <symbol id="sm-4c1">
         <name>setSpi0BaudRate</name>
         <value>0x7945</value>
         <object_component_ref idref="oc-1b9"/>
      </symbol>
      <symbol id="sm-5cb">
         <name>tcpIsAck</name>
         <value>0x3b9</value>
         <object_component_ref idref="oc-131"/>
      </symbol>
      <symbol id="sm-5cc">
         <name>isTcp</name>
         <value>0x26d</value>
         <object_component_ref idref="oc-131"/>
      </symbol>
      <symbol id="sm-5cd">
         <name>tcpConnect</name>
         <value>0x92b</value>
         <object_component_ref idref="oc-131"/>
      </symbol>
      <symbol id="sm-5ce">
         <name>tcpHandlerRx</name>
         <value>0x40f</value>
         <object_component_ref idref="oc-131"/>
      </symbol>
      <symbol id="sm-5cf">
         <name>initiateFin</name>
         <value>0x20002148</value>
         <object_component_ref idref="oc-246"/>
      </symbol>
      <symbol id="sm-5d0">
         <name>tcpHandlerTx</name>
         <value>0x4d5</value>
         <object_component_ref idref="oc-131"/>
      </symbol>
      <symbol id="sm-5d1">
         <name>socketConns</name>
         <value>0x200020ec</value>
         <object_component_ref idref="oc-25f"/>
      </symbol>
      <symbol id="sm-5d2">
         <name>tcpHandleRwTransactions</name>
         <value>0x12ad</value>
         <object_component_ref idref="oc-131"/>
      </symbol>
      <symbol id="sm-5d3">
         <name>tcpSendAck</name>
         <value>0xd67</value>
         <object_component_ref idref="oc-131"/>
      </symbol>
      <symbol id="sm-5d4">
         <name>getTcpCurrState</name>
         <value>0x94b</value>
         <object_component_ref idref="oc-131"/>
      </symbol>
      <symbol id="sm-5d5">
         <name>tcpGetMatchingSocket</name>
         <value>0x435</value>
         <object_component_ref idref="oc-131"/>
      </symbol>
      <symbol id="sm-5d6">
         <name>tcpSendTimerCb</name>
         <value>0x51d</value>
         <object_component_ref idref="oc-131"/>
      </symbol>
      <symbol id="sm-5d7">
         <name>genRandNum</name>
         <value>0x3f7</value>
         <object_component_ref idref="oc-131"/>
      </symbol>
      <symbol id="sm-5d8">
         <name>getTcpHeader</name>
         <value>0x36b</value>
         <object_component_ref idref="oc-131"/>
      </symbol>
      <symbol id="sm-5d9">
         <name>tcpSendSegment</name>
         <value>0x13b5</value>
         <object_component_ref idref="oc-131"/>
      </symbol>
      <symbol id="sm-5da">
         <name>tcpHeaderSize</name>
         <value>0x3dd</value>
         <object_component_ref idref="oc-131"/>
      </symbol>
      <symbol id="sm-5db">
         <name>tcpSendFin</name>
         <value>0x1041</value>
         <object_component_ref idref="oc-131"/>
      </symbol>
      <symbol id="sm-5dc">
         <name>tcpValidChecks</name>
         <value>0x1641</value>
         <object_component_ref idref="oc-131"/>
      </symbol>
      <symbol id="sm-5dd">
         <name>displayStatus</name>
         <value>0x1711</value>
         <object_component_ref idref="oc-131"/>
      </symbol>
      <symbol id="sm-5de">
         <name>tcpIsSyn</name>
         <value>0x395</value>
         <object_component_ref idref="oc-131"/>
      </symbol>
      <symbol id="sm-5df">
         <name>tcpFsmStateMachineClient</name>
         <value>0x52d</value>
         <object_component_ref idref="oc-131"/>
      </symbol>
      <symbol id="sm-5e0">
         <name>tcpCreateSocket</name>
         <value>0x1285</value>
         <object_component_ref idref="oc-131"/>
      </symbol>
      <symbol id="sm-5e1">
         <name>getTcpData</name>
         <value>0x33f</value>
         <object_component_ref idref="oc-131"/>
      </symbol>
      <symbol id="sm-5e2">
         <name>getTcpMessageSocket</name>
         <value>0xa27</value>
         <object_component_ref idref="oc-131"/>
      </symbol>
      <symbol id="sm-5e3">
         <name>tcpSendSyn</name>
         <value>0xb49</value>
         <object_component_ref idref="oc-131"/>
      </symbol>
      <symbol id="sm-5e4">
         <name>tcpCheckOptionsField</name>
         <value>0x167d</value>
         <object_component_ref idref="oc-131"/>
      </symbol>
      <symbol id="sm-5e5">
         <name>getTcpSegmentLength</name>
         <value>0x991</value>
         <object_component_ref idref="oc-131"/>
      </symbol>
      <symbol id="sm-626">
         <name>fn</name>
         <value>0x200021f0</value>
      </symbol>
      <symbol id="sm-627">
         <name>period</name>
         <value>0x20002218</value>
      </symbol>
      <symbol id="sm-628">
         <name>ticks</name>
         <value>0x20002240</value>
      </symbol>
      <symbol id="sm-629">
         <name>reload</name>
         <value>0x20002268</value>
      </symbol>
      <symbol id="sm-62a">
         <name>initTimer</name>
         <value>0x6861</value>
         <object_component_ref idref="oc-2d"/>
      </symbol>
      <symbol id="sm-62b">
         <name>stopTimer</name>
         <value>0x6a0d</value>
         <object_component_ref idref="oc-2d"/>
      </symbol>
      <symbol id="sm-62c">
         <name>startOneshotTimer</name>
         <value>0x6901</value>
         <object_component_ref idref="oc-2d"/>
      </symbol>
      <symbol id="sm-62d">
         <name>restartTimer</name>
         <value>0x6a73</value>
         <object_component_ref idref="oc-2d"/>
      </symbol>
      <symbol id="sm-62e">
         <name>random32</name>
         <value>0x6b5b</value>
         <object_component_ref idref="oc-2d"/>
      </symbol>
      <symbol id="sm-62f">
         <name>tickIsr</name>
         <value>0x6ae1</value>
         <object_component_ref idref="oc-2d"/>
      </symbol>
      <symbol id="sm-630">
         <name>startPeriodicTimer</name>
         <value>0x6987</value>
         <object_component_ref idref="oc-2d"/>
      </symbol>
      <symbol id="sm-64c">
         <name>ResetISR</name>
         <value>0x9173</value>
         <object_component_ref idref="oc-27"/>
      </symbol>
      <symbol id="sm-64d">
         <name>g_pfnVectors</name>
         <value>0x0</value>
         <object_component_ref idref="oc-12"/>
      </symbol>
      <symbol id="sm-670">
         <name>getcUart0</name>
         <value>0x8133</value>
         <object_component_ref idref="oc-f0"/>
      </symbol>
      <symbol id="sm-671">
         <name>kbhitUart0</name>
         <value>0x8147</value>
         <object_component_ref idref="oc-f0"/>
      </symbol>
      <symbol id="sm-672">
         <name>setUart0BaudRate</name>
         <value>0x80a7</value>
         <object_component_ref idref="oc-f0"/>
      </symbol>
      <symbol id="sm-673">
         <name>putsUart0</name>
         <value>0x8107</value>
         <object_component_ref idref="oc-f0"/>
      </symbol>
      <symbol id="sm-674">
         <name>initUart0</name>
         <value>0x805d</value>
         <object_component_ref idref="oc-f0"/>
      </symbol>
      <symbol id="sm-675">
         <name>putcUart0</name>
         <value>0x80eb</value>
         <object_component_ref idref="oc-f0"/>
      </symbol>
      <symbol id="sm-694">
         <name>sendUdpMessage</name>
         <value>0x6667</value>
         <object_component_ref idref="oc-14f"/>
      </symbol>
      <symbol id="sm-695">
         <name>getUdpData</name>
         <value>0x6591</value>
         <object_component_ref idref="oc-14f"/>
      </symbol>
      <symbol id="sm-696">
         <name>getUdpMessageSocket</name>
         <value>0x65bd</value>
         <object_component_ref idref="oc-14f"/>
      </symbol>
      <symbol id="sm-697">
         <name>isUdp</name>
         <value>0x64e9</value>
         <object_component_ref idref="oc-14f"/>
      </symbol>
      <symbol id="sm-6a5">
         <name>waitMicrosecond</name>
         <value>0x900d</value>
         <object_component_ref idref="oc-137"/>
      </symbol>
      <symbol id="sm-6d4">
         <name>snprintf</name>
         <value>0x8d0d</value>
         <object_component_ref idref="oc-f6"/>
      </symbol>
      <symbol id="sm-70b">
         <name>sscanf</name>
         <value>0x8e65</value>
         <object_component_ref idref="oc-10e"/>
      </symbol>
      <symbol id="sm-726">
         <name>memcpy</name>
         <value>0x8677</value>
         <object_component_ref idref="oc-41"/>
      </symbol>
      <symbol id="sm-727">
         <name>__aeabi_memcpy</name>
         <value>0x8677</value>
         <object_component_ref idref="oc-41"/>
      </symbol>
      <symbol id="sm-728">
         <name>__aeabi_memcpy8</name>
         <value>0x8677</value>
         <object_component_ref idref="oc-41"/>
      </symbol>
      <symbol id="sm-729">
         <name>__aeabi_memcpy4</name>
         <value>0x8677</value>
         <object_component_ref idref="oc-41"/>
      </symbol>
      <symbol id="sm-738">
         <name>__aeabi_memset</name>
         <value>0x893b</value>
         <object_component_ref idref="oc-a6"/>
      </symbol>
      <symbol id="sm-739">
         <name>memset</name>
         <value>0x8941</value>
         <object_component_ref idref="oc-a6"/>
      </symbol>
      <symbol id="sm-73a">
         <name>__aeabi_memset8</name>
         <value>0x893b</value>
         <object_component_ref idref="oc-a6"/>
      </symbol>
      <symbol id="sm-73b">
         <name>__aeabi_memset4</name>
         <value>0x893b</value>
         <object_component_ref idref="oc-a6"/>
      </symbol>
      <symbol id="sm-73c">
         <name>__aeabi_memclr8</name>
         <value>0x8939</value>
         <object_component_ref idref="oc-a6"/>
      </symbol>
      <symbol id="sm-73d">
         <name>__aeabi_memclr4</name>
         <value>0x8939</value>
         <object_component_ref idref="oc-a6"/>
      </symbol>
      <symbol id="sm-73e">
         <name>__aeabi_memclr</name>
         <value>0x8939</value>
         <object_component_ref idref="oc-a6"/>
      </symbol>
      <symbol id="sm-757">
         <name>__TI_zero_init_nomemset</name>
         <value>0x9031</value>
         <object_component_ref idref="oc-4d"/>
      </symbol>
      <symbol id="sm-76e">
         <name>__TI_decompress_none</name>
         <value>0x9165</value>
         <object_component_ref idref="oc-1b"/>
      </symbol>
      <symbol id="sm-791">
         <name>__TI_decompress_lzss</name>
         <value>0x8af9</value>
         <object_component_ref idref="oc-15"/>
      </symbol>
      <symbol id="sm-79c">
         <name>_ctypes_</name>
         <value>0x9318</value>
         <object_component_ref idref="oc-201"/>
      </symbol>
      <symbol id="sm-7c1">
         <name>rand</name>
         <value>0x8f09</value>
         <object_component_ref idref="oc-253"/>
      </symbol>
      <symbol id="sm-7c2">
         <name>srand</name>
         <value>0x8fc5</value>
         <object_component_ref idref="oc-259"/>
      </symbol>
      <symbol id="sm-7d1">
         <name>strcmp</name>
         <value>0x90b3</value>
         <object_component_ref idref="oc-11a"/>
      </symbol>
      <symbol id="sm-7df">
         <name>strlen</name>
         <value>0x910d</value>
         <object_component_ref idref="oc-124"/>
      </symbol>
      <symbol id="sm-7ef">
         <name>strncpy</name>
         <value>0x8e9d</value>
         <object_component_ref idref="oc-23d"/>
      </symbol>
      <symbol id="sm-807">
         <name>strtok</name>
         <value>0x8de5</value>
         <object_component_ref idref="oc-114"/>
      </symbol>
      <symbol id="sm-816">
         <name>tolower</name>
         <value>0x9155</value>
         <object_component_ref idref="oc-108"/>
      </symbol>
      <symbol id="sm-829">
         <name>__stack</name>
         <value>0x20000000</value>
         <object_component_ref idref="oc-24"/>
      </symbol>
      <symbol id="sm-82a">
         <name>_c_int00_noargs</name>
         <value>0x8ed5</value>
         <object_component_ref idref="oc-5f"/>
      </symbol>
      <symbol id="sm-98f">
         <name>__TI_printfi</name>
         <value>0x4295</value>
         <object_component_ref idref="oc-1c9"/>
      </symbol>
      <symbol id="sm-a45">
         <name>__TI_scanfi</name>
         <value>0x2cb9</value>
         <object_component_ref idref="oc-206"/>
      </symbol>
      <symbol id="sm-a5c">
         <name>__aeabi_dsub</name>
         <value>0x76f1</value>
         <object_component_ref idref="oc-3d0"/>
      </symbol>
      <symbol id="sm-a5d">
         <name>__aeabi_dadd</name>
         <value>0x76fb</value>
         <object_component_ref idref="oc-3d0"/>
      </symbol>
      <symbol id="sm-a7f">
         <name>__aeabi_cdcmpeq</name>
         <value>0x87a9</value>
         <object_component_ref idref="oc-2b1"/>
      </symbol>
      <symbol id="sm-a80">
         <name>__aeabi_cdcmple</name>
         <value>0x87a9</value>
         <object_component_ref idref="oc-2b1"/>
      </symbol>
      <symbol id="sm-a81">
         <name>__aeabi_cdrcmple</name>
         <value>0x882f</value>
         <object_component_ref idref="oc-3bb"/>
      </symbol>
      <symbol id="sm-a95">
         <name>__aeabi_ddiv</name>
         <value>0x7df5</value>
         <object_component_ref idref="oc-3b6"/>
      </symbol>
      <symbol id="sm-aa0">
         <name>__aeabi_dmul</name>
         <value>0x84c9</value>
         <object_component_ref idref="oc-3b1"/>
      </symbol>
      <symbol id="sm-aaa">
         <name>__aeabi_d2iz</name>
         <value>0x8d59</value>
         <object_component_ref idref="oc-3c0"/>
      </symbol>
      <symbol id="sm-ab6">
         <name>__aeabi_d2f</name>
         <value>0x8a21</value>
         <object_component_ref idref="oc-31b"/>
      </symbol>
      <symbol id="sm-ac0">
         <name>__aeabi_i2d</name>
         <value>0x8f6d</value>
         <object_component_ref idref="oc-3cb"/>
      </symbol>
      <symbol id="sm-acd">
         <name>__aeabi_uldivmod</name>
         <value>0x8713</value>
         <object_component_ref idref="oc-3aa"/>
      </symbol>
      <symbol id="sm-af5">
         <name>__TI_auto_init_nobinit_nopinit</name>
         <value>0x8da1</value>
         <object_component_ref idref="oc-167"/>
      </symbol>
      <symbol id="sm-aff">
         <name>_system_pre_init</name>
         <value>0x9191</value>
         <object_component_ref idref="oc-ac"/>
      </symbol>
      <symbol id="sm-b0b">
         <name>C$$EXIT</name>
         <value>0x9195</value>
         <object_component_ref idref="oc-15b"/>
      </symbol>
      <symbol id="sm-b0c">
         <name>abort</name>
         <value>0x9195</value>
         <object_component_ref idref="oc-15b"/>
      </symbol>
      <symbol id="sm-b21">
         <name>_nop</name>
         <value>0x4ce3</value>
         <object_component_ref idref="oc-389"/>
      </symbol>
      <symbol id="sm-b22">
         <name>_lock</name>
         <value>0x20002160</value>
         <object_component_ref idref="oc-27e"/>
      </symbol>
      <symbol id="sm-b23">
         <name>_unlock</name>
         <value>0x20002164</value>
         <object_component_ref idref="oc-27e"/>
      </symbol>
      <symbol id="sm-b32">
         <name>__TI_ltoa</name>
         <value>0x8c1b</value>
         <object_component_ref idref="oc-3c5"/>
      </symbol>
      <symbol id="sm-b49">
         <name>atoi</name>
         <value>0x8cc1</value>
         <object_component_ref idref="oc-2a5"/>
      </symbol>
      <symbol id="sm-b59">
         <name>memccpy</name>
         <value>0x904d</value>
         <object_component_ref idref="oc-2ce"/>
      </symbol>
      <symbol id="sm-b69">
         <name>strchr</name>
         <value>0x90e3</value>
         <object_component_ref idref="oc-332"/>
      </symbol>
      <symbol id="sm-b77">
         <name>strcpy</name>
         <value>0x90f9</value>
         <object_component_ref idref="oc-303"/>
      </symbol>
      <symbol id="sm-b88">
         <name>strcspn</name>
         <value>0x8fe9</value>
         <object_component_ref idref="oc-226"/>
      </symbol>
      <symbol id="sm-b97">
         <name>strrchr</name>
         <value>0x90cb</value>
         <object_component_ref idref="oc-32c"/>
      </symbol>
      <symbol id="sm-ba9">
         <name>strspn</name>
         <value>0x8f9b</value>
         <object_component_ref idref="oc-220"/>
      </symbol>
      <symbol id="sm-c09">
         <name>strtold</name>
         <value>0x6089</value>
         <object_component_ref idref="oc-315"/>
      </symbol>
      <symbol id="sm-c0a">
         <name>strtod</name>
         <value>0x6089</value>
         <object_component_ref idref="oc-315"/>
      </symbol>
      <symbol id="sm-c2e">
         <name>strtol</name>
         <value>0x7f2d</value>
         <object_component_ref idref="oc-320"/>
      </symbol>
      <symbol id="sm-c54">
         <name>strtoll</name>
         <value>0x7345</value>
         <object_component_ref idref="oc-326"/>
      </symbol>
      <symbol id="sm-c74">
         <name>strtoul</name>
         <value>0x83b9</value>
         <object_component_ref idref="oc-30f"/>
      </symbol>
      <symbol id="sm-c97">
         <name>strtoull</name>
         <value>0x7a09</value>
         <object_component_ref idref="oc-309"/>
      </symbol>
      <symbol id="sm-cad">
         <name>__aeabi_errno_addr</name>
         <value>0x9181</value>
         <object_component_ref idref="oc-2da"/>
      </symbol>
      <symbol id="sm-cae">
         <name>errno</name>
         <value>0x20002188</value>
         <object_component_ref idref="oc-406"/>
      </symbol>
      <symbol id="sm-cc7">
         <name>wcslen</name>
         <value>0x9133</value>
         <object_component_ref idref="oc-2d4"/>
      </symbol>
      <symbol id="sm-ce7">
         <name>frexpl</name>
         <value>0x8b61</value>
         <object_component_ref idref="oc-3f0"/>
      </symbol>
      <symbol id="sm-ce8">
         <name>frexp</name>
         <value>0x8b61</value>
         <object_component_ref idref="oc-3f0"/>
      </symbol>
      <symbol id="sm-d05">
         <name>scalbn</name>
         <value>0x82a9</value>
         <object_component_ref idref="oc-3f6"/>
      </symbol>
      <symbol id="sm-d06">
         <name>scalbnl</name>
         <value>0x82a9</value>
         <object_component_ref idref="oc-3f6"/>
      </symbol>
      <symbol id="sm-d07">
         <name>ldexpl</name>
         <value>0x82a9</value>
         <object_component_ref idref="oc-3f6"/>
      </symbol>
      <symbol id="sm-d08">
         <name>ldexp</name>
         <value>0x82a9</value>
         <object_component_ref idref="oc-3f6"/>
      </symbol>
      <symbol id="sm-d12">
         <name>__aeabi_idiv0</name>
         <value>0x78a7</value>
         <object_component_ref idref="oc-450"/>
      </symbol>
      <symbol id="sm-d13">
         <name>__aeabi_ldiv0</name>
         <value>0x78a7</value>
         <object_component_ref idref="oc-450"/>
      </symbol>
      <symbol id="sm-d1c">
         <name>__aeabi_lmul</name>
         <value>0x909b</value>
         <object_component_ref idref="oc-41b"/>
      </symbol>
      <symbol id="sm-d26">
         <name>copysign</name>
         <value>0x9069</value>
         <object_component_ref idref="oc-469"/>
      </symbol>
      <symbol id="sm-d27">
         <name>copysignl</name>
         <value>0x9069</value>
         <object_component_ref idref="oc-469"/>
      </symbol>
      <symbol id="sm-d28">
         <name>__TI_static_base__</name>
         <value>0x0</value>
      </symbol>
      <symbol id="sm-d2b">
         <name>__mpu_init</name>
         <value>0x0</value>
      </symbol>
      <symbol id="sm-d2c">
         <name>_system_post_cinit</name>
         <value>0x0</value>
      </symbol>
   </symbol_table>
   <title>Link successful</title>
</link_info>
