******************************************************************************
                  TI ARM Linker Unix v20.2.7                   
******************************************************************************
>> Linked Sun Mar 19 16:02:11 2023

OUTPUT FILE NAME:   <IOT_Project1.out>
ENTRY POINT SYMBOL: "_c_int00_noargs"  address: 000097bd


MEMORY CONFIGURATION

         name            origin    length      used     unused   attr    fill
----------------------  --------  ---------  --------  --------  ----  --------
  FLASH                 00000000   00040000  00009f68  00036098  R  X
  SRAM                  20000000   00008000  000022b6  00005d4a  RW X


SEGMENT ALLOCATION MAP

run origin  load origin   length   init length attrs members
----------  ----------- ---------- ----------- ----- -------
00000000    00000000    00009f68   00009f68    r-x
  00000000    00000000    0000026c   0000026c    r-- .intvecs
  0000026c    0000026c    00009814   00009814    r-x .text
  00009a80    00009a80    00000438   00000438    r-- .const
  00009eb8    00009eb8    000000b0   000000b0    r-- .cinit
20000000    20000000    000022b8   00000000    rw-
  20000000    20000000    00002000   00000000    rw- .stack
  20002000    20002000    000001da   00000000    rw- .data
  200021dc    200021dc    000000dc   00000000    rw- .bss


SECTION ALLOCATION MAP

 output                                  attributes/
section   page    origin      length       input sections
--------  ----  ----------  ----------   ----------------
.intvecs   0    00000000    0000026c     
                  00000000    0000026c     tm4c123gh6pm_startup_ccs.obj (.intvecs)

.text      0    0000026c    00009814     
                  0000026c    00001be0     tcp.obj (.text)
                  00001e4c    0000174c     mqtt.obj (.text)
                  00003598    00000b14     rtsv7M4_T_le_v4SPD16_eabi.lib : _scanfi.c.obj (.text:__TI_scanfi)
                  000040ac    00000ad0     ethernet.obj (.text)
                  00004b7c    00000a4e     rtsv7M4_T_le_v4SPD16_eabi.lib : _printfi.c.obj (.text:__TI_printfi)
                  000055ca    00000002                                   : _lock.c.obj (.text:_nop)
                  000055cc    00000808     gpio.obj (.text)
                  00005dd4    00000714     eth0.obj (.text)
                  000064e8    00000488     ip.obj (.text)
                  00006970    00000460     rtsv7M4_T_le_v4SPD16_eabi.lib : strtod.c.obj (.text:strtod)
                  00006dd0    00000378     udp.obj (.text)
                  00007148    00000338     timer.obj (.text)
                  00007480    000002f4     arp.obj (.text)
                  00007774    00000270     rtsv7M4_T_le_v4SPD16_eabi.lib : _printfi.c.obj (.text:_pconv_a)
                  000079e4    00000248     ip_custom_layer.obj (.text)
                  00007c2c    000001dc     rtsv7M4_T_le_v4SPD16_eabi.lib : strtoll.c.obj (.text:strtoll)
                  00007e08    000001d0                                   : _printfi.c.obj (.text:_pconv_g)
                  00007fd8    000001b6                                   : fd_add_t2.asm.obj (.text)
                  0000818e    00000002                                   : div0.asm.obj (.text)
                  00008190    00000160     spi0.obj (.text)
                  000082f0    0000015c     rtsv7M4_T_le_v4SPD16_eabi.lib : strtoull.c.obj (.text:strtoull)
                  0000844c    00000154     icmp.obj (.text)
                  000085a0    0000013c     rtsv7M4_T_le_v4SPD16_eabi.lib : _printfi.c.obj (.text:_pconv_e)
                  000086dc    00000136                                   : fd_div_t2.asm.obj (.text)
                  00008812    00000002     --HOLE-- [fill = 0]
                  00008814    00000130                                   : strtol.c.obj (.text:strtol)
                  00008944    00000128     uart0.obj (.text)
                  00008a6c    00000124     rtsv7M4_T_le_v4SPD16_eabi.lib : _printfi.c.obj (.text:fcvt)
                  00008b90    00000110                                   : s_scalbn.c.obj (.text:scalbn)
                  00008ca0    00000110                                   : strtoul.c.obj (.text:strtoul)
                  00008db0    000000fc                                   : fd_mul_t2.asm.obj (.text)
                  00008eac    000000b1                                   : _printfi.c.obj (.text:_ltostr)
                  00008f5d    00000001     --HOLE-- [fill = 0]
                  00008f5e    0000009c                                   : memcpy_t2.asm.obj (.text)
                  00008ffa    00000096                                   : ull_div_t2.asm.obj (.text)
                  00009090    00000086                                   : fd_cmp_t2.asm.obj (.text:__aeabi_cdcmple)
                  00009116    00000086                                   : fd_cmp_t2.asm.obj (.text:__aeabi_cdrcmple)
                  0000919c    00000084     eeprom.obj (.text)
                  00009220    0000007a     rtsv7M4_T_le_v4SPD16_eabi.lib : memset_t2.asm.obj (.text)
                  0000929a    0000006e                                   : _printfi.c.obj (.text:_mcpy)
                  00009308    0000006e                                   : fd_tos_t2.asm.obj (.text)
                  00009376    00000002     --HOLE-- [fill = 0]
                  00009378    00000068                                   : sscanf.c.obj (.text:_chkmbc)
                  000093e0    00000068                                   : copy_decompress_lzss.c.obj (.text:decompress:lzss:__TI_decompress_lzss)
                  00009448    00000064                                   : s_frexp.c.obj (.text:frexp)
                  000094ac    00000056                                   : _printfi.c.obj (.text:_pconv_f)
                  00009502    00000054                                   : _ltoa.c.obj (.text:__TI_ltoa)
                  00009556    00000052                                   : _printfi.c.obj (.text:_ecpy)
                  000095a8    0000004c                                   : atoi.c.obj (.text:atoi)
                  000095f4    0000004c                                   : snprintf.c.obj (.text:snprintf)
                  00009640    00000048                                   : fd_toi_t2.asm.obj (.text)
                  00009688    00000044                                   : autoinit.c.obj (.text:__TI_auto_init_nobinit_nopinit:__TI_auto_init_nobinit_nopinit)
                  000096cc    00000040                                   : strtok.c.obj (.text:strtok)
                  0000970c    0000003e                                   : _printfi.c.obj (.text:_fcpy)
                  0000974a    00000002     --HOLE-- [fill = 0]
                  0000974c    00000038                                   : sscanf.c.obj (.text:sscanf)
                  00009784    00000036                                   : strncpy.c.obj (.text:strncpy)
                  000097ba    00000002     --HOLE-- [fill = 0]
                  000097bc    00000034                                   : boot_cortex_m.c.obj (.text:_c_int00_noargs:_c_int00_noargs)
                  000097f0    00000034                                   : rand.c.obj (.text:rand)
                  00009824    00000030                                   : snprintf.c.obj (.text:_outs)
                  00009854    0000002e                                   : i_tofd_t2.asm.obj (.text)
                  00009882    0000002a                                   : strspn.c.obj (.text:strspn)
                  000098ac    00000024                                   : rand.c.obj (.text:srand)
                  000098d0    00000024                                   : strcspn.c.obj (.text:strcspn)
                  000098f4    00000024     wait.obj (.text)
                  00009918    0000001c     rtsv7M4_T_le_v4SPD16_eabi.lib : copy_zero_init.c.obj (.text:decompress:ZI:__TI_zero_init_nomemset:__TI_zero_init_nomemset)
                  00009934    0000001c                                   : memccpy.c.obj (.text:memccpy)
                  00009950    0000001a                                   : s_copysign.c.obj (.text:copysign)
                  0000996a    00000018                                   : snprintf.c.obj (.text:_outc)
                  00009982    00000018                                   : ll_mul_t2.asm.obj (.text)
                  0000999a    00000018                                   : strcmp.c.obj (.text:strcmp)
                  000099b2    00000018                                   : strrchr.c.obj (.text:strrchr)
                  000099ca    00000016                                   : strchr.c.obj (.text:strchr)
                  000099e0    00000014                                   : strcpy.c.obj (.text:strcpy)
                  000099f4    00000014                                   : strlen.c.obj (.text:strlen)
                  00009a08    00000012                                   : sscanf.c.obj (.text:_inpchar)
                  00009a1a    00000012                                   : wcslen.c.obj (.text:wcslen)
                  00009a2c    00000010     clock.obj (.text)
                  00009a3c    00000010     rtsv7M4_T_le_v4SPD16_eabi.lib : tolower.c.obj (.text:tolower)
                  00009a4c    0000000e                                   : copy_decompress_none.c.obj (.text:decompress:none:__TI_decompress_none)
                  00009a5a    0000000c     tm4c123gh6pm_startup_ccs.obj (.text)
                  00009a66    00000002     --HOLE-- [fill = 0]
                  00009a68    00000008     rtsv7M4_T_le_v4SPD16_eabi.lib : errno.c.obj (.text:__aeabi_errno_addr)
                  00009a70    00000008                                   : sscanf.c.obj (.text:_uninpchar)
                  00009a78    00000004                                   : pre_init.c.obj (.text:_system_pre_init)
                  00009a7c    00000004                                   : exit.c.obj (.text:abort:abort)

.const     0    00009a80    00000438     
                  00009a80    0000019e     mqtt.obj (.const:.string)
                  00009c1e    00000101     rtsv7M4_T_le_v4SPD16_eabi.lib : ctype.c.obj (.const:.string:_ctypes_)
                  00009d1f    00000001     --HOLE-- [fill = 0]
                  00009d20    000000c8                                   : strtod.c.obj (.const:$O1$$)
                  00009de8    000000a6     tcp.obj (.const:.string)
                  00009e8e    00000018     mqtt.obj (.const:.string:$P$T0$1)
                  00009ea6    00000002     --HOLE-- [fill = 0]
                  00009ea8    00000010     rtsv7M4_T_le_v4SPD16_eabi.lib : _scanfi.c.obj (.const:$O1$$)

.cinit     0    00009eb8    000000b0     
                  00009eb8    00000085     (.cinit..data.load) [load image, compression = lzss]
                  00009f3d    00000003     --HOLE-- [fill = 0]
                  00009f40    0000000c     (__TI_handler_table)
                  00009f4c    00000004     --HOLE-- [fill = 0]
                  00009f50    00000008     (.cinit..bss.load) [load image, compression = zero_init]
                  00009f58    00000010     (__TI_cinit_table)

.init_array 
*          0    00000000    00000000     UNINITIALIZED

.data      0    20002000    000001da     UNINITIALIZED
                  20002000    00000082     mqtt.obj (.data:mqttMcb)
                  20002082    0000003e     mqtt.obj (.data:mqttRxBuffer)
                  200020c0    00000034     mqtt.obj (.data:mqttFsmState)
                  200020f4    0000002e     mqtt.obj (.data:mqttCurSubTopics)
                  20002122    00000001     ethernet.obj (.data)
                  20002123    00000001     --HOLE--
                  20002124    0000002c     tcp.obj (.data:socketConns)
                  20002150    0000002c     tcp.obj (.data:tcpState)
                  2000217c    00000015     tcp.obj (.data)
                  20002191    00000001     --HOLE--
                  20002192    0000000c     mqtt.obj (.data)
                  2000219e    00000002     --HOLE--
                  200021a0    00000008     rtsv7M4_T_le_v4SPD16_eabi.lib : _lock.c.obj (.data:$O1$$)
                  200021a8    00000006     eth0.obj (.data:hwAddress)
                  200021ae    00000004     ip.obj (.data:ipAddress)
                  200021b2    00000004     ip.obj (.data:ipDnsAddress)
                  200021b6    00000004     ip.obj (.data:ipGwAddress)
                  200021ba    00000004     ip.obj (.data:ipMqttBrokerAddress)
                  200021be    00000004     ip.obj (.data:ipSubnetMask)
                  200021c2    00000004     ip.obj (.data:ipTimeServerAddress)
                  200021c6    00000002     --HOLE--
                  200021c8    00000004     rtsv7M4_T_le_v4SPD16_eabi.lib : errno.c.obj (.data)
                  200021cc    00000004                                   : rand.c.obj (.data)
                  200021d0    00000004                                   : strtok.c.obj (.data)
                  200021d4    00000003     eth0.obj (.data)
                  200021d7    00000003     ip_custom_layer.obj (.data)

.bss       0    200021dc    000000dc     UNINITIALIZED
                  200021dc    00000054     (.common:strInput)
                  20002230    00000028     (.common:fn)
                  20002258    00000028     (.common:period)
                  20002280    00000028     (.common:ticks)
                  200022a8    0000000c     (.common:reload)
                  200022b4    00000004     (.common:token)

.stack     0    20000000    00002000     UNINITIALIZED
                  20000000    00000004     rtsv7M4_T_le_v4SPD16_eabi.lib : boot_cortex_m.c.obj (.stack)
                  20000004    00001ffc     --HOLE--

__llvm_prf_cnts 
*          0    20000000    00000000     UNINITIALIZED

MODULE SUMMARY

       Module                         code    ro data   rw data
       ------                         ----    -------   -------
    ./
       tcp.obj                        7136    166       109    
       mqtt.obj                       5964    438       302    
       ethernet.obj                   2768    0         89     
       gpio.obj                       2056    0         0      
       eth0.obj                       1812    0         9      
       ip.obj                         1160    0         24     
       timer.obj                      824     0         132    
       udp.obj                        888     0         0      
       arp.obj                        756     0         0      
       tm4c123gh6pm_startup_ccs.obj   12      620       0      
       ip_custom_layer.obj            584     0         3      
       spi0.obj                       352     0         0      
       icmp.obj                       340     0         0      
       uart0.obj                      296     0         0      
       eeprom.obj                     132     0         0      
       wait.obj                       36      0         0      
       clock.obj                      16      0         0      
    +--+------------------------------+-------+---------+---------+
       Total:                         25132   1224      668    
                                                               
    /home/sadhan/ti/ccs1210/ccs/tools/compiler/ti-cgt-arm_20.2.7.LTS/lib/rtsv7M4_T_le_v4SPD16_eabi.lib
       _printfi.c.obj                 4851    0         0      
       _scanfi.c.obj                  2836    16        0      
       strtod.c.obj                   1120    200       0      
       strtoll.c.obj                  476     0         0      
       fd_add_t2.asm.obj              438     0         0      
       strtoull.c.obj                 348     0         0      
       fd_div_t2.asm.obj              310     0         0      
       strtol.c.obj                   304     0         0      
       s_scalbn.c.obj                 272     0         0      
       strtoul.c.obj                  272     0         0      
       fd_cmp_t2.asm.obj              268     0         0      
       ctype.c.obj                    0       257       0      
       fd_mul_t2.asm.obj              252     0         0      
       sscanf.c.obj                   186     0         0      
       memcpy_t2.asm.obj              156     0         0      
       ull_div_t2.asm.obj             150     0         0      
       snprintf.c.obj                 148     0         0      
       memset_t2.asm.obj              122     0         0      
       fd_tos_t2.asm.obj              110     0         0      
       copy_decompress_lzss.c.obj     104     0         0      
       s_frexp.c.obj                  100     0         0      
       rand.c.obj                     88      0         4      
       _ltoa.c.obj                    84      0         0      
       atoi.c.obj                     76      0         0      
       fd_toi_t2.asm.obj              72      0         0      
       autoinit.c.obj                 68      0         0      
       strtok.c.obj                   64      0         4      
       strncpy.c.obj                  54      0         0      
       boot_cortex_m.c.obj            52      0         0      
       i_tofd_t2.asm.obj              46      0         0      
       strspn.c.obj                   42      0         0      
       strcspn.c.obj                  36      0         0      
       copy_zero_init.c.obj           28      0         0      
       memccpy.c.obj                  28      0         0      
       s_copysign.c.obj               26      0         0      
       ll_mul_t2.asm.obj              24      0         0      
       strcmp.c.obj                   24      0         0      
       strrchr.c.obj                  24      0         0      
       strchr.c.obj                   22      0         0      
       strcpy.c.obj                   20      0         0      
       strlen.c.obj                   20      0         0      
       wcslen.c.obj                   18      0         0      
       tolower.c.obj                  16      0         0      
       copy_decompress_none.c.obj     14      0         0      
       errno.c.obj                    8       0         4      
       _lock.c.obj                    2       0         8      
       exit.c.obj                     4       0         0      
       pre_init.c.obj                 4       0         0      
       div0.asm.obj                   2       0         0      
    +--+------------------------------+-------+---------+---------+
       Total:                         13789   473       20     
                                                               
       Stack:                         0       0         8192   
       Linker Generated:              0       169       0      
    +--+------------------------------+-------+---------+---------+
       Grand Total:                   38921   1866      8880   


LINKER GENERATED COPY TABLES

__TI_cinit_table @ 00009f58 records: 2, size/record: 8, table size: 16
	.data: load addr=00009eb8, load size=00000085 bytes, run addr=20002000, run size=000001da bytes, compression=lzss
	.bss: load addr=00009f50, load size=00000008 bytes, run addr=200021dc, run size=000000dc bytes, compression=zero_init


LINKER GENERATED HANDLER TABLE

__TI_handler_table @ 00009f40 records: 3, size/record: 4, table size: 12
	index: 0, handler: __TI_decompress_lzss
	index: 1, handler: __TI_decompress_none
	index: 2, handler: __TI_zero_init


GLOBAL SYMBOLS: SORTED ALPHABETICALLY BY Name 

address   name                          
-------   ----                          
00009a7d  C$$EXIT                       
00009a5b  ResetISR                      
20002000  __STACK_END                   
00002000  __STACK_SIZE                  
20000200  __STACK_TOP                   
00009f58  __TI_CINIT_Base               
00009f68  __TI_CINIT_Limit              
00009f40  __TI_Handler_Table_Base       
00009f4c  __TI_Handler_Table_Limit      
00009689  __TI_auto_init_nobinit_nopinit
000093e1  __TI_decompress_lzss          
00009a4d  __TI_decompress_none          
00009503  __TI_ltoa                     
ffffffff  __TI_pprof_out_hndl           
00004b7d  __TI_printfi                  
ffffffff  __TI_prof_data_size           
ffffffff  __TI_prof_data_start          
00003599  __TI_scanfi                   
00000000  __TI_static_base__            
00009919  __TI_zero_init_nomemset       
00009091  __aeabi_cdcmpeq               
00009091  __aeabi_cdcmple               
00009117  __aeabi_cdrcmple              
00009309  __aeabi_d2f                   
00009641  __aeabi_d2iz                  
00007fe3  __aeabi_dadd                  
000086dd  __aeabi_ddiv                  
00008db1  __aeabi_dmul                  
00007fd9  __aeabi_dsub                  
00009a69  __aeabi_errno_addr            
00009855  __aeabi_i2d                   
0000818f  __aeabi_idiv0                 
0000818f  __aeabi_ldiv0                 
00009983  __aeabi_lmul                  
00009221  __aeabi_memclr                
00009221  __aeabi_memclr4               
00009221  __aeabi_memclr8               
00008f5f  __aeabi_memcpy                
00008f5f  __aeabi_memcpy4               
00008f5f  __aeabi_memcpy8               
00009223  __aeabi_memset                
00009223  __aeabi_memset4               
00009223  __aeabi_memset8               
00008ffb  __aeabi_uldivmod              
ffffffff  __binit__                     
ffffffff  __c_args__                    
UNDEFED   __mpu_init                    
20000000  __stack                       
20000000  __start___llvm_prf_cnts       
20000000  __stop___llvm_prf_cnts        
000097bd  _c_int00_noargs               
00009c1e  _ctypes_                      
200021a0  _lock                         
000055cb  _nop                          
UNDEFED   _system_post_cinit            
00009a79  _system_pre_init              
200021a4  _unlock                       
00009a7d  abort                         
00004aa5  appInit                       
00007b57  arpRespTimeoutCb              
0000442d  asciiToUint8                  
000095a9  atoi                          
ffffffff  binit                         
00006927  calcIpChecksum                
00005e93  clearEtherReg                 
00005c21  clearPinInterrupt             
00009951  copysign                      
00009951  copysignl                     
20002122  count                         
00005deb  disableEtherCs                
00005bfd  disablePinInterrupt           
00005935  disablePinPulldown            
000058ed  disablePinPullup              
00005689  disablePort                   
000040e9  displayConnectionInfo         
00001c1d  displayStatus                 
00005dd5  enableEtherCs                 
00005bd9  enablePinInterrupt            
00005911  enablePinPulldown             
000058bf  enablePinPullup               
000055cd  enablePort                    
2000217c  enableRetransFlag             
200021c8  errno                         
20002230  fn                            
00009449  frexp                         
00009449  frexpl                        
00000000  g_pfnVectors                  
000003f7  genRandNum                    
000063ef  getEtherId                    
00006489  getEtherMacAddress            
000061c9  getEtherPacket                
000065f1  getIpAddress                  
000068f5  getIpChecksum                 
00007b51  getIpCurrentEventStatus       
0000674d  getIpDnsAddress               
000066d9  getIpGatewayAddress           
00006839  getIpMqttBrokerAddress        
00006665  getIpSubnetMask               
000067c1  getIpTimeServerAddress        
00005c8f  getPinValue                   
00005d45  getPortValue                  
00000f0d  getTcpCurrState               
0000033f  getTcpData                    
0000036b  getTcpHeader                  
00000f99  getTcpMessageSocket           
00000f2d  getTcpSegmentLength           
00006e79  getUdpData                    
00006ea5  getUdpMessageSocket           
00008a1b  getcUart0                     
000063c3  htonl                         
0000639f  htons                         
200021a8  hwAddress                     
000063fb  incEtherId                    
0000919d  initEeprom                    
00005fdf  initEther                     
000040ad  initHw                        
00008191  initSpi0                      
00009a2d  initSystemClockTo40Mhz        
00007149  initTimer                     
00008945  initUart0                     
200021d7  initiateArpRequest            
20002184  initiateFin                   
200021ae  ipAddress                     
200021b2  ipDnsAddress                  
200021d8  ipEventIcb                    
200021b6  ipGwAddress                   
00007a41  ipHandlerRx                   
000079e5  ipHandlerTx                   
200021ba  ipMqttBrokerAddress           
200021be  ipSubnetMask                  
200021c2  ipTimeServerAddress           
00007481  isArpRequest                  
00007525  isArpResponse                 
0000617f  isEtherDataAvailable          
00006591  isEtherIpValid                
00006165  isEtherLinkUp                 
00006199  isEtherOverflow               
000064e9  isIp                          
00007b5f  isIpArpResponse               
00006531  isIpUnicast                   
0000345d  isMqtt                        
0000844d  isPingRequest                 
0000026d  isTcp                         
00006dd1  isUdp                         
0000313f  ismqttConnected               
00008a2f  kbhitUart0                    
00008b91  ldexp                         
00008b91  ldexpl                        
0000492f  main                          
00009935  memccpy                       
00008f5f  memcpy                        
00009229  memset                        
00002499  mqttCalcDynLength             
00003579  mqttConTimerCb                
000032b3  mqttConnAck                   
000022d5  mqttConnect                   
000024f9  mqttDisConnect                
200020c0  mqttFsmState                  
0000355f  mqttGetConnState              
00003545  mqttGetCurrState              
000033c9  mqttGetTxData                 
0000338f  mqttGetTxStatus               
00002de9  mqttHandleAllRxMsgs           
000030c7  mqttHandleConnectServer       
00002f05  mqttHandlePubServer           
00003041  mqttHandleSubServer           
000027b5  mqttHandler                   
00003539  mqttInit                      
00003125  mqttKeepAliveTimeCliCb        
0000311d  mqttKeepAliveTimeSrvCb        
00002765  mqttLogConnectEvent           
00002785  mqttLogDisConnectEvent        
000025c9  mqttLogPublishEvent           
00002693  mqttLogSubscribeEvent         
00002701  mqttLogUnSubscribeEvent       
0000255d  mqttPingRequest               
00003339  mqttPingResp                  
20002192  mqttPktId                     
00003167  mqttPubAck                    
00001e4d  mqttPublish                   
00003565  mqttSetConnState              
0000354b  mqttSetCurrState              
000034e1  mqttSetRxData                 
00003395  mqttSetTxStatus               
000031f1  mqttSubAck                    
00001ffd  mqttSubscribe                 
0000217d  mqttUnSubscribe               
200021d4  nextPacketLsb                 
200021d5  nextPacketMsb                 
20002258  period                        
000044df  processShell                  
000062b9  putEtherPacket                
000089d3  putcUart0                     
000089ef  putsUart0                     
000097f1  rand                          
00007443  random32                      
00004379  readConfiguration             
000091e5  readEeprom                    
00005fc7  readEtherMem                  
00005f1b  readEtherPhy                  
00005e2d  readEtherReg                  
000082c9  readSpi0Data                  
200022a8  reload                        
0000735b  restartTimer                  
00008b91  scalbn                        
00008b91  scalbnl                       
000057f3  selectPinAnalogInput          
000057a5  selectPinDigitalInput         
00005b0f  selectPinInterruptBothEdges   
00005abf  selectPinInterruptFallingEdge 
00005b65  selectPinInterruptHighLevel   
00005b9f  selectPinInterruptLowLevel    
00005a6f  selectPinInterruptRisingEdge  
00005757  selectPinOpenDrainOutput      
00005709  selectPinPushPullOutput       
00007657  sendArpRequest                
00007579  sendArpResponse               
00008491  sendPingResponse              
00006f4f  sendUdpMessage                
200021d6  sequenceId                    
00005ec7  setEtherBank                  
00006405  setEtherMacAddress            
00005e5f  setEtherReg                   
000065b7  setIpAddress                  
00006713  setIpDnsAddress               
0000669f  setIpGatewayAddress           
000067fb  setIpMqttBrokerAddress        
00007b17  setIpMqttMacBrokerAddress     
0000662b  setIpSubnetMask               
00006787  setIpTimeServerAddress        
0000595d  setPinAuxFunction             
00005843  setPinCommitControl           
00005c45  setPinValue                   
00005ccd  setPortValue                  
0000822d  setSpi0BaudRate               
00008263  setSpi0Mode                   
0000898f  setUart0BaudRate              
000095f5  snprintf                      
20002124  socketConns                   
000098ad  srand                         
0000974d  sscanf                        
00005fb5  startEtherMemRead             
00005f87  startEtherMemWrite            
000071e9  startOneshotTimer             
0000726f  startPeriodicTimer            
00005fd7  stopEtherMemRead              
00005fad  stopEtherMemWrite             
000072f5  stopTimer                     
200021dc  strInput                      
000099cb  strchr                        
0000999b  strcmp                        
000099e1  strcpy                        
000098d1  strcspn                       
000099f5  strlen                        
00009785  strncpy                       
000099b3  strrchr                       
00009883  strspn                        
00006971  strtod                        
000096cd  strtok                        
00008815  strtol                        
00006971  strtold                       
00007c2d  strtoll                       
00008ca1  strtoul                       
000082f1  strtoull                      
00006881  sumIpWords                    
00001b89  tcpCheckOptionsField          
00000ef1  tcpConnect                    
00001791  tcpCreateSocket               
0000052d  tcpFsmStateMachineClient      
00000435  tcpGetMatchingSocket          
000017b9  tcpHandleRwTransactions       
0000040f  tcpHandlerRx                  
000004d5  tcpHandlerTx                  
000003dd  tcpHeaderSize                 
000003b9  tcpIsAck                      
00000395  tcpIsSyn                      
0000127f  tcpSendAck                    
00001555  tcpSendFin                    
000018c1  tcpSendSegment                
00001061  tcpSendSyn                    
0000051d  tcpSendTimerCb                
00001b4d  tcpValidChecks                
000073c9  tickIsr                       
20002280  ticks                         
00005c6b  togglePinValue                
200022b4  token                         
00009a3d  tolower                       
000098f5  waitMicrosecond               
00009a1b  wcslen                        
000091b3  writeEeprom                   
00005f99  writeEtherMem                 
00005ee3  writeEtherPhy                 
00005df9  writeEtherReg                 
000082b1  writeSpi0Data                 


GLOBAL SYMBOLS: SORTED BY Symbol Address 

address   name                          
-------   ----                          
00000000  __TI_static_base__            
00000000  g_pfnVectors                  
0000026d  isTcp                         
0000033f  getTcpData                    
0000036b  getTcpHeader                  
00000395  tcpIsSyn                      
000003b9  tcpIsAck                      
000003dd  tcpHeaderSize                 
000003f7  genRandNum                    
0000040f  tcpHandlerRx                  
00000435  tcpGetMatchingSocket          
000004d5  tcpHandlerTx                  
0000051d  tcpSendTimerCb                
0000052d  tcpFsmStateMachineClient      
00000ef1  tcpConnect                    
00000f0d  getTcpCurrState               
00000f2d  getTcpSegmentLength           
00000f99  getTcpMessageSocket           
00001061  tcpSendSyn                    
0000127f  tcpSendAck                    
00001555  tcpSendFin                    
00001791  tcpCreateSocket               
000017b9  tcpHandleRwTransactions       
000018c1  tcpSendSegment                
00001b4d  tcpValidChecks                
00001b89  tcpCheckOptionsField          
00001c1d  displayStatus                 
00001e4d  mqttPublish                   
00001ffd  mqttSubscribe                 
00002000  __STACK_SIZE                  
0000217d  mqttUnSubscribe               
000022d5  mqttConnect                   
00002499  mqttCalcDynLength             
000024f9  mqttDisConnect                
0000255d  mqttPingRequest               
000025c9  mqttLogPublishEvent           
00002693  mqttLogSubscribeEvent         
00002701  mqttLogUnSubscribeEvent       
00002765  mqttLogConnectEvent           
00002785  mqttLogDisConnectEvent        
000027b5  mqttHandler                   
00002de9  mqttHandleAllRxMsgs           
00002f05  mqttHandlePubServer           
00003041  mqttHandleSubServer           
000030c7  mqttHandleConnectServer       
0000311d  mqttKeepAliveTimeSrvCb        
00003125  mqttKeepAliveTimeCliCb        
0000313f  ismqttConnected               
00003167  mqttPubAck                    
000031f1  mqttSubAck                    
000032b3  mqttConnAck                   
00003339  mqttPingResp                  
0000338f  mqttGetTxStatus               
00003395  mqttSetTxStatus               
000033c9  mqttGetTxData                 
0000345d  isMqtt                        
000034e1  mqttSetRxData                 
00003539  mqttInit                      
00003545  mqttGetCurrState              
0000354b  mqttSetCurrState              
0000355f  mqttGetConnState              
00003565  mqttSetConnState              
00003579  mqttConTimerCb                
00003599  __TI_scanfi                   
000040ad  initHw                        
000040e9  displayConnectionInfo         
00004379  readConfiguration             
0000442d  asciiToUint8                  
000044df  processShell                  
0000492f  main                          
00004aa5  appInit                       
00004b7d  __TI_printfi                  
000055cb  _nop                          
000055cd  enablePort                    
00005689  disablePort                   
00005709  selectPinPushPullOutput       
00005757  selectPinOpenDrainOutput      
000057a5  selectPinDigitalInput         
000057f3  selectPinAnalogInput          
00005843  setPinCommitControl           
000058bf  enablePinPullup               
000058ed  disablePinPullup              
00005911  enablePinPulldown             
00005935  disablePinPulldown            
0000595d  setPinAuxFunction             
00005a6f  selectPinInterruptRisingEdge  
00005abf  selectPinInterruptFallingEdge 
00005b0f  selectPinInterruptBothEdges   
00005b65  selectPinInterruptHighLevel   
00005b9f  selectPinInterruptLowLevel    
00005bd9  enablePinInterrupt            
00005bfd  disablePinInterrupt           
00005c21  clearPinInterrupt             
00005c45  setPinValue                   
00005c6b  togglePinValue                
00005c8f  getPinValue                   
00005ccd  setPortValue                  
00005d45  getPortValue                  
00005dd5  enableEtherCs                 
00005deb  disableEtherCs                
00005df9  writeEtherReg                 
00005e2d  readEtherReg                  
00005e5f  setEtherReg                   
00005e93  clearEtherReg                 
00005ec7  setEtherBank                  
00005ee3  writeEtherPhy                 
00005f1b  readEtherPhy                  
00005f87  startEtherMemWrite            
00005f99  writeEtherMem                 
00005fad  stopEtherMemWrite             
00005fb5  startEtherMemRead             
00005fc7  readEtherMem                  
00005fd7  stopEtherMemRead              
00005fdf  initEther                     
00006165  isEtherLinkUp                 
0000617f  isEtherDataAvailable          
00006199  isEtherOverflow               
000061c9  getEtherPacket                
000062b9  putEtherPacket                
0000639f  htons                         
000063c3  htonl                         
000063ef  getEtherId                    
000063fb  incEtherId                    
00006405  setEtherMacAddress            
00006489  getEtherMacAddress            
000064e9  isIp                          
00006531  isIpUnicast                   
00006591  isEtherIpValid                
000065b7  setIpAddress                  
000065f1  getIpAddress                  
0000662b  setIpSubnetMask               
00006665  getIpSubnetMask               
0000669f  setIpGatewayAddress           
000066d9  getIpGatewayAddress           
00006713  setIpDnsAddress               
0000674d  getIpDnsAddress               
00006787  setIpTimeServerAddress        
000067c1  getIpTimeServerAddress        
000067fb  setIpMqttBrokerAddress        
00006839  getIpMqttBrokerAddress        
00006881  sumIpWords                    
000068f5  getIpChecksum                 
00006927  calcIpChecksum                
00006971  strtod                        
00006971  strtold                       
00006dd1  isUdp                         
00006e79  getUdpData                    
00006ea5  getUdpMessageSocket           
00006f4f  sendUdpMessage                
00007149  initTimer                     
000071e9  startOneshotTimer             
0000726f  startPeriodicTimer            
000072f5  stopTimer                     
0000735b  restartTimer                  
000073c9  tickIsr                       
00007443  random32                      
00007481  isArpRequest                  
00007525  isArpResponse                 
00007579  sendArpResponse               
00007657  sendArpRequest                
000079e5  ipHandlerTx                   
00007a41  ipHandlerRx                   
00007b17  setIpMqttMacBrokerAddress     
00007b51  getIpCurrentEventStatus       
00007b57  arpRespTimeoutCb              
00007b5f  isIpArpResponse               
00007c2d  strtoll                       
00007fd9  __aeabi_dsub                  
00007fe3  __aeabi_dadd                  
0000818f  __aeabi_idiv0                 
0000818f  __aeabi_ldiv0                 
00008191  initSpi0                      
0000822d  setSpi0BaudRate               
00008263  setSpi0Mode                   
000082b1  writeSpi0Data                 
000082c9  readSpi0Data                  
000082f1  strtoull                      
0000844d  isPingRequest                 
00008491  sendPingResponse              
000086dd  __aeabi_ddiv                  
00008815  strtol                        
00008945  initUart0                     
0000898f  setUart0BaudRate              
000089d3  putcUart0                     
000089ef  putsUart0                     
00008a1b  getcUart0                     
00008a2f  kbhitUart0                    
00008b91  ldexp                         
00008b91  ldexpl                        
00008b91  scalbn                        
00008b91  scalbnl                       
00008ca1  strtoul                       
00008db1  __aeabi_dmul                  
00008f5f  __aeabi_memcpy                
00008f5f  __aeabi_memcpy4               
00008f5f  __aeabi_memcpy8               
00008f5f  memcpy                        
00008ffb  __aeabi_uldivmod              
00009091  __aeabi_cdcmpeq               
00009091  __aeabi_cdcmple               
00009117  __aeabi_cdrcmple              
0000919d  initEeprom                    
000091b3  writeEeprom                   
000091e5  readEeprom                    
00009221  __aeabi_memclr                
00009221  __aeabi_memclr4               
00009221  __aeabi_memclr8               
00009223  __aeabi_memset                
00009223  __aeabi_memset4               
00009223  __aeabi_memset8               
00009229  memset                        
00009309  __aeabi_d2f                   
000093e1  __TI_decompress_lzss          
00009449  frexp                         
00009449  frexpl                        
00009503  __TI_ltoa                     
000095a9  atoi                          
000095f5  snprintf                      
00009641  __aeabi_d2iz                  
00009689  __TI_auto_init_nobinit_nopinit
000096cd  strtok                        
0000974d  sscanf                        
00009785  strncpy                       
000097bd  _c_int00_noargs               
000097f1  rand                          
00009855  __aeabi_i2d                   
00009883  strspn                        
000098ad  srand                         
000098d1  strcspn                       
000098f5  waitMicrosecond               
00009919  __TI_zero_init_nomemset       
00009935  memccpy                       
00009951  copysign                      
00009951  copysignl                     
00009983  __aeabi_lmul                  
0000999b  strcmp                        
000099b3  strrchr                       
000099cb  strchr                        
000099e1  strcpy                        
000099f5  strlen                        
00009a1b  wcslen                        
00009a2d  initSystemClockTo40Mhz        
00009a3d  tolower                       
00009a4d  __TI_decompress_none          
00009a5b  ResetISR                      
00009a69  __aeabi_errno_addr            
00009a79  _system_pre_init              
00009a7d  C$$EXIT                       
00009a7d  abort                         
00009c1e  _ctypes_                      
00009f40  __TI_Handler_Table_Base       
00009f4c  __TI_Handler_Table_Limit      
00009f58  __TI_CINIT_Base               
00009f68  __TI_CINIT_Limit              
20000000  __stack                       
20000000  __start___llvm_prf_cnts       
20000000  __stop___llvm_prf_cnts        
20000200  __STACK_TOP                   
20002000  __STACK_END                   
200020c0  mqttFsmState                  
20002122  count                         
20002124  socketConns                   
2000217c  enableRetransFlag             
20002184  initiateFin                   
20002192  mqttPktId                     
200021a0  _lock                         
200021a4  _unlock                       
200021a8  hwAddress                     
200021ae  ipAddress                     
200021b2  ipDnsAddress                  
200021b6  ipGwAddress                   
200021ba  ipMqttBrokerAddress           
200021be  ipSubnetMask                  
200021c2  ipTimeServerAddress           
200021c8  errno                         
200021d4  nextPacketLsb                 
200021d5  nextPacketMsb                 
200021d6  sequenceId                    
200021d7  initiateArpRequest            
200021d8  ipEventIcb                    
200021dc  strInput                      
20002230  fn                            
20002258  period                        
20002280  ticks                         
200022a8  reload                        
200022b4  token                         
ffffffff  __TI_pprof_out_hndl           
ffffffff  __TI_prof_data_size           
ffffffff  __TI_prof_data_start          
ffffffff  __binit__                     
ffffffff  __c_args__                    
ffffffff  binit                         
UNDEFED   __mpu_init                    
UNDEFED   _system_post_cinit            

[294 symbols]
