******************************************************************************
                  TI ARM Linker Unix v20.2.7                   
******************************************************************************
>> Linked Sat Mar  4 10:39:11 2023

OUTPUT FILE NAME:   <IOT_Project1.out>
ENTRY POINT SYMBOL: "_c_int00_noargs"  address: 000082b1


MEMORY CONFIGURATION

         name            origin    length      used     unused   attr    fill
----------------------  --------  ---------  --------  --------  ----  --------
  FLASH                 00000000   00040000  0000879c  00037864  R  X
  SRAM                  20000000   00008000  000021fd  00005e03  RW X


SEGMENT ALLOCATION MAP

run origin  load origin   length   init length attrs members
----------  ----------- ---------- ----------- ----- -------
00000000    00000000    000087a0   000087a0    r-x
  00000000    00000000    0000026c   0000026c    r-- .intvecs
  0000026c    0000026c    00008308   00008308    r-x .text
  00008578    00008578    000001e0   000001e0    r-- .const
  00008758    00008758    00000048   00000048    r-- .cinit
20000000    20000000    00002200   00000000    rw-
  20000000    20000000    00002000   00000000    rw- .stack
  20002000    20002000    00000121   00000000    rw- .data
  20002124    20002124    000000dc   00000000    rw- .bss


SECTION ALLOCATION MAP

 output                                  attributes/
section   page    origin      length       input sections
--------  ----  ----------  ----------   ----------------
.intvecs   0    00000000    0000026c     
                  00000000    0000026c     tm4c123gh6pm_startup_ccs.obj (.intvecs)

.text      0    0000026c    00008308     
                  0000026c    0000117c     tcp.obj (.text)
                  000013e8    00000d00     mqtt.obj (.text)
                  000020e8    00000b14     rtsv7M4_T_le_v4SPD16_eabi.lib : _scanfi.c.obj (.text:__TI_scanfi)
                  00002bfc    00000ab0     ethernet.obj (.text)
                  000036ac    00000a4e     rtsv7M4_T_le_v4SPD16_eabi.lib : _printfi.c.obj (.text:__TI_printfi)
                  000040fa    00000002                                   : _lock.c.obj (.text:_nop)
                  000040fc    00000808     gpio.obj (.text)
                  00004904    00000714     eth0.obj (.text)
                  00005018    00000484     ip.obj (.text)
                  0000549c    00000460     rtsv7M4_T_le_v4SPD16_eabi.lib : strtod.c.obj (.text:strtod)
                  000058fc    00000378     udp.obj (.text)
                  00005c74    00000338     timer.obj (.text)
                  00005fac    000002f4     arp.obj (.text)
                  000062a0    00000270     rtsv7M4_T_le_v4SPD16_eabi.lib : _printfi.c.obj (.text:_pconv_a)
                  00006510    00000248     ip_custom_layer.obj (.text)
                  00006758    000001dc     rtsv7M4_T_le_v4SPD16_eabi.lib : strtoll.c.obj (.text:strtoll)
                  00006934    000001d0                                   : _printfi.c.obj (.text:_pconv_g)
                  00006b04    000001b6                                   : fd_add_t2.asm.obj (.text)
                  00006cba    00000002                                   : div0.asm.obj (.text)
                  00006cbc    00000160     spi0.obj (.text)
                  00006e1c    0000015c     rtsv7M4_T_le_v4SPD16_eabi.lib : strtoull.c.obj (.text:strtoull)
                  00006f78    00000154     icmp.obj (.text)
                  000070cc    0000013c     rtsv7M4_T_le_v4SPD16_eabi.lib : _printfi.c.obj (.text:_pconv_e)
                  00007208    00000136                                   : fd_div_t2.asm.obj (.text)
                  0000733e    00000002     --HOLE-- [fill = 0]
                  00007340    00000130                                   : strtol.c.obj (.text:strtol)
                  00007470    00000128     uart0.obj (.text)
                  00007598    00000124     rtsv7M4_T_le_v4SPD16_eabi.lib : _printfi.c.obj (.text:fcvt)
                  000076bc    00000110                                   : s_scalbn.c.obj (.text:scalbn)
                  000077cc    00000110                                   : strtoul.c.obj (.text:strtoul)
                  000078dc    000000fc                                   : fd_mul_t2.asm.obj (.text)
                  000079d8    000000b1                                   : _printfi.c.obj (.text:_ltostr)
                  00007a89    00000001     --HOLE-- [fill = 0]
                  00007a8a    0000009c                                   : memcpy_t2.asm.obj (.text)
                  00007b26    00000096                                   : ull_div_t2.asm.obj (.text)
                  00007bbc    00000086                                   : fd_cmp_t2.asm.obj (.text:__aeabi_cdcmple)
                  00007c42    00000086                                   : fd_cmp_t2.asm.obj (.text:__aeabi_cdrcmple)
                  00007cc8    00000084     eeprom.obj (.text)
                  00007d4c    0000007a     rtsv7M4_T_le_v4SPD16_eabi.lib : memset_t2.asm.obj (.text)
                  00007dc6    0000006e                                   : _printfi.c.obj (.text:_mcpy)
                  00007e34    0000006e                                   : fd_tos_t2.asm.obj (.text)
                  00007ea2    00000002     --HOLE-- [fill = 0]
                  00007ea4    00000068                                   : sscanf.c.obj (.text:_chkmbc)
                  00007f0c    00000068                                   : copy_decompress_lzss.c.obj (.text:decompress:lzss:__TI_decompress_lzss)
                  00007f74    00000064                                   : s_frexp.c.obj (.text:frexp)
                  00007fd8    00000056                                   : _printfi.c.obj (.text:_pconv_f)
                  0000802e    00000054                                   : _ltoa.c.obj (.text:__TI_ltoa)
                  00008082    00000052                                   : _printfi.c.obj (.text:_ecpy)
                  000080d4    0000004c                                   : atoi.c.obj (.text:atoi)
                  00008120    0000004c                                   : snprintf.c.obj (.text:snprintf)
                  0000816c    00000048                                   : fd_toi_t2.asm.obj (.text)
                  000081b4    00000044                                   : autoinit.c.obj (.text:__TI_auto_init_nobinit_nopinit:__TI_auto_init_nobinit_nopinit)
                  000081f8    00000040                                   : strtok.c.obj (.text:strtok)
                  00008238    0000003e                                   : _printfi.c.obj (.text:_fcpy)
                  00008276    00000002     --HOLE-- [fill = 0]
                  00008278    00000038                                   : sscanf.c.obj (.text:sscanf)
                  000082b0    00000034                                   : boot_cortex_m.c.obj (.text:_c_int00_noargs:_c_int00_noargs)
                  000082e4    00000034                                   : rand.c.obj (.text:rand)
                  00008318    00000030                                   : snprintf.c.obj (.text:_outs)
                  00008348    0000002e                                   : i_tofd_t2.asm.obj (.text)
                  00008376    0000002a                                   : strspn.c.obj (.text:strspn)
                  000083a0    00000024                                   : rand.c.obj (.text:srand)
                  000083c4    00000024                                   : strcspn.c.obj (.text:strcspn)
                  000083e8    00000024     wait.obj (.text)
                  0000840c    0000001c     rtsv7M4_T_le_v4SPD16_eabi.lib : copy_zero_init.c.obj (.text:decompress:ZI:__TI_zero_init_nomemset:__TI_zero_init_nomemset)
                  00008428    0000001c                                   : memccpy.c.obj (.text:memccpy)
                  00008444    0000001a                                   : s_copysign.c.obj (.text:copysign)
                  0000845e    00000018                                   : snprintf.c.obj (.text:_outc)
                  00008476    00000018                                   : ll_mul_t2.asm.obj (.text)
                  0000848e    00000018                                   : strcmp.c.obj (.text:strcmp)
                  000084a6    00000018                                   : strrchr.c.obj (.text:strrchr)
                  000084be    00000016                                   : strchr.c.obj (.text:strchr)
                  000084d4    00000014                                   : strcpy.c.obj (.text:strcpy)
                  000084e8    00000014                                   : strlen.c.obj (.text:strlen)
                  000084fc    00000012                                   : sscanf.c.obj (.text:_inpchar)
                  0000850e    00000012                                   : wcslen.c.obj (.text:wcslen)
                  00008520    00000010     clock.obj (.text)
                  00008530    00000010     rtsv7M4_T_le_v4SPD16_eabi.lib : tolower.c.obj (.text:tolower)
                  00008540    0000000e                                   : copy_decompress_none.c.obj (.text:decompress:none:__TI_decompress_none)
                  0000854e    0000000c     tm4c123gh6pm_startup_ccs.obj (.text)
                  0000855a    00000002     --HOLE-- [fill = 0]
                  0000855c    00000008     rtsv7M4_T_le_v4SPD16_eabi.lib : errno.c.obj (.text:__aeabi_errno_addr)
                  00008564    00000008                                   : sscanf.c.obj (.text:_uninpchar)
                  0000856c    00000004                                   : pre_init.c.obj (.text:_system_pre_init)
                  00008570    00000004                                   : exit.c.obj (.text:abort:abort)

.const     0    00008578    000001e0     
                  00008578    00000101     rtsv7M4_T_le_v4SPD16_eabi.lib : ctype.c.obj (.const:.string:_ctypes_)
                  00008679    00000007     --HOLE-- [fill = 0]
                  00008680    000000c8                                   : strtod.c.obj (.const:$O1$$)
                  00008748    00000010                                   : _scanfi.c.obj (.const:$O1$$)

.cinit     0    00008758    00000048     
                  00008758    0000001e     (.cinit..data.load) [load image, compression = lzss]
                  00008776    00000002     --HOLE-- [fill = 0]
                  00008778    0000000c     (__TI_handler_table)
                  00008784    00000004     --HOLE-- [fill = 0]
                  00008788    00000008     (.cinit..bss.load) [load image, compression = zero_init]
                  00008790    00000010     (__TI_cinit_table)

.init_array 
*          0    00000000    00000000     UNINITIALIZED

.data      0    20002000    00000121     UNINITIALIZED
                  20002000    00000082     mqtt.obj (.data:mqttMcb)
                  20002082    0000003e     mqtt.obj (.data:mqttRxBuffer)
                  200020c0    0000001c     tcp.obj (.data:socketConns)
                  200020dc    0000000a     tcp.obj (.data)
                  200020e6    00000001     ethernet.obj (.data)
                  200020e7    00000001     --HOLE--
                  200020e8    00000008     rtsv7M4_T_le_v4SPD16_eabi.lib : _lock.c.obj (.data:$O1$$)
                  200020f0    00000006     eth0.obj (.data:hwAddress)
                  200020f6    00000004     ip.obj (.data:ipAddress)
                  200020fa    00000004     ip.obj (.data:ipDnsAddress)
                  200020fe    00000004     ip.obj (.data:ipGwAddress)
                  20002102    00000004     ip.obj (.data:ipSubnetMask)
                  20002106    00000004     ip.obj (.data:ipTimeServerAddress)
                  2000210a    00000002     --HOLE--
                  2000210c    00000004     rtsv7M4_T_le_v4SPD16_eabi.lib : errno.c.obj (.data)
                  20002110    00000004                                   : rand.c.obj (.data)
                  20002114    00000004                                   : strtok.c.obj (.data)
                  20002118    00000003     eth0.obj (.data)
                  2000211b    00000003     ip_custom_layer.obj (.data)
                  2000211e    00000003     mqtt.obj (.data)

.bss       0    20002124    000000dc     UNINITIALIZED
                  20002124    00000054     (.common:strInput)
                  20002178    00000028     (.common:fn)
                  200021a0    00000028     (.common:period)
                  200021c8    00000028     (.common:ticks)
                  200021f0    0000000c     (.common:reload)
                  200021fc    00000004     (.common:token)

.stack     0    20000000    00002000     UNINITIALIZED
                  20000000    00000004     rtsv7M4_T_le_v4SPD16_eabi.lib : boot_cortex_m.c.obj (.stack)
                  20000004    00001ffc     --HOLE--

__llvm_prf_cnts 
*          0    20000000    00000000     UNINITIALIZED

MODULE SUMMARY

       Module                         code    ro data   rw data
       ------                         ----    -------   -------
    ./
       tcp.obj                        4476    0         38     
       mqtt.obj                       3328    0         195    
       ethernet.obj                   2736    0         89     
       gpio.obj                       2056    0         0      
       eth0.obj                       1812    0         9      
       ip.obj                         1156    0         20     
       timer.obj                      824     0         132    
       udp.obj                        888     0         0      
       arp.obj                        756     0         0      
       tm4c123gh6pm_startup_ccs.obj   12      620       0      
       ip_custom_layer.obj            584     0         3      
       spi0.obj                       352     0         0      
       icmp.obj                       340     0         0      
       uart0.obj                      296     0         0      
       eeprom.obj                     132     0         0      
       wait.obj                       36      0         0      
       clock.obj                      16      0         0      
    +--+------------------------------+-------+---------+---------+
       Total:                         19800   620       486    
                                                               
    /home/sadhan/ti/ccs1210/ccs/tools/compiler/ti-cgt-arm_20.2.7.LTS/lib/rtsv7M4_T_le_v4SPD16_eabi.lib
       _printfi.c.obj                 4851    0         0      
       _scanfi.c.obj                  2836    16        0      
       strtod.c.obj                   1120    200       0      
       strtoll.c.obj                  476     0         0      
       fd_add_t2.asm.obj              438     0         0      
       strtoull.c.obj                 348     0         0      
       fd_div_t2.asm.obj              310     0         0      
       strtol.c.obj                   304     0         0      
       s_scalbn.c.obj                 272     0         0      
       strtoul.c.obj                  272     0         0      
       fd_cmp_t2.asm.obj              268     0         0      
       ctype.c.obj                    0       257       0      
       fd_mul_t2.asm.obj              252     0         0      
       sscanf.c.obj                   186     0         0      
       memcpy_t2.asm.obj              156     0         0      
       ull_div_t2.asm.obj             150     0         0      
       snprintf.c.obj                 148     0         0      
       memset_t2.asm.obj              122     0         0      
       fd_tos_t2.asm.obj              110     0         0      
       copy_decompress_lzss.c.obj     104     0         0      
       s_frexp.c.obj                  100     0         0      
       rand.c.obj                     88      0         4      
       _ltoa.c.obj                    84      0         0      
       atoi.c.obj                     76      0         0      
       fd_toi_t2.asm.obj              72      0         0      
       autoinit.c.obj                 68      0         0      
       strtok.c.obj                   64      0         4      
       boot_cortex_m.c.obj            52      0         0      
       i_tofd_t2.asm.obj              46      0         0      
       strspn.c.obj                   42      0         0      
       strcspn.c.obj                  36      0         0      
       copy_zero_init.c.obj           28      0         0      
       memccpy.c.obj                  28      0         0      
       s_copysign.c.obj               26      0         0      
       ll_mul_t2.asm.obj              24      0         0      
       strcmp.c.obj                   24      0         0      
       strrchr.c.obj                  24      0         0      
       strchr.c.obj                   22      0         0      
       strcpy.c.obj                   20      0         0      
       strlen.c.obj                   20      0         0      
       wcslen.c.obj                   18      0         0      
       tolower.c.obj                  16      0         0      
       copy_decompress_none.c.obj     14      0         0      
       errno.c.obj                    8       0         4      
       _lock.c.obj                    2       0         8      
       exit.c.obj                     4       0         0      
       pre_init.c.obj                 4       0         0      
       div0.asm.obj                   2       0         0      
    +--+------------------------------+-------+---------+---------+
       Total:                         13735   473       20     
                                                               
       Stack:                         0       0         8192   
       Linker Generated:              0       66        0      
    +--+------------------------------+-------+---------+---------+
       Grand Total:                   33535   1159      8698   


LINKER GENERATED COPY TABLES

__TI_cinit_table @ 00008790 records: 2, size/record: 8, table size: 16
	.data: load addr=00008758, load size=0000001e bytes, run addr=20002000, run size=00000121 bytes, compression=lzss
	.bss: load addr=00008788, load size=00000008 bytes, run addr=20002124, run size=000000dc bytes, compression=zero_init


LINKER GENERATED HANDLER TABLE

__TI_handler_table @ 00008778 records: 3, size/record: 4, table size: 12
	index: 0, handler: __TI_decompress_lzss
	index: 1, handler: __TI_decompress_none
	index: 2, handler: __TI_zero_init


GLOBAL SYMBOLS: SORTED ALPHABETICALLY BY Name 

address   name                          
-------   ----                          
00008571  C$$EXIT                       
0000854f  ResetISR                      
20002000  __STACK_END                   
00002000  __STACK_SIZE                  
20000200  __STACK_TOP                   
00008790  __TI_CINIT_Base               
000087a0  __TI_CINIT_Limit              
00008778  __TI_Handler_Table_Base       
00008784  __TI_Handler_Table_Limit      
000081b5  __TI_auto_init_nobinit_nopinit
00007f0d  __TI_decompress_lzss          
00008541  __TI_decompress_none          
0000802f  __TI_ltoa                     
ffffffff  __TI_pprof_out_hndl           
000036ad  __TI_printfi                  
ffffffff  __TI_prof_data_size           
ffffffff  __TI_prof_data_start          
000020e9  __TI_scanfi                   
00000000  __TI_static_base__            
0000840d  __TI_zero_init_nomemset       
00007bbd  __aeabi_cdcmpeq               
00007bbd  __aeabi_cdcmple               
00007c43  __aeabi_cdrcmple              
00007e35  __aeabi_d2f                   
0000816d  __aeabi_d2iz                  
00006b0f  __aeabi_dadd                  
00007209  __aeabi_ddiv                  
000078dd  __aeabi_dmul                  
00006b05  __aeabi_dsub                  
0000855d  __aeabi_errno_addr            
00008349  __aeabi_i2d                   
00006cbb  __aeabi_idiv0                 
00006cbb  __aeabi_ldiv0                 
00008477  __aeabi_lmul                  
00007d4d  __aeabi_memclr                
00007d4d  __aeabi_memclr4               
00007d4d  __aeabi_memclr8               
00007a8b  __aeabi_memcpy                
00007a8b  __aeabi_memcpy4               
00007a8b  __aeabi_memcpy8               
00007d4f  __aeabi_memset                
00007d4f  __aeabi_memset4               
00007d4f  __aeabi_memset8               
00007b27  __aeabi_uldivmod              
ffffffff  __binit__                     
ffffffff  __c_args__                    
UNDEFED   __mpu_init                    
20000000  __stack                       
20000000  __start___llvm_prf_cnts       
20000000  __stop___llvm_prf_cnts        
000082b1  _c_int00_noargs               
00008578  _ctypes_                      
200020e8  _lock                         
000040fb  _nop                          
UNDEFED   _system_post_cinit            
0000856d  _system_pre_init              
200020ec  _unlock                       
00008571  abort                         
000035db  appInit                       
00006683  arpRespTimeoutCb              
00002f7d  asciiToUint8                  
000080d5  atoi                          
ffffffff  binit                         
00005457  calcIpChecksum                
000049c3  clearEtherReg                 
00004751  clearPinInterrupt             
00008445  copysign                      
00008445  copysignl                     
200020e6  count                         
0000491b  disableEtherCs                
0000472d  disablePinInterrupt           
00004465  disablePinPulldown            
0000441d  disablePinPullup              
000041b9  disablePort                   
00002c39  displayConnectionInfo         
00004905  enableEtherCs                 
00004709  enablePinInterrupt            
00004441  enablePinPulldown             
000043ef  enablePinPullup               
000040fd  enablePort                    
2000210c  errno                         
20002178  fn                            
00007f75  frexp                         
00007f75  frexpl                        
00000000  g_pfnVectors                  
000003f7  genRandNum                    
00004f1f  getEtherId                    
00004fb9  getEtherMacAddress            
00004cf9  getEtherPacket                
00005121  getIpAddress                  
00005425  getIpChecksum                 
0000667d  getIpCurrentEventStatus       
0000527d  getIpDnsAddress               
00005209  getIpGatewayAddress           
00005369  getIpMqttBrokerAddress        
00005195  getIpSubnetMask               
000052f1  getIpTimeServerAddress        
000047bf  getPinValue                   
00004875  getPortValue                  
000007d1  getTcpCurrState               
0000033f  getTcpData                    
0000036b  getTcpHeader                  
0000084d  getTcpMessageSocket           
000007f5  getTcpSegmentLength           
000059a5  getUdpData                    
000059d1  getUdpMessageSocket           
00007547  getcUart0                     
00004ef3  htonl                         
00004ecf  htons                         
200020f0  hwAddress                     
00004f2b  incEtherId                    
00007cc9  initEeprom                    
00004b0f  initEther                     
00002bfd  initHw                        
00006cbd  initSpi0                      
00008521  initSystemClockTo40Mhz        
00005c75  initTimer                     
00007471  initUart0                     
2000211b  initiateArpRequest            
200020f6  ipAddress                     
200020fa  ipDnsAddress                  
2000211c  ipEventIcb                    
200020fe  ipGwAddress                   
0000656d  ipHandlerRx                   
00006511  ipHandlerTx                   
20002102  ipSubnetMask                  
20002106  ipTimeServerAddress           
00005fad  isArpRequest                  
00006051  isArpResponse                 
00004caf  isEtherDataAvailable          
000050c1  isEtherIpValid                
00004c95  isEtherLinkUp                 
00004cc9  isEtherOverflow               
00005019  isIp                          
0000668b  isIpArpResponse               
00005061  isIpUnicast                   
00001edd  isMqtt                        
00006f79  isPingRequest                 
0000026d  isTcp                         
000058fd  isUdp                         
0000755b  kbhitUart0                    
000076bd  ldexp                         
000076bd  ldexpl                        
0000346f  main                          
00008429  memccpy                       
00007a8b  memcpy                        
00007d55  memset                        
00001755  mqttConnect                   
00001875  mqttDisConnect                
00001e75  mqttGetTxData                 
00001e5b  mqttGetTxStatus               
00001ab9  mqttHandler                   
00001fb1  mqttInit                      
00001a69  mqttLogConnectEvent           
00001a8d  mqttLogDisConnectEvent        
000018d7  mqttLogPublishEvent           
000019a1  mqttLogSubscribeEvent         
00001a05  mqttLogUnSubscribeEvent       
2000211e  mqttPktId                     
000013e9  mqttPublish                   
00001f5b  mqttSetRxData                 
00001e61  mqttSetTxStatus               
00001531  mqttSubscribe                 
00001647  mqttUnSubscribe               
20002118  nextPacketLsb                 
20002119  nextPacketMsb                 
200021a0  period                        
0000302f  processShell                  
00004de9  putEtherPacket                
000074ff  putcUart0                     
0000751b  putsUart0                     
000082e5  rand                          
00005f6f  random32                      
00002ec9  readConfiguration             
00007d11  readEeprom                    
00004af7  readEtherMem                  
00004a4b  readEtherPhy                  
0000495d  readEtherReg                  
00006df5  readSpi0Data                  
200021f0  reload                        
00005e87  restartTimer                  
000076bd  scalbn                        
000076bd  scalbnl                       
00004323  selectPinAnalogInput          
000042d5  selectPinDigitalInput         
0000463f  selectPinInterruptBothEdges   
000045ef  selectPinInterruptFallingEdge 
00004695  selectPinInterruptHighLevel   
000046cf  selectPinInterruptLowLevel    
0000459f  selectPinInterruptRisingEdge  
00004287  selectPinOpenDrainOutput      
00004239  selectPinPushPullOutput       
00006183  sendArpRequest                
000060a5  sendArpResponse               
00006fbd  sendPingResponse              
00005a7b  sendUdpMessage                
2000211a  sequenceId                    
000049f7  setEtherBank                  
00004f35  setEtherMacAddress            
0000498f  setEtherReg                   
000050e7  setIpAddress                  
00005243  setIpDnsAddress               
000051cf  setIpGatewayAddress           
0000532b  setIpMqttBrokerAddress        
00006643  setIpMqttMacBrokerAddress     
0000515b  setIpSubnetMask               
000052b7  setIpTimeServerAddress        
0000448d  setPinAuxFunction             
00004373  setPinCommitControl           
00004775  setPinValue                   
000047fd  setPortValue                  
00006d59  setSpi0BaudRate               
00006d8f  setSpi0Mode                   
000074bb  setUart0BaudRate              
00008121  snprintf                      
200020c0  socketConns                   
000083a1  srand                         
00008279  sscanf                        
00004ae5  startEtherMemRead             
00004ab7  startEtherMemWrite            
00005d15  startOneshotTimer             
00005d9b  startPeriodicTimer            
00004b07  stopEtherMemRead              
00004add  stopEtherMemWrite             
00005e21  stopTimer                     
20002124  strInput                      
000084bf  strchr                        
0000848f  strcmp                        
000084d5  strcpy                        
000083c5  strcspn                       
000084e9  strlen                        
000084a7  strrchr                       
00008377  strspn                        
0000549d  strtod                        
000081f9  strtok                        
00007341  strtol                        
0000549d  strtold                       
00006759  strtoll                       
000077cd  strtoul                       
00006e1d  strtoull                      
000053b1  sumIpWords                    
000007b1  tcpConnect                    
00000ff1  tcpCreateSocket               
00000529  tcpFsmStateMachineClient      
00000435  tcpGetMatchingSocket          
00001015  tcpHandleRwTransactions       
0000040f  tcpHandlerRx                  
000004d5  tcpHandlerTx                  
000003dd  tcpHeaderSize                 
000003b9  tcpIsAck                      
00000395  tcpIsSyn                      
00000b7b  tcpSendAck                    
00000dc7  tcpSendFin                    
0000110d  tcpSendSegment                
0000095d  tcpSendSyn                    
0000051d  tcpSendTimerCb                
00001391  tcpValidChecks                
00005ef5  tickIsr                       
200021c8  ticks                         
0000479b  togglePinValue                
200021fc  token                         
00008531  tolower                       
000083e9  waitMicrosecond               
0000850f  wcslen                        
00007cdf  writeEeprom                   
00004ac9  writeEtherMem                 
00004a13  writeEtherPhy                 
00004929  writeEtherReg                 
00006ddd  writeSpi0Data                 


GLOBAL SYMBOLS: SORTED BY Symbol Address 

address   name                          
-------   ----                          
00000000  __TI_static_base__            
00000000  g_pfnVectors                  
0000026d  isTcp                         
0000033f  getTcpData                    
0000036b  getTcpHeader                  
00000395  tcpIsSyn                      
000003b9  tcpIsAck                      
000003dd  tcpHeaderSize                 
000003f7  genRandNum                    
0000040f  tcpHandlerRx                  
00000435  tcpGetMatchingSocket          
000004d5  tcpHandlerTx                  
0000051d  tcpSendTimerCb                
00000529  tcpFsmStateMachineClient      
000007b1  tcpConnect                    
000007d1  getTcpCurrState               
000007f5  getTcpSegmentLength           
0000084d  getTcpMessageSocket           
0000095d  tcpSendSyn                    
00000b7b  tcpSendAck                    
00000dc7  tcpSendFin                    
00000ff1  tcpCreateSocket               
00001015  tcpHandleRwTransactions       
0000110d  tcpSendSegment                
00001391  tcpValidChecks                
000013e9  mqttPublish                   
00001531  mqttSubscribe                 
00001647  mqttUnSubscribe               
00001755  mqttConnect                   
00001875  mqttDisConnect                
000018d7  mqttLogPublishEvent           
000019a1  mqttLogSubscribeEvent         
00001a05  mqttLogUnSubscribeEvent       
00001a69  mqttLogConnectEvent           
00001a8d  mqttLogDisConnectEvent        
00001ab9  mqttHandler                   
00001e5b  mqttGetTxStatus               
00001e61  mqttSetTxStatus               
00001e75  mqttGetTxData                 
00001edd  isMqtt                        
00001f5b  mqttSetRxData                 
00001fb1  mqttInit                      
00002000  __STACK_SIZE                  
000020e9  __TI_scanfi                   
00002bfd  initHw                        
00002c39  displayConnectionInfo         
00002ec9  readConfiguration             
00002f7d  asciiToUint8                  
0000302f  processShell                  
0000346f  main                          
000035db  appInit                       
000036ad  __TI_printfi                  
000040fb  _nop                          
000040fd  enablePort                    
000041b9  disablePort                   
00004239  selectPinPushPullOutput       
00004287  selectPinOpenDrainOutput      
000042d5  selectPinDigitalInput         
00004323  selectPinAnalogInput          
00004373  setPinCommitControl           
000043ef  enablePinPullup               
0000441d  disablePinPullup              
00004441  enablePinPulldown             
00004465  disablePinPulldown            
0000448d  setPinAuxFunction             
0000459f  selectPinInterruptRisingEdge  
000045ef  selectPinInterruptFallingEdge 
0000463f  selectPinInterruptBothEdges   
00004695  selectPinInterruptHighLevel   
000046cf  selectPinInterruptLowLevel    
00004709  enablePinInterrupt            
0000472d  disablePinInterrupt           
00004751  clearPinInterrupt             
00004775  setPinValue                   
0000479b  togglePinValue                
000047bf  getPinValue                   
000047fd  setPortValue                  
00004875  getPortValue                  
00004905  enableEtherCs                 
0000491b  disableEtherCs                
00004929  writeEtherReg                 
0000495d  readEtherReg                  
0000498f  setEtherReg                   
000049c3  clearEtherReg                 
000049f7  setEtherBank                  
00004a13  writeEtherPhy                 
00004a4b  readEtherPhy                  
00004ab7  startEtherMemWrite            
00004ac9  writeEtherMem                 
00004add  stopEtherMemWrite             
00004ae5  startEtherMemRead             
00004af7  readEtherMem                  
00004b07  stopEtherMemRead              
00004b0f  initEther                     
00004c95  isEtherLinkUp                 
00004caf  isEtherDataAvailable          
00004cc9  isEtherOverflow               
00004cf9  getEtherPacket                
00004de9  putEtherPacket                
00004ecf  htons                         
00004ef3  htonl                         
00004f1f  getEtherId                    
00004f2b  incEtherId                    
00004f35  setEtherMacAddress            
00004fb9  getEtherMacAddress            
00005019  isIp                          
00005061  isIpUnicast                   
000050c1  isEtherIpValid                
000050e7  setIpAddress                  
00005121  getIpAddress                  
0000515b  setIpSubnetMask               
00005195  getIpSubnetMask               
000051cf  setIpGatewayAddress           
00005209  getIpGatewayAddress           
00005243  setIpDnsAddress               
0000527d  getIpDnsAddress               
000052b7  setIpTimeServerAddress        
000052f1  getIpTimeServerAddress        
0000532b  setIpMqttBrokerAddress        
00005369  getIpMqttBrokerAddress        
000053b1  sumIpWords                    
00005425  getIpChecksum                 
00005457  calcIpChecksum                
0000549d  strtod                        
0000549d  strtold                       
000058fd  isUdp                         
000059a5  getUdpData                    
000059d1  getUdpMessageSocket           
00005a7b  sendUdpMessage                
00005c75  initTimer                     
00005d15  startOneshotTimer             
00005d9b  startPeriodicTimer            
00005e21  stopTimer                     
00005e87  restartTimer                  
00005ef5  tickIsr                       
00005f6f  random32                      
00005fad  isArpRequest                  
00006051  isArpResponse                 
000060a5  sendArpResponse               
00006183  sendArpRequest                
00006511  ipHandlerTx                   
0000656d  ipHandlerRx                   
00006643  setIpMqttMacBrokerAddress     
0000667d  getIpCurrentEventStatus       
00006683  arpRespTimeoutCb              
0000668b  isIpArpResponse               
00006759  strtoll                       
00006b05  __aeabi_dsub                  
00006b0f  __aeabi_dadd                  
00006cbb  __aeabi_idiv0                 
00006cbb  __aeabi_ldiv0                 
00006cbd  initSpi0                      
00006d59  setSpi0BaudRate               
00006d8f  setSpi0Mode                   
00006ddd  writeSpi0Data                 
00006df5  readSpi0Data                  
00006e1d  strtoull                      
00006f79  isPingRequest                 
00006fbd  sendPingResponse              
00007209  __aeabi_ddiv                  
00007341  strtol                        
00007471  initUart0                     
000074bb  setUart0BaudRate              
000074ff  putcUart0                     
0000751b  putsUart0                     
00007547  getcUart0                     
0000755b  kbhitUart0                    
000076bd  ldexp                         
000076bd  ldexpl                        
000076bd  scalbn                        
000076bd  scalbnl                       
000077cd  strtoul                       
000078dd  __aeabi_dmul                  
00007a8b  __aeabi_memcpy                
00007a8b  __aeabi_memcpy4               
00007a8b  __aeabi_memcpy8               
00007a8b  memcpy                        
00007b27  __aeabi_uldivmod              
00007bbd  __aeabi_cdcmpeq               
00007bbd  __aeabi_cdcmple               
00007c43  __aeabi_cdrcmple              
00007cc9  initEeprom                    
00007cdf  writeEeprom                   
00007d11  readEeprom                    
00007d4d  __aeabi_memclr                
00007d4d  __aeabi_memclr4               
00007d4d  __aeabi_memclr8               
00007d4f  __aeabi_memset                
00007d4f  __aeabi_memset4               
00007d4f  __aeabi_memset8               
00007d55  memset                        
00007e35  __aeabi_d2f                   
00007f0d  __TI_decompress_lzss          
00007f75  frexp                         
00007f75  frexpl                        
0000802f  __TI_ltoa                     
000080d5  atoi                          
00008121  snprintf                      
0000816d  __aeabi_d2iz                  
000081b5  __TI_auto_init_nobinit_nopinit
000081f9  strtok                        
00008279  sscanf                        
000082b1  _c_int00_noargs               
000082e5  rand                          
00008349  __aeabi_i2d                   
00008377  strspn                        
000083a1  srand                         
000083c5  strcspn                       
000083e9  waitMicrosecond               
0000840d  __TI_zero_init_nomemset       
00008429  memccpy                       
00008445  copysign                      
00008445  copysignl                     
00008477  __aeabi_lmul                  
0000848f  strcmp                        
000084a7  strrchr                       
000084bf  strchr                        
000084d5  strcpy                        
000084e9  strlen                        
0000850f  wcslen                        
00008521  initSystemClockTo40Mhz        
00008531  tolower                       
00008541  __TI_decompress_none          
0000854f  ResetISR                      
0000855d  __aeabi_errno_addr            
0000856d  _system_pre_init              
00008571  C$$EXIT                       
00008571  abort                         
00008578  _ctypes_                      
00008778  __TI_Handler_Table_Base       
00008784  __TI_Handler_Table_Limit      
00008790  __TI_CINIT_Base               
000087a0  __TI_CINIT_Limit              
20000000  __stack                       
20000000  __start___llvm_prf_cnts       
20000000  __stop___llvm_prf_cnts        
20000200  __STACK_TOP                   
20002000  __STACK_END                   
200020c0  socketConns                   
200020e6  count                         
200020e8  _lock                         
200020ec  _unlock                       
200020f0  hwAddress                     
200020f6  ipAddress                     
200020fa  ipDnsAddress                  
200020fe  ipGwAddress                   
20002102  ipSubnetMask                  
20002106  ipTimeServerAddress           
2000210c  errno                         
20002118  nextPacketLsb                 
20002119  nextPacketMsb                 
2000211a  sequenceId                    
2000211b  initiateArpRequest            
2000211c  ipEventIcb                    
2000211e  mqttPktId                     
20002124  strInput                      
20002178  fn                            
200021a0  period                        
200021c8  ticks                         
200021f0  reload                        
200021fc  token                         
ffffffff  __TI_pprof_out_hndl           
ffffffff  __TI_prof_data_size           
ffffffff  __TI_prof_data_start          
ffffffff  __binit__                     
ffffffff  __c_args__                    
ffffffff  binit                         
UNDEFED   __mpu_init                    
UNDEFED   _system_post_cinit            

[269 symbols]
