******************************************************************************
                  TI ARM Linker Unix v20.2.7                   
******************************************************************************
>> Linked Fri Mar  3 18:46:32 2023

OUTPUT FILE NAME:   <IOT_Project1.out>
ENTRY POINT SYMBOL: "_c_int00_noargs"  address: 000080b1


MEMORY CONFIGURATION

         name            origin    length      used     unused   attr    fill
----------------------  --------  ---------  --------  --------  ----  --------
  FLASH                 00000000   00040000  0000859c  00037a64  R  X
  SRAM                  20000000   00008000  000021fd  00005e03  RW X


SEGMENT ALLOCATION MAP

run origin  load origin   length   init length attrs members
----------  ----------- ---------- ----------- ----- -------
00000000    00000000    000085a0   000085a0    r-x
  00000000    00000000    0000026c   0000026c    r-- .intvecs
  0000026c    0000026c    00008108   00008108    r-x .text
  00008378    00008378    000001e0   000001e0    r-- .const
  00008558    00008558    00000048   00000048    r-- .cinit
20000000    20000000    00002200   00000000    rw-
  20000000    20000000    00002000   00000000    rw- .stack
  20002000    20002000    00000121   00000000    rw- .data
  20002124    20002124    000000dc   00000000    rw- .bss


SECTION ALLOCATION MAP

 output                                  attributes/
section   page    origin      length       input sections
--------  ----  ----------  ----------   ----------------
.intvecs   0    00000000    0000026c     
                  00000000    0000026c     tm4c123gh6pm_startup_ccs.obj (.intvecs)

.text      0    0000026c    00008108     
                  0000026c    0000104c     tcp.obj (.text)
                  000012b8    00000c30     mqtt.obj (.text)
                  00001ee8    00000b14     rtsv7M4_T_le_v4SPD16_eabi.lib : _scanfi.c.obj (.text:__TI_scanfi)
                  000029fc    00000ab0     ethernet.obj (.text)
                  000034ac    00000a4e     rtsv7M4_T_le_v4SPD16_eabi.lib : _printfi.c.obj (.text:__TI_printfi)
                  00003efa    00000002                                   : _lock.c.obj (.text:_nop)
                  00003efc    00000808     gpio.obj (.text)
                  00004704    00000714     eth0.obj (.text)
                  00004e18    00000484     ip.obj (.text)
                  0000529c    00000460     rtsv7M4_T_le_v4SPD16_eabi.lib : strtod.c.obj (.text:strtod)
                  000056fc    00000378     udp.obj (.text)
                  00005a74    00000338     timer.obj (.text)
                  00005dac    000002f4     arp.obj (.text)
                  000060a0    00000270     rtsv7M4_T_le_v4SPD16_eabi.lib : _printfi.c.obj (.text:_pconv_a)
                  00006310    00000248     ip_custom_layer.obj (.text)
                  00006558    000001dc     rtsv7M4_T_le_v4SPD16_eabi.lib : strtoll.c.obj (.text:strtoll)
                  00006734    000001d0                                   : _printfi.c.obj (.text:_pconv_g)
                  00006904    000001b6                                   : fd_add_t2.asm.obj (.text)
                  00006aba    00000002                                   : div0.asm.obj (.text)
                  00006abc    00000160     spi0.obj (.text)
                  00006c1c    0000015c     rtsv7M4_T_le_v4SPD16_eabi.lib : strtoull.c.obj (.text:strtoull)
                  00006d78    00000154     icmp.obj (.text)
                  00006ecc    0000013c     rtsv7M4_T_le_v4SPD16_eabi.lib : _printfi.c.obj (.text:_pconv_e)
                  00007008    00000136                                   : fd_div_t2.asm.obj (.text)
                  0000713e    00000002     --HOLE-- [fill = 0]
                  00007140    00000130                                   : strtol.c.obj (.text:strtol)
                  00007270    00000128     uart0.obj (.text)
                  00007398    00000124     rtsv7M4_T_le_v4SPD16_eabi.lib : _printfi.c.obj (.text:fcvt)
                  000074bc    00000110                                   : s_scalbn.c.obj (.text:scalbn)
                  000075cc    00000110                                   : strtoul.c.obj (.text:strtoul)
                  000076dc    000000fc                                   : fd_mul_t2.asm.obj (.text)
                  000077d8    000000b1                                   : _printfi.c.obj (.text:_ltostr)
                  00007889    00000001     --HOLE-- [fill = 0]
                  0000788a    0000009c                                   : memcpy_t2.asm.obj (.text)
                  00007926    00000096                                   : ull_div_t2.asm.obj (.text)
                  000079bc    00000086                                   : fd_cmp_t2.asm.obj (.text:__aeabi_cdcmple)
                  00007a42    00000086                                   : fd_cmp_t2.asm.obj (.text:__aeabi_cdrcmple)
                  00007ac8    00000084     eeprom.obj (.text)
                  00007b4c    0000007a     rtsv7M4_T_le_v4SPD16_eabi.lib : memset_t2.asm.obj (.text)
                  00007bc6    0000006e                                   : _printfi.c.obj (.text:_mcpy)
                  00007c34    0000006e                                   : fd_tos_t2.asm.obj (.text)
                  00007ca2    00000002     --HOLE-- [fill = 0]
                  00007ca4    00000068                                   : sscanf.c.obj (.text:_chkmbc)
                  00007d0c    00000068                                   : copy_decompress_lzss.c.obj (.text:decompress:lzss:__TI_decompress_lzss)
                  00007d74    00000064                                   : s_frexp.c.obj (.text:frexp)
                  00007dd8    00000056                                   : _printfi.c.obj (.text:_pconv_f)
                  00007e2e    00000054                                   : _ltoa.c.obj (.text:__TI_ltoa)
                  00007e82    00000052                                   : _printfi.c.obj (.text:_ecpy)
                  00007ed4    0000004c                                   : atoi.c.obj (.text:atoi)
                  00007f20    0000004c                                   : snprintf.c.obj (.text:snprintf)
                  00007f6c    00000048                                   : fd_toi_t2.asm.obj (.text)
                  00007fb4    00000044                                   : autoinit.c.obj (.text:__TI_auto_init_nobinit_nopinit:__TI_auto_init_nobinit_nopinit)
                  00007ff8    00000040                                   : strtok.c.obj (.text:strtok)
                  00008038    0000003e                                   : _printfi.c.obj (.text:_fcpy)
                  00008076    00000002     --HOLE-- [fill = 0]
                  00008078    00000038                                   : sscanf.c.obj (.text:sscanf)
                  000080b0    00000034                                   : boot_cortex_m.c.obj (.text:_c_int00_noargs:_c_int00_noargs)
                  000080e4    00000034                                   : rand.c.obj (.text:rand)
                  00008118    00000030                                   : snprintf.c.obj (.text:_outs)
                  00008148    0000002e                                   : i_tofd_t2.asm.obj (.text)
                  00008176    0000002a                                   : strspn.c.obj (.text:strspn)
                  000081a0    00000024                                   : rand.c.obj (.text:srand)
                  000081c4    00000024                                   : strcspn.c.obj (.text:strcspn)
                  000081e8    00000024     wait.obj (.text)
                  0000820c    0000001c     rtsv7M4_T_le_v4SPD16_eabi.lib : copy_zero_init.c.obj (.text:decompress:ZI:__TI_zero_init_nomemset:__TI_zero_init_nomemset)
                  00008228    0000001c                                   : memccpy.c.obj (.text:memccpy)
                  00008244    0000001a                                   : s_copysign.c.obj (.text:copysign)
                  0000825e    00000018                                   : snprintf.c.obj (.text:_outc)
                  00008276    00000018                                   : ll_mul_t2.asm.obj (.text)
                  0000828e    00000018                                   : strcmp.c.obj (.text:strcmp)
                  000082a6    00000018                                   : strrchr.c.obj (.text:strrchr)
                  000082be    00000016                                   : strchr.c.obj (.text:strchr)
                  000082d4    00000014                                   : strcpy.c.obj (.text:strcpy)
                  000082e8    00000014                                   : strlen.c.obj (.text:strlen)
                  000082fc    00000012                                   : sscanf.c.obj (.text:_inpchar)
                  0000830e    00000012                                   : wcslen.c.obj (.text:wcslen)
                  00008320    00000010     clock.obj (.text)
                  00008330    00000010     rtsv7M4_T_le_v4SPD16_eabi.lib : tolower.c.obj (.text:tolower)
                  00008340    0000000e                                   : copy_decompress_none.c.obj (.text:decompress:none:__TI_decompress_none)
                  0000834e    0000000c     tm4c123gh6pm_startup_ccs.obj (.text)
                  0000835a    00000002     --HOLE-- [fill = 0]
                  0000835c    00000008     rtsv7M4_T_le_v4SPD16_eabi.lib : errno.c.obj (.text:__aeabi_errno_addr)
                  00008364    00000008                                   : sscanf.c.obj (.text:_uninpchar)
                  0000836c    00000004                                   : pre_init.c.obj (.text:_system_pre_init)
                  00008370    00000004                                   : exit.c.obj (.text:abort:abort)

.const     0    00008378    000001e0     
                  00008378    00000101     rtsv7M4_T_le_v4SPD16_eabi.lib : ctype.c.obj (.const:.string:_ctypes_)
                  00008479    00000007     --HOLE-- [fill = 0]
                  00008480    000000c8                                   : strtod.c.obj (.const:$O1$$)
                  00008548    00000010                                   : _scanfi.c.obj (.const:$O1$$)

.cinit     0    00008558    00000048     
                  00008558    0000001e     (.cinit..data.load) [load image, compression = lzss]
                  00008576    00000002     --HOLE-- [fill = 0]
                  00008578    0000000c     (__TI_handler_table)
                  00008584    00000004     --HOLE-- [fill = 0]
                  00008588    00000008     (.cinit..bss.load) [load image, compression = zero_init]
                  00008590    00000010     (__TI_cinit_table)

.init_array 
*          0    00000000    00000000     UNINITIALIZED

.data      0    20002000    00000121     UNINITIALIZED
                  20002000    00000082     mqtt.obj (.data:mqttMcb)
                  20002082    0000003e     mqtt.obj (.data:mqttRxBuffer)
                  200020c0    0000001c     tcp.obj (.data:socketConns)
                  200020dc    0000000a     tcp.obj (.data)
                  200020e6    00000001     ethernet.obj (.data)
                  200020e7    00000001     --HOLE--
                  200020e8    00000008     rtsv7M4_T_le_v4SPD16_eabi.lib : _lock.c.obj (.data:$O1$$)
                  200020f0    00000006     eth0.obj (.data:hwAddress)
                  200020f6    00000004     ip.obj (.data:ipAddress)
                  200020fa    00000004     ip.obj (.data:ipDnsAddress)
                  200020fe    00000004     ip.obj (.data:ipGwAddress)
                  20002102    00000004     ip.obj (.data:ipSubnetMask)
                  20002106    00000004     ip.obj (.data:ipTimeServerAddress)
                  2000210a    00000002     --HOLE--
                  2000210c    00000004     rtsv7M4_T_le_v4SPD16_eabi.lib : errno.c.obj (.data)
                  20002110    00000004                                   : rand.c.obj (.data)
                  20002114    00000004                                   : strtok.c.obj (.data)
                  20002118    00000003     eth0.obj (.data)
                  2000211b    00000003     ip_custom_layer.obj (.data)
                  2000211e    00000003     mqtt.obj (.data)

.bss       0    20002124    000000dc     UNINITIALIZED
                  20002124    00000054     (.common:strInput)
                  20002178    00000028     (.common:fn)
                  200021a0    00000028     (.common:period)
                  200021c8    00000028     (.common:ticks)
                  200021f0    0000000c     (.common:reload)
                  200021fc    00000004     (.common:token)

.stack     0    20000000    00002000     UNINITIALIZED
                  20000000    00000004     rtsv7M4_T_le_v4SPD16_eabi.lib : boot_cortex_m.c.obj (.stack)
                  20000004    00001ffc     --HOLE--

__llvm_prf_cnts 
*          0    20000000    00000000     UNINITIALIZED

MODULE SUMMARY

       Module                         code    ro data   rw data
       ------                         ----    -------   -------
    ./
       tcp.obj                        4172    0         38     
       mqtt.obj                       3120    0         195    
       ethernet.obj                   2736    0         89     
       gpio.obj                       2056    0         0      
       eth0.obj                       1812    0         9      
       ip.obj                         1156    0         20     
       timer.obj                      824     0         132    
       udp.obj                        888     0         0      
       arp.obj                        756     0         0      
       tm4c123gh6pm_startup_ccs.obj   12      620       0      
       ip_custom_layer.obj            584     0         3      
       spi0.obj                       352     0         0      
       icmp.obj                       340     0         0      
       uart0.obj                      296     0         0      
       eeprom.obj                     132     0         0      
       wait.obj                       36      0         0      
       clock.obj                      16      0         0      
    +--+------------------------------+-------+---------+---------+
       Total:                         19288   620       486    
                                                               
    /home/sadhan/ti/ccs1210/ccs/tools/compiler/ti-cgt-arm_20.2.7.LTS/lib/rtsv7M4_T_le_v4SPD16_eabi.lib
       _printfi.c.obj                 4851    0         0      
       _scanfi.c.obj                  2836    16        0      
       strtod.c.obj                   1120    200       0      
       strtoll.c.obj                  476     0         0      
       fd_add_t2.asm.obj              438     0         0      
       strtoull.c.obj                 348     0         0      
       fd_div_t2.asm.obj              310     0         0      
       strtol.c.obj                   304     0         0      
       s_scalbn.c.obj                 272     0         0      
       strtoul.c.obj                  272     0         0      
       fd_cmp_t2.asm.obj              268     0         0      
       ctype.c.obj                    0       257       0      
       fd_mul_t2.asm.obj              252     0         0      
       sscanf.c.obj                   186     0         0      
       memcpy_t2.asm.obj              156     0         0      
       ull_div_t2.asm.obj             150     0         0      
       snprintf.c.obj                 148     0         0      
       memset_t2.asm.obj              122     0         0      
       fd_tos_t2.asm.obj              110     0         0      
       copy_decompress_lzss.c.obj     104     0         0      
       s_frexp.c.obj                  100     0         0      
       rand.c.obj                     88      0         4      
       _ltoa.c.obj                    84      0         0      
       atoi.c.obj                     76      0         0      
       fd_toi_t2.asm.obj              72      0         0      
       autoinit.c.obj                 68      0         0      
       strtok.c.obj                   64      0         4      
       boot_cortex_m.c.obj            52      0         0      
       i_tofd_t2.asm.obj              46      0         0      
       strspn.c.obj                   42      0         0      
       strcspn.c.obj                  36      0         0      
       copy_zero_init.c.obj           28      0         0      
       memccpy.c.obj                  28      0         0      
       s_copysign.c.obj               26      0         0      
       ll_mul_t2.asm.obj              24      0         0      
       strcmp.c.obj                   24      0         0      
       strrchr.c.obj                  24      0         0      
       strchr.c.obj                   22      0         0      
       strcpy.c.obj                   20      0         0      
       strlen.c.obj                   20      0         0      
       wcslen.c.obj                   18      0         0      
       tolower.c.obj                  16      0         0      
       copy_decompress_none.c.obj     14      0         0      
       errno.c.obj                    8       0         4      
       _lock.c.obj                    2       0         8      
       exit.c.obj                     4       0         0      
       pre_init.c.obj                 4       0         0      
       div0.asm.obj                   2       0         0      
    +--+------------------------------+-------+---------+---------+
       Total:                         13735   473       20     
                                                               
       Stack:                         0       0         8192   
       Linker Generated:              0       66        0      
    +--+------------------------------+-------+---------+---------+
       Grand Total:                   33023   1159      8698   


LINKER GENERATED COPY TABLES

__TI_cinit_table @ 00008590 records: 2, size/record: 8, table size: 16
	.data: load addr=00008558, load size=0000001e bytes, run addr=20002000, run size=00000121 bytes, compression=lzss
	.bss: load addr=00008588, load size=00000008 bytes, run addr=20002124, run size=000000dc bytes, compression=zero_init


LINKER GENERATED HANDLER TABLE

__TI_handler_table @ 00008578 records: 3, size/record: 4, table size: 12
	index: 0, handler: __TI_decompress_lzss
	index: 1, handler: __TI_decompress_none
	index: 2, handler: __TI_zero_init


GLOBAL SYMBOLS: SORTED ALPHABETICALLY BY Name 

address   name                          
-------   ----                          
00008371  C$$EXIT                       
0000834f  ResetISR                      
20002000  __STACK_END                   
00002000  __STACK_SIZE                  
20000200  __STACK_TOP                   
00008590  __TI_CINIT_Base               
000085a0  __TI_CINIT_Limit              
00008578  __TI_Handler_Table_Base       
00008584  __TI_Handler_Table_Limit      
00007fb5  __TI_auto_init_nobinit_nopinit
00007d0d  __TI_decompress_lzss          
00008341  __TI_decompress_none          
00007e2f  __TI_ltoa                     
ffffffff  __TI_pprof_out_hndl           
000034ad  __TI_printfi                  
ffffffff  __TI_prof_data_size           
ffffffff  __TI_prof_data_start          
00001ee9  __TI_scanfi                   
00000000  __TI_static_base__            
0000820d  __TI_zero_init_nomemset       
000079bd  __aeabi_cdcmpeq               
000079bd  __aeabi_cdcmple               
00007a43  __aeabi_cdrcmple              
00007c35  __aeabi_d2f                   
00007f6d  __aeabi_d2iz                  
0000690f  __aeabi_dadd                  
00007009  __aeabi_ddiv                  
000076dd  __aeabi_dmul                  
00006905  __aeabi_dsub                  
0000835d  __aeabi_errno_addr            
00008149  __aeabi_i2d                   
00006abb  __aeabi_idiv0                 
00006abb  __aeabi_ldiv0                 
00008277  __aeabi_lmul                  
00007b4d  __aeabi_memclr                
00007b4d  __aeabi_memclr4               
00007b4d  __aeabi_memclr8               
0000788b  __aeabi_memcpy                
0000788b  __aeabi_memcpy4               
0000788b  __aeabi_memcpy8               
00007b4f  __aeabi_memset                
00007b4f  __aeabi_memset4               
00007b4f  __aeabi_memset8               
00007927  __aeabi_uldivmod              
ffffffff  __binit__                     
ffffffff  __c_args__                    
UNDEFED   __mpu_init                    
20000000  __stack                       
20000000  __start___llvm_prf_cnts       
20000000  __stop___llvm_prf_cnts        
000080b1  _c_int00_noargs               
00008378  _ctypes_                      
200020e8  _lock                         
00003efb  _nop                          
UNDEFED   _system_post_cinit            
0000836d  _system_pre_init              
200020ec  _unlock                       
00008371  abort                         
000033db  appInit                       
00006483  arpRespTimeoutCb              
00002d7d  asciiToUint8                  
00007ed5  atoi                          
ffffffff  binit                         
00005257  calcIpChecksum                
000047c3  clearEtherReg                 
00004551  clearPinInterrupt             
00008245  copysign                      
00008245  copysignl                     
200020e6  count                         
0000471b  disableEtherCs                
0000452d  disablePinInterrupt           
00004265  disablePinPulldown            
0000421d  disablePinPullup              
00003fb9  disablePort                   
00002a39  displayConnectionInfo         
00004705  enableEtherCs                 
00004509  enablePinInterrupt            
00004241  enablePinPulldown             
000041ef  enablePinPullup               
00003efd  enablePort                    
2000210c  errno                         
20002178  fn                            
00007d75  frexp                         
00007d75  frexpl                        
00000000  g_pfnVectors                  
000003e9  genRandNum                    
00004d1f  getEtherId                    
00004db9  getEtherMacAddress            
00004af9  getEtherPacket                
00004f21  getIpAddress                  
00005225  getIpChecksum                 
0000647d  getIpCurrentEventStatus       
0000507d  getIpDnsAddress               
00005009  getIpGatewayAddress           
00005169  getIpMqttBrokerAddress        
00004f95  getIpSubnetMask               
000050f1  getIpTimeServerAddress        
000045bf  getPinValue                   
00004675  getPortValue                  
00000749  getTcpCurrState               
0000033f  getTcpData                    
0000036b  getTcpHeader                  
0000076d  getTcpMessageSocket           
000057a5  getUdpData                    
000057d1  getUdpMessageSocket           
00007347  getcUart0                     
00004cf3  htonl                         
00004ccf  htons                         
200020f0  hwAddress                     
00004d2b  incEtherId                    
00007ac9  initEeprom                    
0000490f  initEther                     
000029fd  initHw                        
00006abd  initSpi0                      
00008321  initSystemClockTo40Mhz        
00005a75  initTimer                     
00007271  initUart0                     
2000211b  initiateArpRequest            
200020f6  ipAddress                     
200020fa  ipDnsAddress                  
2000211c  ipEventIcb                    
200020fe  ipGwAddress                   
0000636d  ipHandlerRx                   
00006311  ipHandlerTx                   
20002102  ipSubnetMask                  
20002106  ipTimeServerAddress           
00005dad  isArpRequest                  
00005e51  isArpResponse                 
00004aaf  isEtherDataAvailable          
00004ec1  isEtherIpValid                
00004a95  isEtherLinkUp                 
00004ac9  isEtherOverflow               
00004e19  isIp                          
0000648b  isIpArpResponse               
00004e61  isIpUnicast                   
00001d6b  isMqtt                        
00006d79  isPingRequest                 
0000026d  isTcp                         
000056fd  isUdp                         
0000735b  kbhitUart0                    
000074bd  ldexp                         
000074bd  ldexpl                        
0000326f  main                          
00008229  memccpy                       
0000788b  memcpy                        
00007b55  memset                        
00001625  mqttConnect                   
00001745  mqttDisConnect                
00001d29  mqttGetTxData                 
00001ce1  mqttGetTxStatus               
00001981  mqttHandler                   
00001de9  mqttInit                      
0000192f  mqttLogConnectEvent           
0000194f  mqttLogDisConnectEvent        
0000179d  mqttLogPublishEvent           
00001867  mqttLogSubscribeEvent         
000018cb  mqttLogUnSubscribeEvent       
2000211e  mqttPktId                     
000012b9  mqttPublish                   
00001d75  mqttSetRxData                 
00001d11  mqttSetTxStatus               
00001401  mqttSubscribe                 
00001517  mqttUnSubscribe               
20002118  nextPacketLsb                 
20002119  nextPacketMsb                 
200021a0  period                        
00002e2f  processShell                  
00004be9  putEtherPacket                
000072ff  putcUart0                     
0000731b  putsUart0                     
000080e5  rand                          
00005d6f  random32                      
00002cc9  readConfiguration             
00007b11  readEeprom                    
000048f7  readEtherMem                  
0000484b  readEtherPhy                  
0000475d  readEtherReg                  
00006bf5  readSpi0Data                  
200021f0  reload                        
00005c87  restartTimer                  
000074bd  scalbn                        
000074bd  scalbnl                       
00004123  selectPinAnalogInput          
000040d5  selectPinDigitalInput         
0000443f  selectPinInterruptBothEdges   
000043ef  selectPinInterruptFallingEdge 
00004495  selectPinInterruptHighLevel   
000044cf  selectPinInterruptLowLevel    
0000439f  selectPinInterruptRisingEdge  
00004087  selectPinOpenDrainOutput      
00004039  selectPinPushPullOutput       
00005f83  sendArpRequest                
00005ea5  sendArpResponse               
00006dbd  sendPingResponse              
0000587b  sendUdpMessage                
2000211a  sequenceId                    
000047f7  setEtherBank                  
00004d35  setEtherMacAddress            
0000478f  setEtherReg                   
00004ee7  setIpAddress                  
00005043  setIpDnsAddress               
00004fcf  setIpGatewayAddress           
0000512b  setIpMqttBrokerAddress        
00006443  setIpMqttMacBrokerAddress     
00004f5b  setIpSubnetMask               
000050b7  setIpTimeServerAddress        
0000428d  setPinAuxFunction             
00004173  setPinCommitControl           
00004575  setPinValue                   
000045fd  setPortValue                  
00006b59  setSpi0BaudRate               
00006b8f  setSpi0Mode                   
000072bb  setUart0BaudRate              
00007f21  snprintf                      
200020c0  socketConns                   
000081a1  srand                         
00008079  sscanf                        
000048e5  startEtherMemRead             
000048b7  startEtherMemWrite            
00005b15  startOneshotTimer             
00005b9b  startPeriodicTimer            
00004907  stopEtherMemRead              
000048dd  stopEtherMemWrite             
00005c21  stopTimer                     
20002124  strInput                      
000082bf  strchr                        
0000828f  strcmp                        
000082d5  strcpy                        
000081c5  strcspn                       
000082e9  strlen                        
000082a7  strrchr                       
00008177  strspn                        
0000529d  strtod                        
00007ff9  strtok                        
00007141  strtol                        
0000529d  strtold                       
00006559  strtoll                       
000075cd  strtoul                       
00006c1d  strtoull                      
000051b1  sumIpWords                    
0000072d  tcpConnect                    
00000f01  tcpCreateSocket               
00000517  tcpFsmStateMachineClient      
00000427  tcpGetMatchingSocket          
00000f25  tcpHandleRwTransactions       
00000401  tcpHandlerRx                  
000004c7  tcpHandlerTx                  
000003d5  tcpHeaderSize                 
000003b5  tcpIsAck                      
00000395  tcpIsSyn                      
00000a9b  tcpSendAck                    
00000cdd  tcpSendFin                    
00000ff5  tcpSendSegment                
0000087d  tcpSendSyn                    
0000050f  tcpSendTimerCb                
0000126d  tcpValidChecks                
00005cf5  tickIsr                       
200021c8  ticks                         
0000459b  togglePinValue                
200021fc  token                         
00008331  tolower                       
000081e9  waitMicrosecond               
0000830f  wcslen                        
00007adf  writeEeprom                   
000048c9  writeEtherMem                 
00004813  writeEtherPhy                 
00004729  writeEtherReg                 
00006bdd  writeSpi0Data                 


GLOBAL SYMBOLS: SORTED BY Symbol Address 

address   name                          
-------   ----                          
00000000  __TI_static_base__            
00000000  g_pfnVectors                  
0000026d  isTcp                         
0000033f  getTcpData                    
0000036b  getTcpHeader                  
00000395  tcpIsSyn                      
000003b5  tcpIsAck                      
000003d5  tcpHeaderSize                 
000003e9  genRandNum                    
00000401  tcpHandlerRx                  
00000427  tcpGetMatchingSocket          
000004c7  tcpHandlerTx                  
0000050f  tcpSendTimerCb                
00000517  tcpFsmStateMachineClient      
0000072d  tcpConnect                    
00000749  getTcpCurrState               
0000076d  getTcpMessageSocket           
0000087d  tcpSendSyn                    
00000a9b  tcpSendAck                    
00000cdd  tcpSendFin                    
00000f01  tcpCreateSocket               
00000f25  tcpHandleRwTransactions       
00000ff5  tcpSendSegment                
0000126d  tcpValidChecks                
000012b9  mqttPublish                   
00001401  mqttSubscribe                 
00001517  mqttUnSubscribe               
00001625  mqttConnect                   
00001745  mqttDisConnect                
0000179d  mqttLogPublishEvent           
00001867  mqttLogSubscribeEvent         
000018cb  mqttLogUnSubscribeEvent       
0000192f  mqttLogConnectEvent           
0000194f  mqttLogDisConnectEvent        
00001981  mqttHandler                   
00001ce1  mqttGetTxStatus               
00001d11  mqttSetTxStatus               
00001d29  mqttGetTxData                 
00001d6b  isMqtt                        
00001d75  mqttSetRxData                 
00001de9  mqttInit                      
00001ee9  __TI_scanfi                   
00002000  __STACK_SIZE                  
000029fd  initHw                        
00002a39  displayConnectionInfo         
00002cc9  readConfiguration             
00002d7d  asciiToUint8                  
00002e2f  processShell                  
0000326f  main                          
000033db  appInit                       
000034ad  __TI_printfi                  
00003efb  _nop                          
00003efd  enablePort                    
00003fb9  disablePort                   
00004039  selectPinPushPullOutput       
00004087  selectPinOpenDrainOutput      
000040d5  selectPinDigitalInput         
00004123  selectPinAnalogInput          
00004173  setPinCommitControl           
000041ef  enablePinPullup               
0000421d  disablePinPullup              
00004241  enablePinPulldown             
00004265  disablePinPulldown            
0000428d  setPinAuxFunction             
0000439f  selectPinInterruptRisingEdge  
000043ef  selectPinInterruptFallingEdge 
0000443f  selectPinInterruptBothEdges   
00004495  selectPinInterruptHighLevel   
000044cf  selectPinInterruptLowLevel    
00004509  enablePinInterrupt            
0000452d  disablePinInterrupt           
00004551  clearPinInterrupt             
00004575  setPinValue                   
0000459b  togglePinValue                
000045bf  getPinValue                   
000045fd  setPortValue                  
00004675  getPortValue                  
00004705  enableEtherCs                 
0000471b  disableEtherCs                
00004729  writeEtherReg                 
0000475d  readEtherReg                  
0000478f  setEtherReg                   
000047c3  clearEtherReg                 
000047f7  setEtherBank                  
00004813  writeEtherPhy                 
0000484b  readEtherPhy                  
000048b7  startEtherMemWrite            
000048c9  writeEtherMem                 
000048dd  stopEtherMemWrite             
000048e5  startEtherMemRead             
000048f7  readEtherMem                  
00004907  stopEtherMemRead              
0000490f  initEther                     
00004a95  isEtherLinkUp                 
00004aaf  isEtherDataAvailable          
00004ac9  isEtherOverflow               
00004af9  getEtherPacket                
00004be9  putEtherPacket                
00004ccf  htons                         
00004cf3  htonl                         
00004d1f  getEtherId                    
00004d2b  incEtherId                    
00004d35  setEtherMacAddress            
00004db9  getEtherMacAddress            
00004e19  isIp                          
00004e61  isIpUnicast                   
00004ec1  isEtherIpValid                
00004ee7  setIpAddress                  
00004f21  getIpAddress                  
00004f5b  setIpSubnetMask               
00004f95  getIpSubnetMask               
00004fcf  setIpGatewayAddress           
00005009  getIpGatewayAddress           
00005043  setIpDnsAddress               
0000507d  getIpDnsAddress               
000050b7  setIpTimeServerAddress        
000050f1  getIpTimeServerAddress        
0000512b  setIpMqttBrokerAddress        
00005169  getIpMqttBrokerAddress        
000051b1  sumIpWords                    
00005225  getIpChecksum                 
00005257  calcIpChecksum                
0000529d  strtod                        
0000529d  strtold                       
000056fd  isUdp                         
000057a5  getUdpData                    
000057d1  getUdpMessageSocket           
0000587b  sendUdpMessage                
00005a75  initTimer                     
00005b15  startOneshotTimer             
00005b9b  startPeriodicTimer            
00005c21  stopTimer                     
00005c87  restartTimer                  
00005cf5  tickIsr                       
00005d6f  random32                      
00005dad  isArpRequest                  
00005e51  isArpResponse                 
00005ea5  sendArpResponse               
00005f83  sendArpRequest                
00006311  ipHandlerTx                   
0000636d  ipHandlerRx                   
00006443  setIpMqttMacBrokerAddress     
0000647d  getIpCurrentEventStatus       
00006483  arpRespTimeoutCb              
0000648b  isIpArpResponse               
00006559  strtoll                       
00006905  __aeabi_dsub                  
0000690f  __aeabi_dadd                  
00006abb  __aeabi_idiv0                 
00006abb  __aeabi_ldiv0                 
00006abd  initSpi0                      
00006b59  setSpi0BaudRate               
00006b8f  setSpi0Mode                   
00006bdd  writeSpi0Data                 
00006bf5  readSpi0Data                  
00006c1d  strtoull                      
00006d79  isPingRequest                 
00006dbd  sendPingResponse              
00007009  __aeabi_ddiv                  
00007141  strtol                        
00007271  initUart0                     
000072bb  setUart0BaudRate              
000072ff  putcUart0                     
0000731b  putsUart0                     
00007347  getcUart0                     
0000735b  kbhitUart0                    
000074bd  ldexp                         
000074bd  ldexpl                        
000074bd  scalbn                        
000074bd  scalbnl                       
000075cd  strtoul                       
000076dd  __aeabi_dmul                  
0000788b  __aeabi_memcpy                
0000788b  __aeabi_memcpy4               
0000788b  __aeabi_memcpy8               
0000788b  memcpy                        
00007927  __aeabi_uldivmod              
000079bd  __aeabi_cdcmpeq               
000079bd  __aeabi_cdcmple               
00007a43  __aeabi_cdrcmple              
00007ac9  initEeprom                    
00007adf  writeEeprom                   
00007b11  readEeprom                    
00007b4d  __aeabi_memclr                
00007b4d  __aeabi_memclr4               
00007b4d  __aeabi_memclr8               
00007b4f  __aeabi_memset                
00007b4f  __aeabi_memset4               
00007b4f  __aeabi_memset8               
00007b55  memset                        
00007c35  __aeabi_d2f                   
00007d0d  __TI_decompress_lzss          
00007d75  frexp                         
00007d75  frexpl                        
00007e2f  __TI_ltoa                     
00007ed5  atoi                          
00007f21  snprintf                      
00007f6d  __aeabi_d2iz                  
00007fb5  __TI_auto_init_nobinit_nopinit
00007ff9  strtok                        
00008079  sscanf                        
000080b1  _c_int00_noargs               
000080e5  rand                          
00008149  __aeabi_i2d                   
00008177  strspn                        
000081a1  srand                         
000081c5  strcspn                       
000081e9  waitMicrosecond               
0000820d  __TI_zero_init_nomemset       
00008229  memccpy                       
00008245  copysign                      
00008245  copysignl                     
00008277  __aeabi_lmul                  
0000828f  strcmp                        
000082a7  strrchr                       
000082bf  strchr                        
000082d5  strcpy                        
000082e9  strlen                        
0000830f  wcslen                        
00008321  initSystemClockTo40Mhz        
00008331  tolower                       
00008341  __TI_decompress_none          
0000834f  ResetISR                      
0000835d  __aeabi_errno_addr            
0000836d  _system_pre_init              
00008371  C$$EXIT                       
00008371  abort                         
00008378  _ctypes_                      
00008578  __TI_Handler_Table_Base       
00008584  __TI_Handler_Table_Limit      
00008590  __TI_CINIT_Base               
000085a0  __TI_CINIT_Limit              
20000000  __stack                       
20000000  __start___llvm_prf_cnts       
20000000  __stop___llvm_prf_cnts        
20000200  __STACK_TOP                   
20002000  __STACK_END                   
200020c0  socketConns                   
200020e6  count                         
200020e8  _lock                         
200020ec  _unlock                       
200020f0  hwAddress                     
200020f6  ipAddress                     
200020fa  ipDnsAddress                  
200020fe  ipGwAddress                   
20002102  ipSubnetMask                  
20002106  ipTimeServerAddress           
2000210c  errno                         
20002118  nextPacketLsb                 
20002119  nextPacketMsb                 
2000211a  sequenceId                    
2000211b  initiateArpRequest            
2000211c  ipEventIcb                    
2000211e  mqttPktId                     
20002124  strInput                      
20002178  fn                            
200021a0  period                        
200021c8  ticks                         
200021f0  reload                        
200021fc  token                         
ffffffff  __TI_pprof_out_hndl           
ffffffff  __TI_prof_data_size           
ffffffff  __TI_prof_data_start          
ffffffff  __binit__                     
ffffffff  __c_args__                    
ffffffff  binit                         
UNDEFED   __mpu_init                    
UNDEFED   _system_post_cinit            

[268 symbols]
