******************************************************************************
                  TI ARM Linker Unix v20.2.7                   
******************************************************************************
>> Linked Fri Mar  3 12:19:31 2023

OUTPUT FILE NAME:   <IOT_Project1.out>
ENTRY POINT SYMBOL: "_c_int00_noargs"  address: 0000804d


MEMORY CONFIGURATION

         name            origin    length      used     unused   attr    fill
----------------------  --------  ---------  --------  --------  ----  --------
  FLASH                 00000000   00040000  00008538  00037ac8  R  X
  SRAM                  20000000   00008000  000021a5  00005e5b  RW X


SEGMENT ALLOCATION MAP

run origin  load origin   length   init length attrs members
----------  ----------- ---------- ----------- ----- -------
00000000    00000000    00008538   00008538    r-x
  00000000    00000000    0000026c   0000026c    r-- .intvecs
  0000026c    0000026c    000080a4   000080a4    r-x .text
  00008310    00008310    000001e0   000001e0    r-- .const
  000084f0    000084f0    00000048   00000048    r-- .cinit
20000000    20000000    000021a5   00000000    rw-
  20000000    20000000    00002000   00000000    rw- .stack
  20002000    20002000    000000dc   00000000    rw- .bss
  200020dc    200020dc    000000c9   00000000    rw- .data


SECTION ALLOCATION MAP

 output                                  attributes/
section   page    origin      length       input sections
--------  ----  ----------  ----------   ----------------
.intvecs   0    00000000    0000026c     
                  00000000    0000026c     tm4c123gh6pm_startup_ccs.obj (.intvecs)

.text      0    0000026c    000080a4     
                  0000026c    0000104c     tcp.obj (.text)
                  000012b8    00000bcc     mqtt.obj (.text)
                  00001e84    00000b14     rtsv7M4_T_le_v4SPD16_eabi.lib : _scanfi.c.obj (.text:__TI_scanfi)
                  00002998    00000ab0     ethernet.obj (.text)
                  00003448    00000a4e     rtsv7M4_T_le_v4SPD16_eabi.lib : _printfi.c.obj (.text:__TI_printfi)
                  00003e96    00000002                                   : _lock.c.obj (.text:_nop)
                  00003e98    00000808     gpio.obj (.text)
                  000046a0    00000714     eth0.obj (.text)
                  00004db4    00000484     ip.obj (.text)
                  00005238    00000460     rtsv7M4_T_le_v4SPD16_eabi.lib : strtod.c.obj (.text:strtod)
                  00005698    00000378     udp.obj (.text)
                  00005a10    00000338     timer.obj (.text)
                  00005d48    000002f4     arp.obj (.text)
                  0000603c    00000270     rtsv7M4_T_le_v4SPD16_eabi.lib : _printfi.c.obj (.text:_pconv_a)
                  000062ac    00000248     ip_custom_layer.obj (.text)
                  000064f4    000001dc     rtsv7M4_T_le_v4SPD16_eabi.lib : strtoll.c.obj (.text:strtoll)
                  000066d0    000001d0                                   : _printfi.c.obj (.text:_pconv_g)
                  000068a0    000001b6                                   : fd_add_t2.asm.obj (.text)
                  00006a56    00000002                                   : div0.asm.obj (.text)
                  00006a58    00000160     spi0.obj (.text)
                  00006bb8    0000015c     rtsv7M4_T_le_v4SPD16_eabi.lib : strtoull.c.obj (.text:strtoull)
                  00006d14    00000154     icmp.obj (.text)
                  00006e68    0000013c     rtsv7M4_T_le_v4SPD16_eabi.lib : _printfi.c.obj (.text:_pconv_e)
                  00006fa4    00000136                                   : fd_div_t2.asm.obj (.text)
                  000070da    00000002     --HOLE-- [fill = 0]
                  000070dc    00000130                                   : strtol.c.obj (.text:strtol)
                  0000720c    00000128     uart0.obj (.text)
                  00007334    00000124     rtsv7M4_T_le_v4SPD16_eabi.lib : _printfi.c.obj (.text:fcvt)
                  00007458    00000110                                   : s_scalbn.c.obj (.text:scalbn)
                  00007568    00000110                                   : strtoul.c.obj (.text:strtoul)
                  00007678    000000fc                                   : fd_mul_t2.asm.obj (.text)
                  00007774    000000b1                                   : _printfi.c.obj (.text:_ltostr)
                  00007825    00000001     --HOLE-- [fill = 0]
                  00007826    0000009c                                   : memcpy_t2.asm.obj (.text)
                  000078c2    00000096                                   : ull_div_t2.asm.obj (.text)
                  00007958    00000086                                   : fd_cmp_t2.asm.obj (.text:__aeabi_cdcmple)
                  000079de    00000086                                   : fd_cmp_t2.asm.obj (.text:__aeabi_cdrcmple)
                  00007a64    00000084     eeprom.obj (.text)
                  00007ae8    0000007a     rtsv7M4_T_le_v4SPD16_eabi.lib : memset_t2.asm.obj (.text)
                  00007b62    0000006e                                   : _printfi.c.obj (.text:_mcpy)
                  00007bd0    0000006e                                   : fd_tos_t2.asm.obj (.text)
                  00007c3e    00000002     --HOLE-- [fill = 0]
                  00007c40    00000068                                   : sscanf.c.obj (.text:_chkmbc)
                  00007ca8    00000068                                   : copy_decompress_lzss.c.obj (.text:decompress:lzss:__TI_decompress_lzss)
                  00007d10    00000064                                   : s_frexp.c.obj (.text:frexp)
                  00007d74    00000056                                   : _printfi.c.obj (.text:_pconv_f)
                  00007dca    00000054                                   : _ltoa.c.obj (.text:__TI_ltoa)
                  00007e1e    00000052                                   : _printfi.c.obj (.text:_ecpy)
                  00007e70    0000004c                                   : atoi.c.obj (.text:atoi)
                  00007ebc    0000004c                                   : snprintf.c.obj (.text:snprintf)
                  00007f08    00000048                                   : fd_toi_t2.asm.obj (.text)
                  00007f50    00000044                                   : autoinit.c.obj (.text:__TI_auto_init_nobinit_nopinit:__TI_auto_init_nobinit_nopinit)
                  00007f94    00000040                                   : strtok.c.obj (.text:strtok)
                  00007fd4    0000003e                                   : _printfi.c.obj (.text:_fcpy)
                  00008012    00000002     --HOLE-- [fill = 0]
                  00008014    00000038                                   : sscanf.c.obj (.text:sscanf)
                  0000804c    00000034                                   : boot_cortex_m.c.obj (.text:_c_int00_noargs:_c_int00_noargs)
                  00008080    00000034                                   : rand.c.obj (.text:rand)
                  000080b4    00000030                                   : snprintf.c.obj (.text:_outs)
                  000080e4    0000002e                                   : i_tofd_t2.asm.obj (.text)
                  00008112    0000002a                                   : strspn.c.obj (.text:strspn)
                  0000813c    00000024                                   : rand.c.obj (.text:srand)
                  00008160    00000024                                   : strcspn.c.obj (.text:strcspn)
                  00008184    00000024     wait.obj (.text)
                  000081a8    0000001c     rtsv7M4_T_le_v4SPD16_eabi.lib : copy_zero_init.c.obj (.text:decompress:ZI:__TI_zero_init_nomemset:__TI_zero_init_nomemset)
                  000081c4    0000001c                                   : memccpy.c.obj (.text:memccpy)
                  000081e0    0000001a                                   : s_copysign.c.obj (.text:copysign)
                  000081fa    00000018                                   : snprintf.c.obj (.text:_outc)
                  00008212    00000018                                   : ll_mul_t2.asm.obj (.text)
                  0000822a    00000018                                   : strcmp.c.obj (.text:strcmp)
                  00008242    00000018                                   : strrchr.c.obj (.text:strrchr)
                  0000825a    00000016                                   : strchr.c.obj (.text:strchr)
                  00008270    00000014                                   : strcpy.c.obj (.text:strcpy)
                  00008284    00000014                                   : strlen.c.obj (.text:strlen)
                  00008298    00000012                                   : sscanf.c.obj (.text:_inpchar)
                  000082aa    00000012                                   : wcslen.c.obj (.text:wcslen)
                  000082bc    00000010     clock.obj (.text)
                  000082cc    00000010     rtsv7M4_T_le_v4SPD16_eabi.lib : tolower.c.obj (.text:tolower)
                  000082dc    0000000e                                   : copy_decompress_none.c.obj (.text:decompress:none:__TI_decompress_none)
                  000082ea    0000000c     tm4c123gh6pm_startup_ccs.obj (.text)
                  000082f6    00000002     --HOLE-- [fill = 0]
                  000082f8    00000008     rtsv7M4_T_le_v4SPD16_eabi.lib : errno.c.obj (.text:__aeabi_errno_addr)
                  00008300    00000008                                   : sscanf.c.obj (.text:_uninpchar)
                  00008308    00000004                                   : pre_init.c.obj (.text:_system_pre_init)
                  0000830c    00000004                                   : exit.c.obj (.text:abort:abort)

.const     0    00008310    000001e0     
                  00008310    00000101     rtsv7M4_T_le_v4SPD16_eabi.lib : ctype.c.obj (.const:.string:_ctypes_)
                  00008411    00000007     --HOLE-- [fill = 0]
                  00008418    000000c8                                   : strtod.c.obj (.const:$O1$$)
                  000084e0    00000010                                   : _scanfi.c.obj (.const:$O1$$)

.cinit     0    000084f0    00000048     
                  000084f0    0000001d     (.cinit..data.load) [load image, compression = lzss]
                  0000850d    00000003     --HOLE-- [fill = 0]
                  00008510    0000000c     (__TI_handler_table)
                  0000851c    00000004     --HOLE-- [fill = 0]
                  00008520    00000008     (.cinit..bss.load) [load image, compression = zero_init]
                  00008528    00000010     (__TI_cinit_table)

.init_array 
*          0    00000000    00000000     UNINITIALIZED

.bss       0    20002000    000000dc     UNINITIALIZED
                  20002000    00000054     (.common:strInput)
                  20002054    00000028     (.common:fn)
                  2000207c    00000028     (.common:period)
                  200020a4    00000028     (.common:ticks)
                  200020cc    0000000c     (.common:reload)
                  200020d8    00000004     (.common:token)

.data      0    200020dc    000000c9     UNINITIALIZED
                  200020dc    00000046     mqtt.obj (.data:mqttMcb)
                  20002122    00000020     mqtt.obj (.data:mqttRxBuffer)
                  20002142    00000001     ethernet.obj (.data)
                  20002143    00000001     --HOLE--
                  20002144    0000001c     tcp.obj (.data:socketConns)
                  20002160    0000000a     tcp.obj (.data)
                  2000216a    00000002     --HOLE--
                  2000216c    00000008     rtsv7M4_T_le_v4SPD16_eabi.lib : _lock.c.obj (.data:$O1$$)
                  20002174    00000006     eth0.obj (.data:hwAddress)
                  2000217a    00000004     ip.obj (.data:ipAddress)
                  2000217e    00000004     ip.obj (.data:ipDnsAddress)
                  20002182    00000004     ip.obj (.data:ipGwAddress)
                  20002186    00000004     ip.obj (.data:ipSubnetMask)
                  2000218a    00000004     ip.obj (.data:ipTimeServerAddress)
                  2000218e    00000002     --HOLE--
                  20002190    00000004     rtsv7M4_T_le_v4SPD16_eabi.lib : errno.c.obj (.data)
                  20002194    00000004                                   : rand.c.obj (.data)
                  20002198    00000004                                   : strtok.c.obj (.data)
                  2000219c    00000003     eth0.obj (.data)
                  2000219f    00000003     ip_custom_layer.obj (.data)
                  200021a2    00000003     mqtt.obj (.data)

.stack     0    20000000    00002000     UNINITIALIZED
                  20000000    00000004     rtsv7M4_T_le_v4SPD16_eabi.lib : boot_cortex_m.c.obj (.stack)
                  20000004    00001ffc     --HOLE--

__llvm_prf_cnts 
*          0    20000000    00000000     UNINITIALIZED

MODULE SUMMARY

       Module                         code    ro data   rw data
       ------                         ----    -------   -------
    ./
       tcp.obj                        4172    0         38     
       mqtt.obj                       3020    0         105    
       ethernet.obj                   2736    0         89     
       gpio.obj                       2056    0         0      
       eth0.obj                       1812    0         9      
       ip.obj                         1156    0         20     
       timer.obj                      824     0         132    
       udp.obj                        888     0         0      
       arp.obj                        756     0         0      
       tm4c123gh6pm_startup_ccs.obj   12      620       0      
       ip_custom_layer.obj            584     0         3      
       spi0.obj                       352     0         0      
       icmp.obj                       340     0         0      
       uart0.obj                      296     0         0      
       eeprom.obj                     132     0         0      
       wait.obj                       36      0         0      
       clock.obj                      16      0         0      
    +--+------------------------------+-------+---------+---------+
       Total:                         19188   620       396    
                                                               
    /home/sadhan/ti/ccs1210/ccs/tools/compiler/ti-cgt-arm_20.2.7.LTS/lib/rtsv7M4_T_le_v4SPD16_eabi.lib
       _printfi.c.obj                 4851    0         0      
       _scanfi.c.obj                  2836    16        0      
       strtod.c.obj                   1120    200       0      
       strtoll.c.obj                  476     0         0      
       fd_add_t2.asm.obj              438     0         0      
       strtoull.c.obj                 348     0         0      
       fd_div_t2.asm.obj              310     0         0      
       strtol.c.obj                   304     0         0      
       s_scalbn.c.obj                 272     0         0      
       strtoul.c.obj                  272     0         0      
       fd_cmp_t2.asm.obj              268     0         0      
       ctype.c.obj                    0       257       0      
       fd_mul_t2.asm.obj              252     0         0      
       sscanf.c.obj                   186     0         0      
       memcpy_t2.asm.obj              156     0         0      
       ull_div_t2.asm.obj             150     0         0      
       snprintf.c.obj                 148     0         0      
       memset_t2.asm.obj              122     0         0      
       fd_tos_t2.asm.obj              110     0         0      
       copy_decompress_lzss.c.obj     104     0         0      
       s_frexp.c.obj                  100     0         0      
       rand.c.obj                     88      0         4      
       _ltoa.c.obj                    84      0         0      
       atoi.c.obj                     76      0         0      
       fd_toi_t2.asm.obj              72      0         0      
       autoinit.c.obj                 68      0         0      
       strtok.c.obj                   64      0         4      
       boot_cortex_m.c.obj            52      0         0      
       i_tofd_t2.asm.obj              46      0         0      
       strspn.c.obj                   42      0         0      
       strcspn.c.obj                  36      0         0      
       copy_zero_init.c.obj           28      0         0      
       memccpy.c.obj                  28      0         0      
       s_copysign.c.obj               26      0         0      
       ll_mul_t2.asm.obj              24      0         0      
       strcmp.c.obj                   24      0         0      
       strrchr.c.obj                  24      0         0      
       strchr.c.obj                   22      0         0      
       strcpy.c.obj                   20      0         0      
       strlen.c.obj                   20      0         0      
       wcslen.c.obj                   18      0         0      
       tolower.c.obj                  16      0         0      
       copy_decompress_none.c.obj     14      0         0      
       errno.c.obj                    8       0         4      
       _lock.c.obj                    2       0         8      
       exit.c.obj                     4       0         0      
       pre_init.c.obj                 4       0         0      
       div0.asm.obj                   2       0         0      
    +--+------------------------------+-------+---------+---------+
       Total:                         13735   473       20     
                                                               
       Stack:                         0       0         8192   
       Linker Generated:              0       65        0      
    +--+------------------------------+-------+---------+---------+
       Grand Total:                   32923   1158      8608   


LINKER GENERATED COPY TABLES

__TI_cinit_table @ 00008528 records: 2, size/record: 8, table size: 16
	.data: load addr=000084f0, load size=0000001d bytes, run addr=200020dc, run size=000000c9 bytes, compression=lzss
	.bss: load addr=00008520, load size=00000008 bytes, run addr=20002000, run size=000000dc bytes, compression=zero_init


LINKER GENERATED HANDLER TABLE

__TI_handler_table @ 00008510 records: 3, size/record: 4, table size: 12
	index: 0, handler: __TI_decompress_lzss
	index: 1, handler: __TI_decompress_none
	index: 2, handler: __TI_zero_init


GLOBAL SYMBOLS: SORTED ALPHABETICALLY BY Name 

address   name                          
-------   ----                          
0000830d  C$$EXIT                       
000082eb  ResetISR                      
20002000  __STACK_END                   
00002000  __STACK_SIZE                  
20000200  __STACK_TOP                   
00008528  __TI_CINIT_Base               
00008538  __TI_CINIT_Limit              
00008510  __TI_Handler_Table_Base       
0000851c  __TI_Handler_Table_Limit      
00007f51  __TI_auto_init_nobinit_nopinit
00007ca9  __TI_decompress_lzss          
000082dd  __TI_decompress_none          
00007dcb  __TI_ltoa                     
ffffffff  __TI_pprof_out_hndl           
00003449  __TI_printfi                  
ffffffff  __TI_prof_data_size           
ffffffff  __TI_prof_data_start          
00001e85  __TI_scanfi                   
00000000  __TI_static_base__            
000081a9  __TI_zero_init_nomemset       
00007959  __aeabi_cdcmpeq               
00007959  __aeabi_cdcmple               
000079df  __aeabi_cdrcmple              
00007bd1  __aeabi_d2f                   
00007f09  __aeabi_d2iz                  
000068ab  __aeabi_dadd                  
00006fa5  __aeabi_ddiv                  
00007679  __aeabi_dmul                  
000068a1  __aeabi_dsub                  
000082f9  __aeabi_errno_addr            
000080e5  __aeabi_i2d                   
00006a57  __aeabi_idiv0                 
00006a57  __aeabi_ldiv0                 
00008213  __aeabi_lmul                  
00007ae9  __aeabi_memclr                
00007ae9  __aeabi_memclr4               
00007ae9  __aeabi_memclr8               
00007827  __aeabi_memcpy                
00007827  __aeabi_memcpy4               
00007827  __aeabi_memcpy8               
00007aeb  __aeabi_memset                
00007aeb  __aeabi_memset4               
00007aeb  __aeabi_memset8               
000078c3  __aeabi_uldivmod              
ffffffff  __binit__                     
ffffffff  __c_args__                    
UNDEFED   __mpu_init                    
20000000  __stack                       
20000000  __start___llvm_prf_cnts       
20000000  __stop___llvm_prf_cnts        
0000804d  _c_int00_noargs               
00008310  _ctypes_                      
2000216c  _lock                         
00003e97  _nop                          
UNDEFED   _system_post_cinit            
00008309  _system_pre_init              
20002170  _unlock                       
0000830d  abort                         
00003377  appInit                       
0000641f  arpRespTimeoutCb              
00002d19  asciiToUint8                  
00007e71  atoi                          
ffffffff  binit                         
000051f3  calcIpChecksum                
0000475f  clearEtherReg                 
000044ed  clearPinInterrupt             
000081e1  copysign                      
000081e1  copysignl                     
20002142  count                         
000046b7  disableEtherCs                
000044c9  disablePinInterrupt           
00004201  disablePinPulldown            
000041b9  disablePinPullup              
00003f55  disablePort                   
000029d5  displayConnectionInfo         
000046a1  enableEtherCs                 
000044a5  enablePinInterrupt            
000041dd  enablePinPulldown             
0000418b  enablePinPullup               
00003e99  enablePort                    
20002190  errno                         
20002054  fn                            
00007d11  frexp                         
00007d11  frexpl                        
00000000  g_pfnVectors                  
000003e9  genRandNum                    
00004cbb  getEtherId                    
00004d55  getEtherMacAddress            
00004a95  getEtherPacket                
00004ebd  getIpAddress                  
000051c1  getIpChecksum                 
00006419  getIpCurrentEventStatus       
00005019  getIpDnsAddress               
00004fa5  getIpGatewayAddress           
00005105  getIpMqttBrokerAddress        
00004f31  getIpSubnetMask               
0000508d  getIpTimeServerAddress        
0000455b  getPinValue                   
00004611  getPortValue                  
00000749  getTcpCurrState               
0000033f  getTcpData                    
0000036b  getTcpHeader                  
0000076d  getTcpMessageSocket           
00005741  getUdpData                    
0000576d  getUdpMessageSocket           
000072e3  getcUart0                     
00004c8f  htonl                         
00004c6b  htons                         
20002174  hwAddress                     
00004cc7  incEtherId                    
00007a65  initEeprom                    
000048ab  initEther                     
00002999  initHw                        
00006a59  initSpi0                      
000082bd  initSystemClockTo40Mhz        
00005a11  initTimer                     
0000720d  initUart0                     
2000219f  initiateArpRequest            
2000217a  ipAddress                     
2000217e  ipDnsAddress                  
200021a0  ipEventIcb                    
20002182  ipGwAddress                   
00006309  ipHandlerRx                   
000062ad  ipHandlerTx                   
20002186  ipSubnetMask                  
2000218a  ipTimeServerAddress           
00005d49  isArpRequest                  
00005ded  isArpResponse                 
00004a4b  isEtherDataAvailable          
00004e5d  isEtherIpValid                
00004a31  isEtherLinkUp                 
00004a65  isEtherOverflow               
00004db5  isIp                          
00006427  isIpArpResponse               
00004dfd  isIpUnicast                   
00001d09  isMqtt                        
00006d15  isPingRequest                 
0000026d  isTcp                         
00005699  isUdp                         
000072f7  kbhitUart0                    
00007459  ldexp                         
00007459  ldexpl                        
0000320b  main                          
000081c5  memccpy                       
00007827  memcpy                        
00007af1  memset                        
00001621  mqttConnect                   
000016a5  mqttDisConnect                
00001cc1  mqttGetTxData                 
00001c79  mqttGetTxStatus               
00001919  mqttHandler                   
00001d89  mqttInit                      
0000188f  mqttLogConnectEvent           
000018af  mqttLogDisConnectEvent        
000016fd  mqttLogPublishEvent           
000017c7  mqttLogSubscribeEvent         
0000182b  mqttLogUnSubscribeEvent       
200021a2  mqttPktId                     
000012b9  mqttPublish                   
00001d13  mqttSetRxData                 
00001c85  mqttSetTxStatus               
00001401  mqttSubscribe                 
00001517  mqttUnSubscribe               
2000219c  nextPacketLsb                 
2000219d  nextPacketMsb                 
2000207c  period                        
00002dcb  processShell                  
00004b85  putEtherPacket                
0000729b  putcUart0                     
000072b7  putsUart0                     
00008081  rand                          
00005d0b  random32                      
00002c65  readConfiguration             
00007aad  readEeprom                    
00004893  readEtherMem                  
000047e7  readEtherPhy                  
000046f9  readEtherReg                  
00006b91  readSpi0Data                  
200020cc  reload                        
00005c23  restartTimer                  
00007459  scalbn                        
00007459  scalbnl                       
000040bf  selectPinAnalogInput          
00004071  selectPinDigitalInput         
000043db  selectPinInterruptBothEdges   
0000438b  selectPinInterruptFallingEdge 
00004431  selectPinInterruptHighLevel   
0000446b  selectPinInterruptLowLevel    
0000433b  selectPinInterruptRisingEdge  
00004023  selectPinOpenDrainOutput      
00003fd5  selectPinPushPullOutput       
00005f1f  sendArpRequest                
00005e41  sendArpResponse               
00006d59  sendPingResponse              
00005817  sendUdpMessage                
2000219e  sequenceId                    
00004793  setEtherBank                  
00004cd1  setEtherMacAddress            
0000472b  setEtherReg                   
00004e83  setIpAddress                  
00004fdf  setIpDnsAddress               
00004f6b  setIpGatewayAddress           
000050c7  setIpMqttBrokerAddress        
000063df  setIpMqttMacBrokerAddress     
00004ef7  setIpSubnetMask               
00005053  setIpTimeServerAddress        
00004229  setPinAuxFunction             
0000410f  setPinCommitControl           
00004511  setPinValue                   
00004599  setPortValue                  
00006af5  setSpi0BaudRate               
00006b2b  setSpi0Mode                   
00007257  setUart0BaudRate              
00007ebd  snprintf                      
20002144  socketConns                   
0000813d  srand                         
00008015  sscanf                        
00004881  startEtherMemRead             
00004853  startEtherMemWrite            
00005ab1  startOneshotTimer             
00005b37  startPeriodicTimer            
000048a3  stopEtherMemRead              
00004879  stopEtherMemWrite             
00005bbd  stopTimer                     
20002000  strInput                      
0000825b  strchr                        
0000822b  strcmp                        
00008271  strcpy                        
00008161  strcspn                       
00008285  strlen                        
00008243  strrchr                       
00008113  strspn                        
00005239  strtod                        
00007f95  strtok                        
000070dd  strtol                        
00005239  strtold                       
000064f5  strtoll                       
00007569  strtoul                       
00006bb9  strtoull                      
0000514d  sumIpWords                    
0000072d  tcpConnect                    
00000f01  tcpCreateSocket               
00000517  tcpFsmStateMachineClient      
00000427  tcpGetMatchingSocket          
00000f25  tcpHandleRwTransactions       
00000401  tcpHandlerRx                  
000004c7  tcpHandlerTx                  
000003d5  tcpHeaderSize                 
000003b5  tcpIsAck                      
00000395  tcpIsSyn                      
00000a9b  tcpSendAck                    
00000cdd  tcpSendFin                    
00000ff5  tcpSendSegment                
0000087d  tcpSendSyn                    
0000050f  tcpSendTimerCb                
0000126d  tcpValidChecks                
00005c91  tickIsr                       
200020a4  ticks                         
00004537  togglePinValue                
200020d8  token                         
000082cd  tolower                       
00008185  waitMicrosecond               
000082ab  wcslen                        
00007a7b  writeEeprom                   
00004865  writeEtherMem                 
000047af  writeEtherPhy                 
000046c5  writeEtherReg                 
00006b79  writeSpi0Data                 


GLOBAL SYMBOLS: SORTED BY Symbol Address 

address   name                          
-------   ----                          
00000000  __TI_static_base__            
00000000  g_pfnVectors                  
0000026d  isTcp                         
0000033f  getTcpData                    
0000036b  getTcpHeader                  
00000395  tcpIsSyn                      
000003b5  tcpIsAck                      
000003d5  tcpHeaderSize                 
000003e9  genRandNum                    
00000401  tcpHandlerRx                  
00000427  tcpGetMatchingSocket          
000004c7  tcpHandlerTx                  
0000050f  tcpSendTimerCb                
00000517  tcpFsmStateMachineClient      
0000072d  tcpConnect                    
00000749  getTcpCurrState               
0000076d  getTcpMessageSocket           
0000087d  tcpSendSyn                    
00000a9b  tcpSendAck                    
00000cdd  tcpSendFin                    
00000f01  tcpCreateSocket               
00000f25  tcpHandleRwTransactions       
00000ff5  tcpSendSegment                
0000126d  tcpValidChecks                
000012b9  mqttPublish                   
00001401  mqttSubscribe                 
00001517  mqttUnSubscribe               
00001621  mqttConnect                   
000016a5  mqttDisConnect                
000016fd  mqttLogPublishEvent           
000017c7  mqttLogSubscribeEvent         
0000182b  mqttLogUnSubscribeEvent       
0000188f  mqttLogConnectEvent           
000018af  mqttLogDisConnectEvent        
00001919  mqttHandler                   
00001c79  mqttGetTxStatus               
00001c85  mqttSetTxStatus               
00001cc1  mqttGetTxData                 
00001d09  isMqtt                        
00001d13  mqttSetRxData                 
00001d89  mqttInit                      
00001e85  __TI_scanfi                   
00002000  __STACK_SIZE                  
00002999  initHw                        
000029d5  displayConnectionInfo         
00002c65  readConfiguration             
00002d19  asciiToUint8                  
00002dcb  processShell                  
0000320b  main                          
00003377  appInit                       
00003449  __TI_printfi                  
00003e97  _nop                          
00003e99  enablePort                    
00003f55  disablePort                   
00003fd5  selectPinPushPullOutput       
00004023  selectPinOpenDrainOutput      
00004071  selectPinDigitalInput         
000040bf  selectPinAnalogInput          
0000410f  setPinCommitControl           
0000418b  enablePinPullup               
000041b9  disablePinPullup              
000041dd  enablePinPulldown             
00004201  disablePinPulldown            
00004229  setPinAuxFunction             
0000433b  selectPinInterruptRisingEdge  
0000438b  selectPinInterruptFallingEdge 
000043db  selectPinInterruptBothEdges   
00004431  selectPinInterruptHighLevel   
0000446b  selectPinInterruptLowLevel    
000044a5  enablePinInterrupt            
000044c9  disablePinInterrupt           
000044ed  clearPinInterrupt             
00004511  setPinValue                   
00004537  togglePinValue                
0000455b  getPinValue                   
00004599  setPortValue                  
00004611  getPortValue                  
000046a1  enableEtherCs                 
000046b7  disableEtherCs                
000046c5  writeEtherReg                 
000046f9  readEtherReg                  
0000472b  setEtherReg                   
0000475f  clearEtherReg                 
00004793  setEtherBank                  
000047af  writeEtherPhy                 
000047e7  readEtherPhy                  
00004853  startEtherMemWrite            
00004865  writeEtherMem                 
00004879  stopEtherMemWrite             
00004881  startEtherMemRead             
00004893  readEtherMem                  
000048a3  stopEtherMemRead              
000048ab  initEther                     
00004a31  isEtherLinkUp                 
00004a4b  isEtherDataAvailable          
00004a65  isEtherOverflow               
00004a95  getEtherPacket                
00004b85  putEtherPacket                
00004c6b  htons                         
00004c8f  htonl                         
00004cbb  getEtherId                    
00004cc7  incEtherId                    
00004cd1  setEtherMacAddress            
00004d55  getEtherMacAddress            
00004db5  isIp                          
00004dfd  isIpUnicast                   
00004e5d  isEtherIpValid                
00004e83  setIpAddress                  
00004ebd  getIpAddress                  
00004ef7  setIpSubnetMask               
00004f31  getIpSubnetMask               
00004f6b  setIpGatewayAddress           
00004fa5  getIpGatewayAddress           
00004fdf  setIpDnsAddress               
00005019  getIpDnsAddress               
00005053  setIpTimeServerAddress        
0000508d  getIpTimeServerAddress        
000050c7  setIpMqttBrokerAddress        
00005105  getIpMqttBrokerAddress        
0000514d  sumIpWords                    
000051c1  getIpChecksum                 
000051f3  calcIpChecksum                
00005239  strtod                        
00005239  strtold                       
00005699  isUdp                         
00005741  getUdpData                    
0000576d  getUdpMessageSocket           
00005817  sendUdpMessage                
00005a11  initTimer                     
00005ab1  startOneshotTimer             
00005b37  startPeriodicTimer            
00005bbd  stopTimer                     
00005c23  restartTimer                  
00005c91  tickIsr                       
00005d0b  random32                      
00005d49  isArpRequest                  
00005ded  isArpResponse                 
00005e41  sendArpResponse               
00005f1f  sendArpRequest                
000062ad  ipHandlerTx                   
00006309  ipHandlerRx                   
000063df  setIpMqttMacBrokerAddress     
00006419  getIpCurrentEventStatus       
0000641f  arpRespTimeoutCb              
00006427  isIpArpResponse               
000064f5  strtoll                       
000068a1  __aeabi_dsub                  
000068ab  __aeabi_dadd                  
00006a57  __aeabi_idiv0                 
00006a57  __aeabi_ldiv0                 
00006a59  initSpi0                      
00006af5  setSpi0BaudRate               
00006b2b  setSpi0Mode                   
00006b79  writeSpi0Data                 
00006b91  readSpi0Data                  
00006bb9  strtoull                      
00006d15  isPingRequest                 
00006d59  sendPingResponse              
00006fa5  __aeabi_ddiv                  
000070dd  strtol                        
0000720d  initUart0                     
00007257  setUart0BaudRate              
0000729b  putcUart0                     
000072b7  putsUart0                     
000072e3  getcUart0                     
000072f7  kbhitUart0                    
00007459  ldexp                         
00007459  ldexpl                        
00007459  scalbn                        
00007459  scalbnl                       
00007569  strtoul                       
00007679  __aeabi_dmul                  
00007827  __aeabi_memcpy                
00007827  __aeabi_memcpy4               
00007827  __aeabi_memcpy8               
00007827  memcpy                        
000078c3  __aeabi_uldivmod              
00007959  __aeabi_cdcmpeq               
00007959  __aeabi_cdcmple               
000079df  __aeabi_cdrcmple              
00007a65  initEeprom                    
00007a7b  writeEeprom                   
00007aad  readEeprom                    
00007ae9  __aeabi_memclr                
00007ae9  __aeabi_memclr4               
00007ae9  __aeabi_memclr8               
00007aeb  __aeabi_memset                
00007aeb  __aeabi_memset4               
00007aeb  __aeabi_memset8               
00007af1  memset                        
00007bd1  __aeabi_d2f                   
00007ca9  __TI_decompress_lzss          
00007d11  frexp                         
00007d11  frexpl                        
00007dcb  __TI_ltoa                     
00007e71  atoi                          
00007ebd  snprintf                      
00007f09  __aeabi_d2iz                  
00007f51  __TI_auto_init_nobinit_nopinit
00007f95  strtok                        
00008015  sscanf                        
0000804d  _c_int00_noargs               
00008081  rand                          
000080e5  __aeabi_i2d                   
00008113  strspn                        
0000813d  srand                         
00008161  strcspn                       
00008185  waitMicrosecond               
000081a9  __TI_zero_init_nomemset       
000081c5  memccpy                       
000081e1  copysign                      
000081e1  copysignl                     
00008213  __aeabi_lmul                  
0000822b  strcmp                        
00008243  strrchr                       
0000825b  strchr                        
00008271  strcpy                        
00008285  strlen                        
000082ab  wcslen                        
000082bd  initSystemClockTo40Mhz        
000082cd  tolower                       
000082dd  __TI_decompress_none          
000082eb  ResetISR                      
000082f9  __aeabi_errno_addr            
00008309  _system_pre_init              
0000830d  C$$EXIT                       
0000830d  abort                         
00008310  _ctypes_                      
00008510  __TI_Handler_Table_Base       
0000851c  __TI_Handler_Table_Limit      
00008528  __TI_CINIT_Base               
00008538  __TI_CINIT_Limit              
20000000  __stack                       
20000000  __start___llvm_prf_cnts       
20000000  __stop___llvm_prf_cnts        
20000200  __STACK_TOP                   
20002000  __STACK_END                   
20002000  strInput                      
20002054  fn                            
2000207c  period                        
200020a4  ticks                         
200020cc  reload                        
200020d8  token                         
20002142  count                         
20002144  socketConns                   
2000216c  _lock                         
20002170  _unlock                       
20002174  hwAddress                     
2000217a  ipAddress                     
2000217e  ipDnsAddress                  
20002182  ipGwAddress                   
20002186  ipSubnetMask                  
2000218a  ipTimeServerAddress           
20002190  errno                         
2000219c  nextPacketLsb                 
2000219d  nextPacketMsb                 
2000219e  sequenceId                    
2000219f  initiateArpRequest            
200021a0  ipEventIcb                    
200021a2  mqttPktId                     
ffffffff  __TI_pprof_out_hndl           
ffffffff  __TI_prof_data_size           
ffffffff  __TI_prof_data_start          
ffffffff  __binit__                     
ffffffff  __c_args__                    
ffffffff  binit                         
UNDEFED   __mpu_init                    
UNDEFED   _system_post_cinit            

[268 symbols]
