******************************************************************************
                  TI ARM Linker Unix v20.2.7                   
******************************************************************************
>> Linked Sat Mar  4 13:02:30 2023

OUTPUT FILE NAME:   <IOT_Project1.out>
ENTRY POINT SYMBOL: "_c_int00_noargs"  address: 0000842d


MEMORY CONFIGURATION

         name            origin    length      used     unused   attr    fill
----------------------  --------  ---------  --------  --------  ----  --------
  FLASH                 00000000   00040000  00008918  000376e8  R  X
  SRAM                  20000000   00008000  000021fd  00005e03  RW X


SEGMENT ALLOCATION MAP

run origin  load origin   length   init length attrs members
----------  ----------- ---------- ----------- ----- -------
00000000    00000000    00008918   00008918    r-x
  00000000    00000000    0000026c   0000026c    r-- .intvecs
  0000026c    0000026c    00008484   00008484    r-x .text
  000086f0    000086f0    000001e0   000001e0    r-- .const
  000088d0    000088d0    00000048   00000048    r-- .cinit
20000000    20000000    00002200   00000000    rw-
  20000000    20000000    00002000   00000000    rw- .stack
  20002000    20002000    00000121   00000000    rw- .data
  20002124    20002124    000000dc   00000000    rw- .bss


SECTION ALLOCATION MAP

 output                                  attributes/
section   page    origin      length       input sections
--------  ----  ----------  ----------   ----------------
.intvecs   0    00000000    0000026c     
                  00000000    0000026c     tm4c123gh6pm_startup_ccs.obj (.intvecs)

.text      0    0000026c    00008484     
                  0000026c    000012f4     tcp.obj (.text)
                  00001560    00000d04     mqtt.obj (.text)
                  00002264    00000b14     rtsv7M4_T_le_v4SPD16_eabi.lib : _scanfi.c.obj (.text:__TI_scanfi)
                  00002d78    00000ab0     ethernet.obj (.text)
                  00003828    00000a4e     rtsv7M4_T_le_v4SPD16_eabi.lib : _printfi.c.obj (.text:__TI_printfi)
                  00004276    00000002                                   : _lock.c.obj (.text:_nop)
                  00004278    00000808     gpio.obj (.text)
                  00004a80    00000714     eth0.obj (.text)
                  00005194    00000484     ip.obj (.text)
                  00005618    00000460     rtsv7M4_T_le_v4SPD16_eabi.lib : strtod.c.obj (.text:strtod)
                  00005a78    00000378     udp.obj (.text)
                  00005df0    00000338     timer.obj (.text)
                  00006128    000002f4     arp.obj (.text)
                  0000641c    00000270     rtsv7M4_T_le_v4SPD16_eabi.lib : _printfi.c.obj (.text:_pconv_a)
                  0000668c    00000248     ip_custom_layer.obj (.text)
                  000068d4    000001dc     rtsv7M4_T_le_v4SPD16_eabi.lib : strtoll.c.obj (.text:strtoll)
                  00006ab0    000001d0                                   : _printfi.c.obj (.text:_pconv_g)
                  00006c80    000001b6                                   : fd_add_t2.asm.obj (.text)
                  00006e36    00000002                                   : div0.asm.obj (.text)
                  00006e38    00000160     spi0.obj (.text)
                  00006f98    0000015c     rtsv7M4_T_le_v4SPD16_eabi.lib : strtoull.c.obj (.text:strtoull)
                  000070f4    00000154     icmp.obj (.text)
                  00007248    0000013c     rtsv7M4_T_le_v4SPD16_eabi.lib : _printfi.c.obj (.text:_pconv_e)
                  00007384    00000136                                   : fd_div_t2.asm.obj (.text)
                  000074ba    00000002     --HOLE-- [fill = 0]
                  000074bc    00000130                                   : strtol.c.obj (.text:strtol)
                  000075ec    00000128     uart0.obj (.text)
                  00007714    00000124     rtsv7M4_T_le_v4SPD16_eabi.lib : _printfi.c.obj (.text:fcvt)
                  00007838    00000110                                   : s_scalbn.c.obj (.text:scalbn)
                  00007948    00000110                                   : strtoul.c.obj (.text:strtoul)
                  00007a58    000000fc                                   : fd_mul_t2.asm.obj (.text)
                  00007b54    000000b1                                   : _printfi.c.obj (.text:_ltostr)
                  00007c05    00000001     --HOLE-- [fill = 0]
                  00007c06    0000009c                                   : memcpy_t2.asm.obj (.text)
                  00007ca2    00000096                                   : ull_div_t2.asm.obj (.text)
                  00007d38    00000086                                   : fd_cmp_t2.asm.obj (.text:__aeabi_cdcmple)
                  00007dbe    00000086                                   : fd_cmp_t2.asm.obj (.text:__aeabi_cdrcmple)
                  00007e44    00000084     eeprom.obj (.text)
                  00007ec8    0000007a     rtsv7M4_T_le_v4SPD16_eabi.lib : memset_t2.asm.obj (.text)
                  00007f42    0000006e                                   : _printfi.c.obj (.text:_mcpy)
                  00007fb0    0000006e                                   : fd_tos_t2.asm.obj (.text)
                  0000801e    00000002     --HOLE-- [fill = 0]
                  00008020    00000068                                   : sscanf.c.obj (.text:_chkmbc)
                  00008088    00000068                                   : copy_decompress_lzss.c.obj (.text:decompress:lzss:__TI_decompress_lzss)
                  000080f0    00000064                                   : s_frexp.c.obj (.text:frexp)
                  00008154    00000056                                   : _printfi.c.obj (.text:_pconv_f)
                  000081aa    00000054                                   : _ltoa.c.obj (.text:__TI_ltoa)
                  000081fe    00000052                                   : _printfi.c.obj (.text:_ecpy)
                  00008250    0000004c                                   : atoi.c.obj (.text:atoi)
                  0000829c    0000004c                                   : snprintf.c.obj (.text:snprintf)
                  000082e8    00000048                                   : fd_toi_t2.asm.obj (.text)
                  00008330    00000044                                   : autoinit.c.obj (.text:__TI_auto_init_nobinit_nopinit:__TI_auto_init_nobinit_nopinit)
                  00008374    00000040                                   : strtok.c.obj (.text:strtok)
                  000083b4    0000003e                                   : _printfi.c.obj (.text:_fcpy)
                  000083f2    00000002     --HOLE-- [fill = 0]
                  000083f4    00000038                                   : sscanf.c.obj (.text:sscanf)
                  0000842c    00000034                                   : boot_cortex_m.c.obj (.text:_c_int00_noargs:_c_int00_noargs)
                  00008460    00000034                                   : rand.c.obj (.text:rand)
                  00008494    00000030                                   : snprintf.c.obj (.text:_outs)
                  000084c4    0000002e                                   : i_tofd_t2.asm.obj (.text)
                  000084f2    0000002a                                   : strspn.c.obj (.text:strspn)
                  0000851c    00000024                                   : rand.c.obj (.text:srand)
                  00008540    00000024                                   : strcspn.c.obj (.text:strcspn)
                  00008564    00000024     wait.obj (.text)
                  00008588    0000001c     rtsv7M4_T_le_v4SPD16_eabi.lib : copy_zero_init.c.obj (.text:decompress:ZI:__TI_zero_init_nomemset:__TI_zero_init_nomemset)
                  000085a4    0000001c                                   : memccpy.c.obj (.text:memccpy)
                  000085c0    0000001a                                   : s_copysign.c.obj (.text:copysign)
                  000085da    00000018                                   : snprintf.c.obj (.text:_outc)
                  000085f2    00000018                                   : ll_mul_t2.asm.obj (.text)
                  0000860a    00000018                                   : strcmp.c.obj (.text:strcmp)
                  00008622    00000018                                   : strrchr.c.obj (.text:strrchr)
                  0000863a    00000016                                   : strchr.c.obj (.text:strchr)
                  00008650    00000014                                   : strcpy.c.obj (.text:strcpy)
                  00008664    00000014                                   : strlen.c.obj (.text:strlen)
                  00008678    00000012                                   : sscanf.c.obj (.text:_inpchar)
                  0000868a    00000012                                   : wcslen.c.obj (.text:wcslen)
                  0000869c    00000010     clock.obj (.text)
                  000086ac    00000010     rtsv7M4_T_le_v4SPD16_eabi.lib : tolower.c.obj (.text:tolower)
                  000086bc    0000000e                                   : copy_decompress_none.c.obj (.text:decompress:none:__TI_decompress_none)
                  000086ca    0000000c     tm4c123gh6pm_startup_ccs.obj (.text)
                  000086d6    00000002     --HOLE-- [fill = 0]
                  000086d8    00000008     rtsv7M4_T_le_v4SPD16_eabi.lib : errno.c.obj (.text:__aeabi_errno_addr)
                  000086e0    00000008                                   : sscanf.c.obj (.text:_uninpchar)
                  000086e8    00000004                                   : pre_init.c.obj (.text:_system_pre_init)
                  000086ec    00000004                                   : exit.c.obj (.text:abort:abort)

.const     0    000086f0    000001e0     
                  000086f0    00000101     rtsv7M4_T_le_v4SPD16_eabi.lib : ctype.c.obj (.const:.string:_ctypes_)
                  000087f1    00000007     --HOLE-- [fill = 0]
                  000087f8    000000c8                                   : strtod.c.obj (.const:$O1$$)
                  000088c0    00000010                                   : _scanfi.c.obj (.const:$O1$$)

.cinit     0    000088d0    00000048     
                  000088d0    0000001e     (.cinit..data.load) [load image, compression = lzss]
                  000088ee    00000002     --HOLE-- [fill = 0]
                  000088f0    0000000c     (__TI_handler_table)
                  000088fc    00000004     --HOLE-- [fill = 0]
                  00008900    00000008     (.cinit..bss.load) [load image, compression = zero_init]
                  00008908    00000010     (__TI_cinit_table)

.init_array 
*          0    00000000    00000000     UNINITIALIZED

.data      0    20002000    00000121     UNINITIALIZED
                  20002000    00000082     mqtt.obj (.data:mqttMcb)
                  20002082    0000003e     mqtt.obj (.data:mqttRxBuffer)
                  200020c0    0000001c     tcp.obj (.data:socketConns)
                  200020dc    0000000a     tcp.obj (.data)
                  200020e6    00000001     ethernet.obj (.data)
                  200020e7    00000001     --HOLE--
                  200020e8    00000008     rtsv7M4_T_le_v4SPD16_eabi.lib : _lock.c.obj (.data:$O1$$)
                  200020f0    00000006     eth0.obj (.data:hwAddress)
                  200020f6    00000004     ip.obj (.data:ipAddress)
                  200020fa    00000004     ip.obj (.data:ipDnsAddress)
                  200020fe    00000004     ip.obj (.data:ipGwAddress)
                  20002102    00000004     ip.obj (.data:ipSubnetMask)
                  20002106    00000004     ip.obj (.data:ipTimeServerAddress)
                  2000210a    00000002     --HOLE--
                  2000210c    00000004     rtsv7M4_T_le_v4SPD16_eabi.lib : errno.c.obj (.data)
                  20002110    00000004                                   : rand.c.obj (.data)
                  20002114    00000004                                   : strtok.c.obj (.data)
                  20002118    00000003     eth0.obj (.data)
                  2000211b    00000003     ip_custom_layer.obj (.data)
                  2000211e    00000003     mqtt.obj (.data)

.bss       0    20002124    000000dc     UNINITIALIZED
                  20002124    00000054     (.common:strInput)
                  20002178    00000028     (.common:fn)
                  200021a0    00000028     (.common:period)
                  200021c8    00000028     (.common:ticks)
                  200021f0    0000000c     (.common:reload)
                  200021fc    00000004     (.common:token)

.stack     0    20000000    00002000     UNINITIALIZED
                  20000000    00000004     rtsv7M4_T_le_v4SPD16_eabi.lib : boot_cortex_m.c.obj (.stack)
                  20000004    00001ffc     --HOLE--

__llvm_prf_cnts 
*          0    20000000    00000000     UNINITIALIZED

MODULE SUMMARY

       Module                         code    ro data   rw data
       ------                         ----    -------   -------
    ./
       tcp.obj                        4852    0         38     
       mqtt.obj                       3332    0         195    
       ethernet.obj                   2736    0         89     
       gpio.obj                       2056    0         0      
       eth0.obj                       1812    0         9      
       ip.obj                         1156    0         20     
       timer.obj                      824     0         132    
       udp.obj                        888     0         0      
       arp.obj                        756     0         0      
       tm4c123gh6pm_startup_ccs.obj   12      620       0      
       ip_custom_layer.obj            584     0         3      
       spi0.obj                       352     0         0      
       icmp.obj                       340     0         0      
       uart0.obj                      296     0         0      
       eeprom.obj                     132     0         0      
       wait.obj                       36      0         0      
       clock.obj                      16      0         0      
    +--+------------------------------+-------+---------+---------+
       Total:                         20180   620       486    
                                                               
    /home/sadhan/ti/ccs1210/ccs/tools/compiler/ti-cgt-arm_20.2.7.LTS/lib/rtsv7M4_T_le_v4SPD16_eabi.lib
       _printfi.c.obj                 4851    0         0      
       _scanfi.c.obj                  2836    16        0      
       strtod.c.obj                   1120    200       0      
       strtoll.c.obj                  476     0         0      
       fd_add_t2.asm.obj              438     0         0      
       strtoull.c.obj                 348     0         0      
       fd_div_t2.asm.obj              310     0         0      
       strtol.c.obj                   304     0         0      
       s_scalbn.c.obj                 272     0         0      
       strtoul.c.obj                  272     0         0      
       fd_cmp_t2.asm.obj              268     0         0      
       ctype.c.obj                    0       257       0      
       fd_mul_t2.asm.obj              252     0         0      
       sscanf.c.obj                   186     0         0      
       memcpy_t2.asm.obj              156     0         0      
       ull_div_t2.asm.obj             150     0         0      
       snprintf.c.obj                 148     0         0      
       memset_t2.asm.obj              122     0         0      
       fd_tos_t2.asm.obj              110     0         0      
       copy_decompress_lzss.c.obj     104     0         0      
       s_frexp.c.obj                  100     0         0      
       rand.c.obj                     88      0         4      
       _ltoa.c.obj                    84      0         0      
       atoi.c.obj                     76      0         0      
       fd_toi_t2.asm.obj              72      0         0      
       autoinit.c.obj                 68      0         0      
       strtok.c.obj                   64      0         4      
       boot_cortex_m.c.obj            52      0         0      
       i_tofd_t2.asm.obj              46      0         0      
       strspn.c.obj                   42      0         0      
       strcspn.c.obj                  36      0         0      
       copy_zero_init.c.obj           28      0         0      
       memccpy.c.obj                  28      0         0      
       s_copysign.c.obj               26      0         0      
       ll_mul_t2.asm.obj              24      0         0      
       strcmp.c.obj                   24      0         0      
       strrchr.c.obj                  24      0         0      
       strchr.c.obj                   22      0         0      
       strcpy.c.obj                   20      0         0      
       strlen.c.obj                   20      0         0      
       wcslen.c.obj                   18      0         0      
       tolower.c.obj                  16      0         0      
       copy_decompress_none.c.obj     14      0         0      
       errno.c.obj                    8       0         4      
       _lock.c.obj                    2       0         8      
       exit.c.obj                     4       0         0      
       pre_init.c.obj                 4       0         0      
       div0.asm.obj                   2       0         0      
    +--+------------------------------+-------+---------+---------+
       Total:                         13735   473       20     
                                                               
       Stack:                         0       0         8192   
       Linker Generated:              0       66        0      
    +--+------------------------------+-------+---------+---------+
       Grand Total:                   33915   1159      8698   


LINKER GENERATED COPY TABLES

__TI_cinit_table @ 00008908 records: 2, size/record: 8, table size: 16
	.data: load addr=000088d0, load size=0000001e bytes, run addr=20002000, run size=00000121 bytes, compression=lzss
	.bss: load addr=00008900, load size=00000008 bytes, run addr=20002124, run size=000000dc bytes, compression=zero_init


LINKER GENERATED HANDLER TABLE

__TI_handler_table @ 000088f0 records: 3, size/record: 4, table size: 12
	index: 0, handler: __TI_decompress_lzss
	index: 1, handler: __TI_decompress_none
	index: 2, handler: __TI_zero_init


GLOBAL SYMBOLS: SORTED ALPHABETICALLY BY Name 

address   name                          
-------   ----                          
000086ed  C$$EXIT                       
000086cb  ResetISR                      
20002000  __STACK_END                   
00002000  __STACK_SIZE                  
20000200  __STACK_TOP                   
00008908  __TI_CINIT_Base               
00008918  __TI_CINIT_Limit              
000088f0  __TI_Handler_Table_Base       
000088fc  __TI_Handler_Table_Limit      
00008331  __TI_auto_init_nobinit_nopinit
00008089  __TI_decompress_lzss          
000086bd  __TI_decompress_none          
000081ab  __TI_ltoa                     
ffffffff  __TI_pprof_out_hndl           
00003829  __TI_printfi                  
ffffffff  __TI_prof_data_size           
ffffffff  __TI_prof_data_start          
00002265  __TI_scanfi                   
00000000  __TI_static_base__            
00008589  __TI_zero_init_nomemset       
00007d39  __aeabi_cdcmpeq               
00007d39  __aeabi_cdcmple               
00007dbf  __aeabi_cdrcmple              
00007fb1  __aeabi_d2f                   
000082e9  __aeabi_d2iz                  
00006c8b  __aeabi_dadd                  
00007385  __aeabi_ddiv                  
00007a59  __aeabi_dmul                  
00006c81  __aeabi_dsub                  
000086d9  __aeabi_errno_addr            
000084c5  __aeabi_i2d                   
00006e37  __aeabi_idiv0                 
00006e37  __aeabi_ldiv0                 
000085f3  __aeabi_lmul                  
00007ec9  __aeabi_memclr                
00007ec9  __aeabi_memclr4               
00007ec9  __aeabi_memclr8               
00007c07  __aeabi_memcpy                
00007c07  __aeabi_memcpy4               
00007c07  __aeabi_memcpy8               
00007ecb  __aeabi_memset                
00007ecb  __aeabi_memset4               
00007ecb  __aeabi_memset8               
00007ca3  __aeabi_uldivmod              
ffffffff  __binit__                     
ffffffff  __c_args__                    
UNDEFED   __mpu_init                    
20000000  __stack                       
20000000  __start___llvm_prf_cnts       
20000000  __stop___llvm_prf_cnts        
0000842d  _c_int00_noargs               
000086f0  _ctypes_                      
200020e8  _lock                         
00004277  _nop                          
UNDEFED   _system_post_cinit            
000086e9  _system_pre_init              
200020ec  _unlock                       
000086ed  abort                         
00003757  appInit                       
000067ff  arpRespTimeoutCb              
000030f9  asciiToUint8                  
00008251  atoi                          
ffffffff  binit                         
000055d3  calcIpChecksum                
00004b3f  clearEtherReg                 
000048cd  clearPinInterrupt             
000085c1  copysign                      
000085c1  copysignl                     
200020e6  count                         
00004a97  disableEtherCs                
000048a9  disablePinInterrupt           
000045e1  disablePinPulldown            
00004599  disablePinPullup              
00004335  disablePort                   
00002db5  displayConnectionInfo         
00004a81  enableEtherCs                 
00004885  enablePinInterrupt            
000045bd  enablePinPulldown             
0000456b  enablePinPullup               
00004279  enablePort                    
2000210c  errno                         
20002178  fn                            
000080f1  frexp                         
000080f1  frexpl                        
00000000  g_pfnVectors                  
000003f7  genRandNum                    
0000509b  getEtherId                    
00005135  getEtherMacAddress            
00004e75  getEtherPacket                
0000529d  getIpAddress                  
000055a1  getIpChecksum                 
000067f9  getIpCurrentEventStatus       
000053f9  getIpDnsAddress               
00005385  getIpGatewayAddress           
000054e5  getIpMqttBrokerAddress        
00005311  getIpSubnetMask               
0000546d  getIpTimeServerAddress        
0000493b  getPinValue                   
000049f1  getPortValue                  
00000899  getTcpCurrState               
0000033f  getTcpData                    
0000036b  getTcpHeader                  
00000971  getTcpMessageSocket           
000008b3  getTcpSegmentLength           
00005b21  getUdpData                    
00005b4d  getUdpMessageSocket           
000076c3  getcUart0                     
0000506f  htonl                         
0000504b  htons                         
200020f0  hwAddress                     
000050a7  incEtherId                    
00007e45  initEeprom                    
00004c8b  initEther                     
00002d79  initHw                        
00006e39  initSpi0                      
0000869d  initSystemClockTo40Mhz        
00005df1  initTimer                     
000075ed  initUart0                     
2000211b  initiateArpRequest            
200020e0  initiateFin                   
200020f6  ipAddress                     
200020fa  ipDnsAddress                  
2000211c  ipEventIcb                    
200020fe  ipGwAddress                   
000066e9  ipHandlerRx                   
0000668d  ipHandlerTx                   
20002102  ipSubnetMask                  
20002106  ipTimeServerAddress           
00006129  isArpRequest                  
000061cd  isArpResponse                 
00004e2b  isEtherDataAvailable          
0000523d  isEtherIpValid                
00004e11  isEtherLinkUp                 
00004e45  isEtherOverflow               
00005195  isIp                          
00006807  isIpArpResponse               
000051dd  isIpUnicast                   
00002059  isMqtt                        
000070f5  isPingRequest                 
0000026d  isTcp                         
00005a79  isUdp                         
000076d7  kbhitUart0                    
00007839  ldexp                         
00007839  ldexpl                        
000035eb  main                          
000085a5  memccpy                       
00007c07  memcpy                        
00007ed1  memset                        
000018cd  mqttConnect                   
000019ed  mqttDisConnect                
00001ff1  mqttGetTxData                 
00001fd7  mqttGetTxStatus               
00001c35  mqttHandler                   
0000212d  mqttInit                      
00001bdf  mqttLogConnectEvent           
00001c05  mqttLogDisConnectEvent        
00001a4d  mqttLogPublishEvent           
00001b17  mqttLogSubscribeEvent         
00001b7b  mqttLogUnSubscribeEvent       
2000211e  mqttPktId                     
00001561  mqttPublish                   
000020d7  mqttSetRxData                 
00001fdd  mqttSetTxStatus               
000016a9  mqttSubscribe                 
000017bf  mqttUnSubscribe               
20002118  nextPacketLsb                 
20002119  nextPacketMsb                 
200021a0  period                        
000031ab  processShell                  
00004f65  putEtherPacket                
0000767b  putcUart0                     
00007697  putsUart0                     
00008461  rand                          
000060eb  random32                      
00003045  readConfiguration             
00007e8d  readEeprom                    
00004c73  readEtherMem                  
00004bc7  readEtherPhy                  
00004ad9  readEtherReg                  
00006f71  readSpi0Data                  
200021f0  reload                        
00006003  restartTimer                  
00007839  scalbn                        
00007839  scalbnl                       
0000449f  selectPinAnalogInput          
00004451  selectPinDigitalInput         
000047bb  selectPinInterruptBothEdges   
0000476b  selectPinInterruptFallingEdge 
00004811  selectPinInterruptHighLevel   
0000484b  selectPinInterruptLowLevel    
0000471b  selectPinInterruptRisingEdge  
00004403  selectPinOpenDrainOutput      
000043b5  selectPinPushPullOutput       
000062ff  sendArpRequest                
00006221  sendArpResponse               
00007139  sendPingResponse              
00005bf7  sendUdpMessage                
2000211a  sequenceId                    
00004b73  setEtherBank                  
000050b1  setEtherMacAddress            
00004b0b  setEtherReg                   
00005263  setIpAddress                  
000053bf  setIpDnsAddress               
0000534b  setIpGatewayAddress           
000054a7  setIpMqttBrokerAddress        
000067bf  setIpMqttMacBrokerAddress     
000052d7  setIpSubnetMask               
00005433  setIpTimeServerAddress        
00004609  setPinAuxFunction             
000044ef  setPinCommitControl           
000048f1  setPinValue                   
00004979  setPortValue                  
00006ed5  setSpi0BaudRate               
00006f0b  setSpi0Mode                   
00007637  setUart0BaudRate              
0000829d  snprintf                      
200020c0  socketConns                   
0000851d  srand                         
000083f5  sscanf                        
00004c61  startEtherMemRead             
00004c33  startEtherMemWrite            
00005e91  startOneshotTimer             
00005f17  startPeriodicTimer            
00004c83  stopEtherMemRead              
00004c59  stopEtherMemWrite             
00005f9d  stopTimer                     
20002124  strInput                      
0000863b  strchr                        
0000860b  strcmp                        
00008651  strcpy                        
00008541  strcspn                       
00008665  strlen                        
00008623  strrchr                       
000084f3  strspn                        
00005619  strtod                        
00008375  strtok                        
000074bd  strtol                        
00005619  strtold                       
000068d5  strtoll                       
00007949  strtoul                       
00006f99  strtoull                      
0000552d  sumIpWords                    
0000087d  tcpConnect                    
0000115d  tcpCreateSocket               
0000052d  tcpFsmStateMachineClient      
00000435  tcpGetMatchingSocket          
00001185  tcpHandleRwTransactions       
0000040f  tcpHandlerRx                  
000004d5  tcpHandlerTx                  
000003dd  tcpHeaderSize                 
000003b9  tcpIsAck                      
00000395  tcpIsSyn                      
00000cdb  tcpSendAck                    
00000f27  tcpSendFin                    
00001281  tcpSendSegment                
00000abd  tcpSendSyn                    
0000051d  tcpSendTimerCb                
0000150d  tcpValidChecks                
00006071  tickIsr                       
200021c8  ticks                         
00004917  togglePinValue                
200021fc  token                         
000086ad  tolower                       
00008565  waitMicrosecond               
0000868b  wcslen                        
00007e5b  writeEeprom                   
00004c45  writeEtherMem                 
00004b8f  writeEtherPhy                 
00004aa5  writeEtherReg                 
00006f59  writeSpi0Data                 


GLOBAL SYMBOLS: SORTED BY Symbol Address 

address   name                          
-------   ----                          
00000000  __TI_static_base__            
00000000  g_pfnVectors                  
0000026d  isTcp                         
0000033f  getTcpData                    
0000036b  getTcpHeader                  
00000395  tcpIsSyn                      
000003b9  tcpIsAck                      
000003dd  tcpHeaderSize                 
000003f7  genRandNum                    
0000040f  tcpHandlerRx                  
00000435  tcpGetMatchingSocket          
000004d5  tcpHandlerTx                  
0000051d  tcpSendTimerCb                
0000052d  tcpFsmStateMachineClient      
0000087d  tcpConnect                    
00000899  getTcpCurrState               
000008b3  getTcpSegmentLength           
00000971  getTcpMessageSocket           
00000abd  tcpSendSyn                    
00000cdb  tcpSendAck                    
00000f27  tcpSendFin                    
0000115d  tcpCreateSocket               
00001185  tcpHandleRwTransactions       
00001281  tcpSendSegment                
0000150d  tcpValidChecks                
00001561  mqttPublish                   
000016a9  mqttSubscribe                 
000017bf  mqttUnSubscribe               
000018cd  mqttConnect                   
000019ed  mqttDisConnect                
00001a4d  mqttLogPublishEvent           
00001b17  mqttLogSubscribeEvent         
00001b7b  mqttLogUnSubscribeEvent       
00001bdf  mqttLogConnectEvent           
00001c05  mqttLogDisConnectEvent        
00001c35  mqttHandler                   
00001fd7  mqttGetTxStatus               
00001fdd  mqttSetTxStatus               
00001ff1  mqttGetTxData                 
00002000  __STACK_SIZE                  
00002059  isMqtt                        
000020d7  mqttSetRxData                 
0000212d  mqttInit                      
00002265  __TI_scanfi                   
00002d79  initHw                        
00002db5  displayConnectionInfo         
00003045  readConfiguration             
000030f9  asciiToUint8                  
000031ab  processShell                  
000035eb  main                          
00003757  appInit                       
00003829  __TI_printfi                  
00004277  _nop                          
00004279  enablePort                    
00004335  disablePort                   
000043b5  selectPinPushPullOutput       
00004403  selectPinOpenDrainOutput      
00004451  selectPinDigitalInput         
0000449f  selectPinAnalogInput          
000044ef  setPinCommitControl           
0000456b  enablePinPullup               
00004599  disablePinPullup              
000045bd  enablePinPulldown             
000045e1  disablePinPulldown            
00004609  setPinAuxFunction             
0000471b  selectPinInterruptRisingEdge  
0000476b  selectPinInterruptFallingEdge 
000047bb  selectPinInterruptBothEdges   
00004811  selectPinInterruptHighLevel   
0000484b  selectPinInterruptLowLevel    
00004885  enablePinInterrupt            
000048a9  disablePinInterrupt           
000048cd  clearPinInterrupt             
000048f1  setPinValue                   
00004917  togglePinValue                
0000493b  getPinValue                   
00004979  setPortValue                  
000049f1  getPortValue                  
00004a81  enableEtherCs                 
00004a97  disableEtherCs                
00004aa5  writeEtherReg                 
00004ad9  readEtherReg                  
00004b0b  setEtherReg                   
00004b3f  clearEtherReg                 
00004b73  setEtherBank                  
00004b8f  writeEtherPhy                 
00004bc7  readEtherPhy                  
00004c33  startEtherMemWrite            
00004c45  writeEtherMem                 
00004c59  stopEtherMemWrite             
00004c61  startEtherMemRead             
00004c73  readEtherMem                  
00004c83  stopEtherMemRead              
00004c8b  initEther                     
00004e11  isEtherLinkUp                 
00004e2b  isEtherDataAvailable          
00004e45  isEtherOverflow               
00004e75  getEtherPacket                
00004f65  putEtherPacket                
0000504b  htons                         
0000506f  htonl                         
0000509b  getEtherId                    
000050a7  incEtherId                    
000050b1  setEtherMacAddress            
00005135  getEtherMacAddress            
00005195  isIp                          
000051dd  isIpUnicast                   
0000523d  isEtherIpValid                
00005263  setIpAddress                  
0000529d  getIpAddress                  
000052d7  setIpSubnetMask               
00005311  getIpSubnetMask               
0000534b  setIpGatewayAddress           
00005385  getIpGatewayAddress           
000053bf  setIpDnsAddress               
000053f9  getIpDnsAddress               
00005433  setIpTimeServerAddress        
0000546d  getIpTimeServerAddress        
000054a7  setIpMqttBrokerAddress        
000054e5  getIpMqttBrokerAddress        
0000552d  sumIpWords                    
000055a1  getIpChecksum                 
000055d3  calcIpChecksum                
00005619  strtod                        
00005619  strtold                       
00005a79  isUdp                         
00005b21  getUdpData                    
00005b4d  getUdpMessageSocket           
00005bf7  sendUdpMessage                
00005df1  initTimer                     
00005e91  startOneshotTimer             
00005f17  startPeriodicTimer            
00005f9d  stopTimer                     
00006003  restartTimer                  
00006071  tickIsr                       
000060eb  random32                      
00006129  isArpRequest                  
000061cd  isArpResponse                 
00006221  sendArpResponse               
000062ff  sendArpRequest                
0000668d  ipHandlerTx                   
000066e9  ipHandlerRx                   
000067bf  setIpMqttMacBrokerAddress     
000067f9  getIpCurrentEventStatus       
000067ff  arpRespTimeoutCb              
00006807  isIpArpResponse               
000068d5  strtoll                       
00006c81  __aeabi_dsub                  
00006c8b  __aeabi_dadd                  
00006e37  __aeabi_idiv0                 
00006e37  __aeabi_ldiv0                 
00006e39  initSpi0                      
00006ed5  setSpi0BaudRate               
00006f0b  setSpi0Mode                   
00006f59  writeSpi0Data                 
00006f71  readSpi0Data                  
00006f99  strtoull                      
000070f5  isPingRequest                 
00007139  sendPingResponse              
00007385  __aeabi_ddiv                  
000074bd  strtol                        
000075ed  initUart0                     
00007637  setUart0BaudRate              
0000767b  putcUart0                     
00007697  putsUart0                     
000076c3  getcUart0                     
000076d7  kbhitUart0                    
00007839  ldexp                         
00007839  ldexpl                        
00007839  scalbn                        
00007839  scalbnl                       
00007949  strtoul                       
00007a59  __aeabi_dmul                  
00007c07  __aeabi_memcpy                
00007c07  __aeabi_memcpy4               
00007c07  __aeabi_memcpy8               
00007c07  memcpy                        
00007ca3  __aeabi_uldivmod              
00007d39  __aeabi_cdcmpeq               
00007d39  __aeabi_cdcmple               
00007dbf  __aeabi_cdrcmple              
00007e45  initEeprom                    
00007e5b  writeEeprom                   
00007e8d  readEeprom                    
00007ec9  __aeabi_memclr                
00007ec9  __aeabi_memclr4               
00007ec9  __aeabi_memclr8               
00007ecb  __aeabi_memset                
00007ecb  __aeabi_memset4               
00007ecb  __aeabi_memset8               
00007ed1  memset                        
00007fb1  __aeabi_d2f                   
00008089  __TI_decompress_lzss          
000080f1  frexp                         
000080f1  frexpl                        
000081ab  __TI_ltoa                     
00008251  atoi                          
0000829d  snprintf                      
000082e9  __aeabi_d2iz                  
00008331  __TI_auto_init_nobinit_nopinit
00008375  strtok                        
000083f5  sscanf                        
0000842d  _c_int00_noargs               
00008461  rand                          
000084c5  __aeabi_i2d                   
000084f3  strspn                        
0000851d  srand                         
00008541  strcspn                       
00008565  waitMicrosecond               
00008589  __TI_zero_init_nomemset       
000085a5  memccpy                       
000085c1  copysign                      
000085c1  copysignl                     
000085f3  __aeabi_lmul                  
0000860b  strcmp                        
00008623  strrchr                       
0000863b  strchr                        
00008651  strcpy                        
00008665  strlen                        
0000868b  wcslen                        
0000869d  initSystemClockTo40Mhz        
000086ad  tolower                       
000086bd  __TI_decompress_none          
000086cb  ResetISR                      
000086d9  __aeabi_errno_addr            
000086e9  _system_pre_init              
000086ed  C$$EXIT                       
000086ed  abort                         
000086f0  _ctypes_                      
000088f0  __TI_Handler_Table_Base       
000088fc  __TI_Handler_Table_Limit      
00008908  __TI_CINIT_Base               
00008918  __TI_CINIT_Limit              
20000000  __stack                       
20000000  __start___llvm_prf_cnts       
20000000  __stop___llvm_prf_cnts        
20000200  __STACK_TOP                   
20002000  __STACK_END                   
200020c0  socketConns                   
200020e0  initiateFin                   
200020e6  count                         
200020e8  _lock                         
200020ec  _unlock                       
200020f0  hwAddress                     
200020f6  ipAddress                     
200020fa  ipDnsAddress                  
200020fe  ipGwAddress                   
20002102  ipSubnetMask                  
20002106  ipTimeServerAddress           
2000210c  errno                         
20002118  nextPacketLsb                 
20002119  nextPacketMsb                 
2000211a  sequenceId                    
2000211b  initiateArpRequest            
2000211c  ipEventIcb                    
2000211e  mqttPktId                     
20002124  strInput                      
20002178  fn                            
200021a0  period                        
200021c8  ticks                         
200021f0  reload                        
200021fc  token                         
ffffffff  __TI_pprof_out_hndl           
ffffffff  __TI_prof_data_size           
ffffffff  __TI_prof_data_start          
ffffffff  __binit__                     
ffffffff  __c_args__                    
ffffffff  binit                         
UNDEFED   __mpu_init                    
UNDEFED   _system_post_cinit            

[270 symbols]
