******************************************************************************
                  TI ARM Linker Unix v20.2.7                   
******************************************************************************
>> Linked Mon Mar 13 23:23:05 2023

OUTPUT FILE NAME:   <IOT_Project1.out>
ENTRY POINT SYMBOL: "_c_int00_noargs"  address: 00008ed5


MEMORY CONFIGURATION

         name            origin    length      used     unused   attr    fill
----------------------  --------  ---------  --------  --------  ----  --------
  FLASH                 00000000   00040000  00009658  000369a8  R  X
  SRAM                  20000000   00008000  00002276  00005d8a  RW X


SEGMENT ALLOCATION MAP

run origin  load origin   length   init length attrs members
----------  ----------- ---------- ----------- ----- -------
00000000    00000000    00009658   00009658    r-x
  00000000    00000000    0000026c   0000026c    r-- .intvecs
  0000026c    0000026c    00008f2c   00008f2c    r-x .text
  00009198    00009198    00000420   00000420    r-- .const
  000095b8    000095b8    000000a0   000000a0    r-- .cinit
20000000    20000000    00002278   00000000    rw-
  20000000    20000000    00002000   00000000    rw- .stack
  20002000    20002000    0000019a   00000000    rw- .data
  2000219c    2000219c    000000dc   00000000    rw- .bss


SECTION ALLOCATION MAP

 output                                  attributes/
section   page    origin      length       input sections
--------  ----  ----------  ----------   ----------------
.intvecs   0    00000000    0000026c     
                  00000000    0000026c     tm4c123gh6pm_startup_ccs.obj (.intvecs)

.text      0    0000026c    00008f2c     
                  0000026c    000016d4     tcp.obj (.text)
                  00001940    00001378     mqtt.obj (.text)
                  00002cb8    00000b14     rtsv7M4_T_le_v4SPD16_eabi.lib : _scanfi.c.obj (.text:__TI_scanfi)
                  000037cc    00000ac8     ethernet.obj (.text)
                  00004294    00000a4e     rtsv7M4_T_le_v4SPD16_eabi.lib : _printfi.c.obj (.text:__TI_printfi)
                  00004ce2    00000002                                   : _lock.c.obj (.text:_nop)
                  00004ce4    00000808     gpio.obj (.text)
                  000054ec    00000714     eth0.obj (.text)
                  00005c00    00000488     ip.obj (.text)
                  00006088    00000460     rtsv7M4_T_le_v4SPD16_eabi.lib : strtod.c.obj (.text:strtod)
                  000064e8    00000378     udp.obj (.text)
                  00006860    00000338     timer.obj (.text)
                  00006b98    000002f4     arp.obj (.text)
                  00006e8c    00000270     rtsv7M4_T_le_v4SPD16_eabi.lib : _printfi.c.obj (.text:_pconv_a)
                  000070fc    00000248     ip_custom_layer.obj (.text)
                  00007344    000001dc     rtsv7M4_T_le_v4SPD16_eabi.lib : strtoll.c.obj (.text:strtoll)
                  00007520    000001d0                                   : _printfi.c.obj (.text:_pconv_g)
                  000076f0    000001b6                                   : fd_add_t2.asm.obj (.text)
                  000078a6    00000002                                   : div0.asm.obj (.text)
                  000078a8    00000160     spi0.obj (.text)
                  00007a08    0000015c     rtsv7M4_T_le_v4SPD16_eabi.lib : strtoull.c.obj (.text:strtoull)
                  00007b64    00000154     icmp.obj (.text)
                  00007cb8    0000013c     rtsv7M4_T_le_v4SPD16_eabi.lib : _printfi.c.obj (.text:_pconv_e)
                  00007df4    00000136                                   : fd_div_t2.asm.obj (.text)
                  00007f2a    00000002     --HOLE-- [fill = 0]
                  00007f2c    00000130                                   : strtol.c.obj (.text:strtol)
                  0000805c    00000128     uart0.obj (.text)
                  00008184    00000124     rtsv7M4_T_le_v4SPD16_eabi.lib : _printfi.c.obj (.text:fcvt)
                  000082a8    00000110                                   : s_scalbn.c.obj (.text:scalbn)
                  000083b8    00000110                                   : strtoul.c.obj (.text:strtoul)
                  000084c8    000000fc                                   : fd_mul_t2.asm.obj (.text)
                  000085c4    000000b1                                   : _printfi.c.obj (.text:_ltostr)
                  00008675    00000001     --HOLE-- [fill = 0]
                  00008676    0000009c                                   : memcpy_t2.asm.obj (.text)
                  00008712    00000096                                   : ull_div_t2.asm.obj (.text)
                  000087a8    00000086                                   : fd_cmp_t2.asm.obj (.text:__aeabi_cdcmple)
                  0000882e    00000086                                   : fd_cmp_t2.asm.obj (.text:__aeabi_cdrcmple)
                  000088b4    00000084     eeprom.obj (.text)
                  00008938    0000007a     rtsv7M4_T_le_v4SPD16_eabi.lib : memset_t2.asm.obj (.text)
                  000089b2    0000006e                                   : _printfi.c.obj (.text:_mcpy)
                  00008a20    0000006e                                   : fd_tos_t2.asm.obj (.text)
                  00008a8e    00000002     --HOLE-- [fill = 0]
                  00008a90    00000068                                   : sscanf.c.obj (.text:_chkmbc)
                  00008af8    00000068                                   : copy_decompress_lzss.c.obj (.text:decompress:lzss:__TI_decompress_lzss)
                  00008b60    00000064                                   : s_frexp.c.obj (.text:frexp)
                  00008bc4    00000056                                   : _printfi.c.obj (.text:_pconv_f)
                  00008c1a    00000054                                   : _ltoa.c.obj (.text:__TI_ltoa)
                  00008c6e    00000052                                   : _printfi.c.obj (.text:_ecpy)
                  00008cc0    0000004c                                   : atoi.c.obj (.text:atoi)
                  00008d0c    0000004c                                   : snprintf.c.obj (.text:snprintf)
                  00008d58    00000048                                   : fd_toi_t2.asm.obj (.text)
                  00008da0    00000044                                   : autoinit.c.obj (.text:__TI_auto_init_nobinit_nopinit:__TI_auto_init_nobinit_nopinit)
                  00008de4    00000040                                   : strtok.c.obj (.text:strtok)
                  00008e24    0000003e                                   : _printfi.c.obj (.text:_fcpy)
                  00008e62    00000002     --HOLE-- [fill = 0]
                  00008e64    00000038                                   : sscanf.c.obj (.text:sscanf)
                  00008e9c    00000036                                   : strncpy.c.obj (.text:strncpy)
                  00008ed2    00000002     --HOLE-- [fill = 0]
                  00008ed4    00000034                                   : boot_cortex_m.c.obj (.text:_c_int00_noargs:_c_int00_noargs)
                  00008f08    00000034                                   : rand.c.obj (.text:rand)
                  00008f3c    00000030                                   : snprintf.c.obj (.text:_outs)
                  00008f6c    0000002e                                   : i_tofd_t2.asm.obj (.text)
                  00008f9a    0000002a                                   : strspn.c.obj (.text:strspn)
                  00008fc4    00000024                                   : rand.c.obj (.text:srand)
                  00008fe8    00000024                                   : strcspn.c.obj (.text:strcspn)
                  0000900c    00000024     wait.obj (.text)
                  00009030    0000001c     rtsv7M4_T_le_v4SPD16_eabi.lib : copy_zero_init.c.obj (.text:decompress:ZI:__TI_zero_init_nomemset:__TI_zero_init_nomemset)
                  0000904c    0000001c                                   : memccpy.c.obj (.text:memccpy)
                  00009068    0000001a                                   : s_copysign.c.obj (.text:copysign)
                  00009082    00000018                                   : snprintf.c.obj (.text:_outc)
                  0000909a    00000018                                   : ll_mul_t2.asm.obj (.text)
                  000090b2    00000018                                   : strcmp.c.obj (.text:strcmp)
                  000090ca    00000018                                   : strrchr.c.obj (.text:strrchr)
                  000090e2    00000016                                   : strchr.c.obj (.text:strchr)
                  000090f8    00000014                                   : strcpy.c.obj (.text:strcpy)
                  0000910c    00000014                                   : strlen.c.obj (.text:strlen)
                  00009120    00000012                                   : sscanf.c.obj (.text:_inpchar)
                  00009132    00000012                                   : wcslen.c.obj (.text:wcslen)
                  00009144    00000010     clock.obj (.text)
                  00009154    00000010     rtsv7M4_T_le_v4SPD16_eabi.lib : tolower.c.obj (.text:tolower)
                  00009164    0000000e                                   : copy_decompress_none.c.obj (.text:decompress:none:__TI_decompress_none)
                  00009172    0000000c     tm4c123gh6pm_startup_ccs.obj (.text)
                  0000917e    00000002     --HOLE-- [fill = 0]
                  00009180    00000008     rtsv7M4_T_le_v4SPD16_eabi.lib : errno.c.obj (.text:__aeabi_errno_addr)
                  00009188    00000008                                   : sscanf.c.obj (.text:_uninpchar)
                  00009190    00000004                                   : pre_init.c.obj (.text:_system_pre_init)
                  00009194    00000004                                   : exit.c.obj (.text:abort:abort)

.const     0    00009198    00000420     
                  00009198    00000180     mqtt.obj (.const:.string)
                  00009318    00000101     rtsv7M4_T_le_v4SPD16_eabi.lib : ctype.c.obj (.const:.string:_ctypes_)
                  00009419    00000007     --HOLE-- [fill = 0]
                  00009420    000000c8                                   : strtod.c.obj (.const:$O1$$)
                  000094e8    000000a6     tcp.obj (.const:.string)
                  0000958e    00000018     mqtt.obj (.const:.string:$P$T0$1)
                  000095a6    00000002     --HOLE-- [fill = 0]
                  000095a8    00000010     rtsv7M4_T_le_v4SPD16_eabi.lib : _scanfi.c.obj (.const:$O1$$)

.cinit     0    000095b8    000000a0     
                  000095b8    00000076     (.cinit..data.load) [load image, compression = lzss]
                  0000962e    00000002     --HOLE-- [fill = 0]
                  00009630    0000000c     (__TI_handler_table)
                  0000963c    00000004     --HOLE-- [fill = 0]
                  00009640    00000008     (.cinit..bss.load) [load image, compression = zero_init]
                  00009648    00000010     (__TI_cinit_table)

.init_array 
*          0    00000000    00000000     UNINITIALIZED

.data      0    20002000    0000019a     UNINITIALIZED
                  20002000    00000082     mqtt.obj (.data:mqttMcb)
                  20002082    0000003e     mqtt.obj (.data:mqttRxBuffer)
                  200020c0    0000002c     mqtt.obj (.data:mqttFsmState)
                  200020ec    0000002c     tcp.obj (.data:socketConns)
                  20002118    0000002c     tcp.obj (.data:tcpState)
                  20002144    00000011     tcp.obj (.data)
                  20002155    00000001     ethernet.obj (.data)
                  20002156    00000009     mqtt.obj (.data)
                  2000215f    00000001     --HOLE--
                  20002160    00000008     rtsv7M4_T_le_v4SPD16_eabi.lib : _lock.c.obj (.data:$O1$$)
                  20002168    00000006     eth0.obj (.data:hwAddress)
                  2000216e    00000004     ip.obj (.data:ipAddress)
                  20002172    00000004     ip.obj (.data:ipDnsAddress)
                  20002176    00000004     ip.obj (.data:ipGwAddress)
                  2000217a    00000004     ip.obj (.data:ipMqttBrokerAddress)
                  2000217e    00000004     ip.obj (.data:ipSubnetMask)
                  20002182    00000004     ip.obj (.data:ipTimeServerAddress)
                  20002186    00000002     --HOLE--
                  20002188    00000004     rtsv7M4_T_le_v4SPD16_eabi.lib : errno.c.obj (.data)
                  2000218c    00000004                                   : rand.c.obj (.data)
                  20002190    00000004                                   : strtok.c.obj (.data)
                  20002194    00000003     eth0.obj (.data)
                  20002197    00000003     ip_custom_layer.obj (.data)

.bss       0    2000219c    000000dc     UNINITIALIZED
                  2000219c    00000054     (.common:strInput)
                  200021f0    00000028     (.common:fn)
                  20002218    00000028     (.common:period)
                  20002240    00000028     (.common:ticks)
                  20002268    0000000c     (.common:reload)
                  20002274    00000004     (.common:token)

.stack     0    20000000    00002000     UNINITIALIZED
                  20000000    00000004     rtsv7M4_T_le_v4SPD16_eabi.lib : boot_cortex_m.c.obj (.stack)
                  20000004    00001ffc     --HOLE--

__llvm_prf_cnts 
*          0    20000000    00000000     UNINITIALIZED

MODULE SUMMARY

       Module                         code    ro data   rw data
       ------                         ----    -------   -------
    ./
       tcp.obj                        5844    166       105    
       mqtt.obj                       4984    408       245    
       ethernet.obj                   2760    0         89     
       gpio.obj                       2056    0         0      
       eth0.obj                       1812    0         9      
       ip.obj                         1160    0         24     
       timer.obj                      824     0         132    
       udp.obj                        888     0         0      
       arp.obj                        756     0         0      
       tm4c123gh6pm_startup_ccs.obj   12      620       0      
       ip_custom_layer.obj            584     0         3      
       spi0.obj                       352     0         0      
       icmp.obj                       340     0         0      
       uart0.obj                      296     0         0      
       eeprom.obj                     132     0         0      
       wait.obj                       36      0         0      
       clock.obj                      16      0         0      
    +--+------------------------------+-------+---------+---------+
       Total:                         22852   1194      607    
                                                               
    /home/sadhan/ti/ccs1210/ccs/tools/compiler/ti-cgt-arm_20.2.7.LTS/lib/rtsv7M4_T_le_v4SPD16_eabi.lib
       _printfi.c.obj                 4851    0         0      
       _scanfi.c.obj                  2836    16        0      
       strtod.c.obj                   1120    200       0      
       strtoll.c.obj                  476     0         0      
       fd_add_t2.asm.obj              438     0         0      
       strtoull.c.obj                 348     0         0      
       fd_div_t2.asm.obj              310     0         0      
       strtol.c.obj                   304     0         0      
       s_scalbn.c.obj                 272     0         0      
       strtoul.c.obj                  272     0         0      
       fd_cmp_t2.asm.obj              268     0         0      
       ctype.c.obj                    0       257       0      
       fd_mul_t2.asm.obj              252     0         0      
       sscanf.c.obj                   186     0         0      
       memcpy_t2.asm.obj              156     0         0      
       ull_div_t2.asm.obj             150     0         0      
       snprintf.c.obj                 148     0         0      
       memset_t2.asm.obj              122     0         0      
       fd_tos_t2.asm.obj              110     0         0      
       copy_decompress_lzss.c.obj     104     0         0      
       s_frexp.c.obj                  100     0         0      
       rand.c.obj                     88      0         4      
       _ltoa.c.obj                    84      0         0      
       atoi.c.obj                     76      0         0      
       fd_toi_t2.asm.obj              72      0         0      
       autoinit.c.obj                 68      0         0      
       strtok.c.obj                   64      0         4      
       strncpy.c.obj                  54      0         0      
       boot_cortex_m.c.obj            52      0         0      
       i_tofd_t2.asm.obj              46      0         0      
       strspn.c.obj                   42      0         0      
       strcspn.c.obj                  36      0         0      
       copy_zero_init.c.obj           28      0         0      
       memccpy.c.obj                  28      0         0      
       s_copysign.c.obj               26      0         0      
       ll_mul_t2.asm.obj              24      0         0      
       strcmp.c.obj                   24      0         0      
       strrchr.c.obj                  24      0         0      
       strchr.c.obj                   22      0         0      
       strcpy.c.obj                   20      0         0      
       strlen.c.obj                   20      0         0      
       wcslen.c.obj                   18      0         0      
       tolower.c.obj                  16      0         0      
       copy_decompress_none.c.obj     14      0         0      
       errno.c.obj                    8       0         4      
       _lock.c.obj                    2       0         8      
       exit.c.obj                     4       0         0      
       pre_init.c.obj                 4       0         0      
       div0.asm.obj                   2       0         0      
    +--+------------------------------+-------+---------+---------+
       Total:                         13789   473       20     
                                                               
       Stack:                         0       0         8192   
       Linker Generated:              0       154       0      
    +--+------------------------------+-------+---------+---------+
       Grand Total:                   36641   1821      8819   


LINKER GENERATED COPY TABLES

__TI_cinit_table @ 00009648 records: 2, size/record: 8, table size: 16
	.data: load addr=000095b8, load size=00000076 bytes, run addr=20002000, run size=0000019a bytes, compression=lzss
	.bss: load addr=00009640, load size=00000008 bytes, run addr=2000219c, run size=000000dc bytes, compression=zero_init


LINKER GENERATED HANDLER TABLE

__TI_handler_table @ 00009630 records: 3, size/record: 4, table size: 12
	index: 0, handler: __TI_decompress_lzss
	index: 1, handler: __TI_decompress_none
	index: 2, handler: __TI_zero_init


GLOBAL SYMBOLS: SORTED ALPHABETICALLY BY Name 

address   name                          
-------   ----                          
00009195  C$$EXIT                       
00009173  ResetISR                      
20002000  __STACK_END                   
00002000  __STACK_SIZE                  
20000200  __STACK_TOP                   
00009648  __TI_CINIT_Base               
00009658  __TI_CINIT_Limit              
00009630  __TI_Handler_Table_Base       
0000963c  __TI_Handler_Table_Limit      
00008da1  __TI_auto_init_nobinit_nopinit
00008af9  __TI_decompress_lzss          
00009165  __TI_decompress_none          
00008c1b  __TI_ltoa                     
ffffffff  __TI_pprof_out_hndl           
00004295  __TI_printfi                  
ffffffff  __TI_prof_data_size           
ffffffff  __TI_prof_data_start          
00002cb9  __TI_scanfi                   
00000000  __TI_static_base__            
00009031  __TI_zero_init_nomemset       
000087a9  __aeabi_cdcmpeq               
000087a9  __aeabi_cdcmple               
0000882f  __aeabi_cdrcmple              
00008a21  __aeabi_d2f                   
00008d59  __aeabi_d2iz                  
000076fb  __aeabi_dadd                  
00007df5  __aeabi_ddiv                  
000084c9  __aeabi_dmul                  
000076f1  __aeabi_dsub                  
00009181  __aeabi_errno_addr            
00008f6d  __aeabi_i2d                   
000078a7  __aeabi_idiv0                 
000078a7  __aeabi_ldiv0                 
0000909b  __aeabi_lmul                  
00008939  __aeabi_memclr                
00008939  __aeabi_memclr4               
00008939  __aeabi_memclr8               
00008677  __aeabi_memcpy                
00008677  __aeabi_memcpy4               
00008677  __aeabi_memcpy8               
0000893b  __aeabi_memset                
0000893b  __aeabi_memset4               
0000893b  __aeabi_memset8               
00008713  __aeabi_uldivmod              
ffffffff  __binit__                     
ffffffff  __c_args__                    
UNDEFED   __mpu_init                    
20000000  __stack                       
20000000  __start___llvm_prf_cnts       
20000000  __stop___llvm_prf_cnts        
00008ed5  _c_int00_noargs               
00009318  _ctypes_                      
20002160  _lock                         
00004ce3  _nop                          
UNDEFED   _system_post_cinit            
00009191  _system_pre_init              
20002164  _unlock                       
00009195  abort                         
000041bb  appInit                       
0000726f  arpRespTimeoutCb              
00003b4d  asciiToUint8                  
00008cc1  atoi                          
ffffffff  binit                         
0000603f  calcIpChecksum                
000055ab  clearEtherReg                 
00005339  clearPinInterrupt             
00009069  copysign                      
00009069  copysignl                     
20002155  count                         
00005503  disableEtherCs                
00005315  disablePinInterrupt           
0000504d  disablePinPulldown            
00005005  disablePinPullup              
00004da1  disablePort                   
00003809  displayConnectionInfo         
00001711  displayStatus                 
000054ed  enableEtherCs                 
000052f1  enablePinInterrupt            
00005029  enablePinPulldown             
00004fd7  enablePinPullup               
00004ce5  enablePort                    
20002188  errno                         
200021f0  fn                            
00008b61  frexp                         
00008b61  frexpl                        
00000000  g_pfnVectors                  
000003f7  genRandNum                    
00005b07  getEtherId                    
00005ba1  getEtherMacAddress            
000058e1  getEtherPacket                
00005d09  getIpAddress                  
0000600d  getIpChecksum                 
00007269  getIpCurrentEventStatus       
00005e65  getIpDnsAddress               
00005df1  getIpGatewayAddress           
00005f51  getIpMqttBrokerAddress        
00005d7d  getIpSubnetMask               
00005ed9  getIpTimeServerAddress        
000053a7  getPinValue                   
0000545d  getPortValue                  
0000094b  getTcpCurrState               
0000033f  getTcpData                    
0000036b  getTcpHeader                  
00000a27  getTcpMessageSocket           
00000991  getTcpSegmentLength           
00006591  getUdpData                    
000065bd  getUdpMessageSocket           
00008133  getcUart0                     
00005adb  htonl                         
00005ab7  htons                         
20002168  hwAddress                     
00005b13  incEtherId                    
000088b5  initEeprom                    
000056f7  initEther                     
000037cd  initHw                        
000078a9  initSpi0                      
00009145  initSystemClockTo40Mhz        
00006861  initTimer                     
0000805d  initUart0                     
20002197  initiateArpRequest            
20002148  initiateFin                   
2000216e  ipAddress                     
20002172  ipDnsAddress                  
20002198  ipEventIcb                    
20002176  ipGwAddress                   
00007159  ipHandlerRx                   
000070fd  ipHandlerTx                   
2000217a  ipMqttBrokerAddress           
2000217e  ipSubnetMask                  
20002182  ipTimeServerAddress           
00006b99  isArpRequest                  
00006c3d  isArpResponse                 
00005897  isEtherDataAvailable          
00005ca9  isEtherIpValid                
0000587d  isEtherLinkUp                 
000058b1  isEtherOverflow               
00005c01  isIp                          
00007277  isIpArpResponse               
00005c49  isIpUnicast                   
00002b71  isMqtt                        
00007b65  isPingRequest                 
0000026d  isTcp                         
000064e9  isUdp                         
0000287d  ismqttConnected               
00008147  kbhitUart0                    
000082a9  ldexp                         
000082a9  ldexpl                        
0000404f  main                          
0000904d  memccpy                       
00008677  memcpy                        
00008941  memset                        
00002c97  mqttConTimerCb                
000029df  mqttConnAck                   
00001cdd  mqttConnect                   
00001def  mqttDisConnect                
200020c0  mqttFsmState                  
00002c7d  mqttGetConnState              
00002c5d  mqttGetCurrState              
00002ad1  mqttGetTxData                 
00002ab7  mqttGetTxStatus               
0000252d  mqttHandleAllRxMsgs           
00002819  mqttHandleConnectServer       
00002691  mqttHandlePubServer           
0000278d  mqttHandleSubServer           
00002039  mqttHandler                   
00002c51  mqttInit                      
00002875  mqttKeepAliveTimeCb           
00001fe1  mqttLogConnectEvent           
00002001  mqttLogDisConnectEvent        
00001e4f  mqttLogPublishEvent           
00001f19  mqttLogSubscribeEvent         
00001f7d  mqttLogUnSubscribeEvent       
00002a61  mqttPingResp                  
20002156  mqttPktId                     
000028a7  mqttPubAck                    
00001941  mqttPublish                   
00002c83  mqttSetConnState              
00002c69  mqttSetCurrState              
00002bf9  mqttSetRxData                 
00002abd  mqttSetTxStatus               
0000292d  mqttSubAck                    
00001aa3  mqttSubscribe                 
00001bc3  mqttUnSubscribe               
20002194  nextPacketLsb                 
20002195  nextPacketMsb                 
20002218  period                        
00003bff  processShell                  
000059d1  putEtherPacket                
000080eb  putcUart0                     
00008107  putsUart0                     
00008f09  rand                          
00006b5b  random32                      
00003a99  readConfiguration             
000088fd  readEeprom                    
000056df  readEtherMem                  
00005633  readEtherPhy                  
00005545  readEtherReg                  
000079e1  readSpi0Data                  
20002268  reload                        
00006a73  restartTimer                  
000082a9  scalbn                        
000082a9  scalbnl                       
00004f0b  selectPinAnalogInput          
00004ebd  selectPinDigitalInput         
00005227  selectPinInterruptBothEdges   
000051d7  selectPinInterruptFallingEdge 
0000527d  selectPinInterruptHighLevel   
000052b7  selectPinInterruptLowLevel    
00005187  selectPinInterruptRisingEdge  
00004e6f  selectPinOpenDrainOutput      
00004e21  selectPinPushPullOutput       
00006d6f  sendArpRequest                
00006c91  sendArpResponse               
00007ba9  sendPingResponse              
00006667  sendUdpMessage                
20002196  sequenceId                    
000055df  setEtherBank                  
00005b1d  setEtherMacAddress            
00005577  setEtherReg                   
00005ccf  setIpAddress                  
00005e2b  setIpDnsAddress               
00005db7  setIpGatewayAddress           
00005f13  setIpMqttBrokerAddress        
0000722f  setIpMqttMacBrokerAddress     
00005d43  setIpSubnetMask               
00005e9f  setIpTimeServerAddress        
00005075  setPinAuxFunction             
00004f5b  setPinCommitControl           
0000535d  setPinValue                   
000053e5  setPortValue                  
00007945  setSpi0BaudRate               
0000797b  setSpi0Mode                   
000080a7  setUart0BaudRate              
00008d0d  snprintf                      
200020ec  socketConns                   
00008fc5  srand                         
00008e65  sscanf                        
000056cd  startEtherMemRead             
0000569f  startEtherMemWrite            
00006901  startOneshotTimer             
00006987  startPeriodicTimer            
000056ef  stopEtherMemRead              
000056c5  stopEtherMemWrite             
00006a0d  stopTimer                     
2000219c  strInput                      
000090e3  strchr                        
000090b3  strcmp                        
000090f9  strcpy                        
00008fe9  strcspn                       
0000910d  strlen                        
00008e9d  strncpy                       
000090cb  strrchr                       
00008f9b  strspn                        
00006089  strtod                        
00008de5  strtok                        
00007f2d  strtol                        
00006089  strtold                       
00007345  strtoll                       
000083b9  strtoul                       
00007a09  strtoull                      
00005f99  sumIpWords                    
0000167d  tcpCheckOptionsField          
0000092b  tcpConnect                    
00001285  tcpCreateSocket               
0000052d  tcpFsmStateMachineClient      
00000435  tcpGetMatchingSocket          
000012ad  tcpHandleRwTransactions       
0000040f  tcpHandlerRx                  
000004d5  tcpHandlerTx                  
000003dd  tcpHeaderSize                 
000003b9  tcpIsAck                      
00000395  tcpIsSyn                      
00000d67  tcpSendAck                    
00001041  tcpSendFin                    
000013b5  tcpSendSegment                
00000b49  tcpSendSyn                    
0000051d  tcpSendTimerCb                
00001641  tcpValidChecks                
00006ae1  tickIsr                       
20002240  ticks                         
00005383  togglePinValue                
20002274  token                         
00009155  tolower                       
0000900d  waitMicrosecond               
00009133  wcslen                        
000088cb  writeEeprom                   
000056b1  writeEtherMem                 
000055fb  writeEtherPhy                 
00005511  writeEtherReg                 
000079c9  writeSpi0Data                 


GLOBAL SYMBOLS: SORTED BY Symbol Address 

address   name                          
-------   ----                          
00000000  __TI_static_base__            
00000000  g_pfnVectors                  
0000026d  isTcp                         
0000033f  getTcpData                    
0000036b  getTcpHeader                  
00000395  tcpIsSyn                      
000003b9  tcpIsAck                      
000003dd  tcpHeaderSize                 
000003f7  genRandNum                    
0000040f  tcpHandlerRx                  
00000435  tcpGetMatchingSocket          
000004d5  tcpHandlerTx                  
0000051d  tcpSendTimerCb                
0000052d  tcpFsmStateMachineClient      
0000092b  tcpConnect                    
0000094b  getTcpCurrState               
00000991  getTcpSegmentLength           
00000a27  getTcpMessageSocket           
00000b49  tcpSendSyn                    
00000d67  tcpSendAck                    
00001041  tcpSendFin                    
00001285  tcpCreateSocket               
000012ad  tcpHandleRwTransactions       
000013b5  tcpSendSegment                
00001641  tcpValidChecks                
0000167d  tcpCheckOptionsField          
00001711  displayStatus                 
00001941  mqttPublish                   
00001aa3  mqttSubscribe                 
00001bc3  mqttUnSubscribe               
00001cdd  mqttConnect                   
00001def  mqttDisConnect                
00001e4f  mqttLogPublishEvent           
00001f19  mqttLogSubscribeEvent         
00001f7d  mqttLogUnSubscribeEvent       
00001fe1  mqttLogConnectEvent           
00002000  __STACK_SIZE                  
00002001  mqttLogDisConnectEvent        
00002039  mqttHandler                   
0000252d  mqttHandleAllRxMsgs           
00002691  mqttHandlePubServer           
0000278d  mqttHandleSubServer           
00002819  mqttHandleConnectServer       
00002875  mqttKeepAliveTimeCb           
0000287d  ismqttConnected               
000028a7  mqttPubAck                    
0000292d  mqttSubAck                    
000029df  mqttConnAck                   
00002a61  mqttPingResp                  
00002ab7  mqttGetTxStatus               
00002abd  mqttSetTxStatus               
00002ad1  mqttGetTxData                 
00002b71  isMqtt                        
00002bf9  mqttSetRxData                 
00002c51  mqttInit                      
00002c5d  mqttGetCurrState              
00002c69  mqttSetCurrState              
00002c7d  mqttGetConnState              
00002c83  mqttSetConnState              
00002c97  mqttConTimerCb                
00002cb9  __TI_scanfi                   
000037cd  initHw                        
00003809  displayConnectionInfo         
00003a99  readConfiguration             
00003b4d  asciiToUint8                  
00003bff  processShell                  
0000404f  main                          
000041bb  appInit                       
00004295  __TI_printfi                  
00004ce3  _nop                          
00004ce5  enablePort                    
00004da1  disablePort                   
00004e21  selectPinPushPullOutput       
00004e6f  selectPinOpenDrainOutput      
00004ebd  selectPinDigitalInput         
00004f0b  selectPinAnalogInput          
00004f5b  setPinCommitControl           
00004fd7  enablePinPullup               
00005005  disablePinPullup              
00005029  enablePinPulldown             
0000504d  disablePinPulldown            
00005075  setPinAuxFunction             
00005187  selectPinInterruptRisingEdge  
000051d7  selectPinInterruptFallingEdge 
00005227  selectPinInterruptBothEdges   
0000527d  selectPinInterruptHighLevel   
000052b7  selectPinInterruptLowLevel    
000052f1  enablePinInterrupt            
00005315  disablePinInterrupt           
00005339  clearPinInterrupt             
0000535d  setPinValue                   
00005383  togglePinValue                
000053a7  getPinValue                   
000053e5  setPortValue                  
0000545d  getPortValue                  
000054ed  enableEtherCs                 
00005503  disableEtherCs                
00005511  writeEtherReg                 
00005545  readEtherReg                  
00005577  setEtherReg                   
000055ab  clearEtherReg                 
000055df  setEtherBank                  
000055fb  writeEtherPhy                 
00005633  readEtherPhy                  
0000569f  startEtherMemWrite            
000056b1  writeEtherMem                 
000056c5  stopEtherMemWrite             
000056cd  startEtherMemRead             
000056df  readEtherMem                  
000056ef  stopEtherMemRead              
000056f7  initEther                     
0000587d  isEtherLinkUp                 
00005897  isEtherDataAvailable          
000058b1  isEtherOverflow               
000058e1  getEtherPacket                
000059d1  putEtherPacket                
00005ab7  htons                         
00005adb  htonl                         
00005b07  getEtherId                    
00005b13  incEtherId                    
00005b1d  setEtherMacAddress            
00005ba1  getEtherMacAddress            
00005c01  isIp                          
00005c49  isIpUnicast                   
00005ca9  isEtherIpValid                
00005ccf  setIpAddress                  
00005d09  getIpAddress                  
00005d43  setIpSubnetMask               
00005d7d  getIpSubnetMask               
00005db7  setIpGatewayAddress           
00005df1  getIpGatewayAddress           
00005e2b  setIpDnsAddress               
00005e65  getIpDnsAddress               
00005e9f  setIpTimeServerAddress        
00005ed9  getIpTimeServerAddress        
00005f13  setIpMqttBrokerAddress        
00005f51  getIpMqttBrokerAddress        
00005f99  sumIpWords                    
0000600d  getIpChecksum                 
0000603f  calcIpChecksum                
00006089  strtod                        
00006089  strtold                       
000064e9  isUdp                         
00006591  getUdpData                    
000065bd  getUdpMessageSocket           
00006667  sendUdpMessage                
00006861  initTimer                     
00006901  startOneshotTimer             
00006987  startPeriodicTimer            
00006a0d  stopTimer                     
00006a73  restartTimer                  
00006ae1  tickIsr                       
00006b5b  random32                      
00006b99  isArpRequest                  
00006c3d  isArpResponse                 
00006c91  sendArpResponse               
00006d6f  sendArpRequest                
000070fd  ipHandlerTx                   
00007159  ipHandlerRx                   
0000722f  setIpMqttMacBrokerAddress     
00007269  getIpCurrentEventStatus       
0000726f  arpRespTimeoutCb              
00007277  isIpArpResponse               
00007345  strtoll                       
000076f1  __aeabi_dsub                  
000076fb  __aeabi_dadd                  
000078a7  __aeabi_idiv0                 
000078a7  __aeabi_ldiv0                 
000078a9  initSpi0                      
00007945  setSpi0BaudRate               
0000797b  setSpi0Mode                   
000079c9  writeSpi0Data                 
000079e1  readSpi0Data                  
00007a09  strtoull                      
00007b65  isPingRequest                 
00007ba9  sendPingResponse              
00007df5  __aeabi_ddiv                  
00007f2d  strtol                        
0000805d  initUart0                     
000080a7  setUart0BaudRate              
000080eb  putcUart0                     
00008107  putsUart0                     
00008133  getcUart0                     
00008147  kbhitUart0                    
000082a9  ldexp                         
000082a9  ldexpl                        
000082a9  scalbn                        
000082a9  scalbnl                       
000083b9  strtoul                       
000084c9  __aeabi_dmul                  
00008677  __aeabi_memcpy                
00008677  __aeabi_memcpy4               
00008677  __aeabi_memcpy8               
00008677  memcpy                        
00008713  __aeabi_uldivmod              
000087a9  __aeabi_cdcmpeq               
000087a9  __aeabi_cdcmple               
0000882f  __aeabi_cdrcmple              
000088b5  initEeprom                    
000088cb  writeEeprom                   
000088fd  readEeprom                    
00008939  __aeabi_memclr                
00008939  __aeabi_memclr4               
00008939  __aeabi_memclr8               
0000893b  __aeabi_memset                
0000893b  __aeabi_memset4               
0000893b  __aeabi_memset8               
00008941  memset                        
00008a21  __aeabi_d2f                   
00008af9  __TI_decompress_lzss          
00008b61  frexp                         
00008b61  frexpl                        
00008c1b  __TI_ltoa                     
00008cc1  atoi                          
00008d0d  snprintf                      
00008d59  __aeabi_d2iz                  
00008da1  __TI_auto_init_nobinit_nopinit
00008de5  strtok                        
00008e65  sscanf                        
00008e9d  strncpy                       
00008ed5  _c_int00_noargs               
00008f09  rand                          
00008f6d  __aeabi_i2d                   
00008f9b  strspn                        
00008fc5  srand                         
00008fe9  strcspn                       
0000900d  waitMicrosecond               
00009031  __TI_zero_init_nomemset       
0000904d  memccpy                       
00009069  copysign                      
00009069  copysignl                     
0000909b  __aeabi_lmul                  
000090b3  strcmp                        
000090cb  strrchr                       
000090e3  strchr                        
000090f9  strcpy                        
0000910d  strlen                        
00009133  wcslen                        
00009145  initSystemClockTo40Mhz        
00009155  tolower                       
00009165  __TI_decompress_none          
00009173  ResetISR                      
00009181  __aeabi_errno_addr            
00009191  _system_pre_init              
00009195  C$$EXIT                       
00009195  abort                         
00009318  _ctypes_                      
00009630  __TI_Handler_Table_Base       
0000963c  __TI_Handler_Table_Limit      
00009648  __TI_CINIT_Base               
00009658  __TI_CINIT_Limit              
20000000  __stack                       
20000000  __start___llvm_prf_cnts       
20000000  __stop___llvm_prf_cnts        
20000200  __STACK_TOP                   
20002000  __STACK_END                   
200020c0  mqttFsmState                  
200020ec  socketConns                   
20002148  initiateFin                   
20002155  count                         
20002156  mqttPktId                     
20002160  _lock                         
20002164  _unlock                       
20002168  hwAddress                     
2000216e  ipAddress                     
20002172  ipDnsAddress                  
20002176  ipGwAddress                   
2000217a  ipMqttBrokerAddress           
2000217e  ipSubnetMask                  
20002182  ipTimeServerAddress           
20002188  errno                         
20002194  nextPacketLsb                 
20002195  nextPacketMsb                 
20002196  sequenceId                    
20002197  initiateArpRequest            
20002198  ipEventIcb                    
2000219c  strInput                      
200021f0  fn                            
20002218  period                        
20002240  ticks                         
20002268  reload                        
20002274  token                         
ffffffff  __TI_pprof_out_hndl           
ffffffff  __TI_prof_data_size           
ffffffff  __TI_prof_data_start          
ffffffff  __binit__                     
ffffffff  __c_args__                    
ffffffff  binit                         
UNDEFED   __mpu_init                    
UNDEFED   _system_post_cinit            

[290 symbols]
