******************************************************************************
                  TI ARM Linker Unix v20.2.7                   
******************************************************************************
>> Linked Wed Mar  1 16:25:27 2023

OUTPUT FILE NAME:   <IOT_Project1.out>
ENTRY POINT SYMBOL: "_c_int00_noargs"  address: 0000806d


MEMORY CONFIGURATION

         name            origin    length      used     unused   attr    fill
----------------------  --------  ---------  --------  --------  ----  --------
  FLASH                 00000000   00040000  00008558  00037aa8  R  X
  SRAM                  20000000   00008000  000021a5  00005e5b  RW X


SEGMENT ALLOCATION MAP

run origin  load origin   length   init length attrs members
----------  ----------- ---------- ----------- ----- -------
00000000    00000000    00008558   00008558    r-x
  00000000    00000000    0000026c   0000026c    r-- .intvecs
  0000026c    0000026c    000080c4   000080c4    r-x .text
  00008330    00008330    000001e0   000001e0    r-- .const
  00008510    00008510    00000048   00000048    r-- .cinit
20000000    20000000    000021a5   00000000    rw-
  20000000    20000000    00002000   00000000    rw- .stack
  20002000    20002000    000000dc   00000000    rw- .bss
  200020dc    200020dc    000000c9   00000000    rw- .data


SECTION ALLOCATION MAP

 output                                  attributes/
section   page    origin      length       input sections
--------  ----  ----------  ----------   ----------------
.intvecs   0    00000000    0000026c     
                  00000000    0000026c     tm4c123gh6pm_startup_ccs.obj (.intvecs)

.text      0    0000026c    000080c4     
                  0000026c    00001058     tcp.obj (.text)
                  000012c4    00000be0     mqtt.obj (.text)
                  00001ea4    00000b14     rtsv7M4_T_le_v4SPD16_eabi.lib : _scanfi.c.obj (.text:__TI_scanfi)
                  000029b8    00000ab0     ethernet.obj (.text)
                  00003468    00000a4e     rtsv7M4_T_le_v4SPD16_eabi.lib : _printfi.c.obj (.text:__TI_printfi)
                  00003eb6    00000002                                   : _lock.c.obj (.text:_nop)
                  00003eb8    00000808     gpio.obj (.text)
                  000046c0    00000714     eth0.obj (.text)
                  00004dd4    00000484     ip.obj (.text)
                  00005258    00000460     rtsv7M4_T_le_v4SPD16_eabi.lib : strtod.c.obj (.text:strtod)
                  000056b8    00000378     udp.obj (.text)
                  00005a30    00000338     timer.obj (.text)
                  00005d68    000002f4     arp.obj (.text)
                  0000605c    00000270     rtsv7M4_T_le_v4SPD16_eabi.lib : _printfi.c.obj (.text:_pconv_a)
                  000062cc    00000248     ip_custom_layer.obj (.text)
                  00006514    000001dc     rtsv7M4_T_le_v4SPD16_eabi.lib : strtoll.c.obj (.text:strtoll)
                  000066f0    000001d0                                   : _printfi.c.obj (.text:_pconv_g)
                  000068c0    000001b6                                   : fd_add_t2.asm.obj (.text)
                  00006a76    00000002                                   : div0.asm.obj (.text)
                  00006a78    00000160     spi0.obj (.text)
                  00006bd8    0000015c     rtsv7M4_T_le_v4SPD16_eabi.lib : strtoull.c.obj (.text:strtoull)
                  00006d34    00000154     icmp.obj (.text)
                  00006e88    0000013c     rtsv7M4_T_le_v4SPD16_eabi.lib : _printfi.c.obj (.text:_pconv_e)
                  00006fc4    00000136                                   : fd_div_t2.asm.obj (.text)
                  000070fa    00000002     --HOLE-- [fill = 0]
                  000070fc    00000130                                   : strtol.c.obj (.text:strtol)
                  0000722c    00000128     uart0.obj (.text)
                  00007354    00000124     rtsv7M4_T_le_v4SPD16_eabi.lib : _printfi.c.obj (.text:fcvt)
                  00007478    00000110                                   : s_scalbn.c.obj (.text:scalbn)
                  00007588    00000110                                   : strtoul.c.obj (.text:strtoul)
                  00007698    000000fc                                   : fd_mul_t2.asm.obj (.text)
                  00007794    000000b1                                   : _printfi.c.obj (.text:_ltostr)
                  00007845    00000001     --HOLE-- [fill = 0]
                  00007846    0000009c                                   : memcpy_t2.asm.obj (.text)
                  000078e2    00000096                                   : ull_div_t2.asm.obj (.text)
                  00007978    00000086                                   : fd_cmp_t2.asm.obj (.text:__aeabi_cdcmple)
                  000079fe    00000086                                   : fd_cmp_t2.asm.obj (.text:__aeabi_cdrcmple)
                  00007a84    00000084     eeprom.obj (.text)
                  00007b08    0000007a     rtsv7M4_T_le_v4SPD16_eabi.lib : memset_t2.asm.obj (.text)
                  00007b82    0000006e                                   : _printfi.c.obj (.text:_mcpy)
                  00007bf0    0000006e                                   : fd_tos_t2.asm.obj (.text)
                  00007c5e    00000002     --HOLE-- [fill = 0]
                  00007c60    00000068                                   : sscanf.c.obj (.text:_chkmbc)
                  00007cc8    00000068                                   : copy_decompress_lzss.c.obj (.text:decompress:lzss:__TI_decompress_lzss)
                  00007d30    00000064                                   : s_frexp.c.obj (.text:frexp)
                  00007d94    00000056                                   : _printfi.c.obj (.text:_pconv_f)
                  00007dea    00000054                                   : _ltoa.c.obj (.text:__TI_ltoa)
                  00007e3e    00000052                                   : _printfi.c.obj (.text:_ecpy)
                  00007e90    0000004c                                   : atoi.c.obj (.text:atoi)
                  00007edc    0000004c                                   : snprintf.c.obj (.text:snprintf)
                  00007f28    00000048                                   : fd_toi_t2.asm.obj (.text)
                  00007f70    00000044                                   : autoinit.c.obj (.text:__TI_auto_init_nobinit_nopinit:__TI_auto_init_nobinit_nopinit)
                  00007fb4    00000040                                   : strtok.c.obj (.text:strtok)
                  00007ff4    0000003e                                   : _printfi.c.obj (.text:_fcpy)
                  00008032    00000002     --HOLE-- [fill = 0]
                  00008034    00000038                                   : sscanf.c.obj (.text:sscanf)
                  0000806c    00000034                                   : boot_cortex_m.c.obj (.text:_c_int00_noargs:_c_int00_noargs)
                  000080a0    00000034                                   : rand.c.obj (.text:rand)
                  000080d4    00000030                                   : snprintf.c.obj (.text:_outs)
                  00008104    0000002e                                   : i_tofd_t2.asm.obj (.text)
                  00008132    0000002a                                   : strspn.c.obj (.text:strspn)
                  0000815c    00000024                                   : rand.c.obj (.text:srand)
                  00008180    00000024                                   : strcspn.c.obj (.text:strcspn)
                  000081a4    00000024     wait.obj (.text)
                  000081c8    0000001c     rtsv7M4_T_le_v4SPD16_eabi.lib : copy_zero_init.c.obj (.text:decompress:ZI:__TI_zero_init_nomemset:__TI_zero_init_nomemset)
                  000081e4    0000001c                                   : memccpy.c.obj (.text:memccpy)
                  00008200    0000001a                                   : s_copysign.c.obj (.text:copysign)
                  0000821a    00000018                                   : snprintf.c.obj (.text:_outc)
                  00008232    00000018                                   : ll_mul_t2.asm.obj (.text)
                  0000824a    00000018                                   : strcmp.c.obj (.text:strcmp)
                  00008262    00000018                                   : strrchr.c.obj (.text:strrchr)
                  0000827a    00000016                                   : strchr.c.obj (.text:strchr)
                  00008290    00000014                                   : strcpy.c.obj (.text:strcpy)
                  000082a4    00000014                                   : strlen.c.obj (.text:strlen)
                  000082b8    00000012                                   : sscanf.c.obj (.text:_inpchar)
                  000082ca    00000012                                   : wcslen.c.obj (.text:wcslen)
                  000082dc    00000010     clock.obj (.text)
                  000082ec    00000010     rtsv7M4_T_le_v4SPD16_eabi.lib : tolower.c.obj (.text:tolower)
                  000082fc    0000000e                                   : copy_decompress_none.c.obj (.text:decompress:none:__TI_decompress_none)
                  0000830a    0000000c     tm4c123gh6pm_startup_ccs.obj (.text)
                  00008316    00000002     --HOLE-- [fill = 0]
                  00008318    00000008     rtsv7M4_T_le_v4SPD16_eabi.lib : errno.c.obj (.text:__aeabi_errno_addr)
                  00008320    00000008                                   : sscanf.c.obj (.text:_uninpchar)
                  00008328    00000004                                   : pre_init.c.obj (.text:_system_pre_init)
                  0000832c    00000004                                   : exit.c.obj (.text:abort:abort)

.const     0    00008330    000001e0     
                  00008330    00000101     rtsv7M4_T_le_v4SPD16_eabi.lib : ctype.c.obj (.const:.string:_ctypes_)
                  00008431    00000007     --HOLE-- [fill = 0]
                  00008438    000000c8                                   : strtod.c.obj (.const:$O1$$)
                  00008500    00000010                                   : _scanfi.c.obj (.const:$O1$$)

.cinit     0    00008510    00000048     
                  00008510    0000001d     (.cinit..data.load) [load image, compression = lzss]
                  0000852d    00000003     --HOLE-- [fill = 0]
                  00008530    0000000c     (__TI_handler_table)
                  0000853c    00000004     --HOLE-- [fill = 0]
                  00008540    00000008     (.cinit..bss.load) [load image, compression = zero_init]
                  00008548    00000010     (__TI_cinit_table)

.init_array 
*          0    00000000    00000000     UNINITIALIZED

.bss       0    20002000    000000dc     UNINITIALIZED
                  20002000    00000054     (.common:strInput)
                  20002054    00000028     (.common:fn)
                  2000207c    00000028     (.common:period)
                  200020a4    00000028     (.common:ticks)
                  200020cc    0000000c     (.common:reload)
                  200020d8    00000004     (.common:token)

.data      0    200020dc    000000c9     UNINITIALIZED
                  200020dc    00000046     mqtt.obj (.data:mqttMcb)
                  20002122    00000020     mqtt.obj (.data:mqttRxBuffer)
                  20002142    00000001     ethernet.obj (.data)
                  20002143    00000001     --HOLE--
                  20002144    0000001c     tcp.obj (.data:socketConns)
                  20002160    0000000a     tcp.obj (.data)
                  2000216a    00000002     --HOLE--
                  2000216c    00000008     rtsv7M4_T_le_v4SPD16_eabi.lib : _lock.c.obj (.data:$O1$$)
                  20002174    00000006     eth0.obj (.data:hwAddress)
                  2000217a    00000004     ip.obj (.data:ipAddress)
                  2000217e    00000004     ip.obj (.data:ipDnsAddress)
                  20002182    00000004     ip.obj (.data:ipGwAddress)
                  20002186    00000004     ip.obj (.data:ipSubnetMask)
                  2000218a    00000004     ip.obj (.data:ipTimeServerAddress)
                  2000218e    00000002     --HOLE--
                  20002190    00000004     rtsv7M4_T_le_v4SPD16_eabi.lib : errno.c.obj (.data)
                  20002194    00000004                                   : rand.c.obj (.data)
                  20002198    00000004                                   : strtok.c.obj (.data)
                  2000219c    00000003     eth0.obj (.data)
                  2000219f    00000003     ip_custom_layer.obj (.data)
                  200021a2    00000003     mqtt.obj (.data)

.stack     0    20000000    00002000     UNINITIALIZED
                  20000000    00000004     rtsv7M4_T_le_v4SPD16_eabi.lib : boot_cortex_m.c.obj (.stack)
                  20000004    00001ffc     --HOLE--

__llvm_prf_cnts 
*          0    20000000    00000000     UNINITIALIZED

MODULE SUMMARY

       Module                         code    ro data   rw data
       ------                         ----    -------   -------
    ./
       tcp.obj                        4184    0         38     
       mqtt.obj                       3040    0         105    
       ethernet.obj                   2736    0         89     
       gpio.obj                       2056    0         0      
       eth0.obj                       1812    0         9      
       ip.obj                         1156    0         20     
       timer.obj                      824     0         132    
       udp.obj                        888     0         0      
       arp.obj                        756     0         0      
       tm4c123gh6pm_startup_ccs.obj   12      620       0      
       ip_custom_layer.obj            584     0         3      
       spi0.obj                       352     0         0      
       icmp.obj                       340     0         0      
       uart0.obj                      296     0         0      
       eeprom.obj                     132     0         0      
       wait.obj                       36      0         0      
       clock.obj                      16      0         0      
    +--+------------------------------+-------+---------+---------+
       Total:                         19220   620       396    
                                                               
    /home/sadhan/ti/ccs1210/ccs/tools/compiler/ti-cgt-arm_20.2.7.LTS/lib/rtsv7M4_T_le_v4SPD16_eabi.lib
       _printfi.c.obj                 4851    0         0      
       _scanfi.c.obj                  2836    16        0      
       strtod.c.obj                   1120    200       0      
       strtoll.c.obj                  476     0         0      
       fd_add_t2.asm.obj              438     0         0      
       strtoull.c.obj                 348     0         0      
       fd_div_t2.asm.obj              310     0         0      
       strtol.c.obj                   304     0         0      
       s_scalbn.c.obj                 272     0         0      
       strtoul.c.obj                  272     0         0      
       fd_cmp_t2.asm.obj              268     0         0      
       ctype.c.obj                    0       257       0      
       fd_mul_t2.asm.obj              252     0         0      
       sscanf.c.obj                   186     0         0      
       memcpy_t2.asm.obj              156     0         0      
       ull_div_t2.asm.obj             150     0         0      
       snprintf.c.obj                 148     0         0      
       memset_t2.asm.obj              122     0         0      
       fd_tos_t2.asm.obj              110     0         0      
       copy_decompress_lzss.c.obj     104     0         0      
       s_frexp.c.obj                  100     0         0      
       rand.c.obj                     88      0         4      
       _ltoa.c.obj                    84      0         0      
       atoi.c.obj                     76      0         0      
       fd_toi_t2.asm.obj              72      0         0      
       autoinit.c.obj                 68      0         0      
       strtok.c.obj                   64      0         4      
       boot_cortex_m.c.obj            52      0         0      
       i_tofd_t2.asm.obj              46      0         0      
       strspn.c.obj                   42      0         0      
       strcspn.c.obj                  36      0         0      
       copy_zero_init.c.obj           28      0         0      
       memccpy.c.obj                  28      0         0      
       s_copysign.c.obj               26      0         0      
       ll_mul_t2.asm.obj              24      0         0      
       strcmp.c.obj                   24      0         0      
       strrchr.c.obj                  24      0         0      
       strchr.c.obj                   22      0         0      
       strcpy.c.obj                   20      0         0      
       strlen.c.obj                   20      0         0      
       wcslen.c.obj                   18      0         0      
       tolower.c.obj                  16      0         0      
       copy_decompress_none.c.obj     14      0         0      
       errno.c.obj                    8       0         4      
       _lock.c.obj                    2       0         8      
       exit.c.obj                     4       0         0      
       pre_init.c.obj                 4       0         0      
       div0.asm.obj                   2       0         0      
    +--+------------------------------+-------+---------+---------+
       Total:                         13735   473       20     
                                                               
       Stack:                         0       0         8192   
       Linker Generated:              0       65        0      
    +--+------------------------------+-------+---------+---------+
       Grand Total:                   32955   1158      8608   


LINKER GENERATED COPY TABLES

__TI_cinit_table @ 00008548 records: 2, size/record: 8, table size: 16
	.data: load addr=00008510, load size=0000001d bytes, run addr=200020dc, run size=000000c9 bytes, compression=lzss
	.bss: load addr=00008540, load size=00000008 bytes, run addr=20002000, run size=000000dc bytes, compression=zero_init


LINKER GENERATED HANDLER TABLE

__TI_handler_table @ 00008530 records: 3, size/record: 4, table size: 12
	index: 0, handler: __TI_decompress_lzss
	index: 1, handler: __TI_decompress_none
	index: 2, handler: __TI_zero_init


GLOBAL SYMBOLS: SORTED ALPHABETICALLY BY Name 

address   name                          
-------   ----                          
0000832d  C$$EXIT                       
0000830b  ResetISR                      
20002000  __STACK_END                   
00002000  __STACK_SIZE                  
20000200  __STACK_TOP                   
00008548  __TI_CINIT_Base               
00008558  __TI_CINIT_Limit              
00008530  __TI_Handler_Table_Base       
0000853c  __TI_Handler_Table_Limit      
00007f71  __TI_auto_init_nobinit_nopinit
00007cc9  __TI_decompress_lzss          
000082fd  __TI_decompress_none          
00007deb  __TI_ltoa                     
ffffffff  __TI_pprof_out_hndl           
00003469  __TI_printfi                  
ffffffff  __TI_prof_data_size           
ffffffff  __TI_prof_data_start          
00001ea5  __TI_scanfi                   
00000000  __TI_static_base__            
000081c9  __TI_zero_init_nomemset       
00007979  __aeabi_cdcmpeq               
00007979  __aeabi_cdcmple               
000079ff  __aeabi_cdrcmple              
00007bf1  __aeabi_d2f                   
00007f29  __aeabi_d2iz                  
000068cb  __aeabi_dadd                  
00006fc5  __aeabi_ddiv                  
00007699  __aeabi_dmul                  
000068c1  __aeabi_dsub                  
00008319  __aeabi_errno_addr            
00008105  __aeabi_i2d                   
00006a77  __aeabi_idiv0                 
00006a77  __aeabi_ldiv0                 
00008233  __aeabi_lmul                  
00007b09  __aeabi_memclr                
00007b09  __aeabi_memclr4               
00007b09  __aeabi_memclr8               
00007847  __aeabi_memcpy                
00007847  __aeabi_memcpy4               
00007847  __aeabi_memcpy8               
00007b0b  __aeabi_memset                
00007b0b  __aeabi_memset4               
00007b0b  __aeabi_memset8               
000078e3  __aeabi_uldivmod              
ffffffff  __binit__                     
ffffffff  __c_args__                    
UNDEFED   __mpu_init                    
20000000  __stack                       
20000000  __start___llvm_prf_cnts       
20000000  __stop___llvm_prf_cnts        
0000806d  _c_int00_noargs               
00008330  _ctypes_                      
2000216c  _lock                         
00003eb7  _nop                          
UNDEFED   _system_post_cinit            
00008329  _system_pre_init              
20002170  _unlock                       
0000832d  abort                         
00003397  appInit                       
0000643f  arpRespTimeoutCb              
00002d39  asciiToUint8                  
00007e91  atoi                          
ffffffff  binit                         
00005213  calcIpChecksum                
0000477f  clearEtherReg                 
0000450d  clearPinInterrupt             
00008201  copysign                      
00008201  copysignl                     
20002142  count                         
000046d7  disableEtherCs                
000044e9  disablePinInterrupt           
00004221  disablePinPulldown            
000041d9  disablePinPullup              
00003f75  disablePort                   
000029f5  displayConnectionInfo         
000046c1  enableEtherCs                 
000044c5  enablePinInterrupt            
000041fd  enablePinPulldown             
000041ab  enablePinPullup               
00003eb9  enablePort                    
20002190  errno                         
20002054  fn                            
00007d31  frexp                         
00007d31  frexpl                        
00000000  g_pfnVectors                  
000003e9  genRandNum                    
00004cdb  getEtherId                    
00004d75  getEtherMacAddress            
00004ab5  getEtherPacket                
00004edd  getIpAddress                  
000051e1  getIpChecksum                 
00006439  getIpCurrentEventStatus       
00005039  getIpDnsAddress               
00004fc5  getIpGatewayAddress           
00005125  getIpMqttBrokerAddress        
00004f51  getIpSubnetMask               
000050ad  getIpTimeServerAddress        
0000457b  getPinValue                   
00004631  getPortValue                  
00000749  getTcpCurrState               
0000033f  getTcpData                    
0000036b  getTcpHeader                  
0000076d  getTcpMessageSocket           
00005761  getUdpData                    
0000578d  getUdpMessageSocket           
00007303  getcUart0                     
00004caf  htonl                         
00004c8b  htons                         
20002174  hwAddress                     
00004ce7  incEtherId                    
00007a85  initEeprom                    
000048cb  initEther                     
000029b9  initHw                        
00006a79  initSpi0                      
000082dd  initSystemClockTo40Mhz        
00005a31  initTimer                     
0000722d  initUart0                     
2000219f  initiateArpRequest            
2000217a  ipAddress                     
2000217e  ipDnsAddress                  
200021a0  ipEventIcb                    
20002182  ipGwAddress                   
00006329  ipHandlerRx                   
000062cd  ipHandlerTx                   
20002186  ipSubnetMask                  
2000218a  ipTimeServerAddress           
00005d69  isArpRequest                  
00005e0d  isArpResponse                 
00004a6b  isEtherDataAvailable          
00004e7d  isEtherIpValid                
00004a51  isEtherLinkUp                 
00004a85  isEtherOverflow               
00004dd5  isIp                          
00006447  isIpArpResponse               
00004e1d  isIpUnicast                   
00001d27  isMqtt                        
00006d35  isPingRequest                 
0000026d  isTcp                         
000056b9  isUdp                         
00007317  kbhitUart0                    
00007479  ldexp                         
00007479  ldexpl                        
0000322b  main                          
000081e5  memccpy                       
00007847  memcpy                        
00007b11  memset                        
0000162d  mqttConnect                   
000016fd  mqttDisConnect                
00001ce5  mqttGetTxData                 
00001c9d  mqttGetTxStatus               
00001935  mqttHandler                   
00001da5  mqttInit                      
000018e7  mqttLogConnectEvent           
00001907  mqttLogDisConnectEvent        
00001755  mqttLogPublishEvent           
0000181f  mqttLogSubscribeEvent         
00001883  mqttLogUnSubscribeEvent       
200021a2  mqttPktId                     
000012c5  mqttPublish                   
00001d31  mqttSetRxData                 
00001ccd  mqttSetTxStatus               
0000140d  mqttSubscribe                 
00001523  mqttUnSubscribe               
2000219c  nextPacketLsb                 
2000219d  nextPacketMsb                 
2000207c  period                        
00002deb  processShell                  
00004ba5  putEtherPacket                
000072bb  putcUart0                     
000072d7  putsUart0                     
000080a1  rand                          
00005d2b  random32                      
00002c85  readConfiguration             
00007acd  readEeprom                    
000048b3  readEtherMem                  
00004807  readEtherPhy                  
00004719  readEtherReg                  
00006bb1  readSpi0Data                  
200020cc  reload                        
00005c43  restartTimer                  
00007479  scalbn                        
00007479  scalbnl                       
000040df  selectPinAnalogInput          
00004091  selectPinDigitalInput         
000043fb  selectPinInterruptBothEdges   
000043ab  selectPinInterruptFallingEdge 
00004451  selectPinInterruptHighLevel   
0000448b  selectPinInterruptLowLevel    
0000435b  selectPinInterruptRisingEdge  
00004043  selectPinOpenDrainOutput      
00003ff5  selectPinPushPullOutput       
00005f3f  sendArpRequest                
00005e61  sendArpResponse               
00006d79  sendPingResponse              
00005837  sendUdpMessage                
2000219e  sequenceId                    
000047b3  setEtherBank                  
00004cf1  setEtherMacAddress            
0000474b  setEtherReg                   
00004ea3  setIpAddress                  
00004fff  setIpDnsAddress               
00004f8b  setIpGatewayAddress           
000050e7  setIpMqttBrokerAddress        
000063ff  setIpMqttMacBrokerAddress     
00004f17  setIpSubnetMask               
00005073  setIpTimeServerAddress        
00004249  setPinAuxFunction             
0000412f  setPinCommitControl           
00004531  setPinValue                   
000045b9  setPortValue                  
00006b15  setSpi0BaudRate               
00006b4b  setSpi0Mode                   
00007277  setUart0BaudRate              
00007edd  snprintf                      
20002144  socketConns                   
0000815d  srand                         
00008035  sscanf                        
000048a1  startEtherMemRead             
00004873  startEtherMemWrite            
00005ad1  startOneshotTimer             
00005b57  startPeriodicTimer            
000048c3  stopEtherMemRead              
00004899  stopEtherMemWrite             
00005bdd  stopTimer                     
20002000  strInput                      
0000827b  strchr                        
0000824b  strcmp                        
00008291  strcpy                        
00008181  strcspn                       
000082a5  strlen                        
00008263  strrchr                       
00008133  strspn                        
00005259  strtod                        
00007fb5  strtok                        
000070fd  strtol                        
00005259  strtold                       
00006515  strtoll                       
00007589  strtoul                       
00006bd9  strtoull                      
0000516d  sumIpWords                    
0000072d  tcpConnect                    
00000f01  tcpCreateSocket               
00000517  tcpFsmStateMachineClient      
00000427  tcpGetMatchingSocket          
00000f29  tcpHandleRwTransactions       
00000401  tcpHandlerRx                  
000004c7  tcpHandlerTx                  
000003d5  tcpHeaderSize                 
000003b5  tcpIsAck                      
00000395  tcpIsSyn                      
00000a9b  tcpSendAck                    
00000ce5  tcpSendFin                    
00000ffd  tcpSendSegment                
00000879  tcpSendSyn                    
0000050f  tcpSendTimerCb                
0000127d  tcpValidChecks                
00005cb1  tickIsr                       
200020a4  ticks                         
00004557  togglePinValue                
200020d8  token                         
000082ed  tolower                       
000081a5  waitMicrosecond               
000082cb  wcslen                        
00007a9b  writeEeprom                   
00004885  writeEtherMem                 
000047cf  writeEtherPhy                 
000046e5  writeEtherReg                 
00006b99  writeSpi0Data                 


GLOBAL SYMBOLS: SORTED BY Symbol Address 

address   name                          
-------   ----                          
00000000  __TI_static_base__            
00000000  g_pfnVectors                  
0000026d  isTcp                         
0000033f  getTcpData                    
0000036b  getTcpHeader                  
00000395  tcpIsSyn                      
000003b5  tcpIsAck                      
000003d5  tcpHeaderSize                 
000003e9  genRandNum                    
00000401  tcpHandlerRx                  
00000427  tcpGetMatchingSocket          
000004c7  tcpHandlerTx                  
0000050f  tcpSendTimerCb                
00000517  tcpFsmStateMachineClient      
0000072d  tcpConnect                    
00000749  getTcpCurrState               
0000076d  getTcpMessageSocket           
00000879  tcpSendSyn                    
00000a9b  tcpSendAck                    
00000ce5  tcpSendFin                    
00000f01  tcpCreateSocket               
00000f29  tcpHandleRwTransactions       
00000ffd  tcpSendSegment                
0000127d  tcpValidChecks                
000012c5  mqttPublish                   
0000140d  mqttSubscribe                 
00001523  mqttUnSubscribe               
0000162d  mqttConnect                   
000016fd  mqttDisConnect                
00001755  mqttLogPublishEvent           
0000181f  mqttLogSubscribeEvent         
00001883  mqttLogUnSubscribeEvent       
000018e7  mqttLogConnectEvent           
00001907  mqttLogDisConnectEvent        
00001935  mqttHandler                   
00001c9d  mqttGetTxStatus               
00001ccd  mqttSetTxStatus               
00001ce5  mqttGetTxData                 
00001d27  isMqtt                        
00001d31  mqttSetRxData                 
00001da5  mqttInit                      
00001ea5  __TI_scanfi                   
00002000  __STACK_SIZE                  
000029b9  initHw                        
000029f5  displayConnectionInfo         
00002c85  readConfiguration             
00002d39  asciiToUint8                  
00002deb  processShell                  
0000322b  main                          
00003397  appInit                       
00003469  __TI_printfi                  
00003eb7  _nop                          
00003eb9  enablePort                    
00003f75  disablePort                   
00003ff5  selectPinPushPullOutput       
00004043  selectPinOpenDrainOutput      
00004091  selectPinDigitalInput         
000040df  selectPinAnalogInput          
0000412f  setPinCommitControl           
000041ab  enablePinPullup               
000041d9  disablePinPullup              
000041fd  enablePinPulldown             
00004221  disablePinPulldown            
00004249  setPinAuxFunction             
0000435b  selectPinInterruptRisingEdge  
000043ab  selectPinInterruptFallingEdge 
000043fb  selectPinInterruptBothEdges   
00004451  selectPinInterruptHighLevel   
0000448b  selectPinInterruptLowLevel    
000044c5  enablePinInterrupt            
000044e9  disablePinInterrupt           
0000450d  clearPinInterrupt             
00004531  setPinValue                   
00004557  togglePinValue                
0000457b  getPinValue                   
000045b9  setPortValue                  
00004631  getPortValue                  
000046c1  enableEtherCs                 
000046d7  disableEtherCs                
000046e5  writeEtherReg                 
00004719  readEtherReg                  
0000474b  setEtherReg                   
0000477f  clearEtherReg                 
000047b3  setEtherBank                  
000047cf  writeEtherPhy                 
00004807  readEtherPhy                  
00004873  startEtherMemWrite            
00004885  writeEtherMem                 
00004899  stopEtherMemWrite             
000048a1  startEtherMemRead             
000048b3  readEtherMem                  
000048c3  stopEtherMemRead              
000048cb  initEther                     
00004a51  isEtherLinkUp                 
00004a6b  isEtherDataAvailable          
00004a85  isEtherOverflow               
00004ab5  getEtherPacket                
00004ba5  putEtherPacket                
00004c8b  htons                         
00004caf  htonl                         
00004cdb  getEtherId                    
00004ce7  incEtherId                    
00004cf1  setEtherMacAddress            
00004d75  getEtherMacAddress            
00004dd5  isIp                          
00004e1d  isIpUnicast                   
00004e7d  isEtherIpValid                
00004ea3  setIpAddress                  
00004edd  getIpAddress                  
00004f17  setIpSubnetMask               
00004f51  getIpSubnetMask               
00004f8b  setIpGatewayAddress           
00004fc5  getIpGatewayAddress           
00004fff  setIpDnsAddress               
00005039  getIpDnsAddress               
00005073  setIpTimeServerAddress        
000050ad  getIpTimeServerAddress        
000050e7  setIpMqttBrokerAddress        
00005125  getIpMqttBrokerAddress        
0000516d  sumIpWords                    
000051e1  getIpChecksum                 
00005213  calcIpChecksum                
00005259  strtod                        
00005259  strtold                       
000056b9  isUdp                         
00005761  getUdpData                    
0000578d  getUdpMessageSocket           
00005837  sendUdpMessage                
00005a31  initTimer                     
00005ad1  startOneshotTimer             
00005b57  startPeriodicTimer            
00005bdd  stopTimer                     
00005c43  restartTimer                  
00005cb1  tickIsr                       
00005d2b  random32                      
00005d69  isArpRequest                  
00005e0d  isArpResponse                 
00005e61  sendArpResponse               
00005f3f  sendArpRequest                
000062cd  ipHandlerTx                   
00006329  ipHandlerRx                   
000063ff  setIpMqttMacBrokerAddress     
00006439  getIpCurrentEventStatus       
0000643f  arpRespTimeoutCb              
00006447  isIpArpResponse               
00006515  strtoll                       
000068c1  __aeabi_dsub                  
000068cb  __aeabi_dadd                  
00006a77  __aeabi_idiv0                 
00006a77  __aeabi_ldiv0                 
00006a79  initSpi0                      
00006b15  setSpi0BaudRate               
00006b4b  setSpi0Mode                   
00006b99  writeSpi0Data                 
00006bb1  readSpi0Data                  
00006bd9  strtoull                      
00006d35  isPingRequest                 
00006d79  sendPingResponse              
00006fc5  __aeabi_ddiv                  
000070fd  strtol                        
0000722d  initUart0                     
00007277  setUart0BaudRate              
000072bb  putcUart0                     
000072d7  putsUart0                     
00007303  getcUart0                     
00007317  kbhitUart0                    
00007479  ldexp                         
00007479  ldexpl                        
00007479  scalbn                        
00007479  scalbnl                       
00007589  strtoul                       
00007699  __aeabi_dmul                  
00007847  __aeabi_memcpy                
00007847  __aeabi_memcpy4               
00007847  __aeabi_memcpy8               
00007847  memcpy                        
000078e3  __aeabi_uldivmod              
00007979  __aeabi_cdcmpeq               
00007979  __aeabi_cdcmple               
000079ff  __aeabi_cdrcmple              
00007a85  initEeprom                    
00007a9b  writeEeprom                   
00007acd  readEeprom                    
00007b09  __aeabi_memclr                
00007b09  __aeabi_memclr4               
00007b09  __aeabi_memclr8               
00007b0b  __aeabi_memset                
00007b0b  __aeabi_memset4               
00007b0b  __aeabi_memset8               
00007b11  memset                        
00007bf1  __aeabi_d2f                   
00007cc9  __TI_decompress_lzss          
00007d31  frexp                         
00007d31  frexpl                        
00007deb  __TI_ltoa                     
00007e91  atoi                          
00007edd  snprintf                      
00007f29  __aeabi_d2iz                  
00007f71  __TI_auto_init_nobinit_nopinit
00007fb5  strtok                        
00008035  sscanf                        
0000806d  _c_int00_noargs               
000080a1  rand                          
00008105  __aeabi_i2d                   
00008133  strspn                        
0000815d  srand                         
00008181  strcspn                       
000081a5  waitMicrosecond               
000081c9  __TI_zero_init_nomemset       
000081e5  memccpy                       
00008201  copysign                      
00008201  copysignl                     
00008233  __aeabi_lmul                  
0000824b  strcmp                        
00008263  strrchr                       
0000827b  strchr                        
00008291  strcpy                        
000082a5  strlen                        
000082cb  wcslen                        
000082dd  initSystemClockTo40Mhz        
000082ed  tolower                       
000082fd  __TI_decompress_none          
0000830b  ResetISR                      
00008319  __aeabi_errno_addr            
00008329  _system_pre_init              
0000832d  C$$EXIT                       
0000832d  abort                         
00008330  _ctypes_                      
00008530  __TI_Handler_Table_Base       
0000853c  __TI_Handler_Table_Limit      
00008548  __TI_CINIT_Base               
00008558  __TI_CINIT_Limit              
20000000  __stack                       
20000000  __start___llvm_prf_cnts       
20000000  __stop___llvm_prf_cnts        
20000200  __STACK_TOP                   
20002000  __STACK_END                   
20002000  strInput                      
20002054  fn                            
2000207c  period                        
200020a4  ticks                         
200020cc  reload                        
200020d8  token                         
20002142  count                         
20002144  socketConns                   
2000216c  _lock                         
20002170  _unlock                       
20002174  hwAddress                     
2000217a  ipAddress                     
2000217e  ipDnsAddress                  
20002182  ipGwAddress                   
20002186  ipSubnetMask                  
2000218a  ipTimeServerAddress           
20002190  errno                         
2000219c  nextPacketLsb                 
2000219d  nextPacketMsb                 
2000219e  sequenceId                    
2000219f  initiateArpRequest            
200021a0  ipEventIcb                    
200021a2  mqttPktId                     
ffffffff  __TI_pprof_out_hndl           
ffffffff  __TI_prof_data_size           
ffffffff  __TI_prof_data_start          
ffffffff  __binit__                     
ffffffff  __c_args__                    
ffffffff  binit                         
UNDEFED   __mpu_init                    
UNDEFED   _system_post_cinit            

[268 symbols]
