******************************************************************************
                  TI ARM Linker Unix v20.2.7                   
******************************************************************************
>> Linked Fri Feb 17 00:06:06 2023

OUTPUT FILE NAME:   <IOT_Project1.out>
ENTRY POINT SYMBOL: "_c_int00_noargs"  address: 00007139


MEMORY CONFIGURATION

         name            origin    length      used     unused   attr    fill
----------------------  --------  ---------  --------  --------  ----  --------
  FLASH                 00000000   00040000  0000762c  000389d4  R  X
  SRAM                  20000000   00008000  00001138  00006ec8  RW X


SEGMENT ALLOCATION MAP

run origin  load origin   length   init length attrs members
----------  ----------- ---------- ----------- ----- -------
00000000    00000000    00007630   00007630    r-x
  00000000    00000000    0000026c   0000026c    r-- .intvecs
  0000026c    0000026c    00007190   00007190    r-x .text
  00007400    00007400    000001e8   000001e8    r-- .const
  000075e8    000075e8    00000048   00000048    r-- .cinit
20000000    20000000    00001138   00000000    rw-
  20000000    20000000    00001000   00000000    rw- .stack
  20001000    20001000    000000dc   00000000    rw- .bss
  200010dc    200010dc    0000005c   00000000    rw- .data


SECTION ALLOCATION MAP

 output                                  attributes/
section   page    origin      length       input sections
--------  ----  ----------  ----------   ----------------
.intvecs   0    00000000    0000026c     
                  00000000    0000026c     tm4c123gh6pm_startup_ccs.obj (.intvecs)

.text      0    0000026c    00007190     
                  0000026c    00000ec0     tcp.obj (.text)
                  0000112c    00000b14     rtsv7M4_T_le_v4SPD16_eabi.lib : _scanfi.c.obj (.text:__TI_scanfi)
                  00001c40    00000a4e                                   : _printfi.c.obj (.text:__TI_printfi)
                  0000268e    00000002                                   : _lock.c.obj (.text:_nop)
                  00002690    000009ec     ethernet.obj (.text)
                  0000307c    00000808     gpio.obj (.text)
                  00003884    00000714     eth0.obj (.text)
                  00003f98    000004ac     ip.obj (.text)
                  00004444    00000460     rtsv7M4_T_le_v4SPD16_eabi.lib : strtod.c.obj (.text:strtod)
                  000048a4    00000378     udp.obj (.text)
                  00004c1c    00000338     timer.obj (.text)
                  00004f54    000002f4     arp.obj (.text)
                  00005248    00000270     rtsv7M4_T_le_v4SPD16_eabi.lib : _printfi.c.obj (.text:_pconv_a)
                  000054b8    000001dc                                   : strtoll.c.obj (.text:strtoll)
                  00005694    000001d0                                   : _printfi.c.obj (.text:_pconv_g)
                  00005864    000001b6                                   : fd_add_t2.asm.obj (.text)
                  00005a1a    00000002                                   : div0.asm.obj (.text)
                  00005a1c    00000160     spi0.obj (.text)
                  00005b7c    0000015c     rtsv7M4_T_le_v4SPD16_eabi.lib : strtoull.c.obj (.text:strtoull)
                  00005cd8    00000154     icmp.obj (.text)
                  00005e2c    0000013c     rtsv7M4_T_le_v4SPD16_eabi.lib : _printfi.c.obj (.text:_pconv_e)
                  00005f68    00000136                                   : fd_div_t2.asm.obj (.text)
                  0000609e    00000002     --HOLE-- [fill = 0]
                  000060a0    00000130                                   : strtol.c.obj (.text:strtol)
                  000061d0    00000128     mqtt.obj (.text)
                  000062f8    00000128     uart0.obj (.text)
                  00006420    00000124     rtsv7M4_T_le_v4SPD16_eabi.lib : _printfi.c.obj (.text:fcvt)
                  00006544    00000110                                   : s_scalbn.c.obj (.text:scalbn)
                  00006654    00000110                                   : strtoul.c.obj (.text:strtoul)
                  00006764    000000fc                                   : fd_mul_t2.asm.obj (.text)
                  00006860    000000b1                                   : _printfi.c.obj (.text:_ltostr)
                  00006911    00000001     --HOLE-- [fill = 0]
                  00006912    0000009c                                   : memcpy_t2.asm.obj (.text)
                  000069ae    00000096                                   : ull_div_t2.asm.obj (.text)
                  00006a44    00000086                                   : fd_cmp_t2.asm.obj (.text:__aeabi_cdcmple)
                  00006aca    00000086                                   : fd_cmp_t2.asm.obj (.text:__aeabi_cdrcmple)
                  00006b50    00000084     eeprom.obj (.text)
                  00006bd4    0000007a     rtsv7M4_T_le_v4SPD16_eabi.lib : memset_t2.asm.obj (.text)
                  00006c4e    0000006e                                   : _printfi.c.obj (.text:_mcpy)
                  00006cbc    0000006e                                   : fd_tos_t2.asm.obj (.text)
                  00006d2a    00000002     --HOLE-- [fill = 0]
                  00006d2c    00000068                                   : sscanf.c.obj (.text:_chkmbc)
                  00006d94    00000068                                   : copy_decompress_lzss.c.obj (.text:decompress:lzss:__TI_decompress_lzss)
                  00006dfc    00000064                                   : s_frexp.c.obj (.text:frexp)
                  00006e60    00000056                                   : _printfi.c.obj (.text:_pconv_f)
                  00006eb6    00000054                                   : _ltoa.c.obj (.text:__TI_ltoa)
                  00006f0a    00000052                                   : _printfi.c.obj (.text:_ecpy)
                  00006f5c    0000004c                                   : atoi.c.obj (.text:atoi)
                  00006fa8    0000004c                                   : snprintf.c.obj (.text:snprintf)
                  00006ff4    00000048                                   : fd_toi_t2.asm.obj (.text)
                  0000703c    00000044                                   : autoinit.c.obj (.text:__TI_auto_init_nobinit_nopinit:__TI_auto_init_nobinit_nopinit)
                  00007080    00000040                                   : strtok.c.obj (.text:strtok)
                  000070c0    0000003e                                   : _printfi.c.obj (.text:_fcpy)
                  000070fe    00000002     --HOLE-- [fill = 0]
                  00007100    00000038                                   : sscanf.c.obj (.text:sscanf)
                  00007138    00000034                                   : boot_cortex_m.c.obj (.text:_c_int00_noargs:_c_int00_noargs)
                  0000716c    00000034                                   : rand.c.obj (.text:rand)
                  000071a0    00000030                                   : snprintf.c.obj (.text:_outs)
                  000071d0    0000002e                                   : i_tofd_t2.asm.obj (.text)
                  000071fe    0000002a                                   : strspn.c.obj (.text:strspn)
                  00007228    00000024                                   : rand.c.obj (.text:srand)
                  0000724c    00000024                                   : strcspn.c.obj (.text:strcspn)
                  00007270    00000024     wait.obj (.text)
                  00007294    0000001c     rtsv7M4_T_le_v4SPD16_eabi.lib : copy_zero_init.c.obj (.text:decompress:ZI:__TI_zero_init_nomemset:__TI_zero_init_nomemset)
                  000072b0    0000001c                                   : memccpy.c.obj (.text:memccpy)
                  000072cc    0000001a                                   : s_copysign.c.obj (.text:copysign)
                  000072e6    00000018                                   : snprintf.c.obj (.text:_outc)
                  000072fe    00000018                                   : ll_mul_t2.asm.obj (.text)
                  00007316    00000018                                   : strcmp.c.obj (.text:strcmp)
                  0000732e    00000018                                   : strrchr.c.obj (.text:strrchr)
                  00007346    00000016                                   : strchr.c.obj (.text:strchr)
                  0000735c    00000014                                   : strcpy.c.obj (.text:strcpy)
                  00007370    00000014                                   : strlen.c.obj (.text:strlen)
                  00007384    00000012                                   : sscanf.c.obj (.text:_inpchar)
                  00007396    00000012                                   : wcslen.c.obj (.text:wcslen)
                  000073a8    00000010     clock.obj (.text)
                  000073b8    00000010     rtsv7M4_T_le_v4SPD16_eabi.lib : tolower.c.obj (.text:tolower)
                  000073c8    0000000e                                   : copy_decompress_none.c.obj (.text:decompress:none:__TI_decompress_none)
                  000073d6    0000000c     tm4c123gh6pm_startup_ccs.obj (.text)
                  000073e2    00000002     --HOLE-- [fill = 0]
                  000073e4    00000008     rtsv7M4_T_le_v4SPD16_eabi.lib : errno.c.obj (.text:__aeabi_errno_addr)
                  000073ec    00000008                                   : sscanf.c.obj (.text:_uninpchar)
                  000073f4    00000004                                   : pre_init.c.obj (.text:_system_pre_init)
                  000073f8    00000004                                   : exit.c.obj (.text:abort:abort)

.const     0    00007400    000001e8     
                  00007400    00000101     rtsv7M4_T_le_v4SPD16_eabi.lib : ctype.c.obj (.const:.string:_ctypes_)
                  00007501    00000006     tcp.obj (.const:.string:$P$T1$2)
                  00007507    00000001     --HOLE-- [fill = 0]
                  00007508    000000c8     rtsv7M4_T_le_v4SPD16_eabi.lib : strtod.c.obj (.const:$O1$$)
                  000075d0    00000010                                   : _scanfi.c.obj (.const:$O1$$)
                  000075e0    00000004     mqtt.obj (.const:.string:$P$T0$1)
                  000075e4    00000004     tcp.obj (.const:.string:$P$T0$1)

.cinit     0    000075e8    00000048     
                  000075e8    0000001f     (.cinit..data.load) [load image, compression = lzss]
                  00007607    00000001     --HOLE-- [fill = 0]
                  00007608    0000000c     (__TI_handler_table)
                  00007614    00000004     --HOLE-- [fill = 0]
                  00007618    00000008     (.cinit..bss.load) [load image, compression = zero_init]
                  00007620    00000010     (__TI_cinit_table)

.init_array 
*          0    00000000    00000000     UNINITIALIZED

.bss       0    20001000    000000dc     UNINITIALIZED
                  20001000    00000054     (.common:strInput)
                  20001054    00000028     (.common:fn)
                  2000107c    00000028     (.common:period)
                  200010a4    00000028     (.common:ticks)
                  200010cc    0000000c     (.common:reload)
                  200010d8    00000004     (.common:token)

.data      0    200010dc    0000005c     UNINITIALIZED
                  200010dc    0000001c     tcp.obj (.data:socketConns)
                  200010f8    00000008     rtsv7M4_T_le_v4SPD16_eabi.lib : _lock.c.obj (.data:$O1$$)
                  20001100    00000008     mqtt.obj (.data:mqttMcb)
                  20001108    00000006     eth0.obj (.data:hwAddress)
                  2000110e    00000001     ethernet.obj (.data)
                  2000110f    00000001     --HOLE--
                  20001110    00000005     tcp.obj (.data)
                  20001115    00000004     ip.obj (.data:ipAddress)
                  20001119    00000004     ip.obj (.data:ipDnsAddress)
                  2000111d    00000004     ip.obj (.data:ipGwAddress)
                  20001121    00000004     ip.obj (.data:ipSubnetMask)
                  20001125    00000004     ip.obj (.data:ipTimeServerAddress)
                  20001129    00000003     eth0.obj (.data)
                  2000112c    00000004     rtsv7M4_T_le_v4SPD16_eabi.lib : errno.c.obj (.data)
                  20001130    00000004                                   : rand.c.obj (.data)
                  20001134    00000004                                   : strtok.c.obj (.data)

.stack     0    20000000    00001000     UNINITIALIZED
                  20000000    00000004     rtsv7M4_T_le_v4SPD16_eabi.lib : boot_cortex_m.c.obj (.stack)
                  20000004    00000ffc     --HOLE--

__llvm_prf_cnts 
*          0    20000000    00000000     UNINITIALIZED

MODULE SUMMARY

       Module                         code    ro data   rw data
       ------                         ----    -------   -------
    ./
       tcp.obj                        3776    10        33     
       ethernet.obj                   2540    0         89     
       gpio.obj                       2056    0         0      
       eth0.obj                       1812    0         9      
       ip.obj                         1196    0         20     
       timer.obj                      824     0         132    
       udp.obj                        888     0         0      
       arp.obj                        756     0         0      
       tm4c123gh6pm_startup_ccs.obj   12      620       0      
       spi0.obj                       352     0         0      
       icmp.obj                       340     0         0      
       mqtt.obj                       296     4         8      
       uart0.obj                      296     0         0      
       eeprom.obj                     132     0         0      
       wait.obj                       36      0         0      
       clock.obj                      16      0         0      
    +--+------------------------------+-------+---------+---------+
       Total:                         15328   634       291    
                                                               
    /home/sadhan/ti/ccs1210/ccs/tools/compiler/ti-cgt-arm_20.2.7.LTS/lib/rtsv7M4_T_le_v4SPD16_eabi.lib
       _printfi.c.obj                 4851    0         0      
       _scanfi.c.obj                  2836    16        0      
       strtod.c.obj                   1120    200       0      
       strtoll.c.obj                  476     0         0      
       fd_add_t2.asm.obj              438     0         0      
       strtoull.c.obj                 348     0         0      
       fd_div_t2.asm.obj              310     0         0      
       strtol.c.obj                   304     0         0      
       s_scalbn.c.obj                 272     0         0      
       strtoul.c.obj                  272     0         0      
       fd_cmp_t2.asm.obj              268     0         0      
       ctype.c.obj                    0       257       0      
       fd_mul_t2.asm.obj              252     0         0      
       sscanf.c.obj                   186     0         0      
       memcpy_t2.asm.obj              156     0         0      
       ull_div_t2.asm.obj             150     0         0      
       snprintf.c.obj                 148     0         0      
       memset_t2.asm.obj              122     0         0      
       fd_tos_t2.asm.obj              110     0         0      
       copy_decompress_lzss.c.obj     104     0         0      
       s_frexp.c.obj                  100     0         0      
       rand.c.obj                     88      0         4      
       _ltoa.c.obj                    84      0         0      
       atoi.c.obj                     76      0         0      
       fd_toi_t2.asm.obj              72      0         0      
       autoinit.c.obj                 68      0         0      
       strtok.c.obj                   64      0         4      
       boot_cortex_m.c.obj            52      0         0      
       i_tofd_t2.asm.obj              46      0         0      
       strspn.c.obj                   42      0         0      
       strcspn.c.obj                  36      0         0      
       copy_zero_init.c.obj           28      0         0      
       memccpy.c.obj                  28      0         0      
       s_copysign.c.obj               26      0         0      
       ll_mul_t2.asm.obj              24      0         0      
       strcmp.c.obj                   24      0         0      
       strrchr.c.obj                  24      0         0      
       strchr.c.obj                   22      0         0      
       strcpy.c.obj                   20      0         0      
       strlen.c.obj                   20      0         0      
       wcslen.c.obj                   18      0         0      
       tolower.c.obj                  16      0         0      
       copy_decompress_none.c.obj     14      0         0      
       errno.c.obj                    8       0         4      
       _lock.c.obj                    2       0         8      
       exit.c.obj                     4       0         0      
       pre_init.c.obj                 4       0         0      
       div0.asm.obj                   2       0         0      
    +--+------------------------------+-------+---------+---------+
       Total:                         13735   473       20     
                                                               
       Stack:                         0       0         4096   
       Linker Generated:              0       67        0      
    +--+------------------------------+-------+---------+---------+
       Grand Total:                   29063   1174      4407   


LINKER GENERATED COPY TABLES

__TI_cinit_table @ 00007620 records: 2, size/record: 8, table size: 16
	.data: load addr=000075e8, load size=0000001f bytes, run addr=200010dc, run size=0000005c bytes, compression=lzss
	.bss: load addr=00007618, load size=00000008 bytes, run addr=20001000, run size=000000dc bytes, compression=zero_init


LINKER GENERATED HANDLER TABLE

__TI_handler_table @ 00007608 records: 3, size/record: 4, table size: 12
	index: 0, handler: __TI_decompress_lzss
	index: 1, handler: __TI_decompress_none
	index: 2, handler: __TI_zero_init


GLOBAL SYMBOLS: SORTED ALPHABETICALLY BY Name 

address   name                          
-------   ----                          
000073f9  C$$EXIT                       
000073d7  ResetISR                      
20001000  __STACK_END                   
00001000  __STACK_SIZE                  
20000200  __STACK_TOP                   
00007620  __TI_CINIT_Base               
00007630  __TI_CINIT_Limit              
00007608  __TI_Handler_Table_Base       
00007614  __TI_Handler_Table_Limit      
0000703d  __TI_auto_init_nobinit_nopinit
00006d95  __TI_decompress_lzss          
000073c9  __TI_decompress_none          
00006eb7  __TI_ltoa                     
ffffffff  __TI_pprof_out_hndl           
00001c41  __TI_printfi                  
ffffffff  __TI_prof_data_size           
ffffffff  __TI_prof_data_start          
0000112d  __TI_scanfi                   
00000000  __TI_static_base__            
00007295  __TI_zero_init_nomemset       
00006a45  __aeabi_cdcmpeq               
00006a45  __aeabi_cdcmple               
00006acb  __aeabi_cdrcmple              
00006cbd  __aeabi_d2f                   
00006ff5  __aeabi_d2iz                  
0000586f  __aeabi_dadd                  
00005f69  __aeabi_ddiv                  
00006765  __aeabi_dmul                  
00005865  __aeabi_dsub                  
000073e5  __aeabi_errno_addr            
000071d1  __aeabi_i2d                   
00005a1b  __aeabi_idiv0                 
00005a1b  __aeabi_ldiv0                 
000072ff  __aeabi_lmul                  
00006bd5  __aeabi_memclr                
00006bd5  __aeabi_memclr4               
00006bd5  __aeabi_memclr8               
00006913  __aeabi_memcpy                
00006913  __aeabi_memcpy4               
00006913  __aeabi_memcpy8               
00006bd7  __aeabi_memset                
00006bd7  __aeabi_memset4               
00006bd7  __aeabi_memset8               
000069af  __aeabi_uldivmod              
ffffffff  __binit__                     
ffffffff  __c_args__                    
UNDEFED   __mpu_init                    
20000000  __stack                       
20000000  __start___llvm_prf_cnts       
20000000  __stop___llvm_prf_cnts        
00007139  _c_int00_noargs               
00007400  _ctypes_                      
200010f8  _lock                         
0000268f  _nop                          
UNDEFED   _system_post_cinit            
000073f5  _system_pre_init              
200010fc  _unlock                       
000073f9  abort                         
00002a11  asciiToUint8                  
00006f5d  atoi                          
ffffffff  binit                         
000043ff  calcIpChecksum                
00003943  clearEtherReg                 
000036d1  clearPinInterrupt             
000072cd  copysign                      
000072cd  copysignl                     
2000110e  count                         
0000389b  disableEtherCs                
000036ad  disablePinInterrupt           
000033e5  disablePinPulldown            
0000339d  disablePinPullup              
00003139  disablePort                   
000026cd  displayConnectionInfo         
00003885  enableEtherCs                 
00003689  enablePinInterrupt            
000033c1  enablePinPulldown             
0000336f  enablePinPullup               
0000307d  enablePort                    
2000112c  errno                         
20001054  fn                            
00006dfd  frexp                         
00006dfd  frexpl                        
00000000  g_pfnVectors                  
000003e9  genRandNum                    
00003e9f  getEtherId                    
00003f39  getEtherMacAddress            
00003c79  getEtherPacket                
000040c9  getIpAddress                  
000043cd  getIpChecksum                 
00004225  getIpDnsAddress               
000041b1  getIpGatewayAddress           
00004311  getIpMqttBrokerAddress        
0000413d  getIpSubnetMask               
00004299  getIpTimeServerAddress        
0000373f  getPinValue                   
000037f5  getPortValue                  
000006bb  getTcpCurrState               
0000033f  getTcpData                    
0000036b  getTcpHeader                  
000006d5  getTcpMessageSocket           
0000494d  getUdpData                    
00004979  getUdpMessageSocket           
000063cf  getcUart0                     
00003e73  htonl                         
00003e4f  htons                         
20001108  hwAddress                     
00003eab  incEtherId                    
00006b51  initEeprom                    
00003a8f  initEther                     
00002691  initHw                        
00005a1d  initSpi0                      
000073a9  initSystemClockTo40Mhz        
00004c1d  initTimer                     
000062f9  initUart0                     
20001115  ipAddress                     
20001119  ipDnsAddress                  
2000111d  ipGwAddress                   
20001121  ipSubnetMask                  
20001125  ipTimeServerAddress           
00004f55  isArpRequest                  
00004ff9  isArpResponse                 
00003c2f  isEtherDataAvailable          
00004069  isEtherIpValid                
00003c15  isEtherLinkUp                 
00003c49  isEtherOverflow               
00003f99  isIp                          
00004009  isIpUnicast                   
000062d7  isMqtt                        
00005cd9  isPingRequest                 
0000026d  isTcp                         
000048a5  isUdp                         
000063e3  kbhitUart0                    
00006545  ldexp                         
00006545  ldexpl                        
00002e8d  main                          
000072b1  memccpy                       
00006913  memcpy                        
00006bdd  memset                        
00006275  mqttGetTxStatus               
00006219  mqttHandler                   
000061ed  mqttLogPublishEvent           
00006295  mqttPubGetData                
000061d1  mqttPublish                   
00006281  mqttSetTxStatus               
20001129  nextPacketLsb                 
2000112a  nextPacketMsb                 
2000107c  period                        
00002ac3  processShell                  
00003d69  putEtherPacket                
00006387  putcUart0                     
000063a3  putsUart0                     
0000716d  rand                          
00004f17  random32                      
0000295d  readConfiguration             
00006b99  readEeprom                    
00003a77  readEtherMem                  
000039cb  readEtherPhy                  
000038dd  readEtherReg                  
00005b55  readSpi0Data                  
200010cc  reload                        
00004e2f  restartTimer                  
00006545  scalbn                        
00006545  scalbnl                       
000032a3  selectPinAnalogInput          
00003255  selectPinDigitalInput         
000035bf  selectPinInterruptBothEdges   
0000356f  selectPinInterruptFallingEdge 
00003615  selectPinInterruptHighLevel   
0000364f  selectPinInterruptLowLevel    
0000351f  selectPinInterruptRisingEdge  
00003207  selectPinOpenDrainOutput      
000031b9  selectPinPushPullOutput       
0000512b  sendArpRequest                
0000504d  sendArpResponse               
00005d1d  sendPingResponse              
00004a23  sendUdpMessage                
2000112b  sequenceId                    
00003977  setEtherBank                  
00003eb5  setEtherMacAddress            
0000390f  setEtherReg                   
0000408f  setIpAddress                  
000041eb  setIpDnsAddress               
00004177  setIpGatewayAddress           
000042d3  setIpMqttBrokerAddress        
00004103  setIpSubnetMask               
0000425f  setIpTimeServerAddress        
0000340d  setPinAuxFunction             
000032f3  setPinCommitControl           
000036f5  setPinValue                   
0000377d  setPortValue                  
00005ab9  setSpi0BaudRate               
00005aef  setSpi0Mode                   
00006343  setUart0BaudRate              
00006fa9  snprintf                      
200010dc  socketConns                   
00007229  srand                         
00007101  sscanf                        
00003a65  startEtherMemRead             
00003a37  startEtherMemWrite            
00004cbd  startOneshotTimer             
00004d43  startPeriodicTimer            
00003a87  stopEtherMemRead              
00003a5d  stopEtherMemWrite             
00004dc9  stopTimer                     
20001000  strInput                      
00007347  strchr                        
00007317  strcmp                        
0000735d  strcpy                        
0000724d  strcspn                       
00007371  strlen                        
0000732f  strrchr                       
000071ff  strspn                        
00004445  strtod                        
00007081  strtok                        
000060a1  strtol                        
00004445  strtold                       
000054b9  strtoll                       
00006655  strtoul                       
00005b7d  strtoull                      
00004359  sumIpWords                    
0000069f  tcpConnect                    
00000e49  tcpCreateSocket               
0000050b  tcpFsmStateMachineClient      
00000427  tcpGetMatchingSocket          
00000ead  tcpHandleRwTransactions       
00000401  tcpHandlerRx                  
000004c3  tcpHandlerTx                  
000003d5  tcpHeaderSize                 
000003b5  tcpIsAck                      
00000395  tcpIsSyn                      
000009f9  tcpSendAck                    
00000c2f  tcpSendFin                    
00000efd  tcpSendSegment                
00000789  tcpSendSyn                    
00004e9d  tickIsr                       
200010a4  ticks                         
0000371b  togglePinValue                
200010d8  token                         
000073b9  tolower                       
00007271  waitMicrosecond               
00007397  wcslen                        
00006b67  writeEeprom                   
00003a49  writeEtherMem                 
00003993  writeEtherPhy                 
000038a9  writeEtherReg                 
00005b3d  writeSpi0Data                 


GLOBAL SYMBOLS: SORTED BY Symbol Address 

address   name                          
-------   ----                          
00000000  __TI_static_base__            
00000000  g_pfnVectors                  
0000026d  isTcp                         
0000033f  getTcpData                    
0000036b  getTcpHeader                  
00000395  tcpIsSyn                      
000003b5  tcpIsAck                      
000003d5  tcpHeaderSize                 
000003e9  genRandNum                    
00000401  tcpHandlerRx                  
00000427  tcpGetMatchingSocket          
000004c3  tcpHandlerTx                  
0000050b  tcpFsmStateMachineClient      
0000069f  tcpConnect                    
000006bb  getTcpCurrState               
000006d5  getTcpMessageSocket           
00000789  tcpSendSyn                    
000009f9  tcpSendAck                    
00000c2f  tcpSendFin                    
00000e49  tcpCreateSocket               
00000ead  tcpHandleRwTransactions       
00000efd  tcpSendSegment                
00001000  __STACK_SIZE                  
0000112d  __TI_scanfi                   
00001c41  __TI_printfi                  
0000268f  _nop                          
00002691  initHw                        
000026cd  displayConnectionInfo         
0000295d  readConfiguration             
00002a11  asciiToUint8                  
00002ac3  processShell                  
00002e8d  main                          
0000307d  enablePort                    
00003139  disablePort                   
000031b9  selectPinPushPullOutput       
00003207  selectPinOpenDrainOutput      
00003255  selectPinDigitalInput         
000032a3  selectPinAnalogInput          
000032f3  setPinCommitControl           
0000336f  enablePinPullup               
0000339d  disablePinPullup              
000033c1  enablePinPulldown             
000033e5  disablePinPulldown            
0000340d  setPinAuxFunction             
0000351f  selectPinInterruptRisingEdge  
0000356f  selectPinInterruptFallingEdge 
000035bf  selectPinInterruptBothEdges   
00003615  selectPinInterruptHighLevel   
0000364f  selectPinInterruptLowLevel    
00003689  enablePinInterrupt            
000036ad  disablePinInterrupt           
000036d1  clearPinInterrupt             
000036f5  setPinValue                   
0000371b  togglePinValue                
0000373f  getPinValue                   
0000377d  setPortValue                  
000037f5  getPortValue                  
00003885  enableEtherCs                 
0000389b  disableEtherCs                
000038a9  writeEtherReg                 
000038dd  readEtherReg                  
0000390f  setEtherReg                   
00003943  clearEtherReg                 
00003977  setEtherBank                  
00003993  writeEtherPhy                 
000039cb  readEtherPhy                  
00003a37  startEtherMemWrite            
00003a49  writeEtherMem                 
00003a5d  stopEtherMemWrite             
00003a65  startEtherMemRead             
00003a77  readEtherMem                  
00003a87  stopEtherMemRead              
00003a8f  initEther                     
00003c15  isEtherLinkUp                 
00003c2f  isEtherDataAvailable          
00003c49  isEtherOverflow               
00003c79  getEtherPacket                
00003d69  putEtherPacket                
00003e4f  htons                         
00003e73  htonl                         
00003e9f  getEtherId                    
00003eab  incEtherId                    
00003eb5  setEtherMacAddress            
00003f39  getEtherMacAddress            
00003f99  isIp                          
00004009  isIpUnicast                   
00004069  isEtherIpValid                
0000408f  setIpAddress                  
000040c9  getIpAddress                  
00004103  setIpSubnetMask               
0000413d  getIpSubnetMask               
00004177  setIpGatewayAddress           
000041b1  getIpGatewayAddress           
000041eb  setIpDnsAddress               
00004225  getIpDnsAddress               
0000425f  setIpTimeServerAddress        
00004299  getIpTimeServerAddress        
000042d3  setIpMqttBrokerAddress        
00004311  getIpMqttBrokerAddress        
00004359  sumIpWords                    
000043cd  getIpChecksum                 
000043ff  calcIpChecksum                
00004445  strtod                        
00004445  strtold                       
000048a5  isUdp                         
0000494d  getUdpData                    
00004979  getUdpMessageSocket           
00004a23  sendUdpMessage                
00004c1d  initTimer                     
00004cbd  startOneshotTimer             
00004d43  startPeriodicTimer            
00004dc9  stopTimer                     
00004e2f  restartTimer                  
00004e9d  tickIsr                       
00004f17  random32                      
00004f55  isArpRequest                  
00004ff9  isArpResponse                 
0000504d  sendArpResponse               
0000512b  sendArpRequest                
000054b9  strtoll                       
00005865  __aeabi_dsub                  
0000586f  __aeabi_dadd                  
00005a1b  __aeabi_idiv0                 
00005a1b  __aeabi_ldiv0                 
00005a1d  initSpi0                      
00005ab9  setSpi0BaudRate               
00005aef  setSpi0Mode                   
00005b3d  writeSpi0Data                 
00005b55  readSpi0Data                  
00005b7d  strtoull                      
00005cd9  isPingRequest                 
00005d1d  sendPingResponse              
00005f69  __aeabi_ddiv                  
000060a1  strtol                        
000061d1  mqttPublish                   
000061ed  mqttLogPublishEvent           
00006219  mqttHandler                   
00006275  mqttGetTxStatus               
00006281  mqttSetTxStatus               
00006295  mqttPubGetData                
000062d7  isMqtt                        
000062f9  initUart0                     
00006343  setUart0BaudRate              
00006387  putcUart0                     
000063a3  putsUart0                     
000063cf  getcUart0                     
000063e3  kbhitUart0                    
00006545  ldexp                         
00006545  ldexpl                        
00006545  scalbn                        
00006545  scalbnl                       
00006655  strtoul                       
00006765  __aeabi_dmul                  
00006913  __aeabi_memcpy                
00006913  __aeabi_memcpy4               
00006913  __aeabi_memcpy8               
00006913  memcpy                        
000069af  __aeabi_uldivmod              
00006a45  __aeabi_cdcmpeq               
00006a45  __aeabi_cdcmple               
00006acb  __aeabi_cdrcmple              
00006b51  initEeprom                    
00006b67  writeEeprom                   
00006b99  readEeprom                    
00006bd5  __aeabi_memclr                
00006bd5  __aeabi_memclr4               
00006bd5  __aeabi_memclr8               
00006bd7  __aeabi_memset                
00006bd7  __aeabi_memset4               
00006bd7  __aeabi_memset8               
00006bdd  memset                        
00006cbd  __aeabi_d2f                   
00006d95  __TI_decompress_lzss          
00006dfd  frexp                         
00006dfd  frexpl                        
00006eb7  __TI_ltoa                     
00006f5d  atoi                          
00006fa9  snprintf                      
00006ff5  __aeabi_d2iz                  
0000703d  __TI_auto_init_nobinit_nopinit
00007081  strtok                        
00007101  sscanf                        
00007139  _c_int00_noargs               
0000716d  rand                          
000071d1  __aeabi_i2d                   
000071ff  strspn                        
00007229  srand                         
0000724d  strcspn                       
00007271  waitMicrosecond               
00007295  __TI_zero_init_nomemset       
000072b1  memccpy                       
000072cd  copysign                      
000072cd  copysignl                     
000072ff  __aeabi_lmul                  
00007317  strcmp                        
0000732f  strrchr                       
00007347  strchr                        
0000735d  strcpy                        
00007371  strlen                        
00007397  wcslen                        
000073a9  initSystemClockTo40Mhz        
000073b9  tolower                       
000073c9  __TI_decompress_none          
000073d7  ResetISR                      
000073e5  __aeabi_errno_addr            
000073f5  _system_pre_init              
000073f9  C$$EXIT                       
000073f9  abort                         
00007400  _ctypes_                      
00007608  __TI_Handler_Table_Base       
00007614  __TI_Handler_Table_Limit      
00007620  __TI_CINIT_Base               
00007630  __TI_CINIT_Limit              
20000000  __stack                       
20000000  __start___llvm_prf_cnts       
20000000  __stop___llvm_prf_cnts        
20000200  __STACK_TOP                   
20001000  __STACK_END                   
20001000  strInput                      
20001054  fn                            
2000107c  period                        
200010a4  ticks                         
200010cc  reload                        
200010d8  token                         
200010dc  socketConns                   
200010f8  _lock                         
200010fc  _unlock                       
20001108  hwAddress                     
2000110e  count                         
20001115  ipAddress                     
20001119  ipDnsAddress                  
2000111d  ipGwAddress                   
20001121  ipSubnetMask                  
20001125  ipTimeServerAddress           
20001129  nextPacketLsb                 
2000112a  nextPacketMsb                 
2000112b  sequenceId                    
2000112c  errno                         
ffffffff  __TI_pprof_out_hndl           
ffffffff  __TI_prof_data_size           
ffffffff  __TI_prof_data_start          
ffffffff  __binit__                     
ffffffff  __c_args__                    
ffffffff  binit                         
UNDEFED   __mpu_init                    
UNDEFED   _system_post_cinit            

[246 symbols]
