******************************************************************************
                  TI ARM Linker Unix v20.2.7                   
******************************************************************************
>> Linked Sat Mar  4 01:01:35 2023

OUTPUT FILE NAME:   <IOT_Project1.out>
ENTRY POINT SYMBOL: "_c_int00_noargs"  address: 000082a5


MEMORY CONFIGURATION

         name            origin    length      used     unused   attr    fill
----------------------  --------  ---------  --------  --------  ----  --------
  FLASH                 00000000   00040000  00008790  00037870  R  X
  SRAM                  20000000   00008000  000021fd  00005e03  RW X


SEGMENT ALLOCATION MAP

run origin  load origin   length   init length attrs members
----------  ----------- ---------- ----------- ----- -------
00000000    00000000    00008790   00008790    r-x
  00000000    00000000    0000026c   0000026c    r-- .intvecs
  0000026c    0000026c    000082fc   000082fc    r-x .text
  00008568    00008568    000001e0   000001e0    r-- .const
  00008748    00008748    00000048   00000048    r-- .cinit
20000000    20000000    00002200   00000000    rw-
  20000000    20000000    00002000   00000000    rw- .stack
  20002000    20002000    00000121   00000000    rw- .data
  20002124    20002124    000000dc   00000000    rw- .bss


SECTION ALLOCATION MAP

 output                                  attributes/
section   page    origin      length       input sections
--------  ----  ----------  ----------   ----------------
.intvecs   0    00000000    0000026c     
                  00000000    0000026c     tm4c123gh6pm_startup_ccs.obj (.intvecs)

.text      0    0000026c    000082fc     
                  0000026c    00001170     tcp.obj (.text)
                  000013dc    00000d00     mqtt.obj (.text)
                  000020dc    00000b14     rtsv7M4_T_le_v4SPD16_eabi.lib : _scanfi.c.obj (.text:__TI_scanfi)
                  00002bf0    00000ab0     ethernet.obj (.text)
                  000036a0    00000a4e     rtsv7M4_T_le_v4SPD16_eabi.lib : _printfi.c.obj (.text:__TI_printfi)
                  000040ee    00000002                                   : _lock.c.obj (.text:_nop)
                  000040f0    00000808     gpio.obj (.text)
                  000048f8    00000714     eth0.obj (.text)
                  0000500c    00000484     ip.obj (.text)
                  00005490    00000460     rtsv7M4_T_le_v4SPD16_eabi.lib : strtod.c.obj (.text:strtod)
                  000058f0    00000378     udp.obj (.text)
                  00005c68    00000338     timer.obj (.text)
                  00005fa0    000002f4     arp.obj (.text)
                  00006294    00000270     rtsv7M4_T_le_v4SPD16_eabi.lib : _printfi.c.obj (.text:_pconv_a)
                  00006504    00000248     ip_custom_layer.obj (.text)
                  0000674c    000001dc     rtsv7M4_T_le_v4SPD16_eabi.lib : strtoll.c.obj (.text:strtoll)
                  00006928    000001d0                                   : _printfi.c.obj (.text:_pconv_g)
                  00006af8    000001b6                                   : fd_add_t2.asm.obj (.text)
                  00006cae    00000002                                   : div0.asm.obj (.text)
                  00006cb0    00000160     spi0.obj (.text)
                  00006e10    0000015c     rtsv7M4_T_le_v4SPD16_eabi.lib : strtoull.c.obj (.text:strtoull)
                  00006f6c    00000154     icmp.obj (.text)
                  000070c0    0000013c     rtsv7M4_T_le_v4SPD16_eabi.lib : _printfi.c.obj (.text:_pconv_e)
                  000071fc    00000136                                   : fd_div_t2.asm.obj (.text)
                  00007332    00000002     --HOLE-- [fill = 0]
                  00007334    00000130                                   : strtol.c.obj (.text:strtol)
                  00007464    00000128     uart0.obj (.text)
                  0000758c    00000124     rtsv7M4_T_le_v4SPD16_eabi.lib : _printfi.c.obj (.text:fcvt)
                  000076b0    00000110                                   : s_scalbn.c.obj (.text:scalbn)
                  000077c0    00000110                                   : strtoul.c.obj (.text:strtoul)
                  000078d0    000000fc                                   : fd_mul_t2.asm.obj (.text)
                  000079cc    000000b1                                   : _printfi.c.obj (.text:_ltostr)
                  00007a7d    00000001     --HOLE-- [fill = 0]
                  00007a7e    0000009c                                   : memcpy_t2.asm.obj (.text)
                  00007b1a    00000096                                   : ull_div_t2.asm.obj (.text)
                  00007bb0    00000086                                   : fd_cmp_t2.asm.obj (.text:__aeabi_cdcmple)
                  00007c36    00000086                                   : fd_cmp_t2.asm.obj (.text:__aeabi_cdrcmple)
                  00007cbc    00000084     eeprom.obj (.text)
                  00007d40    0000007a     rtsv7M4_T_le_v4SPD16_eabi.lib : memset_t2.asm.obj (.text)
                  00007dba    0000006e                                   : _printfi.c.obj (.text:_mcpy)
                  00007e28    0000006e                                   : fd_tos_t2.asm.obj (.text)
                  00007e96    00000002     --HOLE-- [fill = 0]
                  00007e98    00000068                                   : sscanf.c.obj (.text:_chkmbc)
                  00007f00    00000068                                   : copy_decompress_lzss.c.obj (.text:decompress:lzss:__TI_decompress_lzss)
                  00007f68    00000064                                   : s_frexp.c.obj (.text:frexp)
                  00007fcc    00000056                                   : _printfi.c.obj (.text:_pconv_f)
                  00008022    00000054                                   : _ltoa.c.obj (.text:__TI_ltoa)
                  00008076    00000052                                   : _printfi.c.obj (.text:_ecpy)
                  000080c8    0000004c                                   : atoi.c.obj (.text:atoi)
                  00008114    0000004c                                   : snprintf.c.obj (.text:snprintf)
                  00008160    00000048                                   : fd_toi_t2.asm.obj (.text)
                  000081a8    00000044                                   : autoinit.c.obj (.text:__TI_auto_init_nobinit_nopinit:__TI_auto_init_nobinit_nopinit)
                  000081ec    00000040                                   : strtok.c.obj (.text:strtok)
                  0000822c    0000003e                                   : _printfi.c.obj (.text:_fcpy)
                  0000826a    00000002     --HOLE-- [fill = 0]
                  0000826c    00000038                                   : sscanf.c.obj (.text:sscanf)
                  000082a4    00000034                                   : boot_cortex_m.c.obj (.text:_c_int00_noargs:_c_int00_noargs)
                  000082d8    00000034                                   : rand.c.obj (.text:rand)
                  0000830c    00000030                                   : snprintf.c.obj (.text:_outs)
                  0000833c    0000002e                                   : i_tofd_t2.asm.obj (.text)
                  0000836a    0000002a                                   : strspn.c.obj (.text:strspn)
                  00008394    00000024                                   : rand.c.obj (.text:srand)
                  000083b8    00000024                                   : strcspn.c.obj (.text:strcspn)
                  000083dc    00000024     wait.obj (.text)
                  00008400    0000001c     rtsv7M4_T_le_v4SPD16_eabi.lib : copy_zero_init.c.obj (.text:decompress:ZI:__TI_zero_init_nomemset:__TI_zero_init_nomemset)
                  0000841c    0000001c                                   : memccpy.c.obj (.text:memccpy)
                  00008438    0000001a                                   : s_copysign.c.obj (.text:copysign)
                  00008452    00000018                                   : snprintf.c.obj (.text:_outc)
                  0000846a    00000018                                   : ll_mul_t2.asm.obj (.text)
                  00008482    00000018                                   : strcmp.c.obj (.text:strcmp)
                  0000849a    00000018                                   : strrchr.c.obj (.text:strrchr)
                  000084b2    00000016                                   : strchr.c.obj (.text:strchr)
                  000084c8    00000014                                   : strcpy.c.obj (.text:strcpy)
                  000084dc    00000014                                   : strlen.c.obj (.text:strlen)
                  000084f0    00000012                                   : sscanf.c.obj (.text:_inpchar)
                  00008502    00000012                                   : wcslen.c.obj (.text:wcslen)
                  00008514    00000010     clock.obj (.text)
                  00008524    00000010     rtsv7M4_T_le_v4SPD16_eabi.lib : tolower.c.obj (.text:tolower)
                  00008534    0000000e                                   : copy_decompress_none.c.obj (.text:decompress:none:__TI_decompress_none)
                  00008542    0000000c     tm4c123gh6pm_startup_ccs.obj (.text)
                  0000854e    00000002     --HOLE-- [fill = 0]
                  00008550    00000008     rtsv7M4_T_le_v4SPD16_eabi.lib : errno.c.obj (.text:__aeabi_errno_addr)
                  00008558    00000008                                   : sscanf.c.obj (.text:_uninpchar)
                  00008560    00000004                                   : pre_init.c.obj (.text:_system_pre_init)
                  00008564    00000004                                   : exit.c.obj (.text:abort:abort)

.const     0    00008568    000001e0     
                  00008568    00000101     rtsv7M4_T_le_v4SPD16_eabi.lib : ctype.c.obj (.const:.string:_ctypes_)
                  00008669    00000007     --HOLE-- [fill = 0]
                  00008670    000000c8                                   : strtod.c.obj (.const:$O1$$)
                  00008738    00000010                                   : _scanfi.c.obj (.const:$O1$$)

.cinit     0    00008748    00000048     
                  00008748    0000001e     (.cinit..data.load) [load image, compression = lzss]
                  00008766    00000002     --HOLE-- [fill = 0]
                  00008768    0000000c     (__TI_handler_table)
                  00008774    00000004     --HOLE-- [fill = 0]
                  00008778    00000008     (.cinit..bss.load) [load image, compression = zero_init]
                  00008780    00000010     (__TI_cinit_table)

.init_array 
*          0    00000000    00000000     UNINITIALIZED

.data      0    20002000    00000121     UNINITIALIZED
                  20002000    00000082     mqtt.obj (.data:mqttMcb)
                  20002082    0000003e     mqtt.obj (.data:mqttRxBuffer)
                  200020c0    0000001c     tcp.obj (.data:socketConns)
                  200020dc    0000000a     tcp.obj (.data)
                  200020e6    00000001     ethernet.obj (.data)
                  200020e7    00000001     --HOLE--
                  200020e8    00000008     rtsv7M4_T_le_v4SPD16_eabi.lib : _lock.c.obj (.data:$O1$$)
                  200020f0    00000006     eth0.obj (.data:hwAddress)
                  200020f6    00000004     ip.obj (.data:ipAddress)
                  200020fa    00000004     ip.obj (.data:ipDnsAddress)
                  200020fe    00000004     ip.obj (.data:ipGwAddress)
                  20002102    00000004     ip.obj (.data:ipSubnetMask)
                  20002106    00000004     ip.obj (.data:ipTimeServerAddress)
                  2000210a    00000002     --HOLE--
                  2000210c    00000004     rtsv7M4_T_le_v4SPD16_eabi.lib : errno.c.obj (.data)
                  20002110    00000004                                   : rand.c.obj (.data)
                  20002114    00000004                                   : strtok.c.obj (.data)
                  20002118    00000003     eth0.obj (.data)
                  2000211b    00000003     ip_custom_layer.obj (.data)
                  2000211e    00000003     mqtt.obj (.data)

.bss       0    20002124    000000dc     UNINITIALIZED
                  20002124    00000054     (.common:strInput)
                  20002178    00000028     (.common:fn)
                  200021a0    00000028     (.common:period)
                  200021c8    00000028     (.common:ticks)
                  200021f0    0000000c     (.common:reload)
                  200021fc    00000004     (.common:token)

.stack     0    20000000    00002000     UNINITIALIZED
                  20000000    00000004     rtsv7M4_T_le_v4SPD16_eabi.lib : boot_cortex_m.c.obj (.stack)
                  20000004    00001ffc     --HOLE--

__llvm_prf_cnts 
*          0    20000000    00000000     UNINITIALIZED

MODULE SUMMARY

       Module                         code    ro data   rw data
       ------                         ----    -------   -------
    ./
       tcp.obj                        4464    0         38     
       mqtt.obj                       3328    0         195    
       ethernet.obj                   2736    0         89     
       gpio.obj                       2056    0         0      
       eth0.obj                       1812    0         9      
       ip.obj                         1156    0         20     
       timer.obj                      824     0         132    
       udp.obj                        888     0         0      
       arp.obj                        756     0         0      
       tm4c123gh6pm_startup_ccs.obj   12      620       0      
       ip_custom_layer.obj            584     0         3      
       spi0.obj                       352     0         0      
       icmp.obj                       340     0         0      
       uart0.obj                      296     0         0      
       eeprom.obj                     132     0         0      
       wait.obj                       36      0         0      
       clock.obj                      16      0         0      
    +--+------------------------------+-------+---------+---------+
       Total:                         19788   620       486    
                                                               
    /home/sadhan/ti/ccs1210/ccs/tools/compiler/ti-cgt-arm_20.2.7.LTS/lib/rtsv7M4_T_le_v4SPD16_eabi.lib
       _printfi.c.obj                 4851    0         0      
       _scanfi.c.obj                  2836    16        0      
       strtod.c.obj                   1120    200       0      
       strtoll.c.obj                  476     0         0      
       fd_add_t2.asm.obj              438     0         0      
       strtoull.c.obj                 348     0         0      
       fd_div_t2.asm.obj              310     0         0      
       strtol.c.obj                   304     0         0      
       s_scalbn.c.obj                 272     0         0      
       strtoul.c.obj                  272     0         0      
       fd_cmp_t2.asm.obj              268     0         0      
       ctype.c.obj                    0       257       0      
       fd_mul_t2.asm.obj              252     0         0      
       sscanf.c.obj                   186     0         0      
       memcpy_t2.asm.obj              156     0         0      
       ull_div_t2.asm.obj             150     0         0      
       snprintf.c.obj                 148     0         0      
       memset_t2.asm.obj              122     0         0      
       fd_tos_t2.asm.obj              110     0         0      
       copy_decompress_lzss.c.obj     104     0         0      
       s_frexp.c.obj                  100     0         0      
       rand.c.obj                     88      0         4      
       _ltoa.c.obj                    84      0         0      
       atoi.c.obj                     76      0         0      
       fd_toi_t2.asm.obj              72      0         0      
       autoinit.c.obj                 68      0         0      
       strtok.c.obj                   64      0         4      
       boot_cortex_m.c.obj            52      0         0      
       i_tofd_t2.asm.obj              46      0         0      
       strspn.c.obj                   42      0         0      
       strcspn.c.obj                  36      0         0      
       copy_zero_init.c.obj           28      0         0      
       memccpy.c.obj                  28      0         0      
       s_copysign.c.obj               26      0         0      
       ll_mul_t2.asm.obj              24      0         0      
       strcmp.c.obj                   24      0         0      
       strrchr.c.obj                  24      0         0      
       strchr.c.obj                   22      0         0      
       strcpy.c.obj                   20      0         0      
       strlen.c.obj                   20      0         0      
       wcslen.c.obj                   18      0         0      
       tolower.c.obj                  16      0         0      
       copy_decompress_none.c.obj     14      0         0      
       errno.c.obj                    8       0         4      
       _lock.c.obj                    2       0         8      
       exit.c.obj                     4       0         0      
       pre_init.c.obj                 4       0         0      
       div0.asm.obj                   2       0         0      
    +--+------------------------------+-------+---------+---------+
       Total:                         13735   473       20     
                                                               
       Stack:                         0       0         8192   
       Linker Generated:              0       66        0      
    +--+------------------------------+-------+---------+---------+
       Grand Total:                   33523   1159      8698   


LINKER GENERATED COPY TABLES

__TI_cinit_table @ 00008780 records: 2, size/record: 8, table size: 16
	.data: load addr=00008748, load size=0000001e bytes, run addr=20002000, run size=00000121 bytes, compression=lzss
	.bss: load addr=00008778, load size=00000008 bytes, run addr=20002124, run size=000000dc bytes, compression=zero_init


LINKER GENERATED HANDLER TABLE

__TI_handler_table @ 00008768 records: 3, size/record: 4, table size: 12
	index: 0, handler: __TI_decompress_lzss
	index: 1, handler: __TI_decompress_none
	index: 2, handler: __TI_zero_init


GLOBAL SYMBOLS: SORTED ALPHABETICALLY BY Name 

address   name                          
-------   ----                          
00008565  C$$EXIT                       
00008543  ResetISR                      
20002000  __STACK_END                   
00002000  __STACK_SIZE                  
20000200  __STACK_TOP                   
00008780  __TI_CINIT_Base               
00008790  __TI_CINIT_Limit              
00008768  __TI_Handler_Table_Base       
00008774  __TI_Handler_Table_Limit      
000081a9  __TI_auto_init_nobinit_nopinit
00007f01  __TI_decompress_lzss          
00008535  __TI_decompress_none          
00008023  __TI_ltoa                     
ffffffff  __TI_pprof_out_hndl           
000036a1  __TI_printfi                  
ffffffff  __TI_prof_data_size           
ffffffff  __TI_prof_data_start          
000020dd  __TI_scanfi                   
00000000  __TI_static_base__            
00008401  __TI_zero_init_nomemset       
00007bb1  __aeabi_cdcmpeq               
00007bb1  __aeabi_cdcmple               
00007c37  __aeabi_cdrcmple              
00007e29  __aeabi_d2f                   
00008161  __aeabi_d2iz                  
00006b03  __aeabi_dadd                  
000071fd  __aeabi_ddiv                  
000078d1  __aeabi_dmul                  
00006af9  __aeabi_dsub                  
00008551  __aeabi_errno_addr            
0000833d  __aeabi_i2d                   
00006caf  __aeabi_idiv0                 
00006caf  __aeabi_ldiv0                 
0000846b  __aeabi_lmul                  
00007d41  __aeabi_memclr                
00007d41  __aeabi_memclr4               
00007d41  __aeabi_memclr8               
00007a7f  __aeabi_memcpy                
00007a7f  __aeabi_memcpy4               
00007a7f  __aeabi_memcpy8               
00007d43  __aeabi_memset                
00007d43  __aeabi_memset4               
00007d43  __aeabi_memset8               
00007b1b  __aeabi_uldivmod              
ffffffff  __binit__                     
ffffffff  __c_args__                    
UNDEFED   __mpu_init                    
20000000  __stack                       
20000000  __start___llvm_prf_cnts       
20000000  __stop___llvm_prf_cnts        
000082a5  _c_int00_noargs               
00008568  _ctypes_                      
200020e8  _lock                         
000040ef  _nop                          
UNDEFED   _system_post_cinit            
00008561  _system_pre_init              
200020ec  _unlock                       
00008565  abort                         
000035cf  appInit                       
00006677  arpRespTimeoutCb              
00002f71  asciiToUint8                  
000080c9  atoi                          
ffffffff  binit                         
0000544b  calcIpChecksum                
000049b7  clearEtherReg                 
00004745  clearPinInterrupt             
00008439  copysign                      
00008439  copysignl                     
200020e6  count                         
0000490f  disableEtherCs                
00004721  disablePinInterrupt           
00004459  disablePinPulldown            
00004411  disablePinPullup              
000041ad  disablePort                   
00002c2d  displayConnectionInfo         
000048f9  enableEtherCs                 
000046fd  enablePinInterrupt            
00004435  enablePinPulldown             
000043e3  enablePinPullup               
000040f1  enablePort                    
2000210c  errno                         
20002178  fn                            
00007f69  frexp                         
00007f69  frexpl                        
00000000  g_pfnVectors                  
000003f7  genRandNum                    
00004f13  getEtherId                    
00004fad  getEtherMacAddress            
00004ced  getEtherPacket                
00005115  getIpAddress                  
00005419  getIpChecksum                 
00006671  getIpCurrentEventStatus       
00005271  getIpDnsAddress               
000051fd  getIpGatewayAddress           
0000535d  getIpMqttBrokerAddress        
00005189  getIpSubnetMask               
000052e5  getIpTimeServerAddress        
000047b3  getPinValue                   
00004869  getPortValue                  
000007c5  getTcpCurrState               
0000033f  getTcpData                    
0000036b  getTcpHeader                  
00000845  getTcpMessageSocket           
000007ed  getTcpSegmentLength           
00005999  getUdpData                    
000059c5  getUdpMessageSocket           
0000753b  getcUart0                     
00004ee7  htonl                         
00004ec3  htons                         
200020f0  hwAddress                     
00004f1f  incEtherId                    
00007cbd  initEeprom                    
00004b03  initEther                     
00002bf1  initHw                        
00006cb1  initSpi0                      
00008515  initSystemClockTo40Mhz        
00005c69  initTimer                     
00007465  initUart0                     
2000211b  initiateArpRequest            
200020f6  ipAddress                     
200020fa  ipDnsAddress                  
2000211c  ipEventIcb                    
200020fe  ipGwAddress                   
00006561  ipHandlerRx                   
00006505  ipHandlerTx                   
20002102  ipSubnetMask                  
20002106  ipTimeServerAddress           
00005fa1  isArpRequest                  
00006045  isArpResponse                 
00004ca3  isEtherDataAvailable          
000050b5  isEtherIpValid                
00004c89  isEtherLinkUp                 
00004cbd  isEtherOverflow               
0000500d  isIp                          
0000667f  isIpArpResponse               
00005055  isIpUnicast                   
00001ed1  isMqtt                        
00006f6d  isPingRequest                 
0000026d  isTcp                         
000058f1  isUdp                         
0000754f  kbhitUart0                    
000076b1  ldexp                         
000076b1  ldexpl                        
00003463  main                          
0000841d  memccpy                       
00007a7f  memcpy                        
00007d49  memset                        
00001749  mqttConnect                   
00001869  mqttDisConnect                
00001e69  mqttGetTxData                 
00001e4f  mqttGetTxStatus               
00001aad  mqttHandler                   
00001fa5  mqttInit                      
00001a5d  mqttLogConnectEvent           
00001a81  mqttLogDisConnectEvent        
000018cb  mqttLogPublishEvent           
00001995  mqttLogSubscribeEvent         
000019f9  mqttLogUnSubscribeEvent       
2000211e  mqttPktId                     
000013dd  mqttPublish                   
00001f4f  mqttSetRxData                 
00001e55  mqttSetTxStatus               
00001525  mqttSubscribe                 
0000163b  mqttUnSubscribe               
20002118  nextPacketLsb                 
20002119  nextPacketMsb                 
200021a0  period                        
00003023  processShell                  
00004ddd  putEtherPacket                
000074f3  putcUart0                     
0000750f  putsUart0                     
000082d9  rand                          
00005f63  random32                      
00002ebd  readConfiguration             
00007d05  readEeprom                    
00004aeb  readEtherMem                  
00004a3f  readEtherPhy                  
00004951  readEtherReg                  
00006de9  readSpi0Data                  
200021f0  reload                        
00005e7b  restartTimer                  
000076b1  scalbn                        
000076b1  scalbnl                       
00004317  selectPinAnalogInput          
000042c9  selectPinDigitalInput         
00004633  selectPinInterruptBothEdges   
000045e3  selectPinInterruptFallingEdge 
00004689  selectPinInterruptHighLevel   
000046c3  selectPinInterruptLowLevel    
00004593  selectPinInterruptRisingEdge  
0000427b  selectPinOpenDrainOutput      
0000422d  selectPinPushPullOutput       
00006177  sendArpRequest                
00006099  sendArpResponse               
00006fb1  sendPingResponse              
00005a6f  sendUdpMessage                
2000211a  sequenceId                    
000049eb  setEtherBank                  
00004f29  setEtherMacAddress            
00004983  setEtherReg                   
000050db  setIpAddress                  
00005237  setIpDnsAddress               
000051c3  setIpGatewayAddress           
0000531f  setIpMqttBrokerAddress        
00006637  setIpMqttMacBrokerAddress     
0000514f  setIpSubnetMask               
000052ab  setIpTimeServerAddress        
00004481  setPinAuxFunction             
00004367  setPinCommitControl           
00004769  setPinValue                   
000047f1  setPortValue                  
00006d4d  setSpi0BaudRate               
00006d83  setSpi0Mode                   
000074af  setUart0BaudRate              
00008115  snprintf                      
200020c0  socketConns                   
00008395  srand                         
0000826d  sscanf                        
00004ad9  startEtherMemRead             
00004aab  startEtherMemWrite            
00005d09  startOneshotTimer             
00005d8f  startPeriodicTimer            
00004afb  stopEtherMemRead              
00004ad1  stopEtherMemWrite             
00005e15  stopTimer                     
20002124  strInput                      
000084b3  strchr                        
00008483  strcmp                        
000084c9  strcpy                        
000083b9  strcspn                       
000084dd  strlen                        
0000849b  strrchr                       
0000836b  strspn                        
00005491  strtod                        
000081ed  strtok                        
00007335  strtol                        
00005491  strtold                       
0000674d  strtoll                       
000077c1  strtoul                       
00006e11  strtoull                      
000053a5  sumIpWords                    
000007a9  tcpConnect                    
00000fe1  tcpCreateSocket               
00000529  tcpFsmStateMachineClient      
00000435  tcpGetMatchingSocket          
00001005  tcpHandleRwTransactions       
0000040f  tcpHandlerRx                  
000004d5  tcpHandlerTx                  
000003dd  tcpHeaderSize                 
000003b9  tcpIsAck                      
00000395  tcpIsSyn                      
00000b73  tcpSendAck                    
00000db9  tcpSendFin                    
000010fd  tcpSendSegment                
00000955  tcpSendSyn                    
0000051d  tcpSendTimerCb                
00001383  tcpValidChecks                
00005ee9  tickIsr                       
200021c8  ticks                         
0000478f  togglePinValue                
200021fc  token                         
00008525  tolower                       
000083dd  waitMicrosecond               
00008503  wcslen                        
00007cd3  writeEeprom                   
00004abd  writeEtherMem                 
00004a07  writeEtherPhy                 
0000491d  writeEtherReg                 
00006dd1  writeSpi0Data                 


GLOBAL SYMBOLS: SORTED BY Symbol Address 

address   name                          
-------   ----                          
00000000  __TI_static_base__            
00000000  g_pfnVectors                  
0000026d  isTcp                         
0000033f  getTcpData                    
0000036b  getTcpHeader                  
00000395  tcpIsSyn                      
000003b9  tcpIsAck                      
000003dd  tcpHeaderSize                 
000003f7  genRandNum                    
0000040f  tcpHandlerRx                  
00000435  tcpGetMatchingSocket          
000004d5  tcpHandlerTx                  
0000051d  tcpSendTimerCb                
00000529  tcpFsmStateMachineClient      
000007a9  tcpConnect                    
000007c5  getTcpCurrState               
000007ed  getTcpSegmentLength           
00000845  getTcpMessageSocket           
00000955  tcpSendSyn                    
00000b73  tcpSendAck                    
00000db9  tcpSendFin                    
00000fe1  tcpCreateSocket               
00001005  tcpHandleRwTransactions       
000010fd  tcpSendSegment                
00001383  tcpValidChecks                
000013dd  mqttPublish                   
00001525  mqttSubscribe                 
0000163b  mqttUnSubscribe               
00001749  mqttConnect                   
00001869  mqttDisConnect                
000018cb  mqttLogPublishEvent           
00001995  mqttLogSubscribeEvent         
000019f9  mqttLogUnSubscribeEvent       
00001a5d  mqttLogConnectEvent           
00001a81  mqttLogDisConnectEvent        
00001aad  mqttHandler                   
00001e4f  mqttGetTxStatus               
00001e55  mqttSetTxStatus               
00001e69  mqttGetTxData                 
00001ed1  isMqtt                        
00001f4f  mqttSetRxData                 
00001fa5  mqttInit                      
00002000  __STACK_SIZE                  
000020dd  __TI_scanfi                   
00002bf1  initHw                        
00002c2d  displayConnectionInfo         
00002ebd  readConfiguration             
00002f71  asciiToUint8                  
00003023  processShell                  
00003463  main                          
000035cf  appInit                       
000036a1  __TI_printfi                  
000040ef  _nop                          
000040f1  enablePort                    
000041ad  disablePort                   
0000422d  selectPinPushPullOutput       
0000427b  selectPinOpenDrainOutput      
000042c9  selectPinDigitalInput         
00004317  selectPinAnalogInput          
00004367  setPinCommitControl           
000043e3  enablePinPullup               
00004411  disablePinPullup              
00004435  enablePinPulldown             
00004459  disablePinPulldown            
00004481  setPinAuxFunction             
00004593  selectPinInterruptRisingEdge  
000045e3  selectPinInterruptFallingEdge 
00004633  selectPinInterruptBothEdges   
00004689  selectPinInterruptHighLevel   
000046c3  selectPinInterruptLowLevel    
000046fd  enablePinInterrupt            
00004721  disablePinInterrupt           
00004745  clearPinInterrupt             
00004769  setPinValue                   
0000478f  togglePinValue                
000047b3  getPinValue                   
000047f1  setPortValue                  
00004869  getPortValue                  
000048f9  enableEtherCs                 
0000490f  disableEtherCs                
0000491d  writeEtherReg                 
00004951  readEtherReg                  
00004983  setEtherReg                   
000049b7  clearEtherReg                 
000049eb  setEtherBank                  
00004a07  writeEtherPhy                 
00004a3f  readEtherPhy                  
00004aab  startEtherMemWrite            
00004abd  writeEtherMem                 
00004ad1  stopEtherMemWrite             
00004ad9  startEtherMemRead             
00004aeb  readEtherMem                  
00004afb  stopEtherMemRead              
00004b03  initEther                     
00004c89  isEtherLinkUp                 
00004ca3  isEtherDataAvailable          
00004cbd  isEtherOverflow               
00004ced  getEtherPacket                
00004ddd  putEtherPacket                
00004ec3  htons                         
00004ee7  htonl                         
00004f13  getEtherId                    
00004f1f  incEtherId                    
00004f29  setEtherMacAddress            
00004fad  getEtherMacAddress            
0000500d  isIp                          
00005055  isIpUnicast                   
000050b5  isEtherIpValid                
000050db  setIpAddress                  
00005115  getIpAddress                  
0000514f  setIpSubnetMask               
00005189  getIpSubnetMask               
000051c3  setIpGatewayAddress           
000051fd  getIpGatewayAddress           
00005237  setIpDnsAddress               
00005271  getIpDnsAddress               
000052ab  setIpTimeServerAddress        
000052e5  getIpTimeServerAddress        
0000531f  setIpMqttBrokerAddress        
0000535d  getIpMqttBrokerAddress        
000053a5  sumIpWords                    
00005419  getIpChecksum                 
0000544b  calcIpChecksum                
00005491  strtod                        
00005491  strtold                       
000058f1  isUdp                         
00005999  getUdpData                    
000059c5  getUdpMessageSocket           
00005a6f  sendUdpMessage                
00005c69  initTimer                     
00005d09  startOneshotTimer             
00005d8f  startPeriodicTimer            
00005e15  stopTimer                     
00005e7b  restartTimer                  
00005ee9  tickIsr                       
00005f63  random32                      
00005fa1  isArpRequest                  
00006045  isArpResponse                 
00006099  sendArpResponse               
00006177  sendArpRequest                
00006505  ipHandlerTx                   
00006561  ipHandlerRx                   
00006637  setIpMqttMacBrokerAddress     
00006671  getIpCurrentEventStatus       
00006677  arpRespTimeoutCb              
0000667f  isIpArpResponse               
0000674d  strtoll                       
00006af9  __aeabi_dsub                  
00006b03  __aeabi_dadd                  
00006caf  __aeabi_idiv0                 
00006caf  __aeabi_ldiv0                 
00006cb1  initSpi0                      
00006d4d  setSpi0BaudRate               
00006d83  setSpi0Mode                   
00006dd1  writeSpi0Data                 
00006de9  readSpi0Data                  
00006e11  strtoull                      
00006f6d  isPingRequest                 
00006fb1  sendPingResponse              
000071fd  __aeabi_ddiv                  
00007335  strtol                        
00007465  initUart0                     
000074af  setUart0BaudRate              
000074f3  putcUart0                     
0000750f  putsUart0                     
0000753b  getcUart0                     
0000754f  kbhitUart0                    
000076b1  ldexp                         
000076b1  ldexpl                        
000076b1  scalbn                        
000076b1  scalbnl                       
000077c1  strtoul                       
000078d1  __aeabi_dmul                  
00007a7f  __aeabi_memcpy                
00007a7f  __aeabi_memcpy4               
00007a7f  __aeabi_memcpy8               
00007a7f  memcpy                        
00007b1b  __aeabi_uldivmod              
00007bb1  __aeabi_cdcmpeq               
00007bb1  __aeabi_cdcmple               
00007c37  __aeabi_cdrcmple              
00007cbd  initEeprom                    
00007cd3  writeEeprom                   
00007d05  readEeprom                    
00007d41  __aeabi_memclr                
00007d41  __aeabi_memclr4               
00007d41  __aeabi_memclr8               
00007d43  __aeabi_memset                
00007d43  __aeabi_memset4               
00007d43  __aeabi_memset8               
00007d49  memset                        
00007e29  __aeabi_d2f                   
00007f01  __TI_decompress_lzss          
00007f69  frexp                         
00007f69  frexpl                        
00008023  __TI_ltoa                     
000080c9  atoi                          
00008115  snprintf                      
00008161  __aeabi_d2iz                  
000081a9  __TI_auto_init_nobinit_nopinit
000081ed  strtok                        
0000826d  sscanf                        
000082a5  _c_int00_noargs               
000082d9  rand                          
0000833d  __aeabi_i2d                   
0000836b  strspn                        
00008395  srand                         
000083b9  strcspn                       
000083dd  waitMicrosecond               
00008401  __TI_zero_init_nomemset       
0000841d  memccpy                       
00008439  copysign                      
00008439  copysignl                     
0000846b  __aeabi_lmul                  
00008483  strcmp                        
0000849b  strrchr                       
000084b3  strchr                        
000084c9  strcpy                        
000084dd  strlen                        
00008503  wcslen                        
00008515  initSystemClockTo40Mhz        
00008525  tolower                       
00008535  __TI_decompress_none          
00008543  ResetISR                      
00008551  __aeabi_errno_addr            
00008561  _system_pre_init              
00008565  C$$EXIT                       
00008565  abort                         
00008568  _ctypes_                      
00008768  __TI_Handler_Table_Base       
00008774  __TI_Handler_Table_Limit      
00008780  __TI_CINIT_Base               
00008790  __TI_CINIT_Limit              
20000000  __stack                       
20000000  __start___llvm_prf_cnts       
20000000  __stop___llvm_prf_cnts        
20000200  __STACK_TOP                   
20002000  __STACK_END                   
200020c0  socketConns                   
200020e6  count                         
200020e8  _lock                         
200020ec  _unlock                       
200020f0  hwAddress                     
200020f6  ipAddress                     
200020fa  ipDnsAddress                  
200020fe  ipGwAddress                   
20002102  ipSubnetMask                  
20002106  ipTimeServerAddress           
2000210c  errno                         
20002118  nextPacketLsb                 
20002119  nextPacketMsb                 
2000211a  sequenceId                    
2000211b  initiateArpRequest            
2000211c  ipEventIcb                    
2000211e  mqttPktId                     
20002124  strInput                      
20002178  fn                            
200021a0  period                        
200021c8  ticks                         
200021f0  reload                        
200021fc  token                         
ffffffff  __TI_pprof_out_hndl           
ffffffff  __TI_prof_data_size           
ffffffff  __TI_prof_data_start          
ffffffff  __binit__                     
ffffffff  __c_args__                    
ffffffff  binit                         
UNDEFED   __mpu_init                    
UNDEFED   _system_post_cinit            

[269 symbols]
