******************************************************************************
                  TI ARM Linker Unix v20.2.7                   
******************************************************************************
>> Linked Sat Mar 18 14:45:59 2023

OUTPUT FILE NAME:   <IOT_Project1.out>
ENTRY POINT SYMBOL: "_c_int00_noargs"  address: 00009231


MEMORY CONFIGURATION

         name            origin    length      used     unused   attr    fill
----------------------  --------  ---------  --------  --------  ----  --------
  FLASH                 00000000   00040000  000099d4  0003662c  R  X
  SRAM                  20000000   00008000  000022b2  00005d4e  RW X


SEGMENT ALLOCATION MAP

run origin  load origin   length   init length attrs members
----------  ----------- ---------- ----------- ----- -------
00000000    00000000    000099d8   000099d8    r-x
  00000000    00000000    0000026c   0000026c    r-- .intvecs
  0000026c    0000026c    00009288   00009288    r-x .text
  000094f8    000094f8    00000438   00000438    r-- .const
  00009930    00009930    000000a8   000000a8    r-- .cinit
20000000    20000000    000022b4   00000000    rw-
  20000000    20000000    00002000   00000000    rw- .stack
  20002000    20002000    000001d6   00000000    rw- .data
  200021d8    200021d8    000000dc   00000000    rw- .bss


SECTION ALLOCATION MAP

 output                                  attributes/
section   page    origin      length       input sections
--------  ----  ----------  ----------   ----------------
.intvecs   0    00000000    0000026c     
                  00000000    0000026c     tm4c123gh6pm_startup_ccs.obj (.intvecs)

.text      0    0000026c    00009288     
                  0000026c    00001808     tcp.obj (.text)
                  00001a74    00001598     mqtt.obj (.text)
                  0000300c    00000b14     rtsv7M4_T_le_v4SPD16_eabi.lib : _scanfi.c.obj (.text:__TI_scanfi)
                  00003b20    00000ad0     ethernet.obj (.text)
                  000045f0    00000a4e     rtsv7M4_T_le_v4SPD16_eabi.lib : _printfi.c.obj (.text:__TI_printfi)
                  0000503e    00000002                                   : _lock.c.obj (.text:_nop)
                  00005040    00000808     gpio.obj (.text)
                  00005848    00000714     eth0.obj (.text)
                  00005f5c    00000488     ip.obj (.text)
                  000063e4    00000460     rtsv7M4_T_le_v4SPD16_eabi.lib : strtod.c.obj (.text:strtod)
                  00006844    00000378     udp.obj (.text)
                  00006bbc    00000338     timer.obj (.text)
                  00006ef4    000002f4     arp.obj (.text)
                  000071e8    00000270     rtsv7M4_T_le_v4SPD16_eabi.lib : _printfi.c.obj (.text:_pconv_a)
                  00007458    00000248     ip_custom_layer.obj (.text)
                  000076a0    000001dc     rtsv7M4_T_le_v4SPD16_eabi.lib : strtoll.c.obj (.text:strtoll)
                  0000787c    000001d0                                   : _printfi.c.obj (.text:_pconv_g)
                  00007a4c    000001b6                                   : fd_add_t2.asm.obj (.text)
                  00007c02    00000002                                   : div0.asm.obj (.text)
                  00007c04    00000160     spi0.obj (.text)
                  00007d64    0000015c     rtsv7M4_T_le_v4SPD16_eabi.lib : strtoull.c.obj (.text:strtoull)
                  00007ec0    00000154     icmp.obj (.text)
                  00008014    0000013c     rtsv7M4_T_le_v4SPD16_eabi.lib : _printfi.c.obj (.text:_pconv_e)
                  00008150    00000136                                   : fd_div_t2.asm.obj (.text)
                  00008286    00000002     --HOLE-- [fill = 0]
                  00008288    00000130                                   : strtol.c.obj (.text:strtol)
                  000083b8    00000128     uart0.obj (.text)
                  000084e0    00000124     rtsv7M4_T_le_v4SPD16_eabi.lib : _printfi.c.obj (.text:fcvt)
                  00008604    00000110                                   : s_scalbn.c.obj (.text:scalbn)
                  00008714    00000110                                   : strtoul.c.obj (.text:strtoul)
                  00008824    000000fc                                   : fd_mul_t2.asm.obj (.text)
                  00008920    000000b1                                   : _printfi.c.obj (.text:_ltostr)
                  000089d1    00000001     --HOLE-- [fill = 0]
                  000089d2    0000009c                                   : memcpy_t2.asm.obj (.text)
                  00008a6e    00000096                                   : ull_div_t2.asm.obj (.text)
                  00008b04    00000086                                   : fd_cmp_t2.asm.obj (.text:__aeabi_cdcmple)
                  00008b8a    00000086                                   : fd_cmp_t2.asm.obj (.text:__aeabi_cdrcmple)
                  00008c10    00000084     eeprom.obj (.text)
                  00008c94    0000007a     rtsv7M4_T_le_v4SPD16_eabi.lib : memset_t2.asm.obj (.text)
                  00008d0e    0000006e                                   : _printfi.c.obj (.text:_mcpy)
                  00008d7c    0000006e                                   : fd_tos_t2.asm.obj (.text)
                  00008dea    00000002     --HOLE-- [fill = 0]
                  00008dec    00000068                                   : sscanf.c.obj (.text:_chkmbc)
                  00008e54    00000068                                   : copy_decompress_lzss.c.obj (.text:decompress:lzss:__TI_decompress_lzss)
                  00008ebc    00000064                                   : s_frexp.c.obj (.text:frexp)
                  00008f20    00000056                                   : _printfi.c.obj (.text:_pconv_f)
                  00008f76    00000054                                   : _ltoa.c.obj (.text:__TI_ltoa)
                  00008fca    00000052                                   : _printfi.c.obj (.text:_ecpy)
                  0000901c    0000004c                                   : atoi.c.obj (.text:atoi)
                  00009068    0000004c                                   : snprintf.c.obj (.text:snprintf)
                  000090b4    00000048                                   : fd_toi_t2.asm.obj (.text)
                  000090fc    00000044                                   : autoinit.c.obj (.text:__TI_auto_init_nobinit_nopinit:__TI_auto_init_nobinit_nopinit)
                  00009140    00000040                                   : strtok.c.obj (.text:strtok)
                  00009180    0000003e                                   : _printfi.c.obj (.text:_fcpy)
                  000091be    00000002     --HOLE-- [fill = 0]
                  000091c0    00000038                                   : sscanf.c.obj (.text:sscanf)
                  000091f8    00000036                                   : strncpy.c.obj (.text:strncpy)
                  0000922e    00000002     --HOLE-- [fill = 0]
                  00009230    00000034                                   : boot_cortex_m.c.obj (.text:_c_int00_noargs:_c_int00_noargs)
                  00009264    00000034                                   : rand.c.obj (.text:rand)
                  00009298    00000030                                   : snprintf.c.obj (.text:_outs)
                  000092c8    0000002e                                   : i_tofd_t2.asm.obj (.text)
                  000092f6    0000002a                                   : strspn.c.obj (.text:strspn)
                  00009320    00000024                                   : rand.c.obj (.text:srand)
                  00009344    00000024                                   : strcspn.c.obj (.text:strcspn)
                  00009368    00000024     wait.obj (.text)
                  0000938c    0000001c     rtsv7M4_T_le_v4SPD16_eabi.lib : copy_zero_init.c.obj (.text:decompress:ZI:__TI_zero_init_nomemset:__TI_zero_init_nomemset)
                  000093a8    0000001c                                   : memccpy.c.obj (.text:memccpy)
                  000093c4    0000001a                                   : s_copysign.c.obj (.text:copysign)
                  000093de    00000018                                   : snprintf.c.obj (.text:_outc)
                  000093f6    00000018                                   : ll_mul_t2.asm.obj (.text)
                  0000940e    00000018                                   : strcmp.c.obj (.text:strcmp)
                  00009426    00000018                                   : strrchr.c.obj (.text:strrchr)
                  0000943e    00000016                                   : strchr.c.obj (.text:strchr)
                  00009454    00000014                                   : strcpy.c.obj (.text:strcpy)
                  00009468    00000014                                   : strlen.c.obj (.text:strlen)
                  0000947c    00000012                                   : sscanf.c.obj (.text:_inpchar)
                  0000948e    00000012                                   : wcslen.c.obj (.text:wcslen)
                  000094a0    00000010     clock.obj (.text)
                  000094b0    00000010     rtsv7M4_T_le_v4SPD16_eabi.lib : tolower.c.obj (.text:tolower)
                  000094c0    0000000e                                   : copy_decompress_none.c.obj (.text:decompress:none:__TI_decompress_none)
                  000094ce    0000000c     tm4c123gh6pm_startup_ccs.obj (.text)
                  000094da    00000002     --HOLE-- [fill = 0]
                  000094dc    00000008     rtsv7M4_T_le_v4SPD16_eabi.lib : errno.c.obj (.text:__aeabi_errno_addr)
                  000094e4    00000008                                   : sscanf.c.obj (.text:_uninpchar)
                  000094ec    00000004                                   : pre_init.c.obj (.text:_system_pre_init)
                  000094f0    00000004                                   : exit.c.obj (.text:abort:abort)

.const     0    000094f8    00000438     
                  000094f8    0000019e     mqtt.obj (.const:.string)
                  00009696    00000101     rtsv7M4_T_le_v4SPD16_eabi.lib : ctype.c.obj (.const:.string:_ctypes_)
                  00009797    00000001     --HOLE-- [fill = 0]
                  00009798    000000c8                                   : strtod.c.obj (.const:$O1$$)
                  00009860    000000a6     tcp.obj (.const:.string)
                  00009906    00000018     mqtt.obj (.const:.string:$P$T0$1)
                  0000991e    00000002     --HOLE-- [fill = 0]
                  00009920    00000010     rtsv7M4_T_le_v4SPD16_eabi.lib : _scanfi.c.obj (.const:$O1$$)

.cinit     0    00009930    000000a8     
                  00009930    0000007d     (.cinit..data.load) [load image, compression = lzss]
                  000099ad    00000003     --HOLE-- [fill = 0]
                  000099b0    0000000c     (__TI_handler_table)
                  000099bc    00000004     --HOLE-- [fill = 0]
                  000099c0    00000008     (.cinit..bss.load) [load image, compression = zero_init]
                  000099c8    00000010     (__TI_cinit_table)

.init_array 
*          0    00000000    00000000     UNINITIALIZED

.data      0    20002000    000001d6     UNINITIALIZED
                  20002000    00000082     mqtt.obj (.data:mqttMcb)
                  20002082    0000003e     mqtt.obj (.data:mqttRxBuffer)
                  200020c0    00000034     mqtt.obj (.data:mqttFsmState)
                  200020f4    0000002e     mqtt.obj (.data:mqttCurSubTopics)
                  20002122    00000001     ethernet.obj (.data)
                  20002123    00000001     --HOLE--
                  20002124    0000002c     tcp.obj (.data:socketConns)
                  20002150    0000002c     tcp.obj (.data:tcpState)
                  2000217c    00000011     tcp.obj (.data)
                  2000218d    00000001     --HOLE--
                  2000218e    0000000c     mqtt.obj (.data)
                  2000219a    00000002     --HOLE--
                  2000219c    00000008     rtsv7M4_T_le_v4SPD16_eabi.lib : _lock.c.obj (.data:$O1$$)
                  200021a4    00000006     eth0.obj (.data:hwAddress)
                  200021aa    00000004     ip.obj (.data:ipAddress)
                  200021ae    00000004     ip.obj (.data:ipDnsAddress)
                  200021b2    00000004     ip.obj (.data:ipGwAddress)
                  200021b6    00000004     ip.obj (.data:ipMqttBrokerAddress)
                  200021ba    00000004     ip.obj (.data:ipSubnetMask)
                  200021be    00000004     ip.obj (.data:ipTimeServerAddress)
                  200021c2    00000002     --HOLE--
                  200021c4    00000004     rtsv7M4_T_le_v4SPD16_eabi.lib : errno.c.obj (.data)
                  200021c8    00000004                                   : rand.c.obj (.data)
                  200021cc    00000004                                   : strtok.c.obj (.data)
                  200021d0    00000003     eth0.obj (.data)
                  200021d3    00000003     ip_custom_layer.obj (.data)

.bss       0    200021d8    000000dc     UNINITIALIZED
                  200021d8    00000054     (.common:strInput)
                  2000222c    00000028     (.common:fn)
                  20002254    00000028     (.common:period)
                  2000227c    00000028     (.common:ticks)
                  200022a4    0000000c     (.common:reload)
                  200022b0    00000004     (.common:token)

.stack     0    20000000    00002000     UNINITIALIZED
                  20000000    00000004     rtsv7M4_T_le_v4SPD16_eabi.lib : boot_cortex_m.c.obj (.stack)
                  20000004    00001ffc     --HOLE--

__llvm_prf_cnts 
*          0    20000000    00000000     UNINITIALIZED

MODULE SUMMARY

       Module                         code    ro data   rw data
       ------                         ----    -------   -------
    ./
       tcp.obj                        6152    166       105    
       mqtt.obj                       5528    438       302    
       ethernet.obj                   2768    0         89     
       gpio.obj                       2056    0         0      
       eth0.obj                       1812    0         9      
       ip.obj                         1160    0         24     
       timer.obj                      824     0         132    
       udp.obj                        888     0         0      
       arp.obj                        756     0         0      
       tm4c123gh6pm_startup_ccs.obj   12      620       0      
       ip_custom_layer.obj            584     0         3      
       spi0.obj                       352     0         0      
       icmp.obj                       340     0         0      
       uart0.obj                      296     0         0      
       eeprom.obj                     132     0         0      
       wait.obj                       36      0         0      
       clock.obj                      16      0         0      
    +--+------------------------------+-------+---------+---------+
       Total:                         23712   1224      664    
                                                               
    /home/sadhan/ti/ccs1210/ccs/tools/compiler/ti-cgt-arm_20.2.7.LTS/lib/rtsv7M4_T_le_v4SPD16_eabi.lib
       _printfi.c.obj                 4851    0         0      
       _scanfi.c.obj                  2836    16        0      
       strtod.c.obj                   1120    200       0      
       strtoll.c.obj                  476     0         0      
       fd_add_t2.asm.obj              438     0         0      
       strtoull.c.obj                 348     0         0      
       fd_div_t2.asm.obj              310     0         0      
       strtol.c.obj                   304     0         0      
       s_scalbn.c.obj                 272     0         0      
       strtoul.c.obj                  272     0         0      
       fd_cmp_t2.asm.obj              268     0         0      
       ctype.c.obj                    0       257       0      
       fd_mul_t2.asm.obj              252     0         0      
       sscanf.c.obj                   186     0         0      
       memcpy_t2.asm.obj              156     0         0      
       ull_div_t2.asm.obj             150     0         0      
       snprintf.c.obj                 148     0         0      
       memset_t2.asm.obj              122     0         0      
       fd_tos_t2.asm.obj              110     0         0      
       copy_decompress_lzss.c.obj     104     0         0      
       s_frexp.c.obj                  100     0         0      
       rand.c.obj                     88      0         4      
       _ltoa.c.obj                    84      0         0      
       atoi.c.obj                     76      0         0      
       fd_toi_t2.asm.obj              72      0         0      
       autoinit.c.obj                 68      0         0      
       strtok.c.obj                   64      0         4      
       strncpy.c.obj                  54      0         0      
       boot_cortex_m.c.obj            52      0         0      
       i_tofd_t2.asm.obj              46      0         0      
       strspn.c.obj                   42      0         0      
       strcspn.c.obj                  36      0         0      
       copy_zero_init.c.obj           28      0         0      
       memccpy.c.obj                  28      0         0      
       s_copysign.c.obj               26      0         0      
       ll_mul_t2.asm.obj              24      0         0      
       strcmp.c.obj                   24      0         0      
       strrchr.c.obj                  24      0         0      
       strchr.c.obj                   22      0         0      
       strcpy.c.obj                   20      0         0      
       strlen.c.obj                   20      0         0      
       wcslen.c.obj                   18      0         0      
       tolower.c.obj                  16      0         0      
       copy_decompress_none.c.obj     14      0         0      
       errno.c.obj                    8       0         4      
       _lock.c.obj                    2       0         8      
       exit.c.obj                     4       0         0      
       pre_init.c.obj                 4       0         0      
       div0.asm.obj                   2       0         0      
    +--+------------------------------+-------+---------+---------+
       Total:                         13789   473       20     
                                                               
       Stack:                         0       0         8192   
       Linker Generated:              0       161       0      
    +--+------------------------------+-------+---------+---------+
       Grand Total:                   37501   1858      8876   


LINKER GENERATED COPY TABLES

__TI_cinit_table @ 000099c8 records: 2, size/record: 8, table size: 16
	.data: load addr=00009930, load size=0000007d bytes, run addr=20002000, run size=000001d6 bytes, compression=lzss
	.bss: load addr=000099c0, load size=00000008 bytes, run addr=200021d8, run size=000000dc bytes, compression=zero_init


LINKER GENERATED HANDLER TABLE

__TI_handler_table @ 000099b0 records: 3, size/record: 4, table size: 12
	index: 0, handler: __TI_decompress_lzss
	index: 1, handler: __TI_decompress_none
	index: 2, handler: __TI_zero_init


GLOBAL SYMBOLS: SORTED ALPHABETICALLY BY Name 

address   name                          
-------   ----                          
000094f1  C$$EXIT                       
000094cf  ResetISR                      
20002000  __STACK_END                   
00002000  __STACK_SIZE                  
20000200  __STACK_TOP                   
000099c8  __TI_CINIT_Base               
000099d8  __TI_CINIT_Limit              
000099b0  __TI_Handler_Table_Base       
000099bc  __TI_Handler_Table_Limit      
000090fd  __TI_auto_init_nobinit_nopinit
00008e55  __TI_decompress_lzss          
000094c1  __TI_decompress_none          
00008f77  __TI_ltoa                     
ffffffff  __TI_pprof_out_hndl           
000045f1  __TI_printfi                  
ffffffff  __TI_prof_data_size           
ffffffff  __TI_prof_data_start          
0000300d  __TI_scanfi                   
00000000  __TI_static_base__            
0000938d  __TI_zero_init_nomemset       
00008b05  __aeabi_cdcmpeq               
00008b05  __aeabi_cdcmple               
00008b8b  __aeabi_cdrcmple              
00008d7d  __aeabi_d2f                   
000090b5  __aeabi_d2iz                  
00007a57  __aeabi_dadd                  
00008151  __aeabi_ddiv                  
00008825  __aeabi_dmul                  
00007a4d  __aeabi_dsub                  
000094dd  __aeabi_errno_addr            
000092c9  __aeabi_i2d                   
00007c03  __aeabi_idiv0                 
00007c03  __aeabi_ldiv0                 
000093f7  __aeabi_lmul                  
00008c95  __aeabi_memclr                
00008c95  __aeabi_memclr4               
00008c95  __aeabi_memclr8               
000089d3  __aeabi_memcpy                
000089d3  __aeabi_memcpy4               
000089d3  __aeabi_memcpy8               
00008c97  __aeabi_memset                
00008c97  __aeabi_memset4               
00008c97  __aeabi_memset8               
00008a6f  __aeabi_uldivmod              
ffffffff  __binit__                     
ffffffff  __c_args__                    
UNDEFED   __mpu_init                    
20000000  __stack                       
20000000  __start___llvm_prf_cnts       
20000000  __stop___llvm_prf_cnts        
00009231  _c_int00_noargs               
00009696  _ctypes_                      
2000219c  _lock                         
0000503f  _nop                          
UNDEFED   _system_post_cinit            
000094ed  _system_pre_init              
200021a0  _unlock                       
000094f1  abort                         
00004519  appInit                       
000075cb  arpRespTimeoutCb              
00003ea1  asciiToUint8                  
0000901d  atoi                          
ffffffff  binit                         
0000639b  calcIpChecksum                
00005907  clearEtherReg                 
00005695  clearPinInterrupt             
000093c5  copysign                      
000093c5  copysignl                     
20002122  count                         
0000585f  disableEtherCs                
00005671  disablePinInterrupt           
000053a9  disablePinPulldown            
00005361  disablePinPullup              
000050fd  disablePort                   
00003b5d  displayConnectionInfo         
00001845  displayStatus                 
00005849  enableEtherCs                 
0000564d  enablePinInterrupt            
00005385  enablePinPulldown             
00005333  enablePinPullup               
00005041  enablePort                    
200021c4  errno                         
2000222c  fn                            
00008ebd  frexp                         
00008ebd  frexpl                        
00000000  g_pfnVectors                  
000003f7  genRandNum                    
00005e63  getEtherId                    
00005efd  getEtherMacAddress            
00005c3d  getEtherPacket                
00006065  getIpAddress                  
00006369  getIpChecksum                 
000075c5  getIpCurrentEventStatus       
000061c1  getIpDnsAddress               
0000614d  getIpGatewayAddress           
000062ad  getIpMqttBrokerAddress        
000060d9  getIpSubnetMask               
00006235  getIpTimeServerAddress        
00005703  getPinValue                   
000057b9  getPortValue                  
00000acb  getTcpCurrState               
0000033f  getTcpData                    
0000036b  getTcpHeader                  
00000ba9  getTcpMessageSocket           
00000b07  getTcpSegmentLength           
000068ed  getUdpData                    
00006919  getUdpMessageSocket           
0000848f  getcUart0                     
00005e37  htonl                         
00005e13  htons                         
200021a4  hwAddress                     
00005e6f  incEtherId                    
00008c11  initEeprom                    
00005a53  initEther                     
00003b21  initHw                        
00007c05  initSpi0                      
000094a1  initSystemClockTo40Mhz        
00006bbd  initTimer                     
000083b9  initUart0                     
200021d3  initiateArpRequest            
20002180  initiateFin                   
200021aa  ipAddress                     
200021ae  ipDnsAddress                  
200021d4  ipEventIcb                    
200021b2  ipGwAddress                   
000074b5  ipHandlerRx                   
00007459  ipHandlerTx                   
200021b6  ipMqttBrokerAddress           
200021ba  ipSubnetMask                  
200021be  ipTimeServerAddress           
00006ef5  isArpRequest                  
00006f99  isArpResponse                 
00005bf3  isEtherDataAvailable          
00006005  isEtherIpValid                
00005bd9  isEtherLinkUp                 
00005c0d  isEtherOverflow               
00005f5d  isIp                          
000075d3  isIpArpResponse               
00005fa5  isIpUnicast                   
00002ed1  isMqtt                        
00007ec1  isPingRequest                 
0000026d  isTcp                         
00006845  isUdp                         
00002bb3  ismqttConnected               
000084a3  kbhitUart0                    
00008605  ldexp                         
00008605  ldexpl                        
000043a3  main                          
000093a9  memccpy                       
000089d3  memcpy                        
00008c9d  memset                        
00002fed  mqttConTimerCb                
00002d27  mqttConnAck                   
00001e35  mqttConnect                   
00001f6b  mqttDisConnect                
200020c0  mqttFsmState                  
00002fd3  mqttGetConnState              
00002fb9  mqttGetCurrState              
00002e3d  mqttGetTxData                 
00002e03  mqttGetTxStatus               
0000285d  mqttHandleAllRxMsgs           
00002b3b  mqttHandleConnectServer       
00002979  mqttHandlePubServer           
00002ab5  mqttHandleSubServer           
0000222d  mqttHandler                   
00002fad  mqttInit                      
00002b99  mqttKeepAliveTimeCliCb        
00002b91  mqttKeepAliveTimeSrvCb        
000021d5  mqttLogConnectEvent           
000021f5  mqttLogDisConnectEvent        
00002037  mqttLogPublishEvent           
00002105  mqttLogSubscribeEvent         
00002171  mqttLogUnSubscribeEvent       
00001fd5  mqttPingRequest               
00002dad  mqttPingResp                  
2000218e  mqttPktId                     
00002bdb  mqttPubAck                    
00001a75  mqttPublish                   
00002fd9  mqttSetConnState              
00002fbf  mqttSetCurrState              
00002f55  mqttSetRxData                 
00002e09  mqttSetTxStatus               
00002c65  mqttSubAck                    
00001bdd  mqttSubscribe                 
00001d13  mqttUnSubscribe               
200021d0  nextPacketLsb                 
200021d1  nextPacketMsb                 
20002254  period                        
00003f53  processShell                  
00005d2d  putEtherPacket                
00008447  putcUart0                     
00008463  putsUart0                     
00009265  rand                          
00006eb7  random32                      
00003ded  readConfiguration             
00008c59  readEeprom                    
00005a3b  readEtherMem                  
0000598f  readEtherPhy                  
000058a1  readEtherReg                  
00007d3d  readSpi0Data                  
200022a4  reload                        
00006dcf  restartTimer                  
00008605  scalbn                        
00008605  scalbnl                       
00005267  selectPinAnalogInput          
00005219  selectPinDigitalInput         
00005583  selectPinInterruptBothEdges   
00005533  selectPinInterruptFallingEdge 
000055d9  selectPinInterruptHighLevel   
00005613  selectPinInterruptLowLevel    
000054e3  selectPinInterruptRisingEdge  
000051cb  selectPinOpenDrainOutput      
0000517d  selectPinPushPullOutput       
000070cb  sendArpRequest                
00006fed  sendArpResponse               
00007f05  sendPingResponse              
000069c3  sendUdpMessage                
200021d2  sequenceId                    
0000593b  setEtherBank                  
00005e79  setEtherMacAddress            
000058d3  setEtherReg                   
0000602b  setIpAddress                  
00006187  setIpDnsAddress               
00006113  setIpGatewayAddress           
0000626f  setIpMqttBrokerAddress        
0000758b  setIpMqttMacBrokerAddress     
0000609f  setIpSubnetMask               
000061fb  setIpTimeServerAddress        
000053d1  setPinAuxFunction             
000052b7  setPinCommitControl           
000056b9  setPinValue                   
00005741  setPortValue                  
00007ca1  setSpi0BaudRate               
00007cd7  setSpi0Mode                   
00008403  setUart0BaudRate              
00009069  snprintf                      
20002124  socketConns                   
00009321  srand                         
000091c1  sscanf                        
00005a29  startEtherMemRead             
000059fb  startEtherMemWrite            
00006c5d  startOneshotTimer             
00006ce3  startPeriodicTimer            
00005a4b  stopEtherMemRead              
00005a21  stopEtherMemWrite             
00006d69  stopTimer                     
200021d8  strInput                      
0000943f  strchr                        
0000940f  strcmp                        
00009455  strcpy                        
00009345  strcspn                       
00009469  strlen                        
000091f9  strncpy                       
00009427  strrchr                       
000092f7  strspn                        
000063e5  strtod                        
00009141  strtok                        
00008289  strtol                        
000063e5  strtold                       
000076a1  strtoll                       
00008715  strtoul                       
00007d65  strtoull                      
000062f5  sumIpWords                    
000017b1  tcpCheckOptionsField          
00000aaf  tcpConnect                    
000013b7  tcpCreateSocket               
0000052d  tcpFsmStateMachineClient      
00000435  tcpGetMatchingSocket          
000013e1  tcpHandleRwTransactions       
0000040f  tcpHandlerRx                  
000004d5  tcpHandlerTx                  
000003dd  tcpHeaderSize                 
000003b9  tcpIsAck                      
00000395  tcpIsSyn                      
00000e9f  tcpSendAck                    
00001175  tcpSendFin                    
000014e9  tcpSendSegment                
00000c81  tcpSendSyn                    
0000051d  tcpSendTimerCb                
00001775  tcpValidChecks                
00006e3d  tickIsr                       
2000227c  ticks                         
000056df  togglePinValue                
200022b0  token                         
000094b1  tolower                       
00009369  waitMicrosecond               
0000948f  wcslen                        
00008c27  writeEeprom                   
00005a0d  writeEtherMem                 
00005957  writeEtherPhy                 
0000586d  writeEtherReg                 
00007d25  writeSpi0Data                 


GLOBAL SYMBOLS: SORTED BY Symbol Address 

address   name                          
-------   ----                          
00000000  __TI_static_base__            
00000000  g_pfnVectors                  
0000026d  isTcp                         
0000033f  getTcpData                    
0000036b  getTcpHeader                  
00000395  tcpIsSyn                      
000003b9  tcpIsAck                      
000003dd  tcpHeaderSize                 
000003f7  genRandNum                    
0000040f  tcpHandlerRx                  
00000435  tcpGetMatchingSocket          
000004d5  tcpHandlerTx                  
0000051d  tcpSendTimerCb                
0000052d  tcpFsmStateMachineClient      
00000aaf  tcpConnect                    
00000acb  getTcpCurrState               
00000b07  getTcpSegmentLength           
00000ba9  getTcpMessageSocket           
00000c81  tcpSendSyn                    
00000e9f  tcpSendAck                    
00001175  tcpSendFin                    
000013b7  tcpCreateSocket               
000013e1  tcpHandleRwTransactions       
000014e9  tcpSendSegment                
00001775  tcpValidChecks                
000017b1  tcpCheckOptionsField          
00001845  displayStatus                 
00001a75  mqttPublish                   
00001bdd  mqttSubscribe                 
00001d13  mqttUnSubscribe               
00001e35  mqttConnect                   
00001f6b  mqttDisConnect                
00001fd5  mqttPingRequest               
00002000  __STACK_SIZE                  
00002037  mqttLogPublishEvent           
00002105  mqttLogSubscribeEvent         
00002171  mqttLogUnSubscribeEvent       
000021d5  mqttLogConnectEvent           
000021f5  mqttLogDisConnectEvent        
0000222d  mqttHandler                   
0000285d  mqttHandleAllRxMsgs           
00002979  mqttHandlePubServer           
00002ab5  mqttHandleSubServer           
00002b3b  mqttHandleConnectServer       
00002b91  mqttKeepAliveTimeSrvCb        
00002b99  mqttKeepAliveTimeCliCb        
00002bb3  ismqttConnected               
00002bdb  mqttPubAck                    
00002c65  mqttSubAck                    
00002d27  mqttConnAck                   
00002dad  mqttPingResp                  
00002e03  mqttGetTxStatus               
00002e09  mqttSetTxStatus               
00002e3d  mqttGetTxData                 
00002ed1  isMqtt                        
00002f55  mqttSetRxData                 
00002fad  mqttInit                      
00002fb9  mqttGetCurrState              
00002fbf  mqttSetCurrState              
00002fd3  mqttGetConnState              
00002fd9  mqttSetConnState              
00002fed  mqttConTimerCb                
0000300d  __TI_scanfi                   
00003b21  initHw                        
00003b5d  displayConnectionInfo         
00003ded  readConfiguration             
00003ea1  asciiToUint8                  
00003f53  processShell                  
000043a3  main                          
00004519  appInit                       
000045f1  __TI_printfi                  
0000503f  _nop                          
00005041  enablePort                    
000050fd  disablePort                   
0000517d  selectPinPushPullOutput       
000051cb  selectPinOpenDrainOutput      
00005219  selectPinDigitalInput         
00005267  selectPinAnalogInput          
000052b7  setPinCommitControl           
00005333  enablePinPullup               
00005361  disablePinPullup              
00005385  enablePinPulldown             
000053a9  disablePinPulldown            
000053d1  setPinAuxFunction             
000054e3  selectPinInterruptRisingEdge  
00005533  selectPinInterruptFallingEdge 
00005583  selectPinInterruptBothEdges   
000055d9  selectPinInterruptHighLevel   
00005613  selectPinInterruptLowLevel    
0000564d  enablePinInterrupt            
00005671  disablePinInterrupt           
00005695  clearPinInterrupt             
000056b9  setPinValue                   
000056df  togglePinValue                
00005703  getPinValue                   
00005741  setPortValue                  
000057b9  getPortValue                  
00005849  enableEtherCs                 
0000585f  disableEtherCs                
0000586d  writeEtherReg                 
000058a1  readEtherReg                  
000058d3  setEtherReg                   
00005907  clearEtherReg                 
0000593b  setEtherBank                  
00005957  writeEtherPhy                 
0000598f  readEtherPhy                  
000059fb  startEtherMemWrite            
00005a0d  writeEtherMem                 
00005a21  stopEtherMemWrite             
00005a29  startEtherMemRead             
00005a3b  readEtherMem                  
00005a4b  stopEtherMemRead              
00005a53  initEther                     
00005bd9  isEtherLinkUp                 
00005bf3  isEtherDataAvailable          
00005c0d  isEtherOverflow               
00005c3d  getEtherPacket                
00005d2d  putEtherPacket                
00005e13  htons                         
00005e37  htonl                         
00005e63  getEtherId                    
00005e6f  incEtherId                    
00005e79  setEtherMacAddress            
00005efd  getEtherMacAddress            
00005f5d  isIp                          
00005fa5  isIpUnicast                   
00006005  isEtherIpValid                
0000602b  setIpAddress                  
00006065  getIpAddress                  
0000609f  setIpSubnetMask               
000060d9  getIpSubnetMask               
00006113  setIpGatewayAddress           
0000614d  getIpGatewayAddress           
00006187  setIpDnsAddress               
000061c1  getIpDnsAddress               
000061fb  setIpTimeServerAddress        
00006235  getIpTimeServerAddress        
0000626f  setIpMqttBrokerAddress        
000062ad  getIpMqttBrokerAddress        
000062f5  sumIpWords                    
00006369  getIpChecksum                 
0000639b  calcIpChecksum                
000063e5  strtod                        
000063e5  strtold                       
00006845  isUdp                         
000068ed  getUdpData                    
00006919  getUdpMessageSocket           
000069c3  sendUdpMessage                
00006bbd  initTimer                     
00006c5d  startOneshotTimer             
00006ce3  startPeriodicTimer            
00006d69  stopTimer                     
00006dcf  restartTimer                  
00006e3d  tickIsr                       
00006eb7  random32                      
00006ef5  isArpRequest                  
00006f99  isArpResponse                 
00006fed  sendArpResponse               
000070cb  sendArpRequest                
00007459  ipHandlerTx                   
000074b5  ipHandlerRx                   
0000758b  setIpMqttMacBrokerAddress     
000075c5  getIpCurrentEventStatus       
000075cb  arpRespTimeoutCb              
000075d3  isIpArpResponse               
000076a1  strtoll                       
00007a4d  __aeabi_dsub                  
00007a57  __aeabi_dadd                  
00007c03  __aeabi_idiv0                 
00007c03  __aeabi_ldiv0                 
00007c05  initSpi0                      
00007ca1  setSpi0BaudRate               
00007cd7  setSpi0Mode                   
00007d25  writeSpi0Data                 
00007d3d  readSpi0Data                  
00007d65  strtoull                      
00007ec1  isPingRequest                 
00007f05  sendPingResponse              
00008151  __aeabi_ddiv                  
00008289  strtol                        
000083b9  initUart0                     
00008403  setUart0BaudRate              
00008447  putcUart0                     
00008463  putsUart0                     
0000848f  getcUart0                     
000084a3  kbhitUart0                    
00008605  ldexp                         
00008605  ldexpl                        
00008605  scalbn                        
00008605  scalbnl                       
00008715  strtoul                       
00008825  __aeabi_dmul                  
000089d3  __aeabi_memcpy                
000089d3  __aeabi_memcpy4               
000089d3  __aeabi_memcpy8               
000089d3  memcpy                        
00008a6f  __aeabi_uldivmod              
00008b05  __aeabi_cdcmpeq               
00008b05  __aeabi_cdcmple               
00008b8b  __aeabi_cdrcmple              
00008c11  initEeprom                    
00008c27  writeEeprom                   
00008c59  readEeprom                    
00008c95  __aeabi_memclr                
00008c95  __aeabi_memclr4               
00008c95  __aeabi_memclr8               
00008c97  __aeabi_memset                
00008c97  __aeabi_memset4               
00008c97  __aeabi_memset8               
00008c9d  memset                        
00008d7d  __aeabi_d2f                   
00008e55  __TI_decompress_lzss          
00008ebd  frexp                         
00008ebd  frexpl                        
00008f77  __TI_ltoa                     
0000901d  atoi                          
00009069  snprintf                      
000090b5  __aeabi_d2iz                  
000090fd  __TI_auto_init_nobinit_nopinit
00009141  strtok                        
000091c1  sscanf                        
000091f9  strncpy                       
00009231  _c_int00_noargs               
00009265  rand                          
000092c9  __aeabi_i2d                   
000092f7  strspn                        
00009321  srand                         
00009345  strcspn                       
00009369  waitMicrosecond               
0000938d  __TI_zero_init_nomemset       
000093a9  memccpy                       
000093c5  copysign                      
000093c5  copysignl                     
000093f7  __aeabi_lmul                  
0000940f  strcmp                        
00009427  strrchr                       
0000943f  strchr                        
00009455  strcpy                        
00009469  strlen                        
0000948f  wcslen                        
000094a1  initSystemClockTo40Mhz        
000094b1  tolower                       
000094c1  __TI_decompress_none          
000094cf  ResetISR                      
000094dd  __aeabi_errno_addr            
000094ed  _system_pre_init              
000094f1  C$$EXIT                       
000094f1  abort                         
00009696  _ctypes_                      
000099b0  __TI_Handler_Table_Base       
000099bc  __TI_Handler_Table_Limit      
000099c8  __TI_CINIT_Base               
000099d8  __TI_CINIT_Limit              
20000000  __stack                       
20000000  __start___llvm_prf_cnts       
20000000  __stop___llvm_prf_cnts        
20000200  __STACK_TOP                   
20002000  __STACK_END                   
200020c0  mqttFsmState                  
20002122  count                         
20002124  socketConns                   
20002180  initiateFin                   
2000218e  mqttPktId                     
2000219c  _lock                         
200021a0  _unlock                       
200021a4  hwAddress                     
200021aa  ipAddress                     
200021ae  ipDnsAddress                  
200021b2  ipGwAddress                   
200021b6  ipMqttBrokerAddress           
200021ba  ipSubnetMask                  
200021be  ipTimeServerAddress           
200021c4  errno                         
200021d0  nextPacketLsb                 
200021d1  nextPacketMsb                 
200021d2  sequenceId                    
200021d3  initiateArpRequest            
200021d4  ipEventIcb                    
200021d8  strInput                      
2000222c  fn                            
20002254  period                        
2000227c  ticks                         
200022a4  reload                        
200022b0  token                         
ffffffff  __TI_pprof_out_hndl           
ffffffff  __TI_prof_data_size           
ffffffff  __TI_prof_data_start          
ffffffff  __binit__                     
ffffffff  __c_args__                    
ffffffff  binit                         
UNDEFED   __mpu_init                    
UNDEFED   _system_post_cinit            

[292 symbols]
