******************************************************************************
                  TI ARM Linker Unix v20.2.7                   
******************************************************************************
>> Linked Thu Feb 16 22:46:23 2023

OUTPUT FILE NAME:   <IOT_Project1.out>
ENTRY POINT SYMBOL: "_c_int00_noargs"  address: 0000708d


MEMORY CONFIGURATION

         name            origin    length      used     unused   attr    fill
----------------------  --------  ---------  --------  --------  ----  --------
  FLASH                 00000000   00040000  00007580  00038a80  R  X
  SRAM                  20000000   00008000  00001138  00006ec8  RW X


SEGMENT ALLOCATION MAP

run origin  load origin   length   init length attrs members
----------  ----------- ---------- ----------- ----- -------
00000000    00000000    00007580   00007580    r-x
  00000000    00000000    0000026c   0000026c    r-- .intvecs
  0000026c    0000026c    000070e4   000070e4    r-x .text
  00007350    00007350    000001e8   000001e8    r-- .const
  00007538    00007538    00000048   00000048    r-- .cinit
20000000    20000000    00001138   00000000    rw-
  20000000    20000000    00001000   00000000    rw- .stack
  20001000    20001000    000000dc   00000000    rw- .bss
  200010dc    200010dc    0000005c   00000000    rw- .data


SECTION ALLOCATION MAP

 output                                  attributes/
section   page    origin      length       input sections
--------  ----  ----------  ----------   ----------------
.intvecs   0    00000000    0000026c     
                  00000000    0000026c     tm4c123gh6pm_startup_ccs.obj (.intvecs)

.text      0    0000026c    000070e4     
                  0000026c    00000e14     tcp.obj (.text)
                  00001080    00000b14     rtsv7M4_T_le_v4SPD16_eabi.lib : _scanfi.c.obj (.text:__TI_scanfi)
                  00001b94    00000a4e                                   : _printfi.c.obj (.text:__TI_printfi)
                  000025e2    00000002                                   : _lock.c.obj (.text:_nop)
                  000025e4    000009ec     ethernet.obj (.text)
                  00002fd0    00000808     gpio.obj (.text)
                  000037d8    00000714     eth0.obj (.text)
                  00003eec    000004ac     ip.obj (.text)
                  00004398    00000460     rtsv7M4_T_le_v4SPD16_eabi.lib : strtod.c.obj (.text:strtod)
                  000047f8    00000378     udp.obj (.text)
                  00004b70    00000338     timer.obj (.text)
                  00004ea8    000002f4     arp.obj (.text)
                  0000519c    00000270     rtsv7M4_T_le_v4SPD16_eabi.lib : _printfi.c.obj (.text:_pconv_a)
                  0000540c    000001dc                                   : strtoll.c.obj (.text:strtoll)
                  000055e8    000001d0                                   : _printfi.c.obj (.text:_pconv_g)
                  000057b8    000001b6                                   : fd_add_t2.asm.obj (.text)
                  0000596e    00000002                                   : div0.asm.obj (.text)
                  00005970    00000160     spi0.obj (.text)
                  00005ad0    0000015c     rtsv7M4_T_le_v4SPD16_eabi.lib : strtoull.c.obj (.text:strtoull)
                  00005c2c    00000154     icmp.obj (.text)
                  00005d80    0000013c     rtsv7M4_T_le_v4SPD16_eabi.lib : _printfi.c.obj (.text:_pconv_e)
                  00005ebc    00000136                                   : fd_div_t2.asm.obj (.text)
                  00005ff2    00000002     --HOLE-- [fill = 0]
                  00005ff4    00000130                                   : strtol.c.obj (.text:strtol)
                  00006124    00000128     mqtt.obj (.text)
                  0000624c    00000128     uart0.obj (.text)
                  00006374    00000124     rtsv7M4_T_le_v4SPD16_eabi.lib : _printfi.c.obj (.text:fcvt)
                  00006498    00000110                                   : s_scalbn.c.obj (.text:scalbn)
                  000065a8    00000110                                   : strtoul.c.obj (.text:strtoul)
                  000066b8    000000fc                                   : fd_mul_t2.asm.obj (.text)
                  000067b4    000000b1                                   : _printfi.c.obj (.text:_ltostr)
                  00006865    00000001     --HOLE-- [fill = 0]
                  00006866    0000009c                                   : memcpy_t2.asm.obj (.text)
                  00006902    00000096                                   : ull_div_t2.asm.obj (.text)
                  00006998    00000086                                   : fd_cmp_t2.asm.obj (.text:__aeabi_cdcmple)
                  00006a1e    00000086                                   : fd_cmp_t2.asm.obj (.text:__aeabi_cdrcmple)
                  00006aa4    00000084     eeprom.obj (.text)
                  00006b28    0000007a     rtsv7M4_T_le_v4SPD16_eabi.lib : memset_t2.asm.obj (.text)
                  00006ba2    0000006e                                   : _printfi.c.obj (.text:_mcpy)
                  00006c10    0000006e                                   : fd_tos_t2.asm.obj (.text)
                  00006c7e    00000002     --HOLE-- [fill = 0]
                  00006c80    00000068                                   : sscanf.c.obj (.text:_chkmbc)
                  00006ce8    00000068                                   : copy_decompress_lzss.c.obj (.text:decompress:lzss:__TI_decompress_lzss)
                  00006d50    00000064                                   : s_frexp.c.obj (.text:frexp)
                  00006db4    00000056                                   : _printfi.c.obj (.text:_pconv_f)
                  00006e0a    00000054                                   : _ltoa.c.obj (.text:__TI_ltoa)
                  00006e5e    00000052                                   : _printfi.c.obj (.text:_ecpy)
                  00006eb0    0000004c                                   : atoi.c.obj (.text:atoi)
                  00006efc    0000004c                                   : snprintf.c.obj (.text:snprintf)
                  00006f48    00000048                                   : fd_toi_t2.asm.obj (.text)
                  00006f90    00000044                                   : autoinit.c.obj (.text:__TI_auto_init_nobinit_nopinit:__TI_auto_init_nobinit_nopinit)
                  00006fd4    00000040                                   : strtok.c.obj (.text:strtok)
                  00007014    0000003e                                   : _printfi.c.obj (.text:_fcpy)
                  00007052    00000002     --HOLE-- [fill = 0]
                  00007054    00000038                                   : sscanf.c.obj (.text:sscanf)
                  0000708c    00000034                                   : boot_cortex_m.c.obj (.text:_c_int00_noargs:_c_int00_noargs)
                  000070c0    00000034                                   : rand.c.obj (.text:rand)
                  000070f4    00000030                                   : snprintf.c.obj (.text:_outs)
                  00007124    0000002e                                   : i_tofd_t2.asm.obj (.text)
                  00007152    0000002a                                   : strspn.c.obj (.text:strspn)
                  0000717c    00000024                                   : rand.c.obj (.text:srand)
                  000071a0    00000024                                   : strcspn.c.obj (.text:strcspn)
                  000071c4    00000024     wait.obj (.text)
                  000071e8    0000001c     rtsv7M4_T_le_v4SPD16_eabi.lib : copy_zero_init.c.obj (.text:decompress:ZI:__TI_zero_init_nomemset:__TI_zero_init_nomemset)
                  00007204    0000001c                                   : memccpy.c.obj (.text:memccpy)
                  00007220    0000001a                                   : s_copysign.c.obj (.text:copysign)
                  0000723a    00000018                                   : snprintf.c.obj (.text:_outc)
                  00007252    00000018                                   : ll_mul_t2.asm.obj (.text)
                  0000726a    00000018                                   : strcmp.c.obj (.text:strcmp)
                  00007282    00000018                                   : strrchr.c.obj (.text:strrchr)
                  0000729a    00000016                                   : strchr.c.obj (.text:strchr)
                  000072b0    00000014                                   : strcpy.c.obj (.text:strcpy)
                  000072c4    00000014                                   : strlen.c.obj (.text:strlen)
                  000072d8    00000012                                   : sscanf.c.obj (.text:_inpchar)
                  000072ea    00000012                                   : wcslen.c.obj (.text:wcslen)
                  000072fc    00000010     clock.obj (.text)
                  0000730c    00000010     rtsv7M4_T_le_v4SPD16_eabi.lib : tolower.c.obj (.text:tolower)
                  0000731c    0000000e                                   : copy_decompress_none.c.obj (.text:decompress:none:__TI_decompress_none)
                  0000732a    0000000c     tm4c123gh6pm_startup_ccs.obj (.text)
                  00007336    00000002     --HOLE-- [fill = 0]
                  00007338    00000008     rtsv7M4_T_le_v4SPD16_eabi.lib : errno.c.obj (.text:__aeabi_errno_addr)
                  00007340    00000008                                   : sscanf.c.obj (.text:_uninpchar)
                  00007348    00000004                                   : pre_init.c.obj (.text:_system_pre_init)
                  0000734c    00000004                                   : exit.c.obj (.text:abort:abort)

.const     0    00007350    000001e8     
                  00007350    00000101     rtsv7M4_T_le_v4SPD16_eabi.lib : ctype.c.obj (.const:.string:_ctypes_)
                  00007451    00000006     tcp.obj (.const:.string:$P$T1$2)
                  00007457    00000001     --HOLE-- [fill = 0]
                  00007458    000000c8     rtsv7M4_T_le_v4SPD16_eabi.lib : strtod.c.obj (.const:$O1$$)
                  00007520    00000010                                   : _scanfi.c.obj (.const:$O1$$)
                  00007530    00000004     mqtt.obj (.const:.string:$P$T0$1)
                  00007534    00000004     tcp.obj (.const:.string:$P$T0$1)

.cinit     0    00007538    00000048     
                  00007538    0000001f     (.cinit..data.load) [load image, compression = lzss]
                  00007557    00000001     --HOLE-- [fill = 0]
                  00007558    0000000c     (__TI_handler_table)
                  00007564    00000004     --HOLE-- [fill = 0]
                  00007568    00000008     (.cinit..bss.load) [load image, compression = zero_init]
                  00007570    00000010     (__TI_cinit_table)

.init_array 
*          0    00000000    00000000     UNINITIALIZED

.bss       0    20001000    000000dc     UNINITIALIZED
                  20001000    00000054     (.common:strInput)
                  20001054    00000028     (.common:fn)
                  2000107c    00000028     (.common:period)
                  200010a4    00000028     (.common:ticks)
                  200010cc    0000000c     (.common:reload)
                  200010d8    00000004     (.common:token)

.data      0    200010dc    0000005c     UNINITIALIZED
                  200010dc    0000001c     tcp.obj (.data:socketConns)
                  200010f8    00000008     rtsv7M4_T_le_v4SPD16_eabi.lib : _lock.c.obj (.data:$O1$$)
                  20001100    00000008     mqtt.obj (.data:mqttMcb)
                  20001108    00000006     eth0.obj (.data:hwAddress)
                  2000110e    00000001     ethernet.obj (.data)
                  2000110f    00000001     --HOLE--
                  20001110    00000005     tcp.obj (.data)
                  20001115    00000004     ip.obj (.data:ipAddress)
                  20001119    00000004     ip.obj (.data:ipDnsAddress)
                  2000111d    00000004     ip.obj (.data:ipGwAddress)
                  20001121    00000004     ip.obj (.data:ipSubnetMask)
                  20001125    00000004     ip.obj (.data:ipTimeServerAddress)
                  20001129    00000003     eth0.obj (.data)
                  2000112c    00000004     rtsv7M4_T_le_v4SPD16_eabi.lib : errno.c.obj (.data)
                  20001130    00000004                                   : rand.c.obj (.data)
                  20001134    00000004                                   : strtok.c.obj (.data)

.stack     0    20000000    00001000     UNINITIALIZED
                  20000000    00000004     rtsv7M4_T_le_v4SPD16_eabi.lib : boot_cortex_m.c.obj (.stack)
                  20000004    00000ffc     --HOLE--

__llvm_prf_cnts 
*          0    20000000    00000000     UNINITIALIZED

MODULE SUMMARY

       Module                         code    ro data   rw data
       ------                         ----    -------   -------
    ./
       tcp.obj                        3604    10        33     
       ethernet.obj                   2540    0         89     
       gpio.obj                       2056    0         0      
       eth0.obj                       1812    0         9      
       ip.obj                         1196    0         20     
       timer.obj                      824     0         132    
       udp.obj                        888     0         0      
       arp.obj                        756     0         0      
       tm4c123gh6pm_startup_ccs.obj   12      620       0      
       spi0.obj                       352     0         0      
       icmp.obj                       340     0         0      
       mqtt.obj                       296     4         8      
       uart0.obj                      296     0         0      
       eeprom.obj                     132     0         0      
       wait.obj                       36      0         0      
       clock.obj                      16      0         0      
    +--+------------------------------+-------+---------+---------+
       Total:                         15156   634       291    
                                                               
    /home/sadhan/ti/ccs1210/ccs/tools/compiler/ti-cgt-arm_20.2.7.LTS/lib/rtsv7M4_T_le_v4SPD16_eabi.lib
       _printfi.c.obj                 4851    0         0      
       _scanfi.c.obj                  2836    16        0      
       strtod.c.obj                   1120    200       0      
       strtoll.c.obj                  476     0         0      
       fd_add_t2.asm.obj              438     0         0      
       strtoull.c.obj                 348     0         0      
       fd_div_t2.asm.obj              310     0         0      
       strtol.c.obj                   304     0         0      
       s_scalbn.c.obj                 272     0         0      
       strtoul.c.obj                  272     0         0      
       fd_cmp_t2.asm.obj              268     0         0      
       ctype.c.obj                    0       257       0      
       fd_mul_t2.asm.obj              252     0         0      
       sscanf.c.obj                   186     0         0      
       memcpy_t2.asm.obj              156     0         0      
       ull_div_t2.asm.obj             150     0         0      
       snprintf.c.obj                 148     0         0      
       memset_t2.asm.obj              122     0         0      
       fd_tos_t2.asm.obj              110     0         0      
       copy_decompress_lzss.c.obj     104     0         0      
       s_frexp.c.obj                  100     0         0      
       rand.c.obj                     88      0         4      
       _ltoa.c.obj                    84      0         0      
       atoi.c.obj                     76      0         0      
       fd_toi_t2.asm.obj              72      0         0      
       autoinit.c.obj                 68      0         0      
       strtok.c.obj                   64      0         4      
       boot_cortex_m.c.obj            52      0         0      
       i_tofd_t2.asm.obj              46      0         0      
       strspn.c.obj                   42      0         0      
       strcspn.c.obj                  36      0         0      
       copy_zero_init.c.obj           28      0         0      
       memccpy.c.obj                  28      0         0      
       s_copysign.c.obj               26      0         0      
       ll_mul_t2.asm.obj              24      0         0      
       strcmp.c.obj                   24      0         0      
       strrchr.c.obj                  24      0         0      
       strchr.c.obj                   22      0         0      
       strcpy.c.obj                   20      0         0      
       strlen.c.obj                   20      0         0      
       wcslen.c.obj                   18      0         0      
       tolower.c.obj                  16      0         0      
       copy_decompress_none.c.obj     14      0         0      
       errno.c.obj                    8       0         4      
       _lock.c.obj                    2       0         8      
       exit.c.obj                     4       0         0      
       pre_init.c.obj                 4       0         0      
       div0.asm.obj                   2       0         0      
    +--+------------------------------+-------+---------+---------+
       Total:                         13735   473       20     
                                                               
       Stack:                         0       0         4096   
       Linker Generated:              0       67        0      
    +--+------------------------------+-------+---------+---------+
       Grand Total:                   28891   1174      4407   


LINKER GENERATED COPY TABLES

__TI_cinit_table @ 00007570 records: 2, size/record: 8, table size: 16
	.data: load addr=00007538, load size=0000001f bytes, run addr=200010dc, run size=0000005c bytes, compression=lzss
	.bss: load addr=00007568, load size=00000008 bytes, run addr=20001000, run size=000000dc bytes, compression=zero_init


LINKER GENERATED HANDLER TABLE

__TI_handler_table @ 00007558 records: 3, size/record: 4, table size: 12
	index: 0, handler: __TI_decompress_lzss
	index: 1, handler: __TI_decompress_none
	index: 2, handler: __TI_zero_init


GLOBAL SYMBOLS: SORTED ALPHABETICALLY BY Name 

address   name                          
-------   ----                          
0000734d  C$$EXIT                       
0000732b  ResetISR                      
20001000  __STACK_END                   
00001000  __STACK_SIZE                  
20000200  __STACK_TOP                   
00007570  __TI_CINIT_Base               
00007580  __TI_CINIT_Limit              
00007558  __TI_Handler_Table_Base       
00007564  __TI_Handler_Table_Limit      
00006f91  __TI_auto_init_nobinit_nopinit
00006ce9  __TI_decompress_lzss          
0000731d  __TI_decompress_none          
00006e0b  __TI_ltoa                     
ffffffff  __TI_pprof_out_hndl           
00001b95  __TI_printfi                  
ffffffff  __TI_prof_data_size           
ffffffff  __TI_prof_data_start          
00001081  __TI_scanfi                   
00000000  __TI_static_base__            
000071e9  __TI_zero_init_nomemset       
00006999  __aeabi_cdcmpeq               
00006999  __aeabi_cdcmple               
00006a1f  __aeabi_cdrcmple              
00006c11  __aeabi_d2f                   
00006f49  __aeabi_d2iz                  
000057c3  __aeabi_dadd                  
00005ebd  __aeabi_ddiv                  
000066b9  __aeabi_dmul                  
000057b9  __aeabi_dsub                  
00007339  __aeabi_errno_addr            
00007125  __aeabi_i2d                   
0000596f  __aeabi_idiv0                 
0000596f  __aeabi_ldiv0                 
00007253  __aeabi_lmul                  
00006b29  __aeabi_memclr                
00006b29  __aeabi_memclr4               
00006b29  __aeabi_memclr8               
00006867  __aeabi_memcpy                
00006867  __aeabi_memcpy4               
00006867  __aeabi_memcpy8               
00006b2b  __aeabi_memset                
00006b2b  __aeabi_memset4               
00006b2b  __aeabi_memset8               
00006903  __aeabi_uldivmod              
ffffffff  __binit__                     
ffffffff  __c_args__                    
UNDEFED   __mpu_init                    
20000000  __stack                       
20000000  __start___llvm_prf_cnts       
20000000  __stop___llvm_prf_cnts        
0000708d  _c_int00_noargs               
00007350  _ctypes_                      
200010f8  _lock                         
000025e3  _nop                          
UNDEFED   _system_post_cinit            
00007349  _system_pre_init              
200010fc  _unlock                       
0000734d  abort                         
00002965  asciiToUint8                  
00006eb1  atoi                          
ffffffff  binit                         
00004353  calcIpChecksum                
00003897  clearEtherReg                 
00003625  clearPinInterrupt             
00007221  copysign                      
00007221  copysignl                     
2000110e  count                         
000037ef  disableEtherCs                
00003601  disablePinInterrupt           
00003339  disablePinPulldown            
000032f1  disablePinPullup              
0000308d  disablePort                   
00002621  displayConnectionInfo         
000037d9  enableEtherCs                 
000035dd  enablePinInterrupt            
00003315  enablePinPulldown             
000032c3  enablePinPullup               
00002fd1  enablePort                    
2000112c  errno                         
20001054  fn                            
00006d51  frexp                         
00006d51  frexpl                        
00000000  g_pfnVectors                  
000003e9  genRandNum                    
00003df3  getEtherId                    
00003e8d  getEtherMacAddress            
00003bcd  getEtherPacket                
0000401d  getIpAddress                  
00004321  getIpChecksum                 
00004179  getIpDnsAddress               
00004105  getIpGatewayAddress           
00004265  getIpMqttBrokerAddress        
00004091  getIpSubnetMask               
000041ed  getIpTimeServerAddress        
00003693  getPinValue                   
00003749  getPortValue                  
000006bb  getTcpCurrState               
0000033f  getTcpData                    
0000036b  getTcpHeader                  
000006d5  getTcpMessageSocket           
000048a1  getUdpData                    
000048cd  getUdpMessageSocket           
00006323  getcUart0                     
00003dc7  htonl                         
00003da3  htons                         
20001108  hwAddress                     
00003dff  incEtherId                    
00006aa5  initEeprom                    
000039e3  initEther                     
000025e5  initHw                        
00005971  initSpi0                      
000072fd  initSystemClockTo40Mhz        
00004b71  initTimer                     
0000624d  initUart0                     
20001115  ipAddress                     
20001119  ipDnsAddress                  
2000111d  ipGwAddress                   
20001121  ipSubnetMask                  
20001125  ipTimeServerAddress           
00004ea9  isArpRequest                  
00004f4d  isArpResponse                 
00003b83  isEtherDataAvailable          
00003fbd  isEtherIpValid                
00003b69  isEtherLinkUp                 
00003b9d  isEtherOverflow               
00003eed  isIp                          
00003f5d  isIpUnicast                   
0000622b  isMqtt                        
00005c2d  isPingRequest                 
0000026d  isTcp                         
000047f9  isUdp                         
00006337  kbhitUart0                    
00006499  ldexp                         
00006499  ldexpl                        
00002de1  main                          
00007205  memccpy                       
00006867  memcpy                        
00006b31  memset                        
000061c9  mqttGetTxStatus               
0000616d  mqttHandler                   
00006141  mqttLogPublishEvent           
000061e9  mqttPubGetData                
00006125  mqttPublish                   
000061d5  mqttSetTxStatus               
20001129  nextPacketLsb                 
2000112a  nextPacketMsb                 
2000107c  period                        
00002a17  processShell                  
00003cbd  putEtherPacket                
000062db  putcUart0                     
000062f7  putsUart0                     
000070c1  rand                          
00004e6b  random32                      
000028b1  readConfiguration             
00006aed  readEeprom                    
000039cb  readEtherMem                  
0000391f  readEtherPhy                  
00003831  readEtherReg                  
00005aa9  readSpi0Data                  
200010cc  reload                        
00004d83  restartTimer                  
00006499  scalbn                        
00006499  scalbnl                       
000031f7  selectPinAnalogInput          
000031a9  selectPinDigitalInput         
00003513  selectPinInterruptBothEdges   
000034c3  selectPinInterruptFallingEdge 
00003569  selectPinInterruptHighLevel   
000035a3  selectPinInterruptLowLevel    
00003473  selectPinInterruptRisingEdge  
0000315b  selectPinOpenDrainOutput      
0000310d  selectPinPushPullOutput       
0000507f  sendArpRequest                
00004fa1  sendArpResponse               
00005c71  sendPingResponse              
00004977  sendUdpMessage                
2000112b  sequenceId                    
000038cb  setEtherBank                  
00003e09  setEtherMacAddress            
00003863  setEtherReg                   
00003fe3  setIpAddress                  
0000413f  setIpDnsAddress               
000040cb  setIpGatewayAddress           
00004227  setIpMqttBrokerAddress        
00004057  setIpSubnetMask               
000041b3  setIpTimeServerAddress        
00003361  setPinAuxFunction             
00003247  setPinCommitControl           
00003649  setPinValue                   
000036d1  setPortValue                  
00005a0d  setSpi0BaudRate               
00005a43  setSpi0Mode                   
00006297  setUart0BaudRate              
00006efd  snprintf                      
200010dc  socketConns                   
0000717d  srand                         
00007055  sscanf                        
000039b9  startEtherMemRead             
0000398b  startEtherMemWrite            
00004c11  startOneshotTimer             
00004c97  startPeriodicTimer            
000039db  stopEtherMemRead              
000039b1  stopEtherMemWrite             
00004d1d  stopTimer                     
20001000  strInput                      
0000729b  strchr                        
0000726b  strcmp                        
000072b1  strcpy                        
000071a1  strcspn                       
000072c5  strlen                        
00007283  strrchr                       
00007153  strspn                        
00004399  strtod                        
00006fd5  strtok                        
00005ff5  strtol                        
00004399  strtold                       
0000540d  strtoll                       
000065a9  strtoul                       
00005ad1  strtoull                      
000042ad  sumIpWords                    
0000069f  tcpConnect                    
00000d9d  tcpCreateSocket               
0000050b  tcpFsmStateMachineClient      
00000427  tcpGetMatchingSocket          
00000e01  tcpHandleRwTransactions       
00000401  tcpHandlerRx                  
000004c3  tcpHandlerTx                  
000003d5  tcpHeaderSize                 
000003b5  tcpIsAck                      
00000395  tcpIsSyn                      
000009f5  tcpSendAck                    
00000bd9  tcpSendFin                    
00000e51  tcpSendSegment                
00000789  tcpSendSyn                    
00004df1  tickIsr                       
200010a4  ticks                         
0000366f  togglePinValue                
200010d8  token                         
0000730d  tolower                       
000071c5  waitMicrosecond               
000072eb  wcslen                        
00006abb  writeEeprom                   
0000399d  writeEtherMem                 
000038e7  writeEtherPhy                 
000037fd  writeEtherReg                 
00005a91  writeSpi0Data                 


GLOBAL SYMBOLS: SORTED BY Symbol Address 

address   name                          
-------   ----                          
00000000  __TI_static_base__            
00000000  g_pfnVectors                  
0000026d  isTcp                         
0000033f  getTcpData                    
0000036b  getTcpHeader                  
00000395  tcpIsSyn                      
000003b5  tcpIsAck                      
000003d5  tcpHeaderSize                 
000003e9  genRandNum                    
00000401  tcpHandlerRx                  
00000427  tcpGetMatchingSocket          
000004c3  tcpHandlerTx                  
0000050b  tcpFsmStateMachineClient      
0000069f  tcpConnect                    
000006bb  getTcpCurrState               
000006d5  getTcpMessageSocket           
00000789  tcpSendSyn                    
000009f5  tcpSendAck                    
00000bd9  tcpSendFin                    
00000d9d  tcpCreateSocket               
00000e01  tcpHandleRwTransactions       
00000e51  tcpSendSegment                
00001000  __STACK_SIZE                  
00001081  __TI_scanfi                   
00001b95  __TI_printfi                  
000025e3  _nop                          
000025e5  initHw                        
00002621  displayConnectionInfo         
000028b1  readConfiguration             
00002965  asciiToUint8                  
00002a17  processShell                  
00002de1  main                          
00002fd1  enablePort                    
0000308d  disablePort                   
0000310d  selectPinPushPullOutput       
0000315b  selectPinOpenDrainOutput      
000031a9  selectPinDigitalInput         
000031f7  selectPinAnalogInput          
00003247  setPinCommitControl           
000032c3  enablePinPullup               
000032f1  disablePinPullup              
00003315  enablePinPulldown             
00003339  disablePinPulldown            
00003361  setPinAuxFunction             
00003473  selectPinInterruptRisingEdge  
000034c3  selectPinInterruptFallingEdge 
00003513  selectPinInterruptBothEdges   
00003569  selectPinInterruptHighLevel   
000035a3  selectPinInterruptLowLevel    
000035dd  enablePinInterrupt            
00003601  disablePinInterrupt           
00003625  clearPinInterrupt             
00003649  setPinValue                   
0000366f  togglePinValue                
00003693  getPinValue                   
000036d1  setPortValue                  
00003749  getPortValue                  
000037d9  enableEtherCs                 
000037ef  disableEtherCs                
000037fd  writeEtherReg                 
00003831  readEtherReg                  
00003863  setEtherReg                   
00003897  clearEtherReg                 
000038cb  setEtherBank                  
000038e7  writeEtherPhy                 
0000391f  readEtherPhy                  
0000398b  startEtherMemWrite            
0000399d  writeEtherMem                 
000039b1  stopEtherMemWrite             
000039b9  startEtherMemRead             
000039cb  readEtherMem                  
000039db  stopEtherMemRead              
000039e3  initEther                     
00003b69  isEtherLinkUp                 
00003b83  isEtherDataAvailable          
00003b9d  isEtherOverflow               
00003bcd  getEtherPacket                
00003cbd  putEtherPacket                
00003da3  htons                         
00003dc7  htonl                         
00003df3  getEtherId                    
00003dff  incEtherId                    
00003e09  setEtherMacAddress            
00003e8d  getEtherMacAddress            
00003eed  isIp                          
00003f5d  isIpUnicast                   
00003fbd  isEtherIpValid                
00003fe3  setIpAddress                  
0000401d  getIpAddress                  
00004057  setIpSubnetMask               
00004091  getIpSubnetMask               
000040cb  setIpGatewayAddress           
00004105  getIpGatewayAddress           
0000413f  setIpDnsAddress               
00004179  getIpDnsAddress               
000041b3  setIpTimeServerAddress        
000041ed  getIpTimeServerAddress        
00004227  setIpMqttBrokerAddress        
00004265  getIpMqttBrokerAddress        
000042ad  sumIpWords                    
00004321  getIpChecksum                 
00004353  calcIpChecksum                
00004399  strtod                        
00004399  strtold                       
000047f9  isUdp                         
000048a1  getUdpData                    
000048cd  getUdpMessageSocket           
00004977  sendUdpMessage                
00004b71  initTimer                     
00004c11  startOneshotTimer             
00004c97  startPeriodicTimer            
00004d1d  stopTimer                     
00004d83  restartTimer                  
00004df1  tickIsr                       
00004e6b  random32                      
00004ea9  isArpRequest                  
00004f4d  isArpResponse                 
00004fa1  sendArpResponse               
0000507f  sendArpRequest                
0000540d  strtoll                       
000057b9  __aeabi_dsub                  
000057c3  __aeabi_dadd                  
0000596f  __aeabi_idiv0                 
0000596f  __aeabi_ldiv0                 
00005971  initSpi0                      
00005a0d  setSpi0BaudRate               
00005a43  setSpi0Mode                   
00005a91  writeSpi0Data                 
00005aa9  readSpi0Data                  
00005ad1  strtoull                      
00005c2d  isPingRequest                 
00005c71  sendPingResponse              
00005ebd  __aeabi_ddiv                  
00005ff5  strtol                        
00006125  mqttPublish                   
00006141  mqttLogPublishEvent           
0000616d  mqttHandler                   
000061c9  mqttGetTxStatus               
000061d5  mqttSetTxStatus               
000061e9  mqttPubGetData                
0000622b  isMqtt                        
0000624d  initUart0                     
00006297  setUart0BaudRate              
000062db  putcUart0                     
000062f7  putsUart0                     
00006323  getcUart0                     
00006337  kbhitUart0                    
00006499  ldexp                         
00006499  ldexpl                        
00006499  scalbn                        
00006499  scalbnl                       
000065a9  strtoul                       
000066b9  __aeabi_dmul                  
00006867  __aeabi_memcpy                
00006867  __aeabi_memcpy4               
00006867  __aeabi_memcpy8               
00006867  memcpy                        
00006903  __aeabi_uldivmod              
00006999  __aeabi_cdcmpeq               
00006999  __aeabi_cdcmple               
00006a1f  __aeabi_cdrcmple              
00006aa5  initEeprom                    
00006abb  writeEeprom                   
00006aed  readEeprom                    
00006b29  __aeabi_memclr                
00006b29  __aeabi_memclr4               
00006b29  __aeabi_memclr8               
00006b2b  __aeabi_memset                
00006b2b  __aeabi_memset4               
00006b2b  __aeabi_memset8               
00006b31  memset                        
00006c11  __aeabi_d2f                   
00006ce9  __TI_decompress_lzss          
00006d51  frexp                         
00006d51  frexpl                        
00006e0b  __TI_ltoa                     
00006eb1  atoi                          
00006efd  snprintf                      
00006f49  __aeabi_d2iz                  
00006f91  __TI_auto_init_nobinit_nopinit
00006fd5  strtok                        
00007055  sscanf                        
0000708d  _c_int00_noargs               
000070c1  rand                          
00007125  __aeabi_i2d                   
00007153  strspn                        
0000717d  srand                         
000071a1  strcspn                       
000071c5  waitMicrosecond               
000071e9  __TI_zero_init_nomemset       
00007205  memccpy                       
00007221  copysign                      
00007221  copysignl                     
00007253  __aeabi_lmul                  
0000726b  strcmp                        
00007283  strrchr                       
0000729b  strchr                        
000072b1  strcpy                        
000072c5  strlen                        
000072eb  wcslen                        
000072fd  initSystemClockTo40Mhz        
0000730d  tolower                       
0000731d  __TI_decompress_none          
0000732b  ResetISR                      
00007339  __aeabi_errno_addr            
00007349  _system_pre_init              
0000734d  C$$EXIT                       
0000734d  abort                         
00007350  _ctypes_                      
00007558  __TI_Handler_Table_Base       
00007564  __TI_Handler_Table_Limit      
00007570  __TI_CINIT_Base               
00007580  __TI_CINIT_Limit              
20000000  __stack                       
20000000  __start___llvm_prf_cnts       
20000000  __stop___llvm_prf_cnts        
20000200  __STACK_TOP                   
20001000  __STACK_END                   
20001000  strInput                      
20001054  fn                            
2000107c  period                        
200010a4  ticks                         
200010cc  reload                        
200010d8  token                         
200010dc  socketConns                   
200010f8  _lock                         
200010fc  _unlock                       
20001108  hwAddress                     
2000110e  count                         
20001115  ipAddress                     
20001119  ipDnsAddress                  
2000111d  ipGwAddress                   
20001121  ipSubnetMask                  
20001125  ipTimeServerAddress           
20001129  nextPacketLsb                 
2000112a  nextPacketMsb                 
2000112b  sequenceId                    
2000112c  errno                         
ffffffff  __TI_pprof_out_hndl           
ffffffff  __TI_prof_data_size           
ffffffff  __TI_prof_data_start          
ffffffff  __binit__                     
ffffffff  __c_args__                    
ffffffff  binit                         
UNDEFED   __mpu_init                    
UNDEFED   _system_post_cinit            

[246 symbols]
