******************************************************************************
                  TI ARM Linker Unix v20.2.7                   
******************************************************************************
>> Linked Tue Mar 21 19:38:42 2023

OUTPUT FILE NAME:   <IOT_Project1.out>
ENTRY POINT SYMBOL: "_c_int00_noargs"  address: 00009c59


MEMORY CONFIGURATION

         name            origin    length      used     unused   attr    fill
----------------------  --------  ---------  --------  --------  ----  --------
  FLASH                 00000000   00040000  0000a444  00035bbc  R  X
  SRAM                  20000000   00008000  00002e3f  000051c1  RW X


SEGMENT ALLOCATION MAP

run origin  load origin   length   init length attrs members
----------  ----------- ---------- ----------- ----- -------
00000000    00000000    0000a448   0000a448    r-x
  00000000    00000000    0000026c   0000026c    r-- .intvecs
  0000026c    0000026c    00009cb0   00009cb0    r-x .text
  00009f20    00009f20    00000438   00000438    r-- .const
  0000a358    0000a358    000000f0   000000f0    r-- .cinit
20000000    20000000    00002e40   00000000    rw-
  20000000    20000000    00002000   00000000    rw- .stack
  20002000    20002000    00000d63   00000000    rw- .data
  20002d64    20002d64    000000dc   00000000    rw- .bss


SECTION ALLOCATION MAP

 output                                  attributes/
section   page    origin      length       input sections
--------  ----  ----------  ----------   ----------------
.intvecs   0    00000000    0000026c     
                  00000000    0000026c     tm4c123gh6pm_startup_ccs.obj (.intvecs)

.text      0    0000026c    00009cb0     
                  0000026c    00001c9c     tcp.obj (.text)
                  00001f08    00001b00     mqtt.obj (.text)
                  00003a08    00000b14     rtsv7M4_T_le_v4SPD16_eabi.lib : _scanfi.c.obj (.text:__TI_scanfi)
                  0000451c    00000ad4     ethernet.obj (.text)
                  00004ff0    00000a4e     rtsv7M4_T_le_v4SPD16_eabi.lib : _printfi.c.obj (.text:__TI_printfi)
                  00005a3e    00000002                                   : _lock.c.obj (.text:_nop)
                  00005a40    00000808     gpio.obj (.text)
                  00006248    00000714     eth0.obj (.text)
                  0000695c    000004b0     ip.obj (.text)
                  00006e0c    00000460     rtsv7M4_T_le_v4SPD16_eabi.lib : strtod.c.obj (.text:strtod)
                  0000726c    00000378     udp.obj (.text)
                  000075e4    00000338     timer.obj (.text)
                  0000791c    000002f4     arp.obj (.text)
                  00007c10    00000270     rtsv7M4_T_le_v4SPD16_eabi.lib : _printfi.c.obj (.text:_pconv_a)
                  00007e80    00000248     ip_custom_layer.obj (.text)
                  000080c8    000001dc     rtsv7M4_T_le_v4SPD16_eabi.lib : strtoll.c.obj (.text:strtoll)
                  000082a4    000001d0                                   : _printfi.c.obj (.text:_pconv_g)
                  00008474    000001b6                                   : fd_add_t2.asm.obj (.text)
                  0000862a    00000002                                   : div0.asm.obj (.text)
                  0000862c    00000160     spi0.obj (.text)
                  0000878c    0000015c     rtsv7M4_T_le_v4SPD16_eabi.lib : strtoull.c.obj (.text:strtoull)
                  000088e8    00000154     icmp.obj (.text)
                  00008a3c    0000013c     rtsv7M4_T_le_v4SPD16_eabi.lib : _printfi.c.obj (.text:_pconv_e)
                  00008b78    00000136                                   : fd_div_t2.asm.obj (.text)
                  00008cae    00000002     --HOLE-- [fill = 0]
                  00008cb0    00000130                                   : strtol.c.obj (.text:strtol)
                  00008de0    00000128     uart0.obj (.text)
                  00008f08    00000124     rtsv7M4_T_le_v4SPD16_eabi.lib : _printfi.c.obj (.text:fcvt)
                  0000902c    00000110                                   : s_scalbn.c.obj (.text:scalbn)
                  0000913c    00000110                                   : strtoul.c.obj (.text:strtoul)
                  0000924c    000000fc                                   : fd_mul_t2.asm.obj (.text)
                  00009348    000000b1                                   : _printfi.c.obj (.text:_ltostr)
                  000093f9    00000001     --HOLE-- [fill = 0]
                  000093fa    0000009c                                   : memcpy_t2.asm.obj (.text)
                  00009496    00000096                                   : ull_div_t2.asm.obj (.text)
                  0000952c    00000086                                   : fd_cmp_t2.asm.obj (.text:__aeabi_cdcmple)
                  000095b2    00000086                                   : fd_cmp_t2.asm.obj (.text:__aeabi_cdrcmple)
                  00009638    00000084     eeprom.obj (.text)
                  000096bc    0000007a     rtsv7M4_T_le_v4SPD16_eabi.lib : memset_t2.asm.obj (.text)
                  00009736    0000006e                                   : _printfi.c.obj (.text:_mcpy)
                  000097a4    0000006e                                   : fd_tos_t2.asm.obj (.text)
                  00009812    00000002     --HOLE-- [fill = 0]
                  00009814    00000068                                   : sscanf.c.obj (.text:_chkmbc)
                  0000987c    00000068                                   : copy_decompress_lzss.c.obj (.text:decompress:lzss:__TI_decompress_lzss)
                  000098e4    00000064                                   : s_frexp.c.obj (.text:frexp)
                  00009948    00000056                                   : _printfi.c.obj (.text:_pconv_f)
                  0000999e    00000054                                   : _ltoa.c.obj (.text:__TI_ltoa)
                  000099f2    00000052                                   : _printfi.c.obj (.text:_ecpy)
                  00009a44    0000004c                                   : atoi.c.obj (.text:atoi)
                  00009a90    0000004c                                   : snprintf.c.obj (.text:snprintf)
                  00009adc    00000048                                   : fd_toi_t2.asm.obj (.text)
                  00009b24    00000044                                   : autoinit.c.obj (.text:__TI_auto_init_nobinit_nopinit:__TI_auto_init_nobinit_nopinit)
                  00009b68    00000040                                   : strtok.c.obj (.text:strtok)
                  00009ba8    0000003e                                   : _printfi.c.obj (.text:_fcpy)
                  00009be6    00000002     --HOLE-- [fill = 0]
                  00009be8    00000038                                   : sscanf.c.obj (.text:sscanf)
                  00009c20    00000036                                   : strncpy.c.obj (.text:strncpy)
                  00009c56    00000002     --HOLE-- [fill = 0]
                  00009c58    00000034                                   : boot_cortex_m.c.obj (.text:_c_int00_noargs:_c_int00_noargs)
                  00009c8c    00000034                                   : rand.c.obj (.text:rand)
                  00009cc0    00000030                                   : snprintf.c.obj (.text:_outs)
                  00009cf0    0000002e                                   : i_tofd_t2.asm.obj (.text)
                  00009d1e    0000002a                                   : strspn.c.obj (.text:strspn)
                  00009d48    00000024                                   : rand.c.obj (.text:srand)
                  00009d6c    00000024                                   : strcspn.c.obj (.text:strcspn)
                  00009d90    00000024     wait.obj (.text)
                  00009db4    0000001c     rtsv7M4_T_le_v4SPD16_eabi.lib : copy_zero_init.c.obj (.text:decompress:ZI:__TI_zero_init_nomemset:__TI_zero_init_nomemset)
                  00009dd0    0000001c                                   : memccpy.c.obj (.text:memccpy)
                  00009dec    0000001a                                   : s_copysign.c.obj (.text:copysign)
                  00009e06    00000018                                   : snprintf.c.obj (.text:_outc)
                  00009e1e    00000018                                   : ll_mul_t2.asm.obj (.text)
                  00009e36    00000018                                   : strcmp.c.obj (.text:strcmp)
                  00009e4e    00000018                                   : strrchr.c.obj (.text:strrchr)
                  00009e66    00000016                                   : strchr.c.obj (.text:strchr)
                  00009e7c    00000014                                   : strcpy.c.obj (.text:strcpy)
                  00009e90    00000014                                   : strlen.c.obj (.text:strlen)
                  00009ea4    00000012                                   : sscanf.c.obj (.text:_inpchar)
                  00009eb6    00000012                                   : wcslen.c.obj (.text:wcslen)
                  00009ec8    00000010     clock.obj (.text)
                  00009ed8    00000010     rtsv7M4_T_le_v4SPD16_eabi.lib : tolower.c.obj (.text:tolower)
                  00009ee8    0000000e                                   : copy_decompress_none.c.obj (.text:decompress:none:__TI_decompress_none)
                  00009ef6    0000000c     tm4c123gh6pm_startup_ccs.obj (.text)
                  00009f02    00000002     --HOLE-- [fill = 0]
                  00009f04    00000008     rtsv7M4_T_le_v4SPD16_eabi.lib : errno.c.obj (.text:__aeabi_errno_addr)
                  00009f0c    00000008                                   : sscanf.c.obj (.text:_uninpchar)
                  00009f14    00000004                                   : pre_init.c.obj (.text:_system_pre_init)
                  00009f18    00000004                                   : exit.c.obj (.text:abort:abort)

.const     0    00009f20    00000438     
                  00009f20    0000019e     mqtt.obj (.const:.string)
                  0000a0be    00000101     rtsv7M4_T_le_v4SPD16_eabi.lib : ctype.c.obj (.const:.string:_ctypes_)
                  0000a1bf    00000001     --HOLE-- [fill = 0]
                  0000a1c0    000000c8                                   : strtod.c.obj (.const:$O1$$)
                  0000a288    000000a6     tcp.obj (.const:.string)
                  0000a32e    00000018     mqtt.obj (.const:.string:$P$T0$1)
                  0000a346    00000002     --HOLE-- [fill = 0]
                  0000a348    00000010     rtsv7M4_T_le_v4SPD16_eabi.lib : _scanfi.c.obj (.const:$O1$$)

.cinit     0    0000a358    000000f0     
                  0000a358    000000c6     (.cinit..data.load) [load image, compression = lzss]
                  0000a41e    00000002     --HOLE-- [fill = 0]
                  0000a420    0000000c     (__TI_handler_table)
                  0000a42c    00000004     --HOLE-- [fill = 0]
                  0000a430    00000008     (.cinit..bss.load) [load image, compression = zero_init]
                  0000a438    00000010     (__TI_cinit_table)

.init_array 
*          0    00000000    00000000     UNINITIALIZED

.data      0    20002000    00000d63     UNINITIALIZED
                  20002000    0000080a     mqtt.obj (.data:mqttMcb)
                  2000280a    00000402     mqtt.obj (.data:mqttRxBuffer)
                  20002c0c    00000034     mqtt.obj (.data:mqttFsmState)
                  20002c40    0000002e     mqtt.obj (.data:mqttCurSubTopics)
                  20002c6e    00000001     ethernet.obj (.data)
                  20002c6f    00000001     --HOLE--
                  20002c70    0000002c     tcp.obj (.data:socketConns)
                  20002c9c    0000002c     tcp.obj (.data:tcpState)
                  20002cc8    0000001d     mqtt.obj (.data:mqttWillMsg)
                  20002ce5    00000003     eth0.obj (.data)
                  20002ce8    00000015     tcp.obj (.data)
                  20002cfd    00000001     --HOLE--
                  20002cfe    0000000d     mqtt.obj (.data)
                  20002d0b    0000000c     mqtt.obj (.data:mqttUsername)
                  20002d17    0000000a     mqtt.obj (.data:mqttPassword)
                  20002d21    00000009     mqtt.obj (.data:mqttWillTopic)
                  20002d2a    00000002     --HOLE--
                  20002d2c    00000008     rtsv7M4_T_le_v4SPD16_eabi.lib : _lock.c.obj (.data:$O1$$)
                  20002d34    00000006     eth0.obj (.data:hwAddress)
                  20002d3a    00000004     ip.obj (.data:ipAddress)
                  20002d3e    00000004     ip.obj (.data:ipDnsAddress)
                  20002d42    00000004     ip.obj (.data:ipGwAddress)
                  20002d46    00000004     ip.obj (.data:ipMqttBrokerAddress)
                  20002d4a    00000004     ip.obj (.data:ipSubnetMask)
                  20002d4e    00000004     ip.obj (.data:ipTimeServerAddress)
                  20002d52    00000002     --HOLE--
                  20002d54    00000004     rtsv7M4_T_le_v4SPD16_eabi.lib : errno.c.obj (.data)
                  20002d58    00000004                                   : rand.c.obj (.data)
                  20002d5c    00000004                                   : strtok.c.obj (.data)
                  20002d60    00000003     ip_custom_layer.obj (.data)

.bss       0    20002d64    000000dc     UNINITIALIZED
                  20002d64    00000054     (.common:strInput)
                  20002db8    00000028     (.common:fn)
                  20002de0    00000028     (.common:period)
                  20002e08    00000028     (.common:ticks)
                  20002e30    0000000c     (.common:reload)
                  20002e3c    00000004     (.common:token)

.stack     0    20000000    00002000     UNINITIALIZED
                  20000000    00000004     rtsv7M4_T_le_v4SPD16_eabi.lib : boot_cortex_m.c.obj (.stack)
                  20000004    00001ffc     --HOLE--

__llvm_prf_cnts 
*          0    20000000    00000000     UNINITIALIZED

MODULE SUMMARY

       Module                         code    ro data   rw data
       ------                         ----    -------   -------
    ./
       mqtt.obj                       6912    438       3255   
       tcp.obj                        7324    166       109    
       ethernet.obj                   2772    0         89     
       gpio.obj                       2056    0         0      
       eth0.obj                       1812    0         9      
       ip.obj                         1200    0         24     
       timer.obj                      824     0         132    
       udp.obj                        888     0         0      
       arp.obj                        756     0         0      
       tm4c123gh6pm_startup_ccs.obj   12      620       0      
       ip_custom_layer.obj            584     0         3      
       spi0.obj                       352     0         0      
       icmp.obj                       340     0         0      
       uart0.obj                      296     0         0      
       eeprom.obj                     132     0         0      
       wait.obj                       36      0         0      
       clock.obj                      16      0         0      
    +--+------------------------------+-------+---------+---------+
       Total:                         26312   1224      3621   
                                                               
    /home/sadhan/ti/ccs1210/ccs/tools/compiler/ti-cgt-arm_20.2.7.LTS/lib/rtsv7M4_T_le_v4SPD16_eabi.lib
       _printfi.c.obj                 4851    0         0      
       _scanfi.c.obj                  2836    16        0      
       strtod.c.obj                   1120    200       0      
       strtoll.c.obj                  476     0         0      
       fd_add_t2.asm.obj              438     0         0      
       strtoull.c.obj                 348     0         0      
       fd_div_t2.asm.obj              310     0         0      
       strtol.c.obj                   304     0         0      
       s_scalbn.c.obj                 272     0         0      
       strtoul.c.obj                  272     0         0      
       fd_cmp_t2.asm.obj              268     0         0      
       ctype.c.obj                    0       257       0      
       fd_mul_t2.asm.obj              252     0         0      
       sscanf.c.obj                   186     0         0      
       memcpy_t2.asm.obj              156     0         0      
       ull_div_t2.asm.obj             150     0         0      
       snprintf.c.obj                 148     0         0      
       memset_t2.asm.obj              122     0         0      
       fd_tos_t2.asm.obj              110     0         0      
       copy_decompress_lzss.c.obj     104     0         0      
       s_frexp.c.obj                  100     0         0      
       rand.c.obj                     88      0         4      
       _ltoa.c.obj                    84      0         0      
       atoi.c.obj                     76      0         0      
       fd_toi_t2.asm.obj              72      0         0      
       autoinit.c.obj                 68      0         0      
       strtok.c.obj                   64      0         4      
       strncpy.c.obj                  54      0         0      
       boot_cortex_m.c.obj            52      0         0      
       i_tofd_t2.asm.obj              46      0         0      
       strspn.c.obj                   42      0         0      
       strcspn.c.obj                  36      0         0      
       copy_zero_init.c.obj           28      0         0      
       memccpy.c.obj                  28      0         0      
       s_copysign.c.obj               26      0         0      
       ll_mul_t2.asm.obj              24      0         0      
       strcmp.c.obj                   24      0         0      
       strrchr.c.obj                  24      0         0      
       strchr.c.obj                   22      0         0      
       strcpy.c.obj                   20      0         0      
       strlen.c.obj                   20      0         0      
       wcslen.c.obj                   18      0         0      
       tolower.c.obj                  16      0         0      
       copy_decompress_none.c.obj     14      0         0      
       errno.c.obj                    8       0         4      
       _lock.c.obj                    2       0         8      
       exit.c.obj                     4       0         0      
       pre_init.c.obj                 4       0         0      
       div0.asm.obj                   2       0         0      
    +--+------------------------------+-------+---------+---------+
       Total:                         13789   473       20     
                                                               
       Stack:                         0       0         8192   
       Linker Generated:              0       234       0      
    +--+------------------------------+-------+---------+---------+
       Grand Total:                   40101   1931      11833  


LINKER GENERATED COPY TABLES

__TI_cinit_table @ 0000a438 records: 2, size/record: 8, table size: 16
	.data: load addr=0000a358, load size=000000c6 bytes, run addr=20002000, run size=00000d63 bytes, compression=lzss
	.bss: load addr=0000a430, load size=00000008 bytes, run addr=20002d64, run size=000000dc bytes, compression=zero_init


LINKER GENERATED HANDLER TABLE

__TI_handler_table @ 0000a420 records: 3, size/record: 4, table size: 12
	index: 0, handler: __TI_decompress_lzss
	index: 1, handler: __TI_decompress_none
	index: 2, handler: __TI_zero_init


GLOBAL SYMBOLS: SORTED ALPHABETICALLY BY Name 

address   name                          
-------   ----                          
00009f19  C$$EXIT                       
00009ef7  ResetISR                      
20002000  __STACK_END                   
00002000  __STACK_SIZE                  
20000200  __STACK_TOP                   
0000a438  __TI_CINIT_Base               
0000a448  __TI_CINIT_Limit              
0000a420  __TI_Handler_Table_Base       
0000a42c  __TI_Handler_Table_Limit      
00009b25  __TI_auto_init_nobinit_nopinit
0000987d  __TI_decompress_lzss          
00009ee9  __TI_decompress_none          
0000999f  __TI_ltoa                     
ffffffff  __TI_pprof_out_hndl           
00004ff1  __TI_printfi                  
ffffffff  __TI_prof_data_size           
ffffffff  __TI_prof_data_start          
00003a09  __TI_scanfi                   
00000000  __TI_static_base__            
00009db5  __TI_zero_init_nomemset       
0000952d  __aeabi_cdcmpeq               
0000952d  __aeabi_cdcmple               
000095b3  __aeabi_cdrcmple              
000097a5  __aeabi_d2f                   
00009add  __aeabi_d2iz                  
0000847f  __aeabi_dadd                  
00008b79  __aeabi_ddiv                  
0000924d  __aeabi_dmul                  
00008475  __aeabi_dsub                  
00009f05  __aeabi_errno_addr            
00009cf1  __aeabi_i2d                   
0000862b  __aeabi_idiv0                 
0000862b  __aeabi_ldiv0                 
00009e1f  __aeabi_lmul                  
000096bd  __aeabi_memclr                
000096bd  __aeabi_memclr4               
000096bd  __aeabi_memclr8               
000093fb  __aeabi_memcpy                
000093fb  __aeabi_memcpy4               
000093fb  __aeabi_memcpy8               
000096bf  __aeabi_memset                
000096bf  __aeabi_memset4               
000096bf  __aeabi_memset8               
00009497  __aeabi_uldivmod              
ffffffff  __binit__                     
ffffffff  __c_args__                    
UNDEFED   __mpu_init                    
20000000  __stack                       
20000000  __start___llvm_prf_cnts       
20000000  __stop___llvm_prf_cnts        
00009c59  _c_int00_noargs               
0000a0be  _ctypes_                      
20002d2c  _lock                         
00005a3f  _nop                          
UNDEFED   _system_post_cinit            
00009f15  _system_pre_init              
20002d30  _unlock                       
00009f19  abort                         
00004f15  appInit                       
00007ff3  arpRespTimeoutCb              
0000489d  asciiToUint8                  
00009a45  atoi                          
ffffffff  binit                         
00006dc3  calcIpChecksum                
00006307  clearEtherReg                 
00006095  clearPinInterrupt             
00009ded  copysign                      
00009ded  copysignl                     
20002c6e  count                         
0000625f  disableEtherCs                
00006071  disablePinInterrupt           
00005da9  disablePinPulldown            
00005d61  disablePinPullup              
00005afd  disablePort                   
00004559  displayConnectionInfo         
00001cd9  displayStatus                 
00006249  enableEtherCs                 
0000604d  enablePinInterrupt            
00005d85  enablePinPulldown             
00005d33  enablePinPullup               
00005a41  enablePort                    
20002ce8  enableRetransFlag             
20002d54  errno                         
20002db8  fn                            
000098e5  frexp                         
000098e5  frexpl                        
00000000  g_pfnVectors                  
000003f7  genRandNum                    
00006863  getEtherId                    
000068fd  getEtherMacAddress            
0000663d  getEtherPacket                
00006a8d  getIpAddress                  
00006d91  getIpChecksum                 
00007fed  getIpCurrentEventStatus       
00006be9  getIpDnsAddress               
00006b75  getIpGatewayAddress           
00006cd5  getIpMqttBrokerAddress        
00006b01  getIpSubnetMask               
00006c5d  getIpTimeServerAddress        
00006103  getPinValue                   
000061b9  getPortValue                  
00000fcd  getTcpCurrState               
0000033f  getTcpData                    
0000036b  getTcpHeader                  
0000103d  getTcpMessageSocket           
00000fed  getTcpSegmentLength           
00007315  getUdpData                    
00007341  getUdpMessageSocket           
00008eb7  getcUart0                     
00006837  htonl                         
00006813  htons                         
20002d34  hwAddress                     
0000686f  incEtherId                    
00009639  initEeprom                    
00006453  initEther                     
0000451d  initHw                        
0000862d  initSpi0                      
00009ec9  initSystemClockTo40Mhz        
000075e5  initTimer                     
00008de1  initUart0                     
20002d60  initiateArpRequest            
20002cf0  initiateFin                   
20002d3a  ipAddress                     
20002d3e  ipDnsAddress                  
20002d61  ipEventIcb                    
20002d42  ipGwAddress                   
00007edd  ipHandlerRx                   
00007e81  ipHandlerTx                   
20002d46  ipMqttBrokerAddress           
20002d4a  ipSubnetMask                  
20002d4e  ipTimeServerAddress           
0000791d  isArpRequest                  
000079c1  isArpResponse                 
000065f3  isEtherDataAvailable          
00006a2d  isEtherIpValid                
000065d9  isEtherLinkUp                 
0000660d  isEtherOverflow               
0000695d  isIp                          
00007ffb  isIpArpResponse               
000069cd  isIpUnicast                   
0000380d  isMqtt                        
000088e9  isPingRequest                 
0000026d  isTcp                         
0000726d  isUdp                         
00003505  ismqttConnected               
00008ecb  kbhitUart0                    
0000902d  ldexp                         
0000902d  ldexpl                        
00004d9f  main                          
00009dd1  memccpy                       
000093fb  memcpy                        
000096c5  memset                        
000039d9  mqttConTimerCb                
0000366d  mqttConnAck                   
00002411  mqttConnect                   
00003921  mqttDecDynLength              
00002875  mqttDisConnect                
00002815  mqttEncDynLength              
20002c0c  mqttFsmState                  
000039bf  mqttGetConnState              
000039a5  mqttGetCurrState              
00003779  mqttGetTxData                 
0000373b  mqttGetTxStatus               
00003159  mqttHandleAllRxMsgs           
00003467  mqttHandleConnectServer       
00003275  mqttHandlePubServer           
000033e1  mqttHandleSubServer           
00002b29  mqttHandler                   
00003999  mqttInit                      
000034eb  mqttKeepAliveTimeCliCb        
000034bf  mqttKeepAliveTimeSrvCb        
00002ad5  mqttLogConnectEvent           
00002af5  mqttLogDisConnectEvent        
0000293f  mqttLogPublishEvent           
00002a09  mqttLogSubscribeEvent         
00002a71  mqttLogUnSubscribeEvent       
000028dd  mqttPingRequest               
000036e5  mqttPingResp                  
20002cfe  mqttPktId                     
00003511  mqttPubAck                    
00001f09  mqttPublish                   
000039c5  mqttSetConnState              
000039ab  mqttSetCurrState              
00003891  mqttSetRxData                 
00003741  mqttSetTxStatus               
0000359d  mqttSubAck                    
000020b9  mqttSubscribe                 
0000224d  mqttUnSubscribe               
20002ce5  nextPacketLsb                 
20002ce6  nextPacketMsb                 
20002de0  period                        
0000494f  processShell                  
0000672d  putEtherPacket                
00008e6f  putcUart0                     
00008e8b  putsUart0                     
00009c8d  rand                          
000078df  random32                      
000047e9  readConfiguration             
00009681  readEeprom                    
0000643b  readEtherMem                  
0000638f  readEtherPhy                  
000062a1  readEtherReg                  
00008765  readSpi0Data                  
20002e30  reload                        
000077f7  restartTimer                  
0000902d  scalbn                        
0000902d  scalbnl                       
00005c67  selectPinAnalogInput          
00005c19  selectPinDigitalInput         
00005f83  selectPinInterruptBothEdges   
00005f33  selectPinInterruptFallingEdge 
00005fd9  selectPinInterruptHighLevel   
00006013  selectPinInterruptLowLevel    
00005ee3  selectPinInterruptRisingEdge  
00005bcb  selectPinOpenDrainOutput      
00005b7d  selectPinPushPullOutput       
00007af3  sendArpRequest                
00007a15  sendArpResponse               
0000892d  sendPingResponse              
000073eb  sendUdpMessage                
20002ce7  sequenceId                    
0000633b  setEtherBank                  
00006879  setEtherMacAddress            
000062d3  setEtherReg                   
00006a53  setIpAddress                  
00006baf  setIpDnsAddress               
00006b3b  setIpGatewayAddress           
00006c97  setIpMqttBrokerAddress        
00007fb3  setIpMqttMacBrokerAddress     
00006ac7  setIpSubnetMask               
00006c23  setIpTimeServerAddress        
00005dd1  setPinAuxFunction             
00005cb7  setPinCommitControl           
000060b9  setPinValue                   
00006141  setPortValue                  
000086c9  setSpi0BaudRate               
000086ff  setSpi0Mode                   
00008e2b  setUart0BaudRate              
00009a91  snprintf                      
20002c70  socketConns                   
00009d49  srand                         
00009be9  sscanf                        
00006429  startEtherMemRead             
000063fb  startEtherMemWrite            
00007685  startOneshotTimer             
0000770b  startPeriodicTimer            
0000644b  stopEtherMemRead              
00006421  stopEtherMemWrite             
00007791  stopTimer                     
20002d64  strInput                      
00009e67  strchr                        
00009e37  strcmp                        
00009e7d  strcpy                        
00009d6d  strcspn                       
00009e91  strlen                        
00009c21  strncpy                       
00009e4f  strrchr                       
00009d1f  strspn                        
00006e0d  strtod                        
00009b69  strtok                        
00008cb1  strtol                        
00006e0d  strtold                       
000080c9  strtoll                       
0000913d  strtoul                       
0000878d  strtoull                      
00006d1d  sumIpWords                    
00001c45  tcpCheckOptionsField          
00000fb1  tcpConnect                    
00001841  tcpCreateSocket               
0000052d  tcpFsmStateMachineClient      
00000435  tcpGetMatchingSocket          
00001869  tcpHandleRwTransactions       
0000040f  tcpHandlerRx                  
000004d5  tcpHandlerTx                  
000003dd  tcpHeaderSize                 
000003b9  tcpIsAck                      
00000395  tcpIsSyn                      
0000132f  tcpSendAck                    
00001605  tcpSendFin                    
0000197d  tcpSendSegment                
00001111  tcpSendSyn                    
0000051d  tcpSendTimerCb                
00001c0d  tcpValidChecks                
00007865  tickIsr                       
20002e08  ticks                         
000060df  togglePinValue                
20002e3c  token                         
00009ed9  tolower                       
00009d91  waitMicrosecond               
00009eb7  wcslen                        
0000964f  writeEeprom                   
0000640d  writeEtherMem                 
00006357  writeEtherPhy                 
0000626d  writeEtherReg                 
0000874d  writeSpi0Data                 


GLOBAL SYMBOLS: SORTED BY Symbol Address 

address   name                          
-------   ----                          
00000000  __TI_static_base__            
00000000  g_pfnVectors                  
0000026d  isTcp                         
0000033f  getTcpData                    
0000036b  getTcpHeader                  
00000395  tcpIsSyn                      
000003b9  tcpIsAck                      
000003dd  tcpHeaderSize                 
000003f7  genRandNum                    
0000040f  tcpHandlerRx                  
00000435  tcpGetMatchingSocket          
000004d5  tcpHandlerTx                  
0000051d  tcpSendTimerCb                
0000052d  tcpFsmStateMachineClient      
00000fb1  tcpConnect                    
00000fcd  getTcpCurrState               
00000fed  getTcpSegmentLength           
0000103d  getTcpMessageSocket           
00001111  tcpSendSyn                    
0000132f  tcpSendAck                    
00001605  tcpSendFin                    
00001841  tcpCreateSocket               
00001869  tcpHandleRwTransactions       
0000197d  tcpSendSegment                
00001c0d  tcpValidChecks                
00001c45  tcpCheckOptionsField          
00001cd9  displayStatus                 
00001f09  mqttPublish                   
00002000  __STACK_SIZE                  
000020b9  mqttSubscribe                 
0000224d  mqttUnSubscribe               
00002411  mqttConnect                   
00002815  mqttEncDynLength              
00002875  mqttDisConnect                
000028dd  mqttPingRequest               
0000293f  mqttLogPublishEvent           
00002a09  mqttLogSubscribeEvent         
00002a71  mqttLogUnSubscribeEvent       
00002ad5  mqttLogConnectEvent           
00002af5  mqttLogDisConnectEvent        
00002b29  mqttHandler                   
00003159  mqttHandleAllRxMsgs           
00003275  mqttHandlePubServer           
000033e1  mqttHandleSubServer           
00003467  mqttHandleConnectServer       
000034bf  mqttKeepAliveTimeSrvCb        
000034eb  mqttKeepAliveTimeCliCb        
00003505  ismqttConnected               
00003511  mqttPubAck                    
0000359d  mqttSubAck                    
0000366d  mqttConnAck                   
000036e5  mqttPingResp                  
0000373b  mqttGetTxStatus               
00003741  mqttSetTxStatus               
00003779  mqttGetTxData                 
0000380d  isMqtt                        
00003891  mqttSetRxData                 
00003921  mqttDecDynLength              
00003999  mqttInit                      
000039a5  mqttGetCurrState              
000039ab  mqttSetCurrState              
000039bf  mqttGetConnState              
000039c5  mqttSetConnState              
000039d9  mqttConTimerCb                
00003a09  __TI_scanfi                   
0000451d  initHw                        
00004559  displayConnectionInfo         
000047e9  readConfiguration             
0000489d  asciiToUint8                  
0000494f  processShell                  
00004d9f  main                          
00004f15  appInit                       
00004ff1  __TI_printfi                  
00005a3f  _nop                          
00005a41  enablePort                    
00005afd  disablePort                   
00005b7d  selectPinPushPullOutput       
00005bcb  selectPinOpenDrainOutput      
00005c19  selectPinDigitalInput         
00005c67  selectPinAnalogInput          
00005cb7  setPinCommitControl           
00005d33  enablePinPullup               
00005d61  disablePinPullup              
00005d85  enablePinPulldown             
00005da9  disablePinPulldown            
00005dd1  setPinAuxFunction             
00005ee3  selectPinInterruptRisingEdge  
00005f33  selectPinInterruptFallingEdge 
00005f83  selectPinInterruptBothEdges   
00005fd9  selectPinInterruptHighLevel   
00006013  selectPinInterruptLowLevel    
0000604d  enablePinInterrupt            
00006071  disablePinInterrupt           
00006095  clearPinInterrupt             
000060b9  setPinValue                   
000060df  togglePinValue                
00006103  getPinValue                   
00006141  setPortValue                  
000061b9  getPortValue                  
00006249  enableEtherCs                 
0000625f  disableEtherCs                
0000626d  writeEtherReg                 
000062a1  readEtherReg                  
000062d3  setEtherReg                   
00006307  clearEtherReg                 
0000633b  setEtherBank                  
00006357  writeEtherPhy                 
0000638f  readEtherPhy                  
000063fb  startEtherMemWrite            
0000640d  writeEtherMem                 
00006421  stopEtherMemWrite             
00006429  startEtherMemRead             
0000643b  readEtherMem                  
0000644b  stopEtherMemRead              
00006453  initEther                     
000065d9  isEtherLinkUp                 
000065f3  isEtherDataAvailable          
0000660d  isEtherOverflow               
0000663d  getEtherPacket                
0000672d  putEtherPacket                
00006813  htons                         
00006837  htonl                         
00006863  getEtherId                    
0000686f  incEtherId                    
00006879  setEtherMacAddress            
000068fd  getEtherMacAddress            
0000695d  isIp                          
000069cd  isIpUnicast                   
00006a2d  isEtherIpValid                
00006a53  setIpAddress                  
00006a8d  getIpAddress                  
00006ac7  setIpSubnetMask               
00006b01  getIpSubnetMask               
00006b3b  setIpGatewayAddress           
00006b75  getIpGatewayAddress           
00006baf  setIpDnsAddress               
00006be9  getIpDnsAddress               
00006c23  setIpTimeServerAddress        
00006c5d  getIpTimeServerAddress        
00006c97  setIpMqttBrokerAddress        
00006cd5  getIpMqttBrokerAddress        
00006d1d  sumIpWords                    
00006d91  getIpChecksum                 
00006dc3  calcIpChecksum                
00006e0d  strtod                        
00006e0d  strtold                       
0000726d  isUdp                         
00007315  getUdpData                    
00007341  getUdpMessageSocket           
000073eb  sendUdpMessage                
000075e5  initTimer                     
00007685  startOneshotTimer             
0000770b  startPeriodicTimer            
00007791  stopTimer                     
000077f7  restartTimer                  
00007865  tickIsr                       
000078df  random32                      
0000791d  isArpRequest                  
000079c1  isArpResponse                 
00007a15  sendArpResponse               
00007af3  sendArpRequest                
00007e81  ipHandlerTx                   
00007edd  ipHandlerRx                   
00007fb3  setIpMqttMacBrokerAddress     
00007fed  getIpCurrentEventStatus       
00007ff3  arpRespTimeoutCb              
00007ffb  isIpArpResponse               
000080c9  strtoll                       
00008475  __aeabi_dsub                  
0000847f  __aeabi_dadd                  
0000862b  __aeabi_idiv0                 
0000862b  __aeabi_ldiv0                 
0000862d  initSpi0                      
000086c9  setSpi0BaudRate               
000086ff  setSpi0Mode                   
0000874d  writeSpi0Data                 
00008765  readSpi0Data                  
0000878d  strtoull                      
000088e9  isPingRequest                 
0000892d  sendPingResponse              
00008b79  __aeabi_ddiv                  
00008cb1  strtol                        
00008de1  initUart0                     
00008e2b  setUart0BaudRate              
00008e6f  putcUart0                     
00008e8b  putsUart0                     
00008eb7  getcUart0                     
00008ecb  kbhitUart0                    
0000902d  ldexp                         
0000902d  ldexpl                        
0000902d  scalbn                        
0000902d  scalbnl                       
0000913d  strtoul                       
0000924d  __aeabi_dmul                  
000093fb  __aeabi_memcpy                
000093fb  __aeabi_memcpy4               
000093fb  __aeabi_memcpy8               
000093fb  memcpy                        
00009497  __aeabi_uldivmod              
0000952d  __aeabi_cdcmpeq               
0000952d  __aeabi_cdcmple               
000095b3  __aeabi_cdrcmple              
00009639  initEeprom                    
0000964f  writeEeprom                   
00009681  readEeprom                    
000096bd  __aeabi_memclr                
000096bd  __aeabi_memclr4               
000096bd  __aeabi_memclr8               
000096bf  __aeabi_memset                
000096bf  __aeabi_memset4               
000096bf  __aeabi_memset8               
000096c5  memset                        
000097a5  __aeabi_d2f                   
0000987d  __TI_decompress_lzss          
000098e5  frexp                         
000098e5  frexpl                        
0000999f  __TI_ltoa                     
00009a45  atoi                          
00009a91  snprintf                      
00009add  __aeabi_d2iz                  
00009b25  __TI_auto_init_nobinit_nopinit
00009b69  strtok                        
00009be9  sscanf                        
00009c21  strncpy                       
00009c59  _c_int00_noargs               
00009c8d  rand                          
00009cf1  __aeabi_i2d                   
00009d1f  strspn                        
00009d49  srand                         
00009d6d  strcspn                       
00009d91  waitMicrosecond               
00009db5  __TI_zero_init_nomemset       
00009dd1  memccpy                       
00009ded  copysign                      
00009ded  copysignl                     
00009e1f  __aeabi_lmul                  
00009e37  strcmp                        
00009e4f  strrchr                       
00009e67  strchr                        
00009e7d  strcpy                        
00009e91  strlen                        
00009eb7  wcslen                        
00009ec9  initSystemClockTo40Mhz        
00009ed9  tolower                       
00009ee9  __TI_decompress_none          
00009ef7  ResetISR                      
00009f05  __aeabi_errno_addr            
00009f15  _system_pre_init              
00009f19  C$$EXIT                       
00009f19  abort                         
0000a0be  _ctypes_                      
0000a420  __TI_Handler_Table_Base       
0000a42c  __TI_Handler_Table_Limit      
0000a438  __TI_CINIT_Base               
0000a448  __TI_CINIT_Limit              
20000000  __stack                       
20000000  __start___llvm_prf_cnts       
20000000  __stop___llvm_prf_cnts        
20000200  __STACK_TOP                   
20002000  __STACK_END                   
20002c0c  mqttFsmState                  
20002c6e  count                         
20002c70  socketConns                   
20002ce5  nextPacketLsb                 
20002ce6  nextPacketMsb                 
20002ce7  sequenceId                    
20002ce8  enableRetransFlag             
20002cf0  initiateFin                   
20002cfe  mqttPktId                     
20002d2c  _lock                         
20002d30  _unlock                       
20002d34  hwAddress                     
20002d3a  ipAddress                     
20002d3e  ipDnsAddress                  
20002d42  ipGwAddress                   
20002d46  ipMqttBrokerAddress           
20002d4a  ipSubnetMask                  
20002d4e  ipTimeServerAddress           
20002d54  errno                         
20002d60  initiateArpRequest            
20002d61  ipEventIcb                    
20002d64  strInput                      
20002db8  fn                            
20002de0  period                        
20002e08  ticks                         
20002e30  reload                        
20002e3c  token                         
ffffffff  __TI_pprof_out_hndl           
ffffffff  __TI_prof_data_size           
ffffffff  __TI_prof_data_start          
ffffffff  __binit__                     
ffffffff  __c_args__                    
ffffffff  binit                         
UNDEFED   __mpu_init                    
UNDEFED   _system_post_cinit            

[295 symbols]
