******************************************************************************
                  TI ARM Linker Unix v20.2.7                   
******************************************************************************
>> Linked Sat Mar  4 16:01:32 2023

OUTPUT FILE NAME:   <IOT_Project1.out>
ENTRY POINT SYMBOL: "_c_int00_noargs"  address: 0000846d


MEMORY CONFIGURATION

         name            origin    length      used     unused   attr    fill
----------------------  --------  ---------  --------  --------  ----  --------
  FLASH                 00000000   00040000  00008958  000376a8  R  X
  SRAM                  20000000   00008000  000021fd  00005e03  RW X


SEGMENT ALLOCATION MAP

run origin  load origin   length   init length attrs members
----------  ----------- ---------- ----------- ----- -------
00000000    00000000    00008958   00008958    r-x
  00000000    00000000    0000026c   0000026c    r-- .intvecs
  0000026c    0000026c    000084c4   000084c4    r-x .text
  00008730    00008730    000001e0   000001e0    r-- .const
  00008910    00008910    00000048   00000048    r-- .cinit
20000000    20000000    00002200   00000000    rw-
  20000000    20000000    00002000   00000000    rw- .stack
  20002000    20002000    00000121   00000000    rw- .data
  20002124    20002124    000000dc   00000000    rw- .bss


SECTION ALLOCATION MAP

 output                                  attributes/
section   page    origin      length       input sections
--------  ----  ----------  ----------   ----------------
.intvecs   0    00000000    0000026c     
                  00000000    0000026c     tm4c123gh6pm_startup_ccs.obj (.intvecs)

.text      0    0000026c    000084c4     
                  0000026c    000012f4     tcp.obj (.text)
                  00001560    00000d44     mqtt.obj (.text)
                  000022a4    00000b14     rtsv7M4_T_le_v4SPD16_eabi.lib : _scanfi.c.obj (.text:__TI_scanfi)
                  00002db8    00000ab0     ethernet.obj (.text)
                  00003868    00000a4e     rtsv7M4_T_le_v4SPD16_eabi.lib : _printfi.c.obj (.text:__TI_printfi)
                  000042b6    00000002                                   : _lock.c.obj (.text:_nop)
                  000042b8    00000808     gpio.obj (.text)
                  00004ac0    00000714     eth0.obj (.text)
                  000051d4    00000484     ip.obj (.text)
                  00005658    00000460     rtsv7M4_T_le_v4SPD16_eabi.lib : strtod.c.obj (.text:strtod)
                  00005ab8    00000378     udp.obj (.text)
                  00005e30    00000338     timer.obj (.text)
                  00006168    000002f4     arp.obj (.text)
                  0000645c    00000270     rtsv7M4_T_le_v4SPD16_eabi.lib : _printfi.c.obj (.text:_pconv_a)
                  000066cc    00000248     ip_custom_layer.obj (.text)
                  00006914    000001dc     rtsv7M4_T_le_v4SPD16_eabi.lib : strtoll.c.obj (.text:strtoll)
                  00006af0    000001d0                                   : _printfi.c.obj (.text:_pconv_g)
                  00006cc0    000001b6                                   : fd_add_t2.asm.obj (.text)
                  00006e76    00000002                                   : div0.asm.obj (.text)
                  00006e78    00000160     spi0.obj (.text)
                  00006fd8    0000015c     rtsv7M4_T_le_v4SPD16_eabi.lib : strtoull.c.obj (.text:strtoull)
                  00007134    00000154     icmp.obj (.text)
                  00007288    0000013c     rtsv7M4_T_le_v4SPD16_eabi.lib : _printfi.c.obj (.text:_pconv_e)
                  000073c4    00000136                                   : fd_div_t2.asm.obj (.text)
                  000074fa    00000002     --HOLE-- [fill = 0]
                  000074fc    00000130                                   : strtol.c.obj (.text:strtol)
                  0000762c    00000128     uart0.obj (.text)
                  00007754    00000124     rtsv7M4_T_le_v4SPD16_eabi.lib : _printfi.c.obj (.text:fcvt)
                  00007878    00000110                                   : s_scalbn.c.obj (.text:scalbn)
                  00007988    00000110                                   : strtoul.c.obj (.text:strtoul)
                  00007a98    000000fc                                   : fd_mul_t2.asm.obj (.text)
                  00007b94    000000b1                                   : _printfi.c.obj (.text:_ltostr)
                  00007c45    00000001     --HOLE-- [fill = 0]
                  00007c46    0000009c                                   : memcpy_t2.asm.obj (.text)
                  00007ce2    00000096                                   : ull_div_t2.asm.obj (.text)
                  00007d78    00000086                                   : fd_cmp_t2.asm.obj (.text:__aeabi_cdcmple)
                  00007dfe    00000086                                   : fd_cmp_t2.asm.obj (.text:__aeabi_cdrcmple)
                  00007e84    00000084     eeprom.obj (.text)
                  00007f08    0000007a     rtsv7M4_T_le_v4SPD16_eabi.lib : memset_t2.asm.obj (.text)
                  00007f82    0000006e                                   : _printfi.c.obj (.text:_mcpy)
                  00007ff0    0000006e                                   : fd_tos_t2.asm.obj (.text)
                  0000805e    00000002     --HOLE-- [fill = 0]
                  00008060    00000068                                   : sscanf.c.obj (.text:_chkmbc)
                  000080c8    00000068                                   : copy_decompress_lzss.c.obj (.text:decompress:lzss:__TI_decompress_lzss)
                  00008130    00000064                                   : s_frexp.c.obj (.text:frexp)
                  00008194    00000056                                   : _printfi.c.obj (.text:_pconv_f)
                  000081ea    00000054                                   : _ltoa.c.obj (.text:__TI_ltoa)
                  0000823e    00000052                                   : _printfi.c.obj (.text:_ecpy)
                  00008290    0000004c                                   : atoi.c.obj (.text:atoi)
                  000082dc    0000004c                                   : snprintf.c.obj (.text:snprintf)
                  00008328    00000048                                   : fd_toi_t2.asm.obj (.text)
                  00008370    00000044                                   : autoinit.c.obj (.text:__TI_auto_init_nobinit_nopinit:__TI_auto_init_nobinit_nopinit)
                  000083b4    00000040                                   : strtok.c.obj (.text:strtok)
                  000083f4    0000003e                                   : _printfi.c.obj (.text:_fcpy)
                  00008432    00000002     --HOLE-- [fill = 0]
                  00008434    00000038                                   : sscanf.c.obj (.text:sscanf)
                  0000846c    00000034                                   : boot_cortex_m.c.obj (.text:_c_int00_noargs:_c_int00_noargs)
                  000084a0    00000034                                   : rand.c.obj (.text:rand)
                  000084d4    00000030                                   : snprintf.c.obj (.text:_outs)
                  00008504    0000002e                                   : i_tofd_t2.asm.obj (.text)
                  00008532    0000002a                                   : strspn.c.obj (.text:strspn)
                  0000855c    00000024                                   : rand.c.obj (.text:srand)
                  00008580    00000024                                   : strcspn.c.obj (.text:strcspn)
                  000085a4    00000024     wait.obj (.text)
                  000085c8    0000001c     rtsv7M4_T_le_v4SPD16_eabi.lib : copy_zero_init.c.obj (.text:decompress:ZI:__TI_zero_init_nomemset:__TI_zero_init_nomemset)
                  000085e4    0000001c                                   : memccpy.c.obj (.text:memccpy)
                  00008600    0000001a                                   : s_copysign.c.obj (.text:copysign)
                  0000861a    00000018                                   : snprintf.c.obj (.text:_outc)
                  00008632    00000018                                   : ll_mul_t2.asm.obj (.text)
                  0000864a    00000018                                   : strcmp.c.obj (.text:strcmp)
                  00008662    00000018                                   : strrchr.c.obj (.text:strrchr)
                  0000867a    00000016                                   : strchr.c.obj (.text:strchr)
                  00008690    00000014                                   : strcpy.c.obj (.text:strcpy)
                  000086a4    00000014                                   : strlen.c.obj (.text:strlen)
                  000086b8    00000012                                   : sscanf.c.obj (.text:_inpchar)
                  000086ca    00000012                                   : wcslen.c.obj (.text:wcslen)
                  000086dc    00000010     clock.obj (.text)
                  000086ec    00000010     rtsv7M4_T_le_v4SPD16_eabi.lib : tolower.c.obj (.text:tolower)
                  000086fc    0000000e                                   : copy_decompress_none.c.obj (.text:decompress:none:__TI_decompress_none)
                  0000870a    0000000c     tm4c123gh6pm_startup_ccs.obj (.text)
                  00008716    00000002     --HOLE-- [fill = 0]
                  00008718    00000008     rtsv7M4_T_le_v4SPD16_eabi.lib : errno.c.obj (.text:__aeabi_errno_addr)
                  00008720    00000008                                   : sscanf.c.obj (.text:_uninpchar)
                  00008728    00000004                                   : pre_init.c.obj (.text:_system_pre_init)
                  0000872c    00000004                                   : exit.c.obj (.text:abort:abort)

.const     0    00008730    000001e0     
                  00008730    00000101     rtsv7M4_T_le_v4SPD16_eabi.lib : ctype.c.obj (.const:.string:_ctypes_)
                  00008831    00000007     --HOLE-- [fill = 0]
                  00008838    000000c8                                   : strtod.c.obj (.const:$O1$$)
                  00008900    00000010                                   : _scanfi.c.obj (.const:$O1$$)

.cinit     0    00008910    00000048     
                  00008910    0000001e     (.cinit..data.load) [load image, compression = lzss]
                  0000892e    00000002     --HOLE-- [fill = 0]
                  00008930    0000000c     (__TI_handler_table)
                  0000893c    00000004     --HOLE-- [fill = 0]
                  00008940    00000008     (.cinit..bss.load) [load image, compression = zero_init]
                  00008948    00000010     (__TI_cinit_table)

.init_array 
*          0    00000000    00000000     UNINITIALIZED

.data      0    20002000    00000121     UNINITIALIZED
                  20002000    00000082     mqtt.obj (.data:mqttMcb)
                  20002082    0000003e     mqtt.obj (.data:mqttRxBuffer)
                  200020c0    0000001c     tcp.obj (.data:socketConns)
                  200020dc    0000000a     tcp.obj (.data)
                  200020e6    00000001     ethernet.obj (.data)
                  200020e7    00000001     --HOLE--
                  200020e8    00000008     rtsv7M4_T_le_v4SPD16_eabi.lib : _lock.c.obj (.data:$O1$$)
                  200020f0    00000006     eth0.obj (.data:hwAddress)
                  200020f6    00000004     ip.obj (.data:ipAddress)
                  200020fa    00000004     ip.obj (.data:ipDnsAddress)
                  200020fe    00000004     ip.obj (.data:ipGwAddress)
                  20002102    00000004     ip.obj (.data:ipSubnetMask)
                  20002106    00000004     ip.obj (.data:ipTimeServerAddress)
                  2000210a    00000002     --HOLE--
                  2000210c    00000004     rtsv7M4_T_le_v4SPD16_eabi.lib : errno.c.obj (.data)
                  20002110    00000004                                   : rand.c.obj (.data)
                  20002114    00000004                                   : strtok.c.obj (.data)
                  20002118    00000003     eth0.obj (.data)
                  2000211b    00000003     ip_custom_layer.obj (.data)
                  2000211e    00000003     mqtt.obj (.data)

.bss       0    20002124    000000dc     UNINITIALIZED
                  20002124    00000054     (.common:strInput)
                  20002178    00000028     (.common:fn)
                  200021a0    00000028     (.common:period)
                  200021c8    00000028     (.common:ticks)
                  200021f0    0000000c     (.common:reload)
                  200021fc    00000004     (.common:token)

.stack     0    20000000    00002000     UNINITIALIZED
                  20000000    00000004     rtsv7M4_T_le_v4SPD16_eabi.lib : boot_cortex_m.c.obj (.stack)
                  20000004    00001ffc     --HOLE--

__llvm_prf_cnts 
*          0    20000000    00000000     UNINITIALIZED

MODULE SUMMARY

       Module                         code    ro data   rw data
       ------                         ----    -------   -------
    ./
       tcp.obj                        4852    0         38     
       mqtt.obj                       3396    0         195    
       ethernet.obj                   2736    0         89     
       gpio.obj                       2056    0         0      
       eth0.obj                       1812    0         9      
       ip.obj                         1156    0         20     
       timer.obj                      824     0         132    
       udp.obj                        888     0         0      
       arp.obj                        756     0         0      
       tm4c123gh6pm_startup_ccs.obj   12      620       0      
       ip_custom_layer.obj            584     0         3      
       spi0.obj                       352     0         0      
       icmp.obj                       340     0         0      
       uart0.obj                      296     0         0      
       eeprom.obj                     132     0         0      
       wait.obj                       36      0         0      
       clock.obj                      16      0         0      
    +--+------------------------------+-------+---------+---------+
       Total:                         20244   620       486    
                                                               
    /home/sadhan/ti/ccs1210/ccs/tools/compiler/ti-cgt-arm_20.2.7.LTS/lib/rtsv7M4_T_le_v4SPD16_eabi.lib
       _printfi.c.obj                 4851    0         0      
       _scanfi.c.obj                  2836    16        0      
       strtod.c.obj                   1120    200       0      
       strtoll.c.obj                  476     0         0      
       fd_add_t2.asm.obj              438     0         0      
       strtoull.c.obj                 348     0         0      
       fd_div_t2.asm.obj              310     0         0      
       strtol.c.obj                   304     0         0      
       s_scalbn.c.obj                 272     0         0      
       strtoul.c.obj                  272     0         0      
       fd_cmp_t2.asm.obj              268     0         0      
       ctype.c.obj                    0       257       0      
       fd_mul_t2.asm.obj              252     0         0      
       sscanf.c.obj                   186     0         0      
       memcpy_t2.asm.obj              156     0         0      
       ull_div_t2.asm.obj             150     0         0      
       snprintf.c.obj                 148     0         0      
       memset_t2.asm.obj              122     0         0      
       fd_tos_t2.asm.obj              110     0         0      
       copy_decompress_lzss.c.obj     104     0         0      
       s_frexp.c.obj                  100     0         0      
       rand.c.obj                     88      0         4      
       _ltoa.c.obj                    84      0         0      
       atoi.c.obj                     76      0         0      
       fd_toi_t2.asm.obj              72      0         0      
       autoinit.c.obj                 68      0         0      
       strtok.c.obj                   64      0         4      
       boot_cortex_m.c.obj            52      0         0      
       i_tofd_t2.asm.obj              46      0         0      
       strspn.c.obj                   42      0         0      
       strcspn.c.obj                  36      0         0      
       copy_zero_init.c.obj           28      0         0      
       memccpy.c.obj                  28      0         0      
       s_copysign.c.obj               26      0         0      
       ll_mul_t2.asm.obj              24      0         0      
       strcmp.c.obj                   24      0         0      
       strrchr.c.obj                  24      0         0      
       strchr.c.obj                   22      0         0      
       strcpy.c.obj                   20      0         0      
       strlen.c.obj                   20      0         0      
       wcslen.c.obj                   18      0         0      
       tolower.c.obj                  16      0         0      
       copy_decompress_none.c.obj     14      0         0      
       errno.c.obj                    8       0         4      
       _lock.c.obj                    2       0         8      
       exit.c.obj                     4       0         0      
       pre_init.c.obj                 4       0         0      
       div0.asm.obj                   2       0         0      
    +--+------------------------------+-------+---------+---------+
       Total:                         13735   473       20     
                                                               
       Stack:                         0       0         8192   
       Linker Generated:              0       66        0      
    +--+------------------------------+-------+---------+---------+
       Grand Total:                   33979   1159      8698   


LINKER GENERATED COPY TABLES

__TI_cinit_table @ 00008948 records: 2, size/record: 8, table size: 16
	.data: load addr=00008910, load size=0000001e bytes, run addr=20002000, run size=00000121 bytes, compression=lzss
	.bss: load addr=00008940, load size=00000008 bytes, run addr=20002124, run size=000000dc bytes, compression=zero_init


LINKER GENERATED HANDLER TABLE

__TI_handler_table @ 00008930 records: 3, size/record: 4, table size: 12
	index: 0, handler: __TI_decompress_lzss
	index: 1, handler: __TI_decompress_none
	index: 2, handler: __TI_zero_init


GLOBAL SYMBOLS: SORTED ALPHABETICALLY BY Name 

address   name                          
-------   ----                          
0000872d  C$$EXIT                       
0000870b  ResetISR                      
20002000  __STACK_END                   
00002000  __STACK_SIZE                  
20000200  __STACK_TOP                   
00008948  __TI_CINIT_Base               
00008958  __TI_CINIT_Limit              
00008930  __TI_Handler_Table_Base       
0000893c  __TI_Handler_Table_Limit      
00008371  __TI_auto_init_nobinit_nopinit
000080c9  __TI_decompress_lzss          
000086fd  __TI_decompress_none          
000081eb  __TI_ltoa                     
ffffffff  __TI_pprof_out_hndl           
00003869  __TI_printfi                  
ffffffff  __TI_prof_data_size           
ffffffff  __TI_prof_data_start          
000022a5  __TI_scanfi                   
00000000  __TI_static_base__            
000085c9  __TI_zero_init_nomemset       
00007d79  __aeabi_cdcmpeq               
00007d79  __aeabi_cdcmple               
00007dff  __aeabi_cdrcmple              
00007ff1  __aeabi_d2f                   
00008329  __aeabi_d2iz                  
00006ccb  __aeabi_dadd                  
000073c5  __aeabi_ddiv                  
00007a99  __aeabi_dmul                  
00006cc1  __aeabi_dsub                  
00008719  __aeabi_errno_addr            
00008505  __aeabi_i2d                   
00006e77  __aeabi_idiv0                 
00006e77  __aeabi_ldiv0                 
00008633  __aeabi_lmul                  
00007f09  __aeabi_memclr                
00007f09  __aeabi_memclr4               
00007f09  __aeabi_memclr8               
00007c47  __aeabi_memcpy                
00007c47  __aeabi_memcpy4               
00007c47  __aeabi_memcpy8               
00007f0b  __aeabi_memset                
00007f0b  __aeabi_memset4               
00007f0b  __aeabi_memset8               
00007ce3  __aeabi_uldivmod              
ffffffff  __binit__                     
ffffffff  __c_args__                    
UNDEFED   __mpu_init                    
20000000  __stack                       
20000000  __start___llvm_prf_cnts       
20000000  __stop___llvm_prf_cnts        
0000846d  _c_int00_noargs               
00008730  _ctypes_                      
200020e8  _lock                         
000042b7  _nop                          
UNDEFED   _system_post_cinit            
00008729  _system_pre_init              
200020ec  _unlock                       
0000872d  abort                         
00003797  appInit                       
0000683f  arpRespTimeoutCb              
00003139  asciiToUint8                  
00008291  atoi                          
ffffffff  binit                         
00005613  calcIpChecksum                
00004b7f  clearEtherReg                 
0000490d  clearPinInterrupt             
00008601  copysign                      
00008601  copysignl                     
200020e6  count                         
00004ad7  disableEtherCs                
000048e9  disablePinInterrupt           
00004621  disablePinPulldown            
000045d9  disablePinPullup              
00004375  disablePort                   
00002df5  displayConnectionInfo         
00004ac1  enableEtherCs                 
000048c5  enablePinInterrupt            
000045fd  enablePinPulldown             
000045ab  enablePinPullup               
000042b9  enablePort                    
2000210c  errno                         
20002178  fn                            
00008131  frexp                         
00008131  frexpl                        
00000000  g_pfnVectors                  
000003f7  genRandNum                    
000050db  getEtherId                    
00005175  getEtherMacAddress            
00004eb5  getEtherPacket                
000052dd  getIpAddress                  
000055e1  getIpChecksum                 
00006839  getIpCurrentEventStatus       
00005439  getIpDnsAddress               
000053c5  getIpGatewayAddress           
00005525  getIpMqttBrokerAddress        
00005351  getIpSubnetMask               
000054ad  getIpTimeServerAddress        
0000497b  getPinValue                   
00004a31  getPortValue                  
00000899  getTcpCurrState               
0000033f  getTcpData                    
0000036b  getTcpHeader                  
00000971  getTcpMessageSocket           
000008b3  getTcpSegmentLength           
00005b61  getUdpData                    
00005b8d  getUdpMessageSocket           
00007703  getcUart0                     
000050af  htonl                         
0000508b  htons                         
200020f0  hwAddress                     
000050e7  incEtherId                    
00007e85  initEeprom                    
00004ccb  initEther                     
00002db9  initHw                        
00006e79  initSpi0                      
000086dd  initSystemClockTo40Mhz        
00005e31  initTimer                     
0000762d  initUart0                     
2000211b  initiateArpRequest            
200020e0  initiateFin                   
200020f6  ipAddress                     
200020fa  ipDnsAddress                  
2000211c  ipEventIcb                    
200020fe  ipGwAddress                   
00006729  ipHandlerRx                   
000066cd  ipHandlerTx                   
20002102  ipSubnetMask                  
20002106  ipTimeServerAddress           
00006169  isArpRequest                  
0000620d  isArpResponse                 
00004e6b  isEtherDataAvailable          
0000527d  isEtherIpValid                
00004e51  isEtherLinkUp                 
00004e85  isEtherOverflow               
000051d5  isIp                          
00006847  isIpArpResponse               
0000521d  isIpUnicast                   
00002099  isMqtt                        
00007135  isPingRequest                 
0000026d  isTcp                         
00005ab9  isUdp                         
00007717  kbhitUart0                    
00007879  ldexp                         
00007879  ldexpl                        
0000362b  main                          
000085e5  memccpy                       
00007c47  memcpy                        
00007f11  memset                        
00001909  mqttConnect                   
00001a29  mqttDisConnect                
00002031  mqttGetTxData                 
00002017  mqttGetTxStatus               
00001c75  mqttHandler                   
0000216d  mqttInit                      
00001c21  mqttLogConnectEvent           
00001c45  mqttLogDisConnectEvent        
00001a89  mqttLogPublishEvent           
00001b53  mqttLogSubscribeEvent         
00001bbd  mqttLogUnSubscribeEvent       
2000211e  mqttPktId                     
00001561  mqttPublish                   
00002117  mqttSetRxData                 
0000201d  mqttSetTxStatus               
000016c5  mqttSubscribe                 
000017e5  mqttUnSubscribe               
20002118  nextPacketLsb                 
20002119  nextPacketMsb                 
200021a0  period                        
000031eb  processShell                  
00004fa5  putEtherPacket                
000076bb  putcUart0                     
000076d7  putsUart0                     
000084a1  rand                          
0000612b  random32                      
00003085  readConfiguration             
00007ecd  readEeprom                    
00004cb3  readEtherMem                  
00004c07  readEtherPhy                  
00004b19  readEtherReg                  
00006fb1  readSpi0Data                  
200021f0  reload                        
00006043  restartTimer                  
00007879  scalbn                        
00007879  scalbnl                       
000044df  selectPinAnalogInput          
00004491  selectPinDigitalInput         
000047fb  selectPinInterruptBothEdges   
000047ab  selectPinInterruptFallingEdge 
00004851  selectPinInterruptHighLevel   
0000488b  selectPinInterruptLowLevel    
0000475b  selectPinInterruptRisingEdge  
00004443  selectPinOpenDrainOutput      
000043f5  selectPinPushPullOutput       
0000633f  sendArpRequest                
00006261  sendArpResponse               
00007179  sendPingResponse              
00005c37  sendUdpMessage                
2000211a  sequenceId                    
00004bb3  setEtherBank                  
000050f1  setEtherMacAddress            
00004b4b  setEtherReg                   
000052a3  setIpAddress                  
000053ff  setIpDnsAddress               
0000538b  setIpGatewayAddress           
000054e7  setIpMqttBrokerAddress        
000067ff  setIpMqttMacBrokerAddress     
00005317  setIpSubnetMask               
00005473  setIpTimeServerAddress        
00004649  setPinAuxFunction             
0000452f  setPinCommitControl           
00004931  setPinValue                   
000049b9  setPortValue                  
00006f15  setSpi0BaudRate               
00006f4b  setSpi0Mode                   
00007677  setUart0BaudRate              
000082dd  snprintf                      
200020c0  socketConns                   
0000855d  srand                         
00008435  sscanf                        
00004ca1  startEtherMemRead             
00004c73  startEtherMemWrite            
00005ed1  startOneshotTimer             
00005f57  startPeriodicTimer            
00004cc3  stopEtherMemRead              
00004c99  stopEtherMemWrite             
00005fdd  stopTimer                     
20002124  strInput                      
0000867b  strchr                        
0000864b  strcmp                        
00008691  strcpy                        
00008581  strcspn                       
000086a5  strlen                        
00008663  strrchr                       
00008533  strspn                        
00005659  strtod                        
000083b5  strtok                        
000074fd  strtol                        
00005659  strtold                       
00006915  strtoll                       
00007989  strtoul                       
00006fd9  strtoull                      
0000556d  sumIpWords                    
0000087d  tcpConnect                    
0000115d  tcpCreateSocket               
0000052d  tcpFsmStateMachineClient      
00000435  tcpGetMatchingSocket          
00001185  tcpHandleRwTransactions       
0000040f  tcpHandlerRx                  
000004d5  tcpHandlerTx                  
000003dd  tcpHeaderSize                 
000003b9  tcpIsAck                      
00000395  tcpIsSyn                      
00000cdb  tcpSendAck                    
00000f27  tcpSendFin                    
00001281  tcpSendSegment                
00000abd  tcpSendSyn                    
0000051d  tcpSendTimerCb                
0000150d  tcpValidChecks                
000060b1  tickIsr                       
200021c8  ticks                         
00004957  togglePinValue                
200021fc  token                         
000086ed  tolower                       
000085a5  waitMicrosecond               
000086cb  wcslen                        
00007e9b  writeEeprom                   
00004c85  writeEtherMem                 
00004bcf  writeEtherPhy                 
00004ae5  writeEtherReg                 
00006f99  writeSpi0Data                 


GLOBAL SYMBOLS: SORTED BY Symbol Address 

address   name                          
-------   ----                          
00000000  __TI_static_base__            
00000000  g_pfnVectors                  
0000026d  isTcp                         
0000033f  getTcpData                    
0000036b  getTcpHeader                  
00000395  tcpIsSyn                      
000003b9  tcpIsAck                      
000003dd  tcpHeaderSize                 
000003f7  genRandNum                    
0000040f  tcpHandlerRx                  
00000435  tcpGetMatchingSocket          
000004d5  tcpHandlerTx                  
0000051d  tcpSendTimerCb                
0000052d  tcpFsmStateMachineClient      
0000087d  tcpConnect                    
00000899  getTcpCurrState               
000008b3  getTcpSegmentLength           
00000971  getTcpMessageSocket           
00000abd  tcpSendSyn                    
00000cdb  tcpSendAck                    
00000f27  tcpSendFin                    
0000115d  tcpCreateSocket               
00001185  tcpHandleRwTransactions       
00001281  tcpSendSegment                
0000150d  tcpValidChecks                
00001561  mqttPublish                   
000016c5  mqttSubscribe                 
000017e5  mqttUnSubscribe               
00001909  mqttConnect                   
00001a29  mqttDisConnect                
00001a89  mqttLogPublishEvent           
00001b53  mqttLogSubscribeEvent         
00001bbd  mqttLogUnSubscribeEvent       
00001c21  mqttLogConnectEvent           
00001c45  mqttLogDisConnectEvent        
00001c75  mqttHandler                   
00002000  __STACK_SIZE                  
00002017  mqttGetTxStatus               
0000201d  mqttSetTxStatus               
00002031  mqttGetTxData                 
00002099  isMqtt                        
00002117  mqttSetRxData                 
0000216d  mqttInit                      
000022a5  __TI_scanfi                   
00002db9  initHw                        
00002df5  displayConnectionInfo         
00003085  readConfiguration             
00003139  asciiToUint8                  
000031eb  processShell                  
0000362b  main                          
00003797  appInit                       
00003869  __TI_printfi                  
000042b7  _nop                          
000042b9  enablePort                    
00004375  disablePort                   
000043f5  selectPinPushPullOutput       
00004443  selectPinOpenDrainOutput      
00004491  selectPinDigitalInput         
000044df  selectPinAnalogInput          
0000452f  setPinCommitControl           
000045ab  enablePinPullup               
000045d9  disablePinPullup              
000045fd  enablePinPulldown             
00004621  disablePinPulldown            
00004649  setPinAuxFunction             
0000475b  selectPinInterruptRisingEdge  
000047ab  selectPinInterruptFallingEdge 
000047fb  selectPinInterruptBothEdges   
00004851  selectPinInterruptHighLevel   
0000488b  selectPinInterruptLowLevel    
000048c5  enablePinInterrupt            
000048e9  disablePinInterrupt           
0000490d  clearPinInterrupt             
00004931  setPinValue                   
00004957  togglePinValue                
0000497b  getPinValue                   
000049b9  setPortValue                  
00004a31  getPortValue                  
00004ac1  enableEtherCs                 
00004ad7  disableEtherCs                
00004ae5  writeEtherReg                 
00004b19  readEtherReg                  
00004b4b  setEtherReg                   
00004b7f  clearEtherReg                 
00004bb3  setEtherBank                  
00004bcf  writeEtherPhy                 
00004c07  readEtherPhy                  
00004c73  startEtherMemWrite            
00004c85  writeEtherMem                 
00004c99  stopEtherMemWrite             
00004ca1  startEtherMemRead             
00004cb3  readEtherMem                  
00004cc3  stopEtherMemRead              
00004ccb  initEther                     
00004e51  isEtherLinkUp                 
00004e6b  isEtherDataAvailable          
00004e85  isEtherOverflow               
00004eb5  getEtherPacket                
00004fa5  putEtherPacket                
0000508b  htons                         
000050af  htonl                         
000050db  getEtherId                    
000050e7  incEtherId                    
000050f1  setEtherMacAddress            
00005175  getEtherMacAddress            
000051d5  isIp                          
0000521d  isIpUnicast                   
0000527d  isEtherIpValid                
000052a3  setIpAddress                  
000052dd  getIpAddress                  
00005317  setIpSubnetMask               
00005351  getIpSubnetMask               
0000538b  setIpGatewayAddress           
000053c5  getIpGatewayAddress           
000053ff  setIpDnsAddress               
00005439  getIpDnsAddress               
00005473  setIpTimeServerAddress        
000054ad  getIpTimeServerAddress        
000054e7  setIpMqttBrokerAddress        
00005525  getIpMqttBrokerAddress        
0000556d  sumIpWords                    
000055e1  getIpChecksum                 
00005613  calcIpChecksum                
00005659  strtod                        
00005659  strtold                       
00005ab9  isUdp                         
00005b61  getUdpData                    
00005b8d  getUdpMessageSocket           
00005c37  sendUdpMessage                
00005e31  initTimer                     
00005ed1  startOneshotTimer             
00005f57  startPeriodicTimer            
00005fdd  stopTimer                     
00006043  restartTimer                  
000060b1  tickIsr                       
0000612b  random32                      
00006169  isArpRequest                  
0000620d  isArpResponse                 
00006261  sendArpResponse               
0000633f  sendArpRequest                
000066cd  ipHandlerTx                   
00006729  ipHandlerRx                   
000067ff  setIpMqttMacBrokerAddress     
00006839  getIpCurrentEventStatus       
0000683f  arpRespTimeoutCb              
00006847  isIpArpResponse               
00006915  strtoll                       
00006cc1  __aeabi_dsub                  
00006ccb  __aeabi_dadd                  
00006e77  __aeabi_idiv0                 
00006e77  __aeabi_ldiv0                 
00006e79  initSpi0                      
00006f15  setSpi0BaudRate               
00006f4b  setSpi0Mode                   
00006f99  writeSpi0Data                 
00006fb1  readSpi0Data                  
00006fd9  strtoull                      
00007135  isPingRequest                 
00007179  sendPingResponse              
000073c5  __aeabi_ddiv                  
000074fd  strtol                        
0000762d  initUart0                     
00007677  setUart0BaudRate              
000076bb  putcUart0                     
000076d7  putsUart0                     
00007703  getcUart0                     
00007717  kbhitUart0                    
00007879  ldexp                         
00007879  ldexpl                        
00007879  scalbn                        
00007879  scalbnl                       
00007989  strtoul                       
00007a99  __aeabi_dmul                  
00007c47  __aeabi_memcpy                
00007c47  __aeabi_memcpy4               
00007c47  __aeabi_memcpy8               
00007c47  memcpy                        
00007ce3  __aeabi_uldivmod              
00007d79  __aeabi_cdcmpeq               
00007d79  __aeabi_cdcmple               
00007dff  __aeabi_cdrcmple              
00007e85  initEeprom                    
00007e9b  writeEeprom                   
00007ecd  readEeprom                    
00007f09  __aeabi_memclr                
00007f09  __aeabi_memclr4               
00007f09  __aeabi_memclr8               
00007f0b  __aeabi_memset                
00007f0b  __aeabi_memset4               
00007f0b  __aeabi_memset8               
00007f11  memset                        
00007ff1  __aeabi_d2f                   
000080c9  __TI_decompress_lzss          
00008131  frexp                         
00008131  frexpl                        
000081eb  __TI_ltoa                     
00008291  atoi                          
000082dd  snprintf                      
00008329  __aeabi_d2iz                  
00008371  __TI_auto_init_nobinit_nopinit
000083b5  strtok                        
00008435  sscanf                        
0000846d  _c_int00_noargs               
000084a1  rand                          
00008505  __aeabi_i2d                   
00008533  strspn                        
0000855d  srand                         
00008581  strcspn                       
000085a5  waitMicrosecond               
000085c9  __TI_zero_init_nomemset       
000085e5  memccpy                       
00008601  copysign                      
00008601  copysignl                     
00008633  __aeabi_lmul                  
0000864b  strcmp                        
00008663  strrchr                       
0000867b  strchr                        
00008691  strcpy                        
000086a5  strlen                        
000086cb  wcslen                        
000086dd  initSystemClockTo40Mhz        
000086ed  tolower                       
000086fd  __TI_decompress_none          
0000870b  ResetISR                      
00008719  __aeabi_errno_addr            
00008729  _system_pre_init              
0000872d  C$$EXIT                       
0000872d  abort                         
00008730  _ctypes_                      
00008930  __TI_Handler_Table_Base       
0000893c  __TI_Handler_Table_Limit      
00008948  __TI_CINIT_Base               
00008958  __TI_CINIT_Limit              
20000000  __stack                       
20000000  __start___llvm_prf_cnts       
20000000  __stop___llvm_prf_cnts        
20000200  __STACK_TOP                   
20002000  __STACK_END                   
200020c0  socketConns                   
200020e0  initiateFin                   
200020e6  count                         
200020e8  _lock                         
200020ec  _unlock                       
200020f0  hwAddress                     
200020f6  ipAddress                     
200020fa  ipDnsAddress                  
200020fe  ipGwAddress                   
20002102  ipSubnetMask                  
20002106  ipTimeServerAddress           
2000210c  errno                         
20002118  nextPacketLsb                 
20002119  nextPacketMsb                 
2000211a  sequenceId                    
2000211b  initiateArpRequest            
2000211c  ipEventIcb                    
2000211e  mqttPktId                     
20002124  strInput                      
20002178  fn                            
200021a0  period                        
200021c8  ticks                         
200021f0  reload                        
200021fc  token                         
ffffffff  __TI_pprof_out_hndl           
ffffffff  __TI_prof_data_size           
ffffffff  __TI_prof_data_start          
ffffffff  __binit__                     
ffffffff  __c_args__                    
ffffffff  binit                         
UNDEFED   __mpu_init                    
UNDEFED   _system_post_cinit            

[270 symbols]
