******************************************************************************
                  TI ARM Linker Unix v20.2.7                   
******************************************************************************
>> Linked Tue Feb 21 01:24:18 2023

OUTPUT FILE NAME:   <IOT_Project1.out>
ENTRY POINT SYMBOL: "_c_int00_noargs"  address: 00007f71


MEMORY CONFIGURATION

         name            origin    length      used     unused   attr    fill
----------------------  --------  ---------  --------  --------  ----  --------
  FLASH                 00000000   00040000  0000845c  00037ba4  R  X
  SRAM                  20000000   00008000  000021a1  00005e5f  RW X


SEGMENT ALLOCATION MAP

run origin  load origin   length   init length attrs members
----------  ----------- ---------- ----------- ----- -------
00000000    00000000    00008460   00008460    r-x
  00000000    00000000    0000026c   0000026c    r-- .intvecs
  0000026c    0000026c    00007fc8   00007fc8    r-x .text
  00008238    00008238    000001e0   000001e0    r-- .const
  00008418    00008418    00000048   00000048    r-- .cinit
20000000    20000000    000021a1   00000000    rw-
  20000000    20000000    00002000   00000000    rw- .stack
  20002000    20002000    000000dc   00000000    rw- .bss
  200020dc    200020dc    000000c5   00000000    rw- .data


SECTION ALLOCATION MAP

 output                                  attributes/
section   page    origin      length       input sections
--------  ----  ----------  ----------   ----------------
.intvecs   0    00000000    0000026c     
                  00000000    0000026c     tm4c123gh6pm_startup_ccs.obj (.intvecs)

.text      0    0000026c    00007fc8     
                  0000026c    00000fc4     tcp.obj (.text)
                  00001230    00000b78     mqtt.obj (.text)
                  00001da8    00000b14     rtsv7M4_T_le_v4SPD16_eabi.lib : _scanfi.c.obj (.text:__TI_scanfi)
                  000028bc    00000ab0     ethernet.obj (.text)
                  0000336c    00000a4e     rtsv7M4_T_le_v4SPD16_eabi.lib : _printfi.c.obj (.text:__TI_printfi)
                  00003dba    00000002                                   : _lock.c.obj (.text:_nop)
                  00003dbc    00000808     gpio.obj (.text)
                  000045c4    00000714     eth0.obj (.text)
                  00004cd8    00000484     ip.obj (.text)
                  0000515c    00000460     rtsv7M4_T_le_v4SPD16_eabi.lib : strtod.c.obj (.text:strtod)
                  000055bc    00000378     udp.obj (.text)
                  00005934    00000338     timer.obj (.text)
                  00005c6c    000002f4     arp.obj (.text)
                  00005f60    00000270     rtsv7M4_T_le_v4SPD16_eabi.lib : _printfi.c.obj (.text:_pconv_a)
                  000061d0    00000248     ip_custom_layer.obj (.text)
                  00006418    000001dc     rtsv7M4_T_le_v4SPD16_eabi.lib : strtoll.c.obj (.text:strtoll)
                  000065f4    000001d0                                   : _printfi.c.obj (.text:_pconv_g)
                  000067c4    000001b6                                   : fd_add_t2.asm.obj (.text)
                  0000697a    00000002                                   : div0.asm.obj (.text)
                  0000697c    00000160     spi0.obj (.text)
                  00006adc    0000015c     rtsv7M4_T_le_v4SPD16_eabi.lib : strtoull.c.obj (.text:strtoull)
                  00006c38    00000154     icmp.obj (.text)
                  00006d8c    0000013c     rtsv7M4_T_le_v4SPD16_eabi.lib : _printfi.c.obj (.text:_pconv_e)
                  00006ec8    00000136                                   : fd_div_t2.asm.obj (.text)
                  00006ffe    00000002     --HOLE-- [fill = 0]
                  00007000    00000130                                   : strtol.c.obj (.text:strtol)
                  00007130    00000128     uart0.obj (.text)
                  00007258    00000124     rtsv7M4_T_le_v4SPD16_eabi.lib : _printfi.c.obj (.text:fcvt)
                  0000737c    00000110                                   : s_scalbn.c.obj (.text:scalbn)
                  0000748c    00000110                                   : strtoul.c.obj (.text:strtoul)
                  0000759c    000000fc                                   : fd_mul_t2.asm.obj (.text)
                  00007698    000000b1                                   : _printfi.c.obj (.text:_ltostr)
                  00007749    00000001     --HOLE-- [fill = 0]
                  0000774a    0000009c                                   : memcpy_t2.asm.obj (.text)
                  000077e6    00000096                                   : ull_div_t2.asm.obj (.text)
                  0000787c    00000086                                   : fd_cmp_t2.asm.obj (.text:__aeabi_cdcmple)
                  00007902    00000086                                   : fd_cmp_t2.asm.obj (.text:__aeabi_cdrcmple)
                  00007988    00000084     eeprom.obj (.text)
                  00007a0c    0000007a     rtsv7M4_T_le_v4SPD16_eabi.lib : memset_t2.asm.obj (.text)
                  00007a86    0000006e                                   : _printfi.c.obj (.text:_mcpy)
                  00007af4    0000006e                                   : fd_tos_t2.asm.obj (.text)
                  00007b62    00000002     --HOLE-- [fill = 0]
                  00007b64    00000068                                   : sscanf.c.obj (.text:_chkmbc)
                  00007bcc    00000068                                   : copy_decompress_lzss.c.obj (.text:decompress:lzss:__TI_decompress_lzss)
                  00007c34    00000064                                   : s_frexp.c.obj (.text:frexp)
                  00007c98    00000056                                   : _printfi.c.obj (.text:_pconv_f)
                  00007cee    00000054                                   : _ltoa.c.obj (.text:__TI_ltoa)
                  00007d42    00000052                                   : _printfi.c.obj (.text:_ecpy)
                  00007d94    0000004c                                   : atoi.c.obj (.text:atoi)
                  00007de0    0000004c                                   : snprintf.c.obj (.text:snprintf)
                  00007e2c    00000048                                   : fd_toi_t2.asm.obj (.text)
                  00007e74    00000044                                   : autoinit.c.obj (.text:__TI_auto_init_nobinit_nopinit:__TI_auto_init_nobinit_nopinit)
                  00007eb8    00000040                                   : strtok.c.obj (.text:strtok)
                  00007ef8    0000003e                                   : _printfi.c.obj (.text:_fcpy)
                  00007f36    00000002     --HOLE-- [fill = 0]
                  00007f38    00000038                                   : sscanf.c.obj (.text:sscanf)
                  00007f70    00000034                                   : boot_cortex_m.c.obj (.text:_c_int00_noargs:_c_int00_noargs)
                  00007fa4    00000034                                   : rand.c.obj (.text:rand)
                  00007fd8    00000030                                   : snprintf.c.obj (.text:_outs)
                  00008008    0000002e                                   : i_tofd_t2.asm.obj (.text)
                  00008036    0000002a                                   : strspn.c.obj (.text:strspn)
                  00008060    00000024                                   : rand.c.obj (.text:srand)
                  00008084    00000024                                   : strcspn.c.obj (.text:strcspn)
                  000080a8    00000024     wait.obj (.text)
                  000080cc    0000001c     rtsv7M4_T_le_v4SPD16_eabi.lib : copy_zero_init.c.obj (.text:decompress:ZI:__TI_zero_init_nomemset:__TI_zero_init_nomemset)
                  000080e8    0000001c                                   : memccpy.c.obj (.text:memccpy)
                  00008104    0000001a                                   : s_copysign.c.obj (.text:copysign)
                  0000811e    00000018                                   : snprintf.c.obj (.text:_outc)
                  00008136    00000018                                   : ll_mul_t2.asm.obj (.text)
                  0000814e    00000018                                   : strcmp.c.obj (.text:strcmp)
                  00008166    00000018                                   : strrchr.c.obj (.text:strrchr)
                  0000817e    00000016                                   : strchr.c.obj (.text:strchr)
                  00008194    00000014                                   : strcpy.c.obj (.text:strcpy)
                  000081a8    00000014                                   : strlen.c.obj (.text:strlen)
                  000081bc    00000012                                   : sscanf.c.obj (.text:_inpchar)
                  000081ce    00000012                                   : wcslen.c.obj (.text:wcslen)
                  000081e0    00000010     clock.obj (.text)
                  000081f0    00000010     rtsv7M4_T_le_v4SPD16_eabi.lib : tolower.c.obj (.text:tolower)
                  00008200    0000000e                                   : copy_decompress_none.c.obj (.text:decompress:none:__TI_decompress_none)
                  0000820e    0000000c     tm4c123gh6pm_startup_ccs.obj (.text)
                  0000821a    00000002     --HOLE-- [fill = 0]
                  0000821c    00000008     rtsv7M4_T_le_v4SPD16_eabi.lib : errno.c.obj (.text:__aeabi_errno_addr)
                  00008224    00000008                                   : sscanf.c.obj (.text:_uninpchar)
                  0000822c    00000004                                   : pre_init.c.obj (.text:_system_pre_init)
                  00008230    00000004                                   : exit.c.obj (.text:abort:abort)

.const     0    00008238    000001e0     
                  00008238    00000101     rtsv7M4_T_le_v4SPD16_eabi.lib : ctype.c.obj (.const:.string:_ctypes_)
                  00008339    00000007     --HOLE-- [fill = 0]
                  00008340    000000c8                                   : strtod.c.obj (.const:$O1$$)
                  00008408    00000010                                   : _scanfi.c.obj (.const:$O1$$)

.cinit     0    00008418    00000048     
                  00008418    0000001f     (.cinit..data.load) [load image, compression = lzss]
                  00008437    00000001     --HOLE-- [fill = 0]
                  00008438    0000000c     (__TI_handler_table)
                  00008444    00000004     --HOLE-- [fill = 0]
                  00008448    00000008     (.cinit..bss.load) [load image, compression = zero_init]
                  00008450    00000010     (__TI_cinit_table)

.init_array 
*          0    00000000    00000000     UNINITIALIZED

.bss       0    20002000    000000dc     UNINITIALIZED
                  20002000    00000054     (.common:strInput)
                  20002054    00000028     (.common:fn)
                  2000207c    00000028     (.common:period)
                  200020a4    00000028     (.common:ticks)
                  200020cc    0000000c     (.common:reload)
                  200020d8    00000004     (.common:token)

.data      0    200020dc    000000c5     UNINITIALIZED
                  200020dc    00000046     mqtt.obj (.data:mqttMcb)
                  20002122    00000020     mqtt.obj (.data:mqttRxBuffer)
                  20002142    00000001     ethernet.obj (.data)
                  20002143    00000001     --HOLE--
                  20002144    0000001c     tcp.obj (.data:socketConns)
                  20002160    00000008     rtsv7M4_T_le_v4SPD16_eabi.lib : _lock.c.obj (.data:$O1$$)
                  20002168    00000008     tcp.obj (.data)
                  20002170    00000006     eth0.obj (.data:hwAddress)
                  20002176    00000004     ip.obj (.data:ipAddress)
                  2000217a    00000004     ip.obj (.data:ipDnsAddress)
                  2000217e    00000004     ip.obj (.data:ipGwAddress)
                  20002182    00000004     ip.obj (.data:ipSubnetMask)
                  20002186    00000004     ip.obj (.data:ipTimeServerAddress)
                  2000218a    00000002     --HOLE--
                  2000218c    00000004     rtsv7M4_T_le_v4SPD16_eabi.lib : errno.c.obj (.data)
                  20002190    00000004                                   : rand.c.obj (.data)
                  20002194    00000004                                   : strtok.c.obj (.data)
                  20002198    00000003     eth0.obj (.data)
                  2000219b    00000003     ip_custom_layer.obj (.data)
                  2000219e    00000003     mqtt.obj (.data)

.stack     0    20000000    00002000     UNINITIALIZED
                  20000000    00000004     rtsv7M4_T_le_v4SPD16_eabi.lib : boot_cortex_m.c.obj (.stack)
                  20000004    00001ffc     --HOLE--

__llvm_prf_cnts 
*          0    20000000    00000000     UNINITIALIZED

MODULE SUMMARY

       Module                         code    ro data   rw data
       ------                         ----    -------   -------
    ./
       tcp.obj                        4036    0         36     
       mqtt.obj                       2936    0         105    
       ethernet.obj                   2736    0         89     
       gpio.obj                       2056    0         0      
       eth0.obj                       1812    0         9      
       ip.obj                         1156    0         20     
       timer.obj                      824     0         132    
       udp.obj                        888     0         0      
       arp.obj                        756     0         0      
       tm4c123gh6pm_startup_ccs.obj   12      620       0      
       ip_custom_layer.obj            584     0         3      
       spi0.obj                       352     0         0      
       icmp.obj                       340     0         0      
       uart0.obj                      296     0         0      
       eeprom.obj                     132     0         0      
       wait.obj                       36      0         0      
       clock.obj                      16      0         0      
    +--+------------------------------+-------+---------+---------+
       Total:                         18968   620       394    
                                                               
    /home/sadhan/ti/ccs1210/ccs/tools/compiler/ti-cgt-arm_20.2.7.LTS/lib/rtsv7M4_T_le_v4SPD16_eabi.lib
       _printfi.c.obj                 4851    0         0      
       _scanfi.c.obj                  2836    16        0      
       strtod.c.obj                   1120    200       0      
       strtoll.c.obj                  476     0         0      
       fd_add_t2.asm.obj              438     0         0      
       strtoull.c.obj                 348     0         0      
       fd_div_t2.asm.obj              310     0         0      
       strtol.c.obj                   304     0         0      
       s_scalbn.c.obj                 272     0         0      
       strtoul.c.obj                  272     0         0      
       fd_cmp_t2.asm.obj              268     0         0      
       ctype.c.obj                    0       257       0      
       fd_mul_t2.asm.obj              252     0         0      
       sscanf.c.obj                   186     0         0      
       memcpy_t2.asm.obj              156     0         0      
       ull_div_t2.asm.obj             150     0         0      
       snprintf.c.obj                 148     0         0      
       memset_t2.asm.obj              122     0         0      
       fd_tos_t2.asm.obj              110     0         0      
       copy_decompress_lzss.c.obj     104     0         0      
       s_frexp.c.obj                  100     0         0      
       rand.c.obj                     88      0         4      
       _ltoa.c.obj                    84      0         0      
       atoi.c.obj                     76      0         0      
       fd_toi_t2.asm.obj              72      0         0      
       autoinit.c.obj                 68      0         0      
       strtok.c.obj                   64      0         4      
       boot_cortex_m.c.obj            52      0         0      
       i_tofd_t2.asm.obj              46      0         0      
       strspn.c.obj                   42      0         0      
       strcspn.c.obj                  36      0         0      
       copy_zero_init.c.obj           28      0         0      
       memccpy.c.obj                  28      0         0      
       s_copysign.c.obj               26      0         0      
       ll_mul_t2.asm.obj              24      0         0      
       strcmp.c.obj                   24      0         0      
       strrchr.c.obj                  24      0         0      
       strchr.c.obj                   22      0         0      
       strcpy.c.obj                   20      0         0      
       strlen.c.obj                   20      0         0      
       wcslen.c.obj                   18      0         0      
       tolower.c.obj                  16      0         0      
       copy_decompress_none.c.obj     14      0         0      
       errno.c.obj                    8       0         4      
       _lock.c.obj                    2       0         8      
       exit.c.obj                     4       0         0      
       pre_init.c.obj                 4       0         0      
       div0.asm.obj                   2       0         0      
    +--+------------------------------+-------+---------+---------+
       Total:                         13735   473       20     
                                                               
       Stack:                         0       0         8192   
       Linker Generated:              0       67        0      
    +--+------------------------------+-------+---------+---------+
       Grand Total:                   32703   1160      8606   


LINKER GENERATED COPY TABLES

__TI_cinit_table @ 00008450 records: 2, size/record: 8, table size: 16
	.data: load addr=00008418, load size=0000001f bytes, run addr=200020dc, run size=000000c5 bytes, compression=lzss
	.bss: load addr=00008448, load size=00000008 bytes, run addr=20002000, run size=000000dc bytes, compression=zero_init


LINKER GENERATED HANDLER TABLE

__TI_handler_table @ 00008438 records: 3, size/record: 4, table size: 12
	index: 0, handler: __TI_decompress_lzss
	index: 1, handler: __TI_decompress_none
	index: 2, handler: __TI_zero_init


GLOBAL SYMBOLS: SORTED ALPHABETICALLY BY Name 

address   name                          
-------   ----                          
00008231  C$$EXIT                       
0000820f  ResetISR                      
20002000  __STACK_END                   
00002000  __STACK_SIZE                  
20000200  __STACK_TOP                   
00008450  __TI_CINIT_Base               
00008460  __TI_CINIT_Limit              
00008438  __TI_Handler_Table_Base       
00008444  __TI_Handler_Table_Limit      
00007e75  __TI_auto_init_nobinit_nopinit
00007bcd  __TI_decompress_lzss          
00008201  __TI_decompress_none          
00007cef  __TI_ltoa                     
ffffffff  __TI_pprof_out_hndl           
0000336d  __TI_printfi                  
ffffffff  __TI_prof_data_size           
ffffffff  __TI_prof_data_start          
00001da9  __TI_scanfi                   
00000000  __TI_static_base__            
000080cd  __TI_zero_init_nomemset       
0000787d  __aeabi_cdcmpeq               
0000787d  __aeabi_cdcmple               
00007903  __aeabi_cdrcmple              
00007af5  __aeabi_d2f                   
00007e2d  __aeabi_d2iz                  
000067cf  __aeabi_dadd                  
00006ec9  __aeabi_ddiv                  
0000759d  __aeabi_dmul                  
000067c5  __aeabi_dsub                  
0000821d  __aeabi_errno_addr            
00008009  __aeabi_i2d                   
0000697b  __aeabi_idiv0                 
0000697b  __aeabi_ldiv0                 
00008137  __aeabi_lmul                  
00007a0d  __aeabi_memclr                
00007a0d  __aeabi_memclr4               
00007a0d  __aeabi_memclr8               
0000774b  __aeabi_memcpy                
0000774b  __aeabi_memcpy4               
0000774b  __aeabi_memcpy8               
00007a0f  __aeabi_memset                
00007a0f  __aeabi_memset4               
00007a0f  __aeabi_memset8               
000077e7  __aeabi_uldivmod              
ffffffff  __binit__                     
ffffffff  __c_args__                    
UNDEFED   __mpu_init                    
20000000  __stack                       
20000000  __start___llvm_prf_cnts       
20000000  __stop___llvm_prf_cnts        
00007f71  _c_int00_noargs               
00008238  _ctypes_                      
20002160  _lock                         
00003dbb  _nop                          
UNDEFED   _system_post_cinit            
0000822d  _system_pre_init              
20002164  _unlock                       
00008231  abort                         
0000329b  appInit                       
00006343  arpRespTimeoutCb              
00002c3d  asciiToUint8                  
00007d95  atoi                          
ffffffff  binit                         
00005117  calcIpChecksum                
00004683  clearEtherReg                 
00004411  clearPinInterrupt             
00008105  copysign                      
00008105  copysignl                     
20002142  count                         
000045db  disableEtherCs                
000043ed  disablePinInterrupt           
00004125  disablePinPulldown            
000040dd  disablePinPullup              
00003e79  disablePort                   
000028f9  displayConnectionInfo         
000045c5  enableEtherCs                 
000043c9  enablePinInterrupt            
00004101  enablePinPulldown             
000040af  enablePinPullup               
00003dbd  enablePort                    
2000218c  errno                         
20002054  fn                            
00007c35  frexp                         
00007c35  frexpl                        
00000000  g_pfnVectors                  
000003e9  genRandNum                    
00004bdf  getEtherId                    
00004c79  getEtherMacAddress            
000049b9  getEtherPacket                
00004de1  getIpAddress                  
000050e5  getIpChecksum                 
0000633d  getIpCurrentEventStatus       
00004f3d  getIpDnsAddress               
00004ec9  getIpGatewayAddress           
00005029  getIpMqttBrokerAddress        
00004e55  getIpSubnetMask               
00004fb1  getIpTimeServerAddress        
0000447f  getPinValue                   
00004535  getPortValue                  
00000705  getTcpCurrState               
0000033f  getTcpData                    
0000036b  getTcpHeader                  
00000725  getTcpMessageSocket           
00005665  getUdpData                    
00005691  getUdpMessageSocket           
00007207  getcUart0                     
00004bb3  htonl                         
00004b8f  htons                         
20002170  hwAddress                     
00004beb  incEtherId                    
00007989  initEeprom                    
000047cf  initEther                     
000028bd  initHw                        
0000697d  initSpi0                      
000081e1  initSystemClockTo40Mhz        
00005935  initTimer                     
00007131  initUart0                     
2000219b  initiateArpRequest            
20002176  ipAddress                     
2000217a  ipDnsAddress                  
2000219c  ipEventIcb                    
2000217e  ipGwAddress                   
0000622d  ipHandlerRx                   
000061d1  ipHandlerTx                   
20002182  ipSubnetMask                  
20002186  ipTimeServerAddress           
00005c6d  isArpRequest                  
00005d11  isArpResponse                 
0000496f  isEtherDataAvailable          
00004d81  isEtherIpValid                
00004955  isEtherLinkUp                 
00004989  isEtherOverflow               
00004cd9  isIp                          
0000634b  isIpArpResponse               
00004d21  isIpUnicast                   
00001c2d  isMqtt                        
00006c39  isPingRequest                 
0000026d  isTcp                         
000055bd  isUdp                         
0000721b  kbhitUart0                    
0000737d  ldexp                         
0000737d  ldexpl                        
0000312f  main                          
000080e9  memccpy                       
0000774b  memcpy                        
00007a15  memset                        
00001599  mqttConnect                   
00001661  mqttDisConnect                
00001bc3  mqttGetTxData                 
00001ba9  mqttGetTxStatus               
00001881  mqttHandler                   
00001c87  mqttInit                      
0000183f  mqttLogConnectEvent           
00001859  mqttLogDisConnectEvent        
000016b9  mqttLogPublishEvent           
00001783  mqttLogSubscribeEvent         
000017e1  mqttLogUnSubscribeEvent       
2000219e  mqttPktId                     
00001231  mqttPublish                   
00001c37  mqttSetRxData                 
00001baf  mqttSetTxStatus               
00001379  mqttSubscribe                 
0000148f  mqttUnSubscribe               
20002198  nextPacketLsb                 
20002199  nextPacketMsb                 
2000207c  period                        
00002cef  processShell                  
00004aa9  putEtherPacket                
000071bf  putcUart0                     
000071db  putsUart0                     
00007fa5  rand                          
00005c2f  random32                      
00002b89  readConfiguration             
000079d1  readEeprom                    
000047b7  readEtherMem                  
0000470b  readEtherPhy                  
0000461d  readEtherReg                  
00006ab5  readSpi0Data                  
200020cc  reload                        
00005b47  restartTimer                  
0000737d  scalbn                        
0000737d  scalbnl                       
00003fe3  selectPinAnalogInput          
00003f95  selectPinDigitalInput         
000042ff  selectPinInterruptBothEdges   
000042af  selectPinInterruptFallingEdge 
00004355  selectPinInterruptHighLevel   
0000438f  selectPinInterruptLowLevel    
0000425f  selectPinInterruptRisingEdge  
00003f47  selectPinOpenDrainOutput      
00003ef9  selectPinPushPullOutput       
00005e43  sendArpRequest                
00005d65  sendArpResponse               
00006c7d  sendPingResponse              
0000573b  sendUdpMessage                
2000219a  sequenceId                    
000046b7  setEtherBank                  
00004bf5  setEtherMacAddress            
0000464f  setEtherReg                   
00004da7  setIpAddress                  
00004f03  setIpDnsAddress               
00004e8f  setIpGatewayAddress           
00004feb  setIpMqttBrokerAddress        
00006303  setIpMqttMacBrokerAddress     
00004e1b  setIpSubnetMask               
00004f77  setIpTimeServerAddress        
0000414d  setPinAuxFunction             
00004033  setPinCommitControl           
00004435  setPinValue                   
000044bd  setPortValue                  
00006a19  setSpi0BaudRate               
00006a4f  setSpi0Mode                   
0000717b  setUart0BaudRate              
00007de1  snprintf                      
20002144  socketConns                   
00008061  srand                         
00007f39  sscanf                        
000047a5  startEtherMemRead             
00004777  startEtherMemWrite            
000059d5  startOneshotTimer             
00005a5b  startPeriodicTimer            
000047c7  stopEtherMemRead              
0000479d  stopEtherMemWrite             
00005ae1  stopTimer                     
20002000  strInput                      
0000817f  strchr                        
0000814f  strcmp                        
00008195  strcpy                        
00008085  strcspn                       
000081a9  strlen                        
00008167  strrchr                       
00008037  strspn                        
0000515d  strtod                        
00007eb9  strtok                        
00007001  strtol                        
0000515d  strtold                       
00006419  strtoll                       
0000748d  strtoul                       
00006add  strtoull                      
00005071  sumIpWords                    
000006e9  tcpConnect                    
00000e8b  tcpCreateSocket               
00000517  tcpFsmStateMachineClient      
00000427  tcpGetMatchingSocket          
00000eaf  tcpHandleRwTransactions       
00000401  tcpHandlerRx                  
000004c7  tcpHandlerTx                  
000003d5  tcpHeaderSize                 
000003b5  tcpIsAck                      
00000395  tcpIsSyn                      
00000a2f  tcpSendAck                    
00000c75  tcpSendFin                    
00000f7d  tcpSendSegment                
0000080d  tcpSendSyn                    
0000050f  tcpSendTimerCb                
000011e5  tcpValidChecks                
00005bb5  tickIsr                       
200020a4  ticks                         
0000445b  togglePinValue                
200020d8  token                         
000081f1  tolower                       
000080a9  waitMicrosecond               
000081cf  wcslen                        
0000799f  writeEeprom                   
00004789  writeEtherMem                 
000046d3  writeEtherPhy                 
000045e9  writeEtherReg                 
00006a9d  writeSpi0Data                 


GLOBAL SYMBOLS: SORTED BY Symbol Address 

address   name                          
-------   ----                          
00000000  __TI_static_base__            
00000000  g_pfnVectors                  
0000026d  isTcp                         
0000033f  getTcpData                    
0000036b  getTcpHeader                  
00000395  tcpIsSyn                      
000003b5  tcpIsAck                      
000003d5  tcpHeaderSize                 
000003e9  genRandNum                    
00000401  tcpHandlerRx                  
00000427  tcpGetMatchingSocket          
000004c7  tcpHandlerTx                  
0000050f  tcpSendTimerCb                
00000517  tcpFsmStateMachineClient      
000006e9  tcpConnect                    
00000705  getTcpCurrState               
00000725  getTcpMessageSocket           
0000080d  tcpSendSyn                    
00000a2f  tcpSendAck                    
00000c75  tcpSendFin                    
00000e8b  tcpCreateSocket               
00000eaf  tcpHandleRwTransactions       
00000f7d  tcpSendSegment                
000011e5  tcpValidChecks                
00001231  mqttPublish                   
00001379  mqttSubscribe                 
0000148f  mqttUnSubscribe               
00001599  mqttConnect                   
00001661  mqttDisConnect                
000016b9  mqttLogPublishEvent           
00001783  mqttLogSubscribeEvent         
000017e1  mqttLogUnSubscribeEvent       
0000183f  mqttLogConnectEvent           
00001859  mqttLogDisConnectEvent        
00001881  mqttHandler                   
00001ba9  mqttGetTxStatus               
00001baf  mqttSetTxStatus               
00001bc3  mqttGetTxData                 
00001c2d  isMqtt                        
00001c37  mqttSetRxData                 
00001c87  mqttInit                      
00001da9  __TI_scanfi                   
00002000  __STACK_SIZE                  
000028bd  initHw                        
000028f9  displayConnectionInfo         
00002b89  readConfiguration             
00002c3d  asciiToUint8                  
00002cef  processShell                  
0000312f  main                          
0000329b  appInit                       
0000336d  __TI_printfi                  
00003dbb  _nop                          
00003dbd  enablePort                    
00003e79  disablePort                   
00003ef9  selectPinPushPullOutput       
00003f47  selectPinOpenDrainOutput      
00003f95  selectPinDigitalInput         
00003fe3  selectPinAnalogInput          
00004033  setPinCommitControl           
000040af  enablePinPullup               
000040dd  disablePinPullup              
00004101  enablePinPulldown             
00004125  disablePinPulldown            
0000414d  setPinAuxFunction             
0000425f  selectPinInterruptRisingEdge  
000042af  selectPinInterruptFallingEdge 
000042ff  selectPinInterruptBothEdges   
00004355  selectPinInterruptHighLevel   
0000438f  selectPinInterruptLowLevel    
000043c9  enablePinInterrupt            
000043ed  disablePinInterrupt           
00004411  clearPinInterrupt             
00004435  setPinValue                   
0000445b  togglePinValue                
0000447f  getPinValue                   
000044bd  setPortValue                  
00004535  getPortValue                  
000045c5  enableEtherCs                 
000045db  disableEtherCs                
000045e9  writeEtherReg                 
0000461d  readEtherReg                  
0000464f  setEtherReg                   
00004683  clearEtherReg                 
000046b7  setEtherBank                  
000046d3  writeEtherPhy                 
0000470b  readEtherPhy                  
00004777  startEtherMemWrite            
00004789  writeEtherMem                 
0000479d  stopEtherMemWrite             
000047a5  startEtherMemRead             
000047b7  readEtherMem                  
000047c7  stopEtherMemRead              
000047cf  initEther                     
00004955  isEtherLinkUp                 
0000496f  isEtherDataAvailable          
00004989  isEtherOverflow               
000049b9  getEtherPacket                
00004aa9  putEtherPacket                
00004b8f  htons                         
00004bb3  htonl                         
00004bdf  getEtherId                    
00004beb  incEtherId                    
00004bf5  setEtherMacAddress            
00004c79  getEtherMacAddress            
00004cd9  isIp                          
00004d21  isIpUnicast                   
00004d81  isEtherIpValid                
00004da7  setIpAddress                  
00004de1  getIpAddress                  
00004e1b  setIpSubnetMask               
00004e55  getIpSubnetMask               
00004e8f  setIpGatewayAddress           
00004ec9  getIpGatewayAddress           
00004f03  setIpDnsAddress               
00004f3d  getIpDnsAddress               
00004f77  setIpTimeServerAddress        
00004fb1  getIpTimeServerAddress        
00004feb  setIpMqttBrokerAddress        
00005029  getIpMqttBrokerAddress        
00005071  sumIpWords                    
000050e5  getIpChecksum                 
00005117  calcIpChecksum                
0000515d  strtod                        
0000515d  strtold                       
000055bd  isUdp                         
00005665  getUdpData                    
00005691  getUdpMessageSocket           
0000573b  sendUdpMessage                
00005935  initTimer                     
000059d5  startOneshotTimer             
00005a5b  startPeriodicTimer            
00005ae1  stopTimer                     
00005b47  restartTimer                  
00005bb5  tickIsr                       
00005c2f  random32                      
00005c6d  isArpRequest                  
00005d11  isArpResponse                 
00005d65  sendArpResponse               
00005e43  sendArpRequest                
000061d1  ipHandlerTx                   
0000622d  ipHandlerRx                   
00006303  setIpMqttMacBrokerAddress     
0000633d  getIpCurrentEventStatus       
00006343  arpRespTimeoutCb              
0000634b  isIpArpResponse               
00006419  strtoll                       
000067c5  __aeabi_dsub                  
000067cf  __aeabi_dadd                  
0000697b  __aeabi_idiv0                 
0000697b  __aeabi_ldiv0                 
0000697d  initSpi0                      
00006a19  setSpi0BaudRate               
00006a4f  setSpi0Mode                   
00006a9d  writeSpi0Data                 
00006ab5  readSpi0Data                  
00006add  strtoull                      
00006c39  isPingRequest                 
00006c7d  sendPingResponse              
00006ec9  __aeabi_ddiv                  
00007001  strtol                        
00007131  initUart0                     
0000717b  setUart0BaudRate              
000071bf  putcUart0                     
000071db  putsUart0                     
00007207  getcUart0                     
0000721b  kbhitUart0                    
0000737d  ldexp                         
0000737d  ldexpl                        
0000737d  scalbn                        
0000737d  scalbnl                       
0000748d  strtoul                       
0000759d  __aeabi_dmul                  
0000774b  __aeabi_memcpy                
0000774b  __aeabi_memcpy4               
0000774b  __aeabi_memcpy8               
0000774b  memcpy                        
000077e7  __aeabi_uldivmod              
0000787d  __aeabi_cdcmpeq               
0000787d  __aeabi_cdcmple               
00007903  __aeabi_cdrcmple              
00007989  initEeprom                    
0000799f  writeEeprom                   
000079d1  readEeprom                    
00007a0d  __aeabi_memclr                
00007a0d  __aeabi_memclr4               
00007a0d  __aeabi_memclr8               
00007a0f  __aeabi_memset                
00007a0f  __aeabi_memset4               
00007a0f  __aeabi_memset8               
00007a15  memset                        
00007af5  __aeabi_d2f                   
00007bcd  __TI_decompress_lzss          
00007c35  frexp                         
00007c35  frexpl                        
00007cef  __TI_ltoa                     
00007d95  atoi                          
00007de1  snprintf                      
00007e2d  __aeabi_d2iz                  
00007e75  __TI_auto_init_nobinit_nopinit
00007eb9  strtok                        
00007f39  sscanf                        
00007f71  _c_int00_noargs               
00007fa5  rand                          
00008009  __aeabi_i2d                   
00008037  strspn                        
00008061  srand                         
00008085  strcspn                       
000080a9  waitMicrosecond               
000080cd  __TI_zero_init_nomemset       
000080e9  memccpy                       
00008105  copysign                      
00008105  copysignl                     
00008137  __aeabi_lmul                  
0000814f  strcmp                        
00008167  strrchr                       
0000817f  strchr                        
00008195  strcpy                        
000081a9  strlen                        
000081cf  wcslen                        
000081e1  initSystemClockTo40Mhz        
000081f1  tolower                       
00008201  __TI_decompress_none          
0000820f  ResetISR                      
0000821d  __aeabi_errno_addr            
0000822d  _system_pre_init              
00008231  C$$EXIT                       
00008231  abort                         
00008238  _ctypes_                      
00008438  __TI_Handler_Table_Base       
00008444  __TI_Handler_Table_Limit      
00008450  __TI_CINIT_Base               
00008460  __TI_CINIT_Limit              
20000000  __stack                       
20000000  __start___llvm_prf_cnts       
20000000  __stop___llvm_prf_cnts        
20000200  __STACK_TOP                   
20002000  __STACK_END                   
20002000  strInput                      
20002054  fn                            
2000207c  period                        
200020a4  ticks                         
200020cc  reload                        
200020d8  token                         
20002142  count                         
20002144  socketConns                   
20002160  _lock                         
20002164  _unlock                       
20002170  hwAddress                     
20002176  ipAddress                     
2000217a  ipDnsAddress                  
2000217e  ipGwAddress                   
20002182  ipSubnetMask                  
20002186  ipTimeServerAddress           
2000218c  errno                         
20002198  nextPacketLsb                 
20002199  nextPacketMsb                 
2000219a  sequenceId                    
2000219b  initiateArpRequest            
2000219c  ipEventIcb                    
2000219e  mqttPktId                     
ffffffff  __TI_pprof_out_hndl           
ffffffff  __TI_prof_data_size           
ffffffff  __TI_prof_data_start          
ffffffff  __binit__                     
ffffffff  __c_args__                    
ffffffff  binit                         
UNDEFED   __mpu_init                    
UNDEFED   _system_post_cinit            

[268 symbols]
