******************************************************************************
                  TI ARM Linker Unix v20.2.7                   
******************************************************************************
>> Linked Mon Mar 20 23:03:28 2023

OUTPUT FILE NAME:   <IOT_Project1.out>
ENTRY POINT SYMBOL: "_c_int00_noargs"  address: 0000982d


MEMORY CONFIGURATION

         name            origin    length      used     unused   attr    fill
----------------------  --------  ---------  --------  --------  ----  --------
  FLASH                 00000000   00040000  00009fd0  00036030  R  X
  SRAM                  20000000   00008000  000022b6  00005d4a  RW X


SEGMENT ALLOCATION MAP

run origin  load origin   length   init length attrs members
----------  ----------- ---------- ----------- ----- -------
00000000    00000000    00009fd0   00009fd0    r-x
  00000000    00000000    0000026c   0000026c    r-- .intvecs
  0000026c    0000026c    00009884   00009884    r-x .text
  00009af0    00009af0    00000438   00000438    r-- .const
  00009f28    00009f28    000000a8   000000a8    r-- .cinit
20000000    20000000    000022b8   00000000    rw-
  20000000    20000000    00002000   00000000    rw- .stack
  20002000    20002000    000001da   00000000    rw- .data
  200021dc    200021dc    000000dc   00000000    rw- .bss


SECTION ALLOCATION MAP

 output                                  attributes/
section   page    origin      length       input sections
--------  ----  ----------  ----------   ----------------
.intvecs   0    00000000    0000026c     
                  00000000    0000026c     tm4c123gh6pm_startup_ccs.obj (.intvecs)

.text      0    0000026c    00009884     
                  0000026c    00001c50     tcp.obj (.text)
                  00001ebc    0000174c     mqtt.obj (.text)
                  00003608    00000b14     rtsv7M4_T_le_v4SPD16_eabi.lib : _scanfi.c.obj (.text:__TI_scanfi)
                  0000411c    00000ad0     ethernet.obj (.text)
                  00004bec    00000a4e     rtsv7M4_T_le_v4SPD16_eabi.lib : _printfi.c.obj (.text:__TI_printfi)
                  0000563a    00000002                                   : _lock.c.obj (.text:_nop)
                  0000563c    00000808     gpio.obj (.text)
                  00005e44    00000714     eth0.obj (.text)
                  00006558    00000488     ip.obj (.text)
                  000069e0    00000460     rtsv7M4_T_le_v4SPD16_eabi.lib : strtod.c.obj (.text:strtod)
                  00006e40    00000378     udp.obj (.text)
                  000071b8    00000338     timer.obj (.text)
                  000074f0    000002f4     arp.obj (.text)
                  000077e4    00000270     rtsv7M4_T_le_v4SPD16_eabi.lib : _printfi.c.obj (.text:_pconv_a)
                  00007a54    00000248     ip_custom_layer.obj (.text)
                  00007c9c    000001dc     rtsv7M4_T_le_v4SPD16_eabi.lib : strtoll.c.obj (.text:strtoll)
                  00007e78    000001d0                                   : _printfi.c.obj (.text:_pconv_g)
                  00008048    000001b6                                   : fd_add_t2.asm.obj (.text)
                  000081fe    00000002                                   : div0.asm.obj (.text)
                  00008200    00000160     spi0.obj (.text)
                  00008360    0000015c     rtsv7M4_T_le_v4SPD16_eabi.lib : strtoull.c.obj (.text:strtoull)
                  000084bc    00000154     icmp.obj (.text)
                  00008610    0000013c     rtsv7M4_T_le_v4SPD16_eabi.lib : _printfi.c.obj (.text:_pconv_e)
                  0000874c    00000136                                   : fd_div_t2.asm.obj (.text)
                  00008882    00000002     --HOLE-- [fill = 0]
                  00008884    00000130                                   : strtol.c.obj (.text:strtol)
                  000089b4    00000128     uart0.obj (.text)
                  00008adc    00000124     rtsv7M4_T_le_v4SPD16_eabi.lib : _printfi.c.obj (.text:fcvt)
                  00008c00    00000110                                   : s_scalbn.c.obj (.text:scalbn)
                  00008d10    00000110                                   : strtoul.c.obj (.text:strtoul)
                  00008e20    000000fc                                   : fd_mul_t2.asm.obj (.text)
                  00008f1c    000000b1                                   : _printfi.c.obj (.text:_ltostr)
                  00008fcd    00000001     --HOLE-- [fill = 0]
                  00008fce    0000009c                                   : memcpy_t2.asm.obj (.text)
                  0000906a    00000096                                   : ull_div_t2.asm.obj (.text)
                  00009100    00000086                                   : fd_cmp_t2.asm.obj (.text:__aeabi_cdcmple)
                  00009186    00000086                                   : fd_cmp_t2.asm.obj (.text:__aeabi_cdrcmple)
                  0000920c    00000084     eeprom.obj (.text)
                  00009290    0000007a     rtsv7M4_T_le_v4SPD16_eabi.lib : memset_t2.asm.obj (.text)
                  0000930a    0000006e                                   : _printfi.c.obj (.text:_mcpy)
                  00009378    0000006e                                   : fd_tos_t2.asm.obj (.text)
                  000093e6    00000002     --HOLE-- [fill = 0]
                  000093e8    00000068                                   : sscanf.c.obj (.text:_chkmbc)
                  00009450    00000068                                   : copy_decompress_lzss.c.obj (.text:decompress:lzss:__TI_decompress_lzss)
                  000094b8    00000064                                   : s_frexp.c.obj (.text:frexp)
                  0000951c    00000056                                   : _printfi.c.obj (.text:_pconv_f)
                  00009572    00000054                                   : _ltoa.c.obj (.text:__TI_ltoa)
                  000095c6    00000052                                   : _printfi.c.obj (.text:_ecpy)
                  00009618    0000004c                                   : atoi.c.obj (.text:atoi)
                  00009664    0000004c                                   : snprintf.c.obj (.text:snprintf)
                  000096b0    00000048                                   : fd_toi_t2.asm.obj (.text)
                  000096f8    00000044                                   : autoinit.c.obj (.text:__TI_auto_init_nobinit_nopinit:__TI_auto_init_nobinit_nopinit)
                  0000973c    00000040                                   : strtok.c.obj (.text:strtok)
                  0000977c    0000003e                                   : _printfi.c.obj (.text:_fcpy)
                  000097ba    00000002     --HOLE-- [fill = 0]
                  000097bc    00000038                                   : sscanf.c.obj (.text:sscanf)
                  000097f4    00000036                                   : strncpy.c.obj (.text:strncpy)
                  0000982a    00000002     --HOLE-- [fill = 0]
                  0000982c    00000034                                   : boot_cortex_m.c.obj (.text:_c_int00_noargs:_c_int00_noargs)
                  00009860    00000034                                   : rand.c.obj (.text:rand)
                  00009894    00000030                                   : snprintf.c.obj (.text:_outs)
                  000098c4    0000002e                                   : i_tofd_t2.asm.obj (.text)
                  000098f2    0000002a                                   : strspn.c.obj (.text:strspn)
                  0000991c    00000024                                   : rand.c.obj (.text:srand)
                  00009940    00000024                                   : strcspn.c.obj (.text:strcspn)
                  00009964    00000024     wait.obj (.text)
                  00009988    0000001c     rtsv7M4_T_le_v4SPD16_eabi.lib : copy_zero_init.c.obj (.text:decompress:ZI:__TI_zero_init_nomemset:__TI_zero_init_nomemset)
                  000099a4    0000001c                                   : memccpy.c.obj (.text:memccpy)
                  000099c0    0000001a                                   : s_copysign.c.obj (.text:copysign)
                  000099da    00000018                                   : snprintf.c.obj (.text:_outc)
                  000099f2    00000018                                   : ll_mul_t2.asm.obj (.text)
                  00009a0a    00000018                                   : strcmp.c.obj (.text:strcmp)
                  00009a22    00000018                                   : strrchr.c.obj (.text:strrchr)
                  00009a3a    00000016                                   : strchr.c.obj (.text:strchr)
                  00009a50    00000014                                   : strcpy.c.obj (.text:strcpy)
                  00009a64    00000014                                   : strlen.c.obj (.text:strlen)
                  00009a78    00000012                                   : sscanf.c.obj (.text:_inpchar)
                  00009a8a    00000012                                   : wcslen.c.obj (.text:wcslen)
                  00009a9c    00000010     clock.obj (.text)
                  00009aac    00000010     rtsv7M4_T_le_v4SPD16_eabi.lib : tolower.c.obj (.text:tolower)
                  00009abc    0000000e                                   : copy_decompress_none.c.obj (.text:decompress:none:__TI_decompress_none)
                  00009aca    0000000c     tm4c123gh6pm_startup_ccs.obj (.text)
                  00009ad6    00000002     --HOLE-- [fill = 0]
                  00009ad8    00000008     rtsv7M4_T_le_v4SPD16_eabi.lib : errno.c.obj (.text:__aeabi_errno_addr)
                  00009ae0    00000008                                   : sscanf.c.obj (.text:_uninpchar)
                  00009ae8    00000004                                   : pre_init.c.obj (.text:_system_pre_init)
                  00009aec    00000004                                   : exit.c.obj (.text:abort:abort)

.const     0    00009af0    00000438     
                  00009af0    0000019e     mqtt.obj (.const:.string)
                  00009c8e    00000101     rtsv7M4_T_le_v4SPD16_eabi.lib : ctype.c.obj (.const:.string:_ctypes_)
                  00009d8f    00000001     --HOLE-- [fill = 0]
                  00009d90    000000c8                                   : strtod.c.obj (.const:$O1$$)
                  00009e58    000000a6     tcp.obj (.const:.string)
                  00009efe    00000018     mqtt.obj (.const:.string:$P$T0$1)
                  00009f16    00000002     --HOLE-- [fill = 0]
                  00009f18    00000010     rtsv7M4_T_le_v4SPD16_eabi.lib : _scanfi.c.obj (.const:$O1$$)

.cinit     0    00009f28    000000a8     
                  00009f28    00000084     (.cinit..data.load) [load image, compression = lzss]
                  00009fac    0000000c     (__TI_handler_table)
                  00009fb8    00000008     (.cinit..bss.load) [load image, compression = zero_init]
                  00009fc0    00000010     (__TI_cinit_table)

.init_array 
*          0    00000000    00000000     UNINITIALIZED

.data      0    20002000    000001da     UNINITIALIZED
                  20002000    00000082     mqtt.obj (.data:mqttMcb)
                  20002082    0000003e     mqtt.obj (.data:mqttRxBuffer)
                  200020c0    00000034     mqtt.obj (.data:mqttFsmState)
                  200020f4    0000002e     mqtt.obj (.data:mqttCurSubTopics)
                  20002122    00000001     ethernet.obj (.data)
                  20002123    00000001     --HOLE--
                  20002124    0000002c     tcp.obj (.data:socketConns)
                  20002150    0000002c     tcp.obj (.data:tcpState)
                  2000217c    00000015     tcp.obj (.data)
                  20002191    00000001     --HOLE--
                  20002192    0000000c     mqtt.obj (.data)
                  2000219e    00000002     --HOLE--
                  200021a0    00000008     rtsv7M4_T_le_v4SPD16_eabi.lib : _lock.c.obj (.data:$O1$$)
                  200021a8    00000006     eth0.obj (.data:hwAddress)
                  200021ae    00000004     ip.obj (.data:ipAddress)
                  200021b2    00000004     ip.obj (.data:ipDnsAddress)
                  200021b6    00000004     ip.obj (.data:ipGwAddress)
                  200021ba    00000004     ip.obj (.data:ipMqttBrokerAddress)
                  200021be    00000004     ip.obj (.data:ipSubnetMask)
                  200021c2    00000004     ip.obj (.data:ipTimeServerAddress)
                  200021c6    00000002     --HOLE--
                  200021c8    00000004     rtsv7M4_T_le_v4SPD16_eabi.lib : errno.c.obj (.data)
                  200021cc    00000004                                   : rand.c.obj (.data)
                  200021d0    00000004                                   : strtok.c.obj (.data)
                  200021d4    00000003     eth0.obj (.data)
                  200021d7    00000003     ip_custom_layer.obj (.data)

.bss       0    200021dc    000000dc     UNINITIALIZED
                  200021dc    00000054     (.common:strInput)
                  20002230    00000028     (.common:fn)
                  20002258    00000028     (.common:period)
                  20002280    00000028     (.common:ticks)
                  200022a8    0000000c     (.common:reload)
                  200022b4    00000004     (.common:token)

.stack     0    20000000    00002000     UNINITIALIZED
                  20000000    00000004     rtsv7M4_T_le_v4SPD16_eabi.lib : boot_cortex_m.c.obj (.stack)
                  20000004    00001ffc     --HOLE--

__llvm_prf_cnts 
*          0    20000000    00000000     UNINITIALIZED

MODULE SUMMARY

       Module                         code    ro data   rw data
       ------                         ----    -------   -------
    ./
       tcp.obj                        7248    166       109    
       mqtt.obj                       5964    438       302    
       ethernet.obj                   2768    0         89     
       gpio.obj                       2056    0         0      
       eth0.obj                       1812    0         9      
       ip.obj                         1160    0         24     
       timer.obj                      824     0         132    
       udp.obj                        888     0         0      
       arp.obj                        756     0         0      
       tm4c123gh6pm_startup_ccs.obj   12      620       0      
       ip_custom_layer.obj            584     0         3      
       spi0.obj                       352     0         0      
       icmp.obj                       340     0         0      
       uart0.obj                      296     0         0      
       eeprom.obj                     132     0         0      
       wait.obj                       36      0         0      
       clock.obj                      16      0         0      
    +--+------------------------------+-------+---------+---------+
       Total:                         25244   1224      668    
                                                               
    /home/sadhan/ti/ccs1210/ccs/tools/compiler/ti-cgt-arm_20.2.7.LTS/lib/rtsv7M4_T_le_v4SPD16_eabi.lib
       _printfi.c.obj                 4851    0         0      
       _scanfi.c.obj                  2836    16        0      
       strtod.c.obj                   1120    200       0      
       strtoll.c.obj                  476     0         0      
       fd_add_t2.asm.obj              438     0         0      
       strtoull.c.obj                 348     0         0      
       fd_div_t2.asm.obj              310     0         0      
       strtol.c.obj                   304     0         0      
       s_scalbn.c.obj                 272     0         0      
       strtoul.c.obj                  272     0         0      
       fd_cmp_t2.asm.obj              268     0         0      
       ctype.c.obj                    0       257       0      
       fd_mul_t2.asm.obj              252     0         0      
       sscanf.c.obj                   186     0         0      
       memcpy_t2.asm.obj              156     0         0      
       ull_div_t2.asm.obj             150     0         0      
       snprintf.c.obj                 148     0         0      
       memset_t2.asm.obj              122     0         0      
       fd_tos_t2.asm.obj              110     0         0      
       copy_decompress_lzss.c.obj     104     0         0      
       s_frexp.c.obj                  100     0         0      
       rand.c.obj                     88      0         4      
       _ltoa.c.obj                    84      0         0      
       atoi.c.obj                     76      0         0      
       fd_toi_t2.asm.obj              72      0         0      
       autoinit.c.obj                 68      0         0      
       strtok.c.obj                   64      0         4      
       strncpy.c.obj                  54      0         0      
       boot_cortex_m.c.obj            52      0         0      
       i_tofd_t2.asm.obj              46      0         0      
       strspn.c.obj                   42      0         0      
       strcspn.c.obj                  36      0         0      
       copy_zero_init.c.obj           28      0         0      
       memccpy.c.obj                  28      0         0      
       s_copysign.c.obj               26      0         0      
       ll_mul_t2.asm.obj              24      0         0      
       strcmp.c.obj                   24      0         0      
       strrchr.c.obj                  24      0         0      
       strchr.c.obj                   22      0         0      
       strcpy.c.obj                   20      0         0      
       strlen.c.obj                   20      0         0      
       wcslen.c.obj                   18      0         0      
       tolower.c.obj                  16      0         0      
       copy_decompress_none.c.obj     14      0         0      
       errno.c.obj                    8       0         4      
       _lock.c.obj                    2       0         8      
       exit.c.obj                     4       0         0      
       pre_init.c.obj                 4       0         0      
       div0.asm.obj                   2       0         0      
    +--+------------------------------+-------+---------+---------+
       Total:                         13789   473       20     
                                                               
       Stack:                         0       0         8192   
       Linker Generated:              0       168       0      
    +--+------------------------------+-------+---------+---------+
       Grand Total:                   39033   1865      8880   


LINKER GENERATED COPY TABLES

__TI_cinit_table @ 00009fc0 records: 2, size/record: 8, table size: 16
	.data: load addr=00009f28, load size=00000084 bytes, run addr=20002000, run size=000001da bytes, compression=lzss
	.bss: load addr=00009fb8, load size=00000008 bytes, run addr=200021dc, run size=000000dc bytes, compression=zero_init


LINKER GENERATED HANDLER TABLE

__TI_handler_table @ 00009fac records: 3, size/record: 4, table size: 12
	index: 0, handler: __TI_decompress_lzss
	index: 1, handler: __TI_decompress_none
	index: 2, handler: __TI_zero_init


GLOBAL SYMBOLS: SORTED ALPHABETICALLY BY Name 

address   name                          
-------   ----                          
00009aed  C$$EXIT                       
00009acb  ResetISR                      
20002000  __STACK_END                   
00002000  __STACK_SIZE                  
20000200  __STACK_TOP                   
00009fc0  __TI_CINIT_Base               
00009fd0  __TI_CINIT_Limit              
00009fac  __TI_Handler_Table_Base       
00009fb8  __TI_Handler_Table_Limit      
000096f9  __TI_auto_init_nobinit_nopinit
00009451  __TI_decompress_lzss          
00009abd  __TI_decompress_none          
00009573  __TI_ltoa                     
ffffffff  __TI_pprof_out_hndl           
00004bed  __TI_printfi                  
ffffffff  __TI_prof_data_size           
ffffffff  __TI_prof_data_start          
00003609  __TI_scanfi                   
00000000  __TI_static_base__            
00009989  __TI_zero_init_nomemset       
00009101  __aeabi_cdcmpeq               
00009101  __aeabi_cdcmple               
00009187  __aeabi_cdrcmple              
00009379  __aeabi_d2f                   
000096b1  __aeabi_d2iz                  
00008053  __aeabi_dadd                  
0000874d  __aeabi_ddiv                  
00008e21  __aeabi_dmul                  
00008049  __aeabi_dsub                  
00009ad9  __aeabi_errno_addr            
000098c5  __aeabi_i2d                   
000081ff  __aeabi_idiv0                 
000081ff  __aeabi_ldiv0                 
000099f3  __aeabi_lmul                  
00009291  __aeabi_memclr                
00009291  __aeabi_memclr4               
00009291  __aeabi_memclr8               
00008fcf  __aeabi_memcpy                
00008fcf  __aeabi_memcpy4               
00008fcf  __aeabi_memcpy8               
00009293  __aeabi_memset                
00009293  __aeabi_memset4               
00009293  __aeabi_memset8               
0000906b  __aeabi_uldivmod              
ffffffff  __binit__                     
ffffffff  __c_args__                    
UNDEFED   __mpu_init                    
20000000  __stack                       
20000000  __start___llvm_prf_cnts       
20000000  __stop___llvm_prf_cnts        
0000982d  _c_int00_noargs               
00009c8e  _ctypes_                      
200021a0  _lock                         
0000563b  _nop                          
UNDEFED   _system_post_cinit            
00009ae9  _system_pre_init              
200021a4  _unlock                       
00009aed  abort                         
00004b15  appInit                       
00007bc7  arpRespTimeoutCb              
0000449d  asciiToUint8                  
00009619  atoi                          
ffffffff  binit                         
00006997  calcIpChecksum                
00005f03  clearEtherReg                 
00005c91  clearPinInterrupt             
000099c1  copysign                      
000099c1  copysignl                     
20002122  count                         
00005e5b  disableEtherCs                
00005c6d  disablePinInterrupt           
000059a5  disablePinPulldown            
0000595d  disablePinPullup              
000056f9  disablePort                   
00004159  displayConnectionInfo         
00001c8d  displayStatus                 
00005e45  enableEtherCs                 
00005c49  enablePinInterrupt            
00005981  enablePinPulldown             
0000592f  enablePinPullup               
0000563d  enablePort                    
2000217c  enableRetransFlag             
200021c8  errno                         
20002230  fn                            
000094b9  frexp                         
000094b9  frexpl                        
00000000  g_pfnVectors                  
000003f7  genRandNum                    
0000645f  getEtherId                    
000064f9  getEtherMacAddress            
00006239  getEtherPacket                
00006661  getIpAddress                  
00006965  getIpChecksum                 
00007bc1  getIpCurrentEventStatus       
000067bd  getIpDnsAddress               
00006749  getIpGatewayAddress           
000068a9  getIpMqttBrokerAddress        
000066d5  getIpSubnetMask               
00006831  getIpTimeServerAddress        
00005cff  getPinValue                   
00005db5  getPortValue                  
00000f8d  getTcpCurrState               
0000033f  getTcpData                    
0000036b  getTcpHeader                  
00001001  getTcpMessageSocket           
00000fa7  getTcpSegmentLength           
00006ee9  getUdpData                    
00006f15  getUdpMessageSocket           
00008a8b  getcUart0                     
00006433  htonl                         
0000640f  htons                         
200021a8  hwAddress                     
0000646b  incEtherId                    
0000920d  initEeprom                    
0000604f  initEther                     
0000411d  initHw                        
00008201  initSpi0                      
00009a9d  initSystemClockTo40Mhz        
000071b9  initTimer                     
000089b5  initUart0                     
200021d7  initiateArpRequest            
20002184  initiateFin                   
200021ae  ipAddress                     
200021b2  ipDnsAddress                  
200021d8  ipEventIcb                    
200021b6  ipGwAddress                   
00007ab1  ipHandlerRx                   
00007a55  ipHandlerTx                   
200021ba  ipMqttBrokerAddress           
200021be  ipSubnetMask                  
200021c2  ipTimeServerAddress           
000074f1  isArpRequest                  
00007595  isArpResponse                 
000061ef  isEtherDataAvailable          
00006601  isEtherIpValid                
000061d5  isEtherLinkUp                 
00006209  isEtherOverflow               
00006559  isIp                          
00007bcf  isIpArpResponse               
000065a1  isIpUnicast                   
000034cd  isMqtt                        
000084bd  isPingRequest                 
0000026d  isTcp                         
00006e41  isUdp                         
000031af  ismqttConnected               
00008a9f  kbhitUart0                    
00008c01  ldexp                         
00008c01  ldexpl                        
0000499f  main                          
000099a5  memccpy                       
00008fcf  memcpy                        
00009299  memset                        
00002509  mqttCalcDynLength             
000035e9  mqttConTimerCb                
00003323  mqttConnAck                   
00002345  mqttConnect                   
00002569  mqttDisConnect                
200020c0  mqttFsmState                  
000035cf  mqttGetConnState              
000035b5  mqttGetCurrState              
00003439  mqttGetTxData                 
000033ff  mqttGetTxStatus               
00002e59  mqttHandleAllRxMsgs           
00003137  mqttHandleConnectServer       
00002f75  mqttHandlePubServer           
000030b1  mqttHandleSubServer           
00002825  mqttHandler                   
000035a9  mqttInit                      
00003195  mqttKeepAliveTimeCliCb        
0000318d  mqttKeepAliveTimeSrvCb        
000027d5  mqttLogConnectEvent           
000027f5  mqttLogDisConnectEvent        
00002639  mqttLogPublishEvent           
00002703  mqttLogSubscribeEvent         
00002771  mqttLogUnSubscribeEvent       
000025cd  mqttPingRequest               
000033a9  mqttPingResp                  
20002192  mqttPktId                     
000031d7  mqttPubAck                    
00001ebd  mqttPublish                   
000035d5  mqttSetConnState              
000035bb  mqttSetCurrState              
00003551  mqttSetRxData                 
00003405  mqttSetTxStatus               
00003261  mqttSubAck                    
0000206d  mqttSubscribe                 
000021ed  mqttUnSubscribe               
200021d4  nextPacketLsb                 
200021d5  nextPacketMsb                 
20002258  period                        
0000454f  processShell                  
00006329  putEtherPacket                
00008a43  putcUart0                     
00008a5f  putsUart0                     
00009861  rand                          
000074b3  random32                      
000043e9  readConfiguration             
00009255  readEeprom                    
00006037  readEtherMem                  
00005f8b  readEtherPhy                  
00005e9d  readEtherReg                  
00008339  readSpi0Data                  
200022a8  reload                        
000073cb  restartTimer                  
00008c01  scalbn                        
00008c01  scalbnl                       
00005863  selectPinAnalogInput          
00005815  selectPinDigitalInput         
00005b7f  selectPinInterruptBothEdges   
00005b2f  selectPinInterruptFallingEdge 
00005bd5  selectPinInterruptHighLevel   
00005c0f  selectPinInterruptLowLevel    
00005adf  selectPinInterruptRisingEdge  
000057c7  selectPinOpenDrainOutput      
00005779  selectPinPushPullOutput       
000076c7  sendArpRequest                
000075e9  sendArpResponse               
00008501  sendPingResponse              
00006fbf  sendUdpMessage                
200021d6  sequenceId                    
00005f37  setEtherBank                  
00006475  setEtherMacAddress            
00005ecf  setEtherReg                   
00006627  setIpAddress                  
00006783  setIpDnsAddress               
0000670f  setIpGatewayAddress           
0000686b  setIpMqttBrokerAddress        
00007b87  setIpMqttMacBrokerAddress     
0000669b  setIpSubnetMask               
000067f7  setIpTimeServerAddress        
000059cd  setPinAuxFunction             
000058b3  setPinCommitControl           
00005cb5  setPinValue                   
00005d3d  setPortValue                  
0000829d  setSpi0BaudRate               
000082d3  setSpi0Mode                   
000089ff  setUart0BaudRate              
00009665  snprintf                      
20002124  socketConns                   
0000991d  srand                         
000097bd  sscanf                        
00006025  startEtherMemRead             
00005ff7  startEtherMemWrite            
00007259  startOneshotTimer             
000072df  startPeriodicTimer            
00006047  stopEtherMemRead              
0000601d  stopEtherMemWrite             
00007365  stopTimer                     
200021dc  strInput                      
00009a3b  strchr                        
00009a0b  strcmp                        
00009a51  strcpy                        
00009941  strcspn                       
00009a65  strlen                        
000097f5  strncpy                       
00009a23  strrchr                       
000098f3  strspn                        
000069e1  strtod                        
0000973d  strtok                        
00008885  strtol                        
000069e1  strtold                       
00007c9d  strtoll                       
00008d11  strtoul                       
00008361  strtoull                      
000068f1  sumIpWords                    
00001bf9  tcpCheckOptionsField          
00000f71  tcpConnect                    
00001801  tcpCreateSocket               
0000052d  tcpFsmStateMachineClient      
00000435  tcpGetMatchingSocket          
00001829  tcpHandleRwTransactions       
0000040f  tcpHandlerRx                  
000004d5  tcpHandlerTx                  
000003dd  tcpHeaderSize                 
000003b9  tcpIsAck                      
00000395  tcpIsSyn                      
000012ef  tcpSendAck                    
000015c5  tcpSendFin                    
00001931  tcpSendSegment                
000010d1  tcpSendSyn                    
0000051d  tcpSendTimerCb                
00001bbd  tcpValidChecks                
00007439  tickIsr                       
20002280  ticks                         
00005cdb  togglePinValue                
200022b4  token                         
00009aad  tolower                       
00009965  waitMicrosecond               
00009a8b  wcslen                        
00009223  writeEeprom                   
00006009  writeEtherMem                 
00005f53  writeEtherPhy                 
00005e69  writeEtherReg                 
00008321  writeSpi0Data                 


GLOBAL SYMBOLS: SORTED BY Symbol Address 

address   name                          
-------   ----                          
00000000  __TI_static_base__            
00000000  g_pfnVectors                  
0000026d  isTcp                         
0000033f  getTcpData                    
0000036b  getTcpHeader                  
00000395  tcpIsSyn                      
000003b9  tcpIsAck                      
000003dd  tcpHeaderSize                 
000003f7  genRandNum                    
0000040f  tcpHandlerRx                  
00000435  tcpGetMatchingSocket          
000004d5  tcpHandlerTx                  
0000051d  tcpSendTimerCb                
0000052d  tcpFsmStateMachineClient      
00000f71  tcpConnect                    
00000f8d  getTcpCurrState               
00000fa7  getTcpSegmentLength           
00001001  getTcpMessageSocket           
000010d1  tcpSendSyn                    
000012ef  tcpSendAck                    
000015c5  tcpSendFin                    
00001801  tcpCreateSocket               
00001829  tcpHandleRwTransactions       
00001931  tcpSendSegment                
00001bbd  tcpValidChecks                
00001bf9  tcpCheckOptionsField          
00001c8d  displayStatus                 
00001ebd  mqttPublish                   
00002000  __STACK_SIZE                  
0000206d  mqttSubscribe                 
000021ed  mqttUnSubscribe               
00002345  mqttConnect                   
00002509  mqttCalcDynLength             
00002569  mqttDisConnect                
000025cd  mqttPingRequest               
00002639  mqttLogPublishEvent           
00002703  mqttLogSubscribeEvent         
00002771  mqttLogUnSubscribeEvent       
000027d5  mqttLogConnectEvent           
000027f5  mqttLogDisConnectEvent        
00002825  mqttHandler                   
00002e59  mqttHandleAllRxMsgs           
00002f75  mqttHandlePubServer           
000030b1  mqttHandleSubServer           
00003137  mqttHandleConnectServer       
0000318d  mqttKeepAliveTimeSrvCb        
00003195  mqttKeepAliveTimeCliCb        
000031af  ismqttConnected               
000031d7  mqttPubAck                    
00003261  mqttSubAck                    
00003323  mqttConnAck                   
000033a9  mqttPingResp                  
000033ff  mqttGetTxStatus               
00003405  mqttSetTxStatus               
00003439  mqttGetTxData                 
000034cd  isMqtt                        
00003551  mqttSetRxData                 
000035a9  mqttInit                      
000035b5  mqttGetCurrState              
000035bb  mqttSetCurrState              
000035cf  mqttGetConnState              
000035d5  mqttSetConnState              
000035e9  mqttConTimerCb                
00003609  __TI_scanfi                   
0000411d  initHw                        
00004159  displayConnectionInfo         
000043e9  readConfiguration             
0000449d  asciiToUint8                  
0000454f  processShell                  
0000499f  main                          
00004b15  appInit                       
00004bed  __TI_printfi                  
0000563b  _nop                          
0000563d  enablePort                    
000056f9  disablePort                   
00005779  selectPinPushPullOutput       
000057c7  selectPinOpenDrainOutput      
00005815  selectPinDigitalInput         
00005863  selectPinAnalogInput          
000058b3  setPinCommitControl           
0000592f  enablePinPullup               
0000595d  disablePinPullup              
00005981  enablePinPulldown             
000059a5  disablePinPulldown            
000059cd  setPinAuxFunction             
00005adf  selectPinInterruptRisingEdge  
00005b2f  selectPinInterruptFallingEdge 
00005b7f  selectPinInterruptBothEdges   
00005bd5  selectPinInterruptHighLevel   
00005c0f  selectPinInterruptLowLevel    
00005c49  enablePinInterrupt            
00005c6d  disablePinInterrupt           
00005c91  clearPinInterrupt             
00005cb5  setPinValue                   
00005cdb  togglePinValue                
00005cff  getPinValue                   
00005d3d  setPortValue                  
00005db5  getPortValue                  
00005e45  enableEtherCs                 
00005e5b  disableEtherCs                
00005e69  writeEtherReg                 
00005e9d  readEtherReg                  
00005ecf  setEtherReg                   
00005f03  clearEtherReg                 
00005f37  setEtherBank                  
00005f53  writeEtherPhy                 
00005f8b  readEtherPhy                  
00005ff7  startEtherMemWrite            
00006009  writeEtherMem                 
0000601d  stopEtherMemWrite             
00006025  startEtherMemRead             
00006037  readEtherMem                  
00006047  stopEtherMemRead              
0000604f  initEther                     
000061d5  isEtherLinkUp                 
000061ef  isEtherDataAvailable          
00006209  isEtherOverflow               
00006239  getEtherPacket                
00006329  putEtherPacket                
0000640f  htons                         
00006433  htonl                         
0000645f  getEtherId                    
0000646b  incEtherId                    
00006475  setEtherMacAddress            
000064f9  getEtherMacAddress            
00006559  isIp                          
000065a1  isIpUnicast                   
00006601  isEtherIpValid                
00006627  setIpAddress                  
00006661  getIpAddress                  
0000669b  setIpSubnetMask               
000066d5  getIpSubnetMask               
0000670f  setIpGatewayAddress           
00006749  getIpGatewayAddress           
00006783  setIpDnsAddress               
000067bd  getIpDnsAddress               
000067f7  setIpTimeServerAddress        
00006831  getIpTimeServerAddress        
0000686b  setIpMqttBrokerAddress        
000068a9  getIpMqttBrokerAddress        
000068f1  sumIpWords                    
00006965  getIpChecksum                 
00006997  calcIpChecksum                
000069e1  strtod                        
000069e1  strtold                       
00006e41  isUdp                         
00006ee9  getUdpData                    
00006f15  getUdpMessageSocket           
00006fbf  sendUdpMessage                
000071b9  initTimer                     
00007259  startOneshotTimer             
000072df  startPeriodicTimer            
00007365  stopTimer                     
000073cb  restartTimer                  
00007439  tickIsr                       
000074b3  random32                      
000074f1  isArpRequest                  
00007595  isArpResponse                 
000075e9  sendArpResponse               
000076c7  sendArpRequest                
00007a55  ipHandlerTx                   
00007ab1  ipHandlerRx                   
00007b87  setIpMqttMacBrokerAddress     
00007bc1  getIpCurrentEventStatus       
00007bc7  arpRespTimeoutCb              
00007bcf  isIpArpResponse               
00007c9d  strtoll                       
00008049  __aeabi_dsub                  
00008053  __aeabi_dadd                  
000081ff  __aeabi_idiv0                 
000081ff  __aeabi_ldiv0                 
00008201  initSpi0                      
0000829d  setSpi0BaudRate               
000082d3  setSpi0Mode                   
00008321  writeSpi0Data                 
00008339  readSpi0Data                  
00008361  strtoull                      
000084bd  isPingRequest                 
00008501  sendPingResponse              
0000874d  __aeabi_ddiv                  
00008885  strtol                        
000089b5  initUart0                     
000089ff  setUart0BaudRate              
00008a43  putcUart0                     
00008a5f  putsUart0                     
00008a8b  getcUart0                     
00008a9f  kbhitUart0                    
00008c01  ldexp                         
00008c01  ldexpl                        
00008c01  scalbn                        
00008c01  scalbnl                       
00008d11  strtoul                       
00008e21  __aeabi_dmul                  
00008fcf  __aeabi_memcpy                
00008fcf  __aeabi_memcpy4               
00008fcf  __aeabi_memcpy8               
00008fcf  memcpy                        
0000906b  __aeabi_uldivmod              
00009101  __aeabi_cdcmpeq               
00009101  __aeabi_cdcmple               
00009187  __aeabi_cdrcmple              
0000920d  initEeprom                    
00009223  writeEeprom                   
00009255  readEeprom                    
00009291  __aeabi_memclr                
00009291  __aeabi_memclr4               
00009291  __aeabi_memclr8               
00009293  __aeabi_memset                
00009293  __aeabi_memset4               
00009293  __aeabi_memset8               
00009299  memset                        
00009379  __aeabi_d2f                   
00009451  __TI_decompress_lzss          
000094b9  frexp                         
000094b9  frexpl                        
00009573  __TI_ltoa                     
00009619  atoi                          
00009665  snprintf                      
000096b1  __aeabi_d2iz                  
000096f9  __TI_auto_init_nobinit_nopinit
0000973d  strtok                        
000097bd  sscanf                        
000097f5  strncpy                       
0000982d  _c_int00_noargs               
00009861  rand                          
000098c5  __aeabi_i2d                   
000098f3  strspn                        
0000991d  srand                         
00009941  strcspn                       
00009965  waitMicrosecond               
00009989  __TI_zero_init_nomemset       
000099a5  memccpy                       
000099c1  copysign                      
000099c1  copysignl                     
000099f3  __aeabi_lmul                  
00009a0b  strcmp                        
00009a23  strrchr                       
00009a3b  strchr                        
00009a51  strcpy                        
00009a65  strlen                        
00009a8b  wcslen                        
00009a9d  initSystemClockTo40Mhz        
00009aad  tolower                       
00009abd  __TI_decompress_none          
00009acb  ResetISR                      
00009ad9  __aeabi_errno_addr            
00009ae9  _system_pre_init              
00009aed  C$$EXIT                       
00009aed  abort                         
00009c8e  _ctypes_                      
00009fac  __TI_Handler_Table_Base       
00009fb8  __TI_Handler_Table_Limit      
00009fc0  __TI_CINIT_Base               
00009fd0  __TI_CINIT_Limit              
20000000  __stack                       
20000000  __start___llvm_prf_cnts       
20000000  __stop___llvm_prf_cnts        
20000200  __STACK_TOP                   
20002000  __STACK_END                   
200020c0  mqttFsmState                  
20002122  count                         
20002124  socketConns                   
2000217c  enableRetransFlag             
20002184  initiateFin                   
20002192  mqttPktId                     
200021a0  _lock                         
200021a4  _unlock                       
200021a8  hwAddress                     
200021ae  ipAddress                     
200021b2  ipDnsAddress                  
200021b6  ipGwAddress                   
200021ba  ipMqttBrokerAddress           
200021be  ipSubnetMask                  
200021c2  ipTimeServerAddress           
200021c8  errno                         
200021d4  nextPacketLsb                 
200021d5  nextPacketMsb                 
200021d6  sequenceId                    
200021d7  initiateArpRequest            
200021d8  ipEventIcb                    
200021dc  strInput                      
20002230  fn                            
20002258  period                        
20002280  ticks                         
200022a8  reload                        
200022b4  token                         
ffffffff  __TI_pprof_out_hndl           
ffffffff  __TI_prof_data_size           
ffffffff  __TI_prof_data_start          
ffffffff  __binit__                     
ffffffff  __c_args__                    
ffffffff  binit                         
UNDEFED   __mpu_init                    
UNDEFED   _system_post_cinit            

[294 symbols]
